 
============================================================================================== 
 
V4.2.2
 
Compiling: WRF_EM_CORE  
WRFIO_NCD_LARGE_FILE_SUPPORT=1
 
Linux granizo 2.6.32-279.el6.x86_64 #1 SMP Fri Jun 22 12:19:21 UTC 2012 x86_64 x86_64 x86_64 GNU/Linux
 
 
============================================================================================== 
 
setting parallel make -j 2
 
============================================================================================== 
 
The following indicate the compilers selected to build the WRF system
 
Serial Fortran compiler (mostly for tool generation):
which SFC
/opt/intel/composer_xe_2013.1.117/bin/intel64/ifort
 
Serial C compiler (mostly for tool generation):
which SCC
/opt/intel/composer_xe_2013.1.117/bin/intel64/icc
 
Fortran compiler for the model source code:
which FC
/data1/sw/local/mpich/bin/mpif90
Will use 'time' to report timing information
 
C compiler for the model source code:
which CC
/data1/sw/local/mpich/bin/mpicc
 
============================================================================================== 
 
make -i -r MODULE_DIRS="-I../dyn_em -I../dyn_nmm  -I/data1/home/marcos/WRF_old/new/WRF/external/esmf_time_f90  -I/data1/home/marcos/WRF_old/new/WRF/main -I/data1/home/marcos/WRF_old/new/WRF/external/io_netcdf -I/data1/home/marcos/WRF_old/new/WRF/external/io_int -I/data1/home/marcos/WRF_old/new/WRF/frame -I/data1/home/marcos/WRF_old/new/WRF/share -I/data1/home/marcos/WRF_old/new/WRF/phys -I/data1/home/marcos/WRF_old/new/WRF/wrftladj -I/data1/home/marcos/WRF_old/new/WRF/chem -I/data1/home/marcos/WRF_old/new/WRF/inc -I/home/marcos/libs/netcdf/include " ext
make[1]: Entering directory `/data1/home/marcos/WRF_old/new/WRF'
--------------------------------------
if [ 0 -eq 0 ] ; then \
	  ( cd frame ; make -i -r externals ) ; \
	else \
	  ( cd frame ; make -i -r PLUSFLAG="-DWRFPLUS=1" externals ) ; \
	fi
make[2]: Entering directory `/data1/home/marcos/WRF_old/new/WRF/frame'
( cd /data1/home/marcos/WRF_old/new/WRF/external/esmf_time_f90 ; \
          make -j 2 FC="ifort -real-size `expr 8 \* 4` -i4  -ip -fp-model precise -w -ftz -align all -fno-alias -FR -convert big_endian  " RANLIB="ranlib" \
          CPP="/lib/cpp -P -nostdinc -I/data1/home/marcos/WRF_old/new/WRF/inc -I. -DEM_CORE=1 -DNMM_CORE=0 -DNMM_MAX_DIM=2600 -DDA_CORE=0 -DWRFPLUS=0 -DIWORDSIZE=4 -DDWORDSIZE=8 -DRWORDSIZE=4 -DLWORDSIZE=4 -DNONSTANDARD_SYSTEM_FUNC  -DWRF_USE_CLM -DRPC_TYPES=1  -DDM_PARALLEL -DNETCDF -DLANDREAD_STUB=1 -DUSE_ALLOCATABLES -Dwrfmodel -DGRIB1 -DINTIO -DKEEP_INT_AROUND -DLIMIT_ARGS -DBUILD_RRTMG_FAST=0 -DBUILD_RRTMK=0 -DBUILD_SBM_FAST=1 -DSHOW_ALL_VARS_USED=0 -DCONFIG_BUF_LEN=65536 -DMAX_DOMAINS_F=21 -DMAX_HISTORY=25 -DNMM_NEST=0 -traditional-cpp" AR="ar" ARFLAGS="ru" )
make[3]: Entering directory `/data1/home/marcos/WRF_old/new/WRF/external/esmf_time_f90'
make[3]: Nothing to be done for `default'.
make[3]: Leaving directory `/data1/home/marcos/WRF_old/new/WRF/external/esmf_time_f90'
( cd /data1/home/marcos/WRF_old/new/WRF/external/io_netcdf ; \
          make -j 2 NETCDFPATH="/home/marcos/libs/netcdf" RANLIB="ranlib" CPP="/lib/cpp -P -nostdinc" \
          CC="icc" CFLAGS="-w -O3 -ip  -DDM_PARALLEL -DLANDREAD_STUB=1 -DMAX_HISTORY=25 -DNMM_CORE=0" \
          FC="ifort -real-size `expr 8 \* 4` -i4  -O3 -ip -fp-model precise -w -ftz -align all -fno-alias -FR -convert big_endian  " TRADFLAG="-traditional-cpp" AR="ar" ARFLAGS="ru" )
make[3]: Entering directory `/data1/home/marcos/WRF_old/new/WRF/external/io_netcdf'
make[3]: Nothing to be done for `all'.
make[3]: Leaving directory `/data1/home/marcos/WRF_old/new/WRF/external/io_netcdf'
( cd /data1/home/marcos/WRF_old/new/WRF/external/ioapi_share ; \
          make -i -r NATIVE_RWORDSIZE="4" RWORDSIZE="4" AR="ar" ARFLAGS="ru" )
make[3]: Entering directory `/data1/home/marcos/WRF_old/new/WRF/external/ioapi_share'
( /bin/rm -f ../../inc/wrf_io_flags.h foo_io_flags.h; \
	/bin/cp wrf_io_flags.h foo_io_flags.h; \
	if [ 4 -ne 4 ] ; then \
	  /bin/rm -f foo_io_flags.h; \
	  sed -e 's/104/105/' wrf_io_flags.h > foo_io_flags.h ;\
	fi ; \
	/bin/mv foo_io_flags.h ../../inc/wrf_io_flags.h )
make[3]: Leaving directory `/data1/home/marcos/WRF_old/new/WRF/external/ioapi_share'
( cd /data1/home/marcos/WRF_old/new/WRF/external/io_grib_share ; \
          make -j 2 CC="icc" CFLAGS="-w -O3 -ip  -DDM_PARALLEL -DLANDREAD_STUB=1 -DMAX_HISTORY=25 -DNMM_CORE=0" RM="rm -f" RANLIB="ranlib" CPP="/lib/cpp -P -nostdinc" \
          FC="ifort -real-size `expr 8 \* 4` -i4 -I.  -ip -fp-model precise -w -ftz -align all -fno-alias -FR -convert big_endian   " TRADFLAG="-traditional-cpp" AR="ar" ARFLAGS="ru" archive) 
make[3]: Entering directory `/data1/home/marcos/WRF_old/new/WRF/external/io_grib_share'
make[4]: Entering directory `/data1/home/marcos/WRF_old/new/WRF/external/io_grib_share'
ar ru ./libio_grib_share.a io_grib_share.o get_region_center.o gridnav.o open_file.o
ranlib ./libio_grib_share.a
make[4]: Leaving directory `/data1/home/marcos/WRF_old/new/WRF/external/io_grib_share'
make[3]: Leaving directory `/data1/home/marcos/WRF_old/new/WRF/external/io_grib_share'
( cd /data1/home/marcos/WRF_old/new/WRF/external/io_grib1 ; \
          make -j 2 CC="icc" CFLAGS="-w -O3 -ip  -DDM_PARALLEL -DLANDREAD_STUB=1 -DMAX_HISTORY=25 -DNMM_CORE=0" RM="rm -f" RANLIB="ranlib" CPP="/lib/cpp -P -nostdinc" \
          FC="ifort -real-size `expr 8 \* 4` -i4 -I.  -ip -fp-model precise -w -ftz -align all -fno-alias -FR -convert big_endian   " TRADFLAG="-traditional-cpp" AR="ar" ARFLAGS="ru" archive)
make[3]: Entering directory `/data1/home/marcos/WRF_old/new/WRF/external/io_grib1'
        Doing make archive on library subdirectory MEL_grib1
make[4]: Entering directory `/data1/home/marcos/WRF_old/new/WRF/external/io_grib1/MEL_grib1'
make[5]: Entering directory `/data1/home/marcos/WRF_old/new/WRF/external/io_grib1/MEL_grib1'
ar ru ../libio_grib1.a FTP_getfile.o apply_bitmap.o display_gribhdr.o gbyte.o grib_dec.o grib_enc.o grib_seek.o gribgetbds.o gribgetbms.o gribgetgds.o gribgetpds.o gribhdr2file.o gribputbds.o gribputgds.o gribputpds.o hdr_print.o init_dec_struct.o init_enc_struct.o init_gribhdr.o init_struct.o ld_dec_lookup.o ld_enc_input.o ld_enc_lookup.o ld_grib_origctrs.o make_default_grbfn.o make_grib_log.o map_lvl.o map_parm.o pack_spatial.o prt_inp_struct.o upd_child_errmsg.o prt_badmsg.o swap.o grib_uthin.o set_bytes.o
ranlib ../libio_grib1.a
make[5]: Leaving directory `/data1/home/marcos/WRF_old/new/WRF/external/io_grib1/MEL_grib1'
make[4]: Leaving directory `/data1/home/marcos/WRF_old/new/WRF/external/io_grib1/MEL_grib1'
        Doing make archive on library subdirectory grib1_util
make[4]: Entering directory `/data1/home/marcos/WRF_old/new/WRF/external/io_grib1/grib1_util'
make[5]: Entering directory `/data1/home/marcos/WRF_old/new/WRF/external/io_grib1/grib1_util'
ar ru ../libio_grib1.a alloc_2d.o read_grib.o write_grib.o
ranlib ../libio_grib1.a
make[5]: Leaving directory `/data1/home/marcos/WRF_old/new/WRF/external/io_grib1/grib1_util'
make[4]: Leaving directory `/data1/home/marcos/WRF_old/new/WRF/external/io_grib1/grib1_util'
        Doing make archive on library subdirectory WGRIB
make[4]: Entering directory `/data1/home/marcos/WRF_old/new/WRF/external/io_grib1/WGRIB'
make[4]: Nothing to be done for `archive'.
make[4]: Leaving directory `/data1/home/marcos/WRF_old/new/WRF/external/io_grib1/WGRIB'
make[4]: Entering directory `/data1/home/marcos/WRF_old/new/WRF/external/io_grib1'
ar ru ./libio_grib1.a grib1_routines.o gribmap.o io_grib1.o trim.o
ranlib ./libio_grib1.a
make[4]: Leaving directory `/data1/home/marcos/WRF_old/new/WRF/external/io_grib1'
make[3]: Leaving directory `/data1/home/marcos/WRF_old/new/WRF/external/io_grib1'
( cd /data1/home/marcos/WRF_old/new/WRF/external/io_int ; \
          make -j 2 CC="/data1/sw/local/mpich/bin/mpicc -cc=icc -DFSEEKO64_OK " CFLAGS_LOCAL="-w -O3 -ip " RM="rm -f" RANLIB="ranlib" CPP="/lib/cpp -P -nostdinc" \
          FC="time /data1/sw/local/mpich/bin/mpif90 -f90=ifort -real-size `expr 8 \* 4` -i4  -ip -fp-model precise -w -ftz -align all -fno-alias -FR -convert big_endian   " FGREP="fgrep -iq" \
          TRADFLAG="-traditional-cpp" AR="ar" ARFLAGS="ru" ARCHFLAGS="-DEM_CORE=1 -DNMM_CORE=0 -DNMM_MAX_DIM=2600 -DDA_CORE=0 -DWRFPLUS=0 -DIWORDSIZE=4 -DDWORDSIZE=8 -DRWORDSIZE=4 -DLWORDSIZE=4 -DNONSTANDARD_SYSTEM_FUNC  -DWRF_USE_CLM -DRPC_TYPES=1  -DDM_PARALLEL -DNETCDF -DLANDREAD_STUB=1 -DUSE_ALLOCATABLES -Dwrfmodel -DGRIB1 -DINTIO -DKEEP_INT_AROUND -DLIMIT_ARGS -DBUILD_RRTMG_FAST=0 -DBUILD_RRTMK=0 -DBUILD_SBM_FAST=1 -DSHOW_ALL_VARS_USED=0 -DCONFIG_BUF_LEN=65536 -DMAX_DOMAINS_F=21 -DMAX_HISTORY=25 -DNMM_NEST=0" all )
make[3]: Entering directory `/data1/home/marcos/WRF_old/new/WRF/external/io_int'
Diffwrf io_int will be built later on in this compile. No need to rerun compile. 
Diffwrf io_int will be built later on in this compile. No need to rerun compile. 
Diffwrf io_int will be built later on in this compile. No need to rerun compile. 
Diffwrf io_int will be built later on in this compile. No need to rerun compile. 
Diffwrf io_int will be built later on in this compile. No need to rerun compile. 
Diffwrf io_int will be built later on in this compile. No need to rerun compile. 
if [ -f ../../frame/pack_utils.o -a -f ../../frame/clog.o ] ; then \
	  time /data1/sw/local/mpich/bin/mpif90 -f90=ifort -real-size 32 -i4  -ip -fp-model precise -w -ftz -align all -fno-alias -FR -convert big_endian      -I../ioapi_share -o diffwrf diffwrf.f \
		../../frame/pack_utils.o ../../frame/module_internal_header_util.o ../../frame/module_driver_constants.o ../../frame/module_machine.o ../../frame/module_wrf_error.o ../../frame/wrf_debug.o  libwrfio_int.a ; \
	fi
make[3]: Leaving directory `/data1/home/marcos/WRF_old/new/WRF/external/io_int'
( cd /data1/home/marcos/WRF_old/new/WRF/external/fftpack/fftpack5 ; \
          make -j 2 FC="ifort" FFLAGS="-real-size `expr 8 \* 4` -i4  -ip -fp-model precise -w -ftz -align all -fno-alias -FR -convert big_endian  " RANLIB="ranlib" AR="ar" \
          ARFLAGS="ru" CPP="/lib/cpp -P -nostdinc" CPPFLAGS="-DEM_CORE=1 -DNMM_CORE=0 -DNMM_MAX_DIM=2600 -DDA_CORE=0 -DWRFPLUS=0 -DIWORDSIZE=4 -DDWORDSIZE=8 -DRWORDSIZE=4 -DLWORDSIZE=4 -DNONSTANDARD_SYSTEM_FUNC  -DWRF_USE_CLM -DRPC_TYPES=1  -DDM_PARALLEL -DNETCDF -DLANDREAD_STUB=1 -DUSE_ALLOCATABLES -Dwrfmodel -DGRIB1 -DINTIO -DKEEP_INT_AROUND -DLIMIT_ARGS -DBUILD_RRTMG_FAST=0 -DBUILD_RRTMK=0 -DBUILD_SBM_FAST=1 -DSHOW_ALL_VARS_USED=0 -DCONFIG_BUF_LEN=65536 -DMAX_DOMAINS_F=21 -DMAX_HISTORY=25 -DNMM_NEST=0  -I. -traditional-cpp " RM="rm -f" )
make[3]: Entering directory `/data1/home/marcos/WRF_old/new/WRF/external/fftpack/fftpack5'
ar ru libfftpack.a c1f2kb.o  cfft1b.o  cmf3kf.o  cosqb1.o  costmi.o   dcosq1f.o  dfftb1.o   mradb2.o  mrfti1.o  r1fgkf.o     rfft2i.o  sinqmi.o  z1f2kf.o  zfft1f.o  zmf4kb.o c1f2kf.o  cfft1f.o  cmf4kb.o  cosqf1.o  d1f2kb.o   dcosq1i.o  dfftf1.o   mradb3.o  msntb1.o  r4_factor.o  rfftb1.o  sint1b.o  z1f3kb.o  zfft1i.o  zmf4kf.o c1f3kb.o  cfft1i.o  cmf4kf.o  cosqmb.o  d1f2kf.o   dcosqb1.o  dffti1.o   mradb4.o  msntf1.o  r4_mcfti1.o  rfftf1.o  sint1f.o  z1f3kf.o  zfft2b.o  zmf5kb.o c1f3kf.o  cfft2b.o  cmf5kb.o  cosqmf.o  d1f3kb.o   dcosqf1.o  dsint1b.o  mradb5.o  r1f2kb.o  r4_tables.o  rffti1.o  sint1i.o  z1f4kb.o  zfft2f.o  zmf5kf.o c1f4kb.o  cfft2f.o  cmf5kf.o  cosqmi.o  d1f3kf.o   dcost1b.o  dsint1f.o  mradbg.o  r1f2kf.o  r8_factor.o  rfftmb.o  sintb1.o  z1f4kf.o  zfft2i.o  zmfgkb.o c1f4kf.o  cfft2i.o  cmfgkb.o  cost1b.o  d1f4kb.o   dcost1f.o  dsint1i.o  mradf2.o  r1f3kb.o  r8_mcfti1.o  rfftmf.o  sintf1.o  z1f5kb.o  zfftmb.o  zmfgkf.o c1f5kb.o  cfftmb.o  cmfgkf.o  cost1f.o  d1f4kf.o   dcost1i.o  dsintb1.o  mradf3.o  r1f3kf.o  r8_tables.o  rfftmi.o  sintmb.o  z1f5kf.o  zfftmf.o  zmfm1b.o c1f5kf.o  cfftmf.o  cmfm1b.o  cost1i.o  d1f5kb.o   dcostb1.o  dsintf1.o  mradf4.o  r1f4kb.o  rfft1b.o     sinq1b.o  sintmf.o  z1fgkb.o  zfftmi.o  zmfm1f.o c1fgkb.o  cfftmi.o  cmfm1f.o  costb1.o  d1f5kf.o   dcostf1.o  mcsqb1.o   mradf5.o  r1f4kf.o  rfft1f.o     sinq1f.o  sintmi.o  z1fgkf.o  zmf2kb.o c1fgkf.o  cmf2kb.o  cosq1b.o  costf1.o  d1fgkb.o   dfft1b.o   mcsqf1.o   mradfg.o  r1f5kb.o  rfft1i.o     sinq1i.o  xercon.o  z1fm1b.o  zmf2kf.o c1fm1b.o  cmf2kf.o  cosq1f.o  costmb.o  d1fgkf.o   dfft1f.o   mcstb1.o   mrftb1.o  r1f5kf.o  rfft2b.o     sinqmb.o  xerfft.o  z1fm1f.o  zmf3kb.o c1fm1f.o  cmf3kb.o  cosq1i.o  costmf.o  dcosq1b.o  dfft1i.o   mcstf1.o   mrftf1.o  r1fgkb.o  rfft2f.o     sinqmf.o  z1f2kb.o  zfft1b.o  zmf3kf.o 
ranlib libfftpack.a
make[3]: Leaving directory `/data1/home/marcos/WRF_old/new/WRF/external/fftpack/fftpack5'
( if [ ! -e /data1/home/marcos/WRF_old/new/WRF/tools/gen_comms.c ] ; then \
          /bin/cp /data1/home/marcos/WRF_old/new/WRF/tools/gen_comms_warning /data1/home/marcos/WRF_old/new/WRF/tools/gen_comms.c ; \
          cat /data1/home/marcos/WRF_old/new/WRF/external/RSL_LITE/gen_comms.c >> /data1/home/marcos/WRF_old/new/WRF/tools/gen_comms.c ; fi )
( if [ ! -e module_dm.F ] ; then /bin/cp module_dm_warning module_dm.F ; \
          cat /data1/home/marcos/WRF_old/new/WRF/external/RSL_LITE/module_dm.F >> module_dm.F ; fi )
make[2]: Leaving directory `/data1/home/marcos/WRF_old/new/WRF/frame'
make[1]: Leaving directory `/data1/home/marcos/WRF_old/new/WRF'
make -i -r MODULE_DIRS="-I../dyn_em -I../dyn_nmm  -I/data1/home/marcos/WRF_old/new/WRF/external/esmf_time_f90  -I/data1/home/marcos/WRF_old/new/WRF/main -I/data1/home/marcos/WRF_old/new/WRF/external/io_netcdf -I/data1/home/marcos/WRF_old/new/WRF/external/io_int -I/data1/home/marcos/WRF_old/new/WRF/frame -I/data1/home/marcos/WRF_old/new/WRF/share -I/data1/home/marcos/WRF_old/new/WRF/phys -I/data1/home/marcos/WRF_old/new/WRF/wrftladj -I/data1/home/marcos/WRF_old/new/WRF/chem -I/data1/home/marcos/WRF_old/new/WRF/inc -I/home/marcos/libs/netcdf/include " toolsdir
make[1]: Entering directory `/data1/home/marcos/WRF_old/new/WRF'
--------------------------------------
if [ 0 -eq 0 ] ; then \
	  ( cd tools ; make -i -r CC_TOOLS_CFLAGS="-DNMM_CORE=0" CC_TOOLS="icc  -DIWORDSIZE=4 -DMAX_HISTORY=25" ) ; \
	else \
	  ( cd tools ; make -i -r CC_TOOLS_CFLAGS="-DNMM_CORE=0" CC_TOOLS="icc  -DIWORDSIZE=4 -DMAX_HISTORY=25 -DWRFPLUS=1" ) ; \
	fi
make[2]: Entering directory `/data1/home/marcos/WRF_old/new/WRF/tools'
icc  -DIWORDSIZE=4 -DMAX_HISTORY=25 -DNMM_CORE=0  -c -g  registry.c
icc  -DIWORDSIZE=4 -DMAX_HISTORY=25 -DNMM_CORE=0  -c -g  my_strtok.c
icc  -DIWORDSIZE=4 -DMAX_HISTORY=25 -DNMM_CORE=0  -c -g  reg_parse.c
icc  -DIWORDSIZE=4 -DMAX_HISTORY=25 -DNMM_CORE=0  -c -g  data.c
icc  -DIWORDSIZE=4 -DMAX_HISTORY=25 -DNMM_CORE=0  -c -g  type.c
icc  -DIWORDSIZE=4 -DMAX_HISTORY=25 -DNMM_CORE=0  -c -g  misc.c
icc  -DIWORDSIZE=4 -DMAX_HISTORY=25 -DNMM_CORE=0  -c -g  gen_defs.c
icc  -DIWORDSIZE=4 -DMAX_HISTORY=25 -DNMM_CORE=0  -c -g  gen_allocs.c
icc  -DIWORDSIZE=4 -DMAX_HISTORY=25 -DNMM_CORE=0  -c -g  gen_mod_state_descr.c
icc  -DIWORDSIZE=4 -DMAX_HISTORY=25 -DNMM_CORE=0  -c -g  gen_scalar_indices.c
icc  -DIWORDSIZE=4 -DMAX_HISTORY=25 -DNMM_CORE=0  -c -g  gen_args.c
icc  -DIWORDSIZE=4 -DMAX_HISTORY=25 -DNMM_CORE=0  -c -g  gen_config.c
icc  -DIWORDSIZE=4 -DMAX_HISTORY=25 -DNMM_CORE=0  -c -g  sym.c
icc  -DIWORDSIZE=4 -DMAX_HISTORY=25 -DNMM_CORE=0  -c -g  symtab_gen.c
icc  -DIWORDSIZE=4 -DMAX_HISTORY=25 -DNMM_CORE=0  -c -g  gen_irr_diag.c
icc  -DIWORDSIZE=4 -DMAX_HISTORY=25 -DNMM_CORE=0  -c -g  gen_model_data_ord.c
icc  -DIWORDSIZE=4 -DMAX_HISTORY=25 -DNMM_CORE=0  -c -g  gen_interp.c
icc  -DIWORDSIZE=4 -DMAX_HISTORY=25 -DNMM_CORE=0  -c -g  gen_comms.c
icc  -DIWORDSIZE=4 -DMAX_HISTORY=25 -DNMM_CORE=0  -c -g  gen_scalar_derefs.c
icc  -DIWORDSIZE=4 -DMAX_HISTORY=25 -DNMM_CORE=0  -c -g  set_dim_strs.c
icc  -DIWORDSIZE=4 -DMAX_HISTORY=25 -DNMM_CORE=0  -c -g  gen_wrf_io.c
icc  -DIWORDSIZE=4 -DMAX_HISTORY=25 -DNMM_CORE=0  -c -g  gen_streams.c
icc  -DIWORDSIZE=4 -DMAX_HISTORY=25 -DNMM_CORE=0  -c -g  standard.c
icc  -DIWORDSIZE=4 -DMAX_HISTORY=25 -o standard.exe -g   standard.o
icc  -DIWORDSIZE=4 -DMAX_HISTORY=25 -o registry -g   registry.o my_strtok.o reg_parse.o data.o type.o misc.o gen_defs.o gen_allocs.o gen_mod_state_descr.o gen_scalar_indices.o gen_args.o gen_config.o sym.o symtab_gen.o gen_irr_diag.o gen_model_data_ord.o gen_interp.o gen_comms.o gen_scalar_derefs.o set_dim_strs.o gen_wrf_io.o gen_streams.o
if [ -x /usr/bin/peflags.exe ] ; then /usr/bin/peflags.exe --stack-reserve=33554432 registry; fi
make[2]: Leaving directory `/data1/home/marcos/WRF_old/new/WRF/tools'
make[1]: Leaving directory `/data1/home/marcos/WRF_old/new/WRF'
/bin/rm -f main/libwrflib.a main/libwrflib.lib
make -i -r MODULE_DIRS="-I../dyn_em -I../dyn_nmm  -I/data1/home/marcos/WRF_old/new/WRF/external/esmf_time_f90  -I/data1/home/marcos/WRF_old/new/WRF/main -I/data1/home/marcos/WRF_old/new/WRF/external/io_netcdf -I/data1/home/marcos/WRF_old/new/WRF/external/io_int -I/data1/home/marcos/WRF_old/new/WRF/frame -I/data1/home/marcos/WRF_old/new/WRF/share -I/data1/home/marcos/WRF_old/new/WRF/phys -I/data1/home/marcos/WRF_old/new/WRF/wrftladj -I/data1/home/marcos/WRF_old/new/WRF/chem -I/data1/home/marcos/WRF_old/new/WRF/inc -I/home/marcos/libs/netcdf/include " framework
make[1]: Entering directory `/data1/home/marcos/WRF_old/new/WRF'
--------------------------------------
( cd frame ; make -i -r -j 2 LLIST="" framework ; \
          cd ../external/io_netcdf ; \
          make -i -r NETCDFPATH="/home/marcos/libs/netcdf" \
               FC="time /data1/sw/local/mpich/bin/mpif90 -f90=ifort -ip -fp-model precise -w -ftz -align all -fno-alias -FR -convert big_endian   -real-size `expr 8 \* 4` -i4  " RANLIB="ranlib" \
               CPP="/lib/cpp -P -nostdinc" LDFLAGS=" -O3 -ip -fp-model precise -w -ftz -align all -fno-alias -FR -convert big_endian   -ip  " TRADFLAG="-traditional-cpp" ESMF_IO_LIB_EXT="-L/data1/home/marcos/WRF_old/new/WRF/external/esmf_time_f90 -lesmf_time" \
               LIB_LOCAL="" \
               ESMF_MOD_DEPENDENCE="/data1/home/marcos/WRF_old/new/WRF/external/esmf_time_f90/module_utility.o" AR="INTERNAL_BUILD_ERROR_SHOULD_NOT_NEED_AR" diffwrf; \
          cd ../io_netcdf ; \
          make -i -r NETCDFPATH="/home/marcos/libs/netcdf" \
               FC="ifort -ip -fp-model precise -w -ftz -align all -fno-alias -FR -convert big_endian   -real-size `expr 8 \* 4` -i4  " RANLIB="ranlib" \
               CPP="/lib/cpp -P -nostdinc" LDFLAGS=" -O3 -ip -fp-model precise -w -ftz -align all -fno-alias -FR -convert big_endian   -ip  " TRADFLAG="-traditional-cpp" ESMF_IO_LIB_EXT="-L/data1/home/marcos/WRF_old/new/WRF/external/esmf_time_f90 -lesmf_time" \
	       LIB_LOCAL="" \
               ESMF_MOD_DEPENDENCE="/data1/home/marcos/WRF_old/new/WRF/external/esmf_time_f90/module_utility.o" AR="INTERNAL_BUILD_ERROR_SHOULD_NOT_NEED_AR"; \
          cd ../io_pio ; \
          echo SKIPPING PIO BUILD make -i -r NETCDFPATH="" \
               FC="ifort -ip -fp-model precise -w -ftz -align all -fno-alias -FR -convert big_endian   -real-size `expr 8 \* 4` -i4  " RANLIB="ranlib" \
               CPP="/lib/cpp -P -nostdinc" LDFLAGS=" -O3 -ip -fp-model precise -w -ftz -align all -fno-alias -FR -convert big_endian   -ip  " TRADFLAG="-traditional-cpp" ESMF_IO_LIB_EXT="-L/data1/home/marcos/WRF_old/new/WRF/external/esmf_time_f90 -lesmf_time" \
	       LIB_LOCAL="" \
               ESMF_MOD_DEPENDENCE="/data1/home/marcos/WRF_old/new/WRF/external/esmf_time_f90/module_utility.o" AR="INTERNAL_BUILD_ERROR_SHOULD_NOT_NEED_AR"; \
          cd ../io_int ; \
          make -i -r SFC="ifort -ip -fp-model precise -w -ftz -align all -fno-alias -FR -convert big_endian  " \
               FC="ifort -ip -fp-model precise -w -ftz -align all -fno-alias -FR -convert big_endian   -real-size `expr 8 \* 4` -i4  " \
               RANLIB="ranlib" CPP="/lib/cpp -P -nostdinc -DNONSTANDARD_SYSTEM_FUNC  -DWRF_USE_CLM -DRPC_TYPES=1" DM_FC="/data1/sw/local/mpich/bin/mpif90 -f90=ifort -ip -fp-model precise -w -ftz -align all -fno-alias -FR -convert big_endian  "\
               TRADFLAG="-traditional-cpp" ESMF_IO_LIB_EXT="-L/data1/home/marcos/WRF_old/new/WRF/external/esmf_time_f90 -lesmf_time" \
               ESMF_MOD_DEPENDENCE="/data1/home/marcos/WRF_old/new/WRF/external/esmf_time_f90/module_utility.o" AR="INTERNAL_BUILD_ERROR_SHOULD_NOT_NEED_AR" diffwrf ; \
          cd ../../frame )
make[2]: Entering directory `/data1/home/marcos/WRF_old/new/WRF/frame'
( cd .. ; tools/registry -DEM_CORE=1 -DNMM_CORE=0 -DNMM_MAX_DIM=2600 -DDA_CORE=0 -DWRFPLUS=0 -DIWORDSIZE=4 -DDWORDSIZE=8 -DRWORDSIZE=4 -DLWORDSIZE=4 -DNONSTANDARD_SYSTEM_FUNC  -DWRF_USE_CLM -DRPC_TYPES=1  -DDM_PARALLEL -DNETCDF -DLANDREAD_STUB=1 -DUSE_ALLOCATABLES -Dwrfmodel -DGRIB1 -DINTIO -DKEEP_INT_AROUND -DLIMIT_ARGS -DBUILD_RRTMG_FAST=0 -DBUILD_RRTMK=0 -DBUILD_SBM_FAST=1 -DSHOW_ALL_VARS_USED=0 -DCONFIG_BUF_LEN=65536 -DMAX_DOMAINS_F=21 -DMAX_HISTORY=25 -DNMM_NEST=0  -DNEW_BDYS Registry/Registry ) ; 
rm -f wrf_shutdown.o
sed -e "s/^\!.*'.*//" -e "s/^ *\!.*'.*//" wrf_shutdown.F > wrf_shutdown.G
/lib/cpp -P -nostdinc -I/data1/home/marcos/WRF_old/new/WRF/inc -DEM_CORE=1 -DNMM_CORE=0 -DNMM_MAX_DIM=2600 -DDA_CORE=0 -DWRFPLUS=0 -DIWORDSIZE=4 -DDWORDSIZE=8 -DRWORDSIZE=4 -DLWORDSIZE=4 -DNONSTANDARD_SYSTEM_FUNC  -DWRF_USE_CLM -DRPC_TYPES=1  -DDM_PARALLEL -DNETCDF -DLANDREAD_STUB=1 -DUSE_ALLOCATABLES -Dwrfmodel -DGRIB1 -DINTIO -DKEEP_INT_AROUND -DLIMIT_ARGS -DBUILD_RRTMG_FAST=0 -DBUILD_RRTMK=0 -DBUILD_SBM_FAST=1 -DSHOW_ALL_VARS_USED=0 -DCONFIG_BUF_LEN=65536 -DMAX_DOMAINS_F=21 -DMAX_HISTORY=25 -DNMM_NEST=0  -I. -traditional-cpp   wrf_shutdown.G  > wrf_shutdown.bb
/data1/home/marcos/WRF_old/new/WRF/tools/standard.exe wrf_shutdown.bb | /lib/cpp -P -nostdinc -traditional-cpp > wrf_shutdown.f90
rm -f wrf_shutdown.G wrf_shutdown.bb
time /data1/sw/local/mpich/bin/mpif90 -f90=ifort -o wrf_shutdown.o -c -O3 -ip -fp-model precise -w -ftz -align all -fno-alias -FR -convert big_endian    -I../dyn_em -I../dyn_nmm  -I/data1/home/marcos/WRF_old/new/WRF/external/esmf_time_f90  -I/data1/home/marcos/WRF_old/new/WRF/main -I/data1/home/marcos/WRF_old/new/WRF/external/io_netcdf -I/data1/home/marcos/WRF_old/new/WRF/external/io_int -I/data1/home/marcos/WRF_old/new/WRF/frame -I/data1/home/marcos/WRF_old/new/WRF/share -I/data1/home/marcos/WRF_old/new/WRF/phys -I/data1/home/marcos/WRF_old/new/WRF/wrftladj -I/data1/home/marcos/WRF_old/new/WRF/chem -I/data1/home/marcos/WRF_old/new/WRF/inc -I/home/marcos/libs/netcdf/include  -real-size `expr 8 \* 4` -i4  wrf_shutdown.f90
rm -f clog.o
/data1/sw/local/mpich/bin/mpicc -cc=icc -DFSEEKO64_OK  -o clog.o -c -w -O3 -ip  -DDM_PARALLEL -DLANDREAD_STUB=1 -DMAX_HISTORY=25 -DNMM_CORE=0 clog.c
rm -f hires_timer.o
/data1/sw/local/mpich/bin/mpicc -cc=icc -DFSEEKO64_OK  -o hires_timer.o -c -w -O3 -ip  -DDM_PARALLEL -DLANDREAD_STUB=1 -DMAX_HISTORY=25 -DNMM_CORE=0 hires_timer.c
rm -f ../share/module_model_constants.o
sed -e "s/^\!.*'.*//" -e "s/^ *\!.*'.*//" ../share/module_model_constants.F > ../share/module_model_constants.G
/lib/cpp -P -nostdinc -I/data1/home/marcos/WRF_old/new/WRF/inc -DEM_CORE=1 -DNMM_CORE=0 -DNMM_MAX_DIM=2600 -DDA_CORE=0 -DWRFPLUS=0 -DIWORDSIZE=4 -DDWORDSIZE=8 -DRWORDSIZE=4 -DLWORDSIZE=4 -DNONSTANDARD_SYSTEM_FUNC  -DWRF_USE_CLM -DRPC_TYPES=1  -DDM_PARALLEL -DNETCDF -DLANDREAD_STUB=1 -DUSE_ALLOCATABLES -Dwrfmodel -DGRIB1 -DINTIO -DKEEP_INT_AROUND -DLIMIT_ARGS -DBUILD_RRTMG_FAST=0 -DBUILD_RRTMK=0 -DBUILD_SBM_FAST=1 -DSHOW_ALL_VARS_USED=0 -DCONFIG_BUF_LEN=65536 -DMAX_DOMAINS_F=21 -DMAX_HISTORY=25 -DNMM_NEST=0  -I. -traditional-cpp   ../share/module_model_constants.G  > ../share/module_model_constants.bb
/data1/home/marcos/WRF_old/new/WRF/tools/standard.exe ../share/module_model_constants.bb | /lib/cpp -P -nostdinc -traditional-cpp > ../share/module_model_constants.f90
rm -f ../share/module_model_constants.G ../share/module_model_constants.bb
time /data1/sw/local/mpich/bin/mpif90 -f90=ifort -o ../share/module_model_constants.o -c -O3 -ip -fp-model precise -w -ftz -align all -fno-alias -FR -convert big_endian    -I../dyn_em -I../dyn_nmm  -I/data1/home/marcos/WRF_old/new/WRF/external/esmf_time_f90  -I/data1/home/marcos/WRF_old/new/WRF/main -I/data1/home/marcos/WRF_old/new/WRF/external/io_netcdf -I/data1/home/marcos/WRF_old/new/WRF/external/io_int -I/data1/home/marcos/WRF_old/new/WRF/frame -I/data1/home/marcos/WRF_old/new/WRF/share -I/data1/home/marcos/WRF_old/new/WRF/phys -I/data1/home/marcos/WRF_old/new/WRF/wrftladj -I/data1/home/marcos/WRF_old/new/WRF/chem -I/data1/home/marcos/WRF_old/new/WRF/inc -I/home/marcos/libs/netcdf/include  -real-size `expr 8 \* 4` -i4  ../share/module_model_constants.f90
if [ "m4" = NA ] ; then \
	  /bin/cp ../arch/md_calls.inc . ; \
	else \
	  m4 md_calls.m4 > md_calls.inc ; \
	fi
/lib/cpp -P -nostdinc -DEM_CORE=1 -DNMM_CORE=0 -DNMM_MAX_DIM=2600 -DDA_CORE=0 -DWRFPLUS=0 -DIWORDSIZE=4 -DDWORDSIZE=8 -DRWORDSIZE=4 -DLWORDSIZE=4 -DNONSTANDARD_SYSTEM_FUNC  -DWRF_USE_CLM -DRPC_TYPES=1  -DDM_PARALLEL -DNETCDF -DLANDREAD_STUB=1 -DUSE_ALLOCATABLES -Dwrfmodel -DGRIB1 -DINTIO -DKEEP_INT_AROUND -DLIMIT_ARGS -DBUILD_RRTMG_FAST=0 -DBUILD_RRTMK=0 -DBUILD_SBM_FAST=1 -DSHOW_ALL_VARS_USED=0 -DCONFIG_BUF_LEN=65536 -DMAX_DOMAINS_F=21 -DMAX_HISTORY=25 -DNMM_NEST=0  -I. -traditional-cpp  -I../inc module_internal_header_util.F > module_internal_header_util.f90
ifort -c -real-size `expr 8 \* 4` -i4   -ip -fp-model precise -w -ftz -align all -fno-alias -FR -convert big_endian   module_internal_header_util.f90
/data1/sw/local/mpich/bin/mpicc -cc=icc -DFSEEKO64_OK  -c -w -O3 -ip  -DDM_PARALLEL -DLANDREAD_STUB=1 -DMAX_HISTORY=25 -DNMM_CORE=0 wrf_num_bytes_between.c
rm -f libmassv.o
sed -e "s/^\!.*'.*//" -e "s/^ *\!.*'.*//" libmassv.F > libmassv.G
/lib/cpp -P -nostdinc -I/data1/home/marcos/WRF_old/new/WRF/inc -DEM_CORE=1 -DNMM_CORE=0 -DNMM_MAX_DIM=2600 -DDA_CORE=0 -DWRFPLUS=0 -DIWORDSIZE=4 -DDWORDSIZE=8 -DRWORDSIZE=4 -DLWORDSIZE=4 -DNONSTANDARD_SYSTEM_FUNC  -DWRF_USE_CLM -DRPC_TYPES=1  -DDM_PARALLEL -DNETCDF -DLANDREAD_STUB=1 -DUSE_ALLOCATABLES -Dwrfmodel -DGRIB1 -DINTIO -DKEEP_INT_AROUND -DLIMIT_ARGS -DBUILD_RRTMG_FAST=0 -DBUILD_RRTMK=0 -DBUILD_SBM_FAST=1 -DSHOW_ALL_VARS_USED=0 -DCONFIG_BUF_LEN=65536 -DMAX_DOMAINS_F=21 -DMAX_HISTORY=25 -DNMM_NEST=0  -I. -traditional-cpp   libmassv.G  > libmassv.bb
/data1/home/marcos/WRF_old/new/WRF/tools/standard.exe libmassv.bb | /lib/cpp -P -nostdinc -traditional-cpp > libmassv.f90
rm -f libmassv.G libmassv.bb
time /data1/sw/local/mpich/bin/mpif90 -f90=ifort -o libmassv.o -c -O3 -ip -fp-model precise -w -ftz -align all -fno-alias -FR -convert big_endian    -I../dyn_em -I../dyn_nmm  -I/data1/home/marcos/WRF_old/new/WRF/external/esmf_time_f90  -I/data1/home/marcos/WRF_old/new/WRF/main -I/data1/home/marcos/WRF_old/new/WRF/external/io_netcdf -I/data1/home/marcos/WRF_old/new/WRF/external/io_int -I/data1/home/marcos/WRF_old/new/WRF/frame -I/data1/home/marcos/WRF_old/new/WRF/share -I/data1/home/marcos/WRF_old/new/WRF/phys -I/data1/home/marcos/WRF_old/new/WRF/wrftladj -I/data1/home/marcos/WRF_old/new/WRF/chem -I/data1/home/marcos/WRF_old/new/WRF/inc -I/home/marcos/libs/netcdf/include  -real-size `expr 8 \* 4` -i4  libmassv.f90
rm -f collect_on_comm.o
/data1/sw/local/mpich/bin/mpicc -cc=icc -DFSEEKO64_OK  -o collect_on_comm.o -c -w -O3 -ip  -DDM_PARALLEL -DLANDREAD_STUB=1 -DMAX_HISTORY=25 -DNMM_CORE=0 collect_on_comm.c
/data1/sw/local/mpich/bin/mpicc -cc=icc -DFSEEKO64_OK  -c -w -O3 -ip  -DDM_PARALLEL -DLANDREAD_STUB=1 -DMAX_HISTORY=25 -DNMM_CORE=0 -DIWORDSIZE=4 pack_utils.c
rm -f module_wrf_error.o
sed -e "s/^\!.*'.*//" -e "s/^ *\!.*'.*//" module_wrf_error.F > module_wrf_error.G
/lib/cpp -P -nostdinc -I/data1/home/marcos/WRF_old/new/WRF/inc -DEM_CORE=1 -DNMM_CORE=0 -DNMM_MAX_DIM=2600 -DDA_CORE=0 -DWRFPLUS=0 -DIWORDSIZE=4 -DDWORDSIZE=8 -DRWORDSIZE=4 -DLWORDSIZE=4 -DNONSTANDARD_SYSTEM_FUNC  -DWRF_USE_CLM -DRPC_TYPES=1  -DDM_PARALLEL -DNETCDF -DLANDREAD_STUB=1 -DUSE_ALLOCATABLES -Dwrfmodel -DGRIB1 -DINTIO -DKEEP_INT_AROUND -DLIMIT_ARGS -DBUILD_RRTMG_FAST=0 -DBUILD_RRTMK=0 -DBUILD_SBM_FAST=1 -DSHOW_ALL_VARS_USED=0 -DCONFIG_BUF_LEN=65536 -DMAX_DOMAINS_F=21 -DMAX_HISTORY=25 -DNMM_NEST=0  -I. -traditional-cpp   module_wrf_error.G  > module_wrf_error.bb
/data1/home/marcos/WRF_old/new/WRF/tools/standard.exe module_wrf_error.bb | /lib/cpp -P -nostdinc -traditional-cpp > module_wrf_error.f90
rm -f module_wrf_error.G module_wrf_error.bb
time /data1/sw/local/mpich/bin/mpif90 -f90=ifort -o module_wrf_error.o -c -O3 -ip -fp-model precise -w -ftz -align all -fno-alias -FR -convert big_endian    -I../dyn_em -I../dyn_nmm  -I/data1/home/marcos/WRF_old/new/WRF/external/esmf_time_f90  -I/data1/home/marcos/WRF_old/new/WRF/main -I/data1/home/marcos/WRF_old/new/WRF/external/io_netcdf -I/data1/home/marcos/WRF_old/new/WRF/external/io_int -I/data1/home/marcos/WRF_old/new/WRF/frame -I/data1/home/marcos/WRF_old/new/WRF/share -I/data1/home/marcos/WRF_old/new/WRF/phys -I/data1/home/marcos/WRF_old/new/WRF/wrftladj -I/data1/home/marcos/WRF_old/new/WRF/chem -I/data1/home/marcos/WRF_old/new/WRF/inc -I/home/marcos/libs/netcdf/include  -real-size `expr 8 \* 4` -i4  module_wrf_error.f90
rm -f module_sm.o
sed -e "s/^\!.*'.*//" -e "s/^ *\!.*'.*//" module_sm.F > module_sm.G
/lib/cpp -P -nostdinc -I/data1/home/marcos/WRF_old/new/WRF/inc -DEM_CORE=1 -DNMM_CORE=0 -DNMM_MAX_DIM=2600 -DDA_CORE=0 -DWRFPLUS=0 -DIWORDSIZE=4 -DDWORDSIZE=8 -DRWORDSIZE=4 -DLWORDSIZE=4 -DNONSTANDARD_SYSTEM_FUNC  -DWRF_USE_CLM -DRPC_TYPES=1  -DDM_PARALLEL -DNETCDF -DLANDREAD_STUB=1 -DUSE_ALLOCATABLES -Dwrfmodel -DGRIB1 -DINTIO -DKEEP_INT_AROUND -DLIMIT_ARGS -DBUILD_RRTMG_FAST=0 -DBUILD_RRTMK=0 -DBUILD_SBM_FAST=1 -DSHOW_ALL_VARS_USED=0 -DCONFIG_BUF_LEN=65536 -DMAX_DOMAINS_F=21 -DMAX_HISTORY=25 -DNMM_NEST=0  -I. -traditional-cpp   module_sm.G  > module_sm.bb
/data1/home/marcos/WRF_old/new/WRF/tools/standard.exe module_sm.bb | /lib/cpp -P -nostdinc -traditional-cpp > module_sm.f90
rm -f module_sm.G module_sm.bb
time /data1/sw/local/mpich/bin/mpif90 -f90=ifort -o module_sm.o -c -O3 -ip -fp-model precise -w -ftz -align all -fno-alias -FR -convert big_endian    -I../dyn_em -I../dyn_nmm  -I/data1/home/marcos/WRF_old/new/WRF/external/esmf_time_f90  -I/data1/home/marcos/WRF_old/new/WRF/main -I/data1/home/marcos/WRF_old/new/WRF/external/io_netcdf -I/data1/home/marcos/WRF_old/new/WRF/external/io_int -I/data1/home/marcos/WRF_old/new/WRF/frame -I/data1/home/marcos/WRF_old/new/WRF/share -I/data1/home/marcos/WRF_old/new/WRF/phys -I/data1/home/marcos/WRF_old/new/WRF/wrftladj -I/data1/home/marcos/WRF_old/new/WRF/chem -I/data1/home/marcos/WRF_old/new/WRF/inc -I/home/marcos/libs/netcdf/include  -real-size `expr 8 \* 4` -i4  module_sm.f90
rm -f wrf_debug.o
sed -e "s/^\!.*'.*//" -e "s/^ *\!.*'.*//" wrf_debug.F > wrf_debug.G
/lib/cpp -P -nostdinc -I/data1/home/marcos/WRF_old/new/WRF/inc -DEM_CORE=1 -DNMM_CORE=0 -DNMM_MAX_DIM=2600 -DDA_CORE=0 -DWRFPLUS=0 -DIWORDSIZE=4 -DDWORDSIZE=8 -DRWORDSIZE=4 -DLWORDSIZE=4 -DNONSTANDARD_SYSTEM_FUNC  -DWRF_USE_CLM -DRPC_TYPES=1  -DDM_PARALLEL -DNETCDF -DLANDREAD_STUB=1 -DUSE_ALLOCATABLES -Dwrfmodel -DGRIB1 -DINTIO -DKEEP_INT_AROUND -DLIMIT_ARGS -DBUILD_RRTMG_FAST=0 -DBUILD_RRTMK=0 -DBUILD_SBM_FAST=1 -DSHOW_ALL_VARS_USED=0 -DCONFIG_BUF_LEN=65536 -DMAX_DOMAINS_F=21 -DMAX_HISTORY=25 -DNMM_NEST=0  -I. -traditional-cpp   wrf_debug.G  > wrf_debug.bb
/data1/home/marcos/WRF_old/new/WRF/tools/standard.exe wrf_debug.bb | /lib/cpp -P -nostdinc -traditional-cpp > wrf_debug.f90
rm -f wrf_debug.G wrf_debug.bb
time /data1/sw/local/mpich/bin/mpif90 -f90=ifort -o wrf_debug.o -c -O3 -ip -fp-model precise -w -ftz -align all -fno-alias -FR -convert big_endian    -I../dyn_em -I../dyn_nmm  -I/data1/home/marcos/WRF_old/new/WRF/external/esmf_time_f90  -I/data1/home/marcos/WRF_old/new/WRF/main -I/data1/home/marcos/WRF_old/new/WRF/external/io_netcdf -I/data1/home/marcos/WRF_old/new/WRF/external/io_int -I/data1/home/marcos/WRF_old/new/WRF/frame -I/data1/home/marcos/WRF_old/new/WRF/share -I/data1/home/marcos/WRF_old/new/WRF/phys -I/data1/home/marcos/WRF_old/new/WRF/wrftladj -I/data1/home/marcos/WRF_old/new/WRF/chem -I/data1/home/marcos/WRF_old/new/WRF/inc -I/home/marcos/libs/netcdf/include  -real-size `expr 8 \* 4` -i4  wrf_debug.f90
rm -f module_state_description.o
/lib/cpp -P -nostdinc -I/data1/home/marcos/WRF_old/new/WRF/inc -DEM_CORE=1 -DNMM_CORE=0 -DNMM_MAX_DIM=2600 -DDA_CORE=0 -DWRFPLUS=0 -DIWORDSIZE=4 -DDWORDSIZE=8 -DRWORDSIZE=4 -DLWORDSIZE=4 -DNONSTANDARD_SYSTEM_FUNC  -DWRF_USE_CLM -DRPC_TYPES=1  -DDM_PARALLEL -DNETCDF -DLANDREAD_STUB=1 -DUSE_ALLOCATABLES -Dwrfmodel -DGRIB1 -DINTIO -DKEEP_INT_AROUND -DLIMIT_ARGS -DBUILD_RRTMG_FAST=0 -DBUILD_RRTMK=0 -DBUILD_SBM_FAST=1 -DSHOW_ALL_VARS_USED=0 -DCONFIG_BUF_LEN=65536 -DMAX_DOMAINS_F=21 -DMAX_HISTORY=25 -DNMM_NEST=0  -I. -traditional-cpp   module_state_description.F  > module_state_description.bb
/data1/home/marcos/WRF_old/new/WRF/tools/standard.exe module_state_description.bb | /lib/cpp -P -nostdinc -traditional-cpp > module_state_description.f90
rm -f module_state_description.b module_state_description.bb
time /data1/sw/local/mpich/bin/mpif90 -f90=ifort -c -real-size `expr 8 \* 4` -i4  -O0 -fno-inline -no-ip -ip -fp-model precise -w -ftz -align all -fno-alias -FR -convert big_endian   -I../dyn_em -I../dyn_nmm  -I/data1/home/marcos/WRF_old/new/WRF/external/esmf_time_f90  -I/data1/home/marcos/WRF_old/new/WRF/main -I/data1/home/marcos/WRF_old/new/WRF/external/io_netcdf -I/data1/home/marcos/WRF_old/new/WRF/external/io_int -I/data1/home/marcos/WRF_old/new/WRF/frame -I/data1/home/marcos/WRF_old/new/WRF/share -I/data1/home/marcos/WRF_old/new/WRF/phys -I/data1/home/marcos/WRF_old/new/WRF/wrftladj -I/data1/home/marcos/WRF_old/new/WRF/chem -I/data1/home/marcos/WRF_old/new/WRF/inc -I/home/marcos/libs/netcdf/include  module_state_description.f90
rm -f module_driver_constants.o
rm -f module_streams.o
sed -e "s/^\!.*'.*//" -e "s/^ *\!.*'.*//" module_driver_constants.F > module_driver_constants.G
sed -e "s/^\!.*'.*//" -e "s/^ *\!.*'.*//" module_streams.F > module_streams.G
/lib/cpp -P -nostdinc -I/data1/home/marcos/WRF_old/new/WRF/inc -DEM_CORE=1 -DNMM_CORE=0 -DNMM_MAX_DIM=2600 -DDA_CORE=0 -DWRFPLUS=0 -DIWORDSIZE=4 -DDWORDSIZE=8 -DRWORDSIZE=4 -DLWORDSIZE=4 -DNONSTANDARD_SYSTEM_FUNC  -DWRF_USE_CLM -DRPC_TYPES=1  -DDM_PARALLEL -DNETCDF -DLANDREAD_STUB=1 -DUSE_ALLOCATABLES -Dwrfmodel -DGRIB1 -DINTIO -DKEEP_INT_AROUND -DLIMIT_ARGS -DBUILD_RRTMG_FAST=0 -DBUILD_RRTMK=0 -DBUILD_SBM_FAST=1 -DSHOW_ALL_VARS_USED=0 -DCONFIG_BUF_LEN=65536 -DMAX_DOMAINS_F=21 -DMAX_HISTORY=25 -DNMM_NEST=0  -I. -traditional-cpp   module_streams.G  > module_streams.bb
/lib/cpp -P -nostdinc -I/data1/home/marcos/WRF_old/new/WRF/inc -DEM_CORE=1 -DNMM_CORE=0 -DNMM_MAX_DIM=2600 -DDA_CORE=0 -DWRFPLUS=0 -DIWORDSIZE=4 -DDWORDSIZE=8 -DRWORDSIZE=4 -DLWORDSIZE=4 -DNONSTANDARD_SYSTEM_FUNC  -DWRF_USE_CLM -DRPC_TYPES=1  -DDM_PARALLEL -DNETCDF -DLANDREAD_STUB=1 -DUSE_ALLOCATABLES -Dwrfmodel -DGRIB1 -DINTIO -DKEEP_INT_AROUND -DLIMIT_ARGS -DBUILD_RRTMG_FAST=0 -DBUILD_RRTMK=0 -DBUILD_SBM_FAST=1 -DSHOW_ALL_VARS_USED=0 -DCONFIG_BUF_LEN=65536 -DMAX_DOMAINS_F=21 -DMAX_HISTORY=25 -DNMM_NEST=0  -I. -traditional-cpp   module_driver_constants.G  > module_driver_constants.bb
/data1/home/marcos/WRF_old/new/WRF/tools/standard.exe module_streams.bb | /lib/cpp -P -nostdinc -traditional-cpp > module_streams.f90
/data1/home/marcos/WRF_old/new/WRF/tools/standard.exe module_driver_constants.bb | /lib/cpp -P -nostdinc -traditional-cpp > module_driver_constants.f90
rm -f module_streams.G module_streams.bb
rm -f module_driver_constants.G module_driver_constants.bb
time /data1/sw/local/mpich/bin/mpif90 -f90=ifort -o module_streams.o -c -O3 -ip -fp-model precise -w -ftz -align all -fno-alias -FR -convert big_endian    -I../dyn_em -I../dyn_nmm  -I/data1/home/marcos/WRF_old/new/WRF/external/esmf_time_f90  -I/data1/home/marcos/WRF_old/new/WRF/main -I/data1/home/marcos/WRF_old/new/WRF/external/io_netcdf -I/data1/home/marcos/WRF_old/new/WRF/external/io_int -I/data1/home/marcos/WRF_old/new/WRF/frame -I/data1/home/marcos/WRF_old/new/WRF/share -I/data1/home/marcos/WRF_old/new/WRF/phys -I/data1/home/marcos/WRF_old/new/WRF/wrftladj -I/data1/home/marcos/WRF_old/new/WRF/chem -I/data1/home/marcos/WRF_old/new/WRF/inc -I/home/marcos/libs/netcdf/include  -real-size `expr 8 \* 4` -i4  module_streams.f90
time /data1/sw/local/mpich/bin/mpif90 -f90=ifort -o module_driver_constants.o -c -O3 -ip -fp-model precise -w -ftz -align all -fno-alias -FR -convert big_endian    -I../dyn_em -I../dyn_nmm  -I/data1/home/marcos/WRF_old/new/WRF/external/esmf_time_f90  -I/data1/home/marcos/WRF_old/new/WRF/main -I/data1/home/marcos/WRF_old/new/WRF/external/io_netcdf -I/data1/home/marcos/WRF_old/new/WRF/external/io_int -I/data1/home/marcos/WRF_old/new/WRF/frame -I/data1/home/marcos/WRF_old/new/WRF/share -I/data1/home/marcos/WRF_old/new/WRF/phys -I/data1/home/marcos/WRF_old/new/WRF/wrftladj -I/data1/home/marcos/WRF_old/new/WRF/chem -I/data1/home/marcos/WRF_old/new/WRF/inc -I/home/marcos/libs/netcdf/include  -real-size `expr 8 \* 4` -i4  module_driver_constants.f90
rm -f module_timing.o
sed -e "s/^\!.*'.*//" -e "s/^ *\!.*'.*//" module_timing.F > module_timing.G
rm -f module_domain_type.o
/lib/cpp -P -nostdinc -I/data1/home/marcos/WRF_old/new/WRF/inc -DEM_CORE=1 -DNMM_CORE=0 -DNMM_MAX_DIM=2600 -DDA_CORE=0 -DWRFPLUS=0 -DIWORDSIZE=4 -DDWORDSIZE=8 -DRWORDSIZE=4 -DLWORDSIZE=4 -DNONSTANDARD_SYSTEM_FUNC  -DWRF_USE_CLM -DRPC_TYPES=1  -DDM_PARALLEL -DNETCDF -DLANDREAD_STUB=1 -DUSE_ALLOCATABLES -Dwrfmodel -DGRIB1 -DINTIO -DKEEP_INT_AROUND -DLIMIT_ARGS -DBUILD_RRTMG_FAST=0 -DBUILD_RRTMK=0 -DBUILD_SBM_FAST=1 -DSHOW_ALL_VARS_USED=0 -DCONFIG_BUF_LEN=65536 -DMAX_DOMAINS_F=21 -DMAX_HISTORY=25 -DNMM_NEST=0  -I. -traditional-cpp   module_timing.G  > module_timing.bb
/lib/cpp -P -nostdinc -I/data1/home/marcos/WRF_old/new/WRF/inc -DEM_CORE=1 -DNMM_CORE=0 -DNMM_MAX_DIM=2600 -DDA_CORE=0 -DWRFPLUS=0 -DIWORDSIZE=4 -DDWORDSIZE=8 -DRWORDSIZE=4 -DLWORDSIZE=4 -DNONSTANDARD_SYSTEM_FUNC  -DWRF_USE_CLM -DRPC_TYPES=1  -DDM_PARALLEL -DNETCDF -DLANDREAD_STUB=1 -DUSE_ALLOCATABLES -Dwrfmodel -DGRIB1 -DINTIO -DKEEP_INT_AROUND -DLIMIT_ARGS -DBUILD_RRTMG_FAST=0 -DBUILD_RRTMK=0 -DBUILD_SBM_FAST=1 -DSHOW_ALL_VARS_USED=0 -DCONFIG_BUF_LEN=65536 -DMAX_DOMAINS_F=21 -DMAX_HISTORY=25 -DNMM_NEST=0  -I. -traditional-cpp   module_domain_type.F  > module_domain_type.bb
/data1/home/marcos/WRF_old/new/WRF/tools/standard.exe module_timing.bb | /lib/cpp -P -nostdinc -traditional-cpp > module_timing.f90
/data1/home/marcos/WRF_old/new/WRF/tools/standard.exe module_domain_type.bb | /lib/cpp -P -nostdinc -traditional-cpp > module_domain_type.f90
rm -f module_timing.G module_timing.bb
time /data1/sw/local/mpich/bin/mpif90 -f90=ifort -o module_timing.o -c -O3 -ip -fp-model precise -w -ftz -align all -fno-alias -FR -convert big_endian    -I../dyn_em -I../dyn_nmm  -I/data1/home/marcos/WRF_old/new/WRF/external/esmf_time_f90  -I/data1/home/marcos/WRF_old/new/WRF/main -I/data1/home/marcos/WRF_old/new/WRF/external/io_netcdf -I/data1/home/marcos/WRF_old/new/WRF/external/io_int -I/data1/home/marcos/WRF_old/new/WRF/frame -I/data1/home/marcos/WRF_old/new/WRF/share -I/data1/home/marcos/WRF_old/new/WRF/phys -I/data1/home/marcos/WRF_old/new/WRF/wrftladj -I/data1/home/marcos/WRF_old/new/WRF/chem -I/data1/home/marcos/WRF_old/new/WRF/inc -I/home/marcos/libs/netcdf/include  -real-size `expr 8 \* 4` -i4  module_timing.f90
rm -f module_domain_type.b module_domain_type.bb
time /data1/sw/local/mpich/bin/mpif90 -f90=ifort -c -real-size `expr 8 \* 4` -i4  -O0 -fno-inline -no-ip -ip -fp-model precise -w -ftz -align all -fno-alias -FR -convert big_endian   -I../dyn_em -I../dyn_nmm  -I/data1/home/marcos/WRF_old/new/WRF/external/esmf_time_f90  -I/data1/home/marcos/WRF_old/new/WRF/main -I/data1/home/marcos/WRF_old/new/WRF/external/io_netcdf -I/data1/home/marcos/WRF_old/new/WRF/external/io_int -I/data1/home/marcos/WRF_old/new/WRF/frame -I/data1/home/marcos/WRF_old/new/WRF/share -I/data1/home/marcos/WRF_old/new/WRF/phys -I/data1/home/marcos/WRF_old/new/WRF/wrftladj -I/data1/home/marcos/WRF_old/new/WRF/chem -I/data1/home/marcos/WRF_old/new/WRF/inc -I/home/marcos/libs/netcdf/include  module_domain_type.f90
rm -f module_machine.o
sed -e "s/^\!.*'.*//" -e "s/^ *\!.*'.*//" module_machine.F > module_machine.G
/lib/cpp -P -nostdinc -I/data1/home/marcos/WRF_old/new/WRF/inc -DEM_CORE=1 -DNMM_CORE=0 -DNMM_MAX_DIM=2600 -DDA_CORE=0 -DWRFPLUS=0 -DIWORDSIZE=4 -DDWORDSIZE=8 -DRWORDSIZE=4 -DLWORDSIZE=4 -DNONSTANDARD_SYSTEM_FUNC  -DWRF_USE_CLM -DRPC_TYPES=1  -DDM_PARALLEL -DNETCDF -DLANDREAD_STUB=1 -DUSE_ALLOCATABLES -Dwrfmodel -DGRIB1 -DINTIO -DKEEP_INT_AROUND -DLIMIT_ARGS -DBUILD_RRTMG_FAST=0 -DBUILD_RRTMK=0 -DBUILD_SBM_FAST=1 -DSHOW_ALL_VARS_USED=0 -DCONFIG_BUF_LEN=65536 -DMAX_DOMAINS_F=21 -DMAX_HISTORY=25 -DNMM_NEST=0  -I. -traditional-cpp   module_machine.G  > module_machine.bb
/data1/home/marcos/WRF_old/new/WRF/tools/standard.exe module_machine.bb | /lib/cpp -P -nostdinc -traditional-cpp > module_machine.f90
rm -f module_machine.G module_machine.bb
time /data1/sw/local/mpich/bin/mpif90 -f90=ifort -o module_machine.o -c -O3 -ip -fp-model precise -w -ftz -align all -fno-alias -FR -convert big_endian    -I../dyn_em -I../dyn_nmm  -I/data1/home/marcos/WRF_old/new/WRF/external/esmf_time_f90  -I/data1/home/marcos/WRF_old/new/WRF/main -I/data1/home/marcos/WRF_old/new/WRF/external/io_netcdf -I/data1/home/marcos/WRF_old/new/WRF/external/io_int -I/data1/home/marcos/WRF_old/new/WRF/frame -I/data1/home/marcos/WRF_old/new/WRF/share -I/data1/home/marcos/WRF_old/new/WRF/phys -I/data1/home/marcos/WRF_old/new/WRF/wrftladj -I/data1/home/marcos/WRF_old/new/WRF/chem -I/data1/home/marcos/WRF_old/new/WRF/inc -I/home/marcos/libs/netcdf/include  -real-size `expr 8 \* 4` -i4  module_machine.f90
rm -f module_quilt_outbuf_ops.o
sed -e "s/^\!.*'.*//" -e "s/^ *\!.*'.*//" module_quilt_outbuf_ops.F > module_quilt_outbuf_ops.G
/lib/cpp -P -nostdinc -I/data1/home/marcos/WRF_old/new/WRF/inc -DEM_CORE=1 -DNMM_CORE=0 -DNMM_MAX_DIM=2600 -DDA_CORE=0 -DWRFPLUS=0 -DIWORDSIZE=4 -DDWORDSIZE=8 -DRWORDSIZE=4 -DLWORDSIZE=4 -DNONSTANDARD_SYSTEM_FUNC  -DWRF_USE_CLM -DRPC_TYPES=1  -DDM_PARALLEL -DNETCDF -DLANDREAD_STUB=1 -DUSE_ALLOCATABLES -Dwrfmodel -DGRIB1 -DINTIO -DKEEP_INT_AROUND -DLIMIT_ARGS -DBUILD_RRTMG_FAST=0 -DBUILD_RRTMK=0 -DBUILD_SBM_FAST=1 -DSHOW_ALL_VARS_USED=0 -DCONFIG_BUF_LEN=65536 -DMAX_DOMAINS_F=21 -DMAX_HISTORY=25 -DNMM_NEST=0  -I. -traditional-cpp   module_quilt_outbuf_ops.G  > module_quilt_outbuf_ops.bb
/data1/home/marcos/WRF_old/new/WRF/tools/standard.exe module_quilt_outbuf_ops.bb | /lib/cpp -P -nostdinc -traditional-cpp > module_quilt_outbuf_ops.f90
rm -f module_quilt_outbuf_ops.G module_quilt_outbuf_ops.bb
time /data1/sw/local/mpich/bin/mpif90 -f90=ifort -o module_quilt_outbuf_ops.o -c -O3 -ip -fp-model precise -w -ftz -align all -fno-alias -FR -convert big_endian    -I../dyn_em -I../dyn_nmm  -I/data1/home/marcos/WRF_old/new/WRF/external/esmf_time_f90  -I/data1/home/marcos/WRF_old/new/WRF/main -I/data1/home/marcos/WRF_old/new/WRF/external/io_netcdf -I/data1/home/marcos/WRF_old/new/WRF/external/io_int -I/data1/home/marcos/WRF_old/new/WRF/frame -I/data1/home/marcos/WRF_old/new/WRF/share -I/data1/home/marcos/WRF_old/new/WRF/phys -I/data1/home/marcos/WRF_old/new/WRF/wrftladj -I/data1/home/marcos/WRF_old/new/WRF/chem -I/data1/home/marcos/WRF_old/new/WRF/inc -I/home/marcos/libs/netcdf/include  -real-size `expr 8 \* 4` -i4  module_quilt_outbuf_ops.f90
rm -f module_configure.o
/lib/cpp -P -nostdinc -I/data1/home/marcos/WRF_old/new/WRF/inc -DEM_CORE=1 -DNMM_CORE=0 -DNMM_MAX_DIM=2600 -DDA_CORE=0 -DWRFPLUS=0 -DIWORDSIZE=4 -DDWORDSIZE=8 -DRWORDSIZE=4 -DLWORDSIZE=4 -DNONSTANDARD_SYSTEM_FUNC  -DWRF_USE_CLM -DRPC_TYPES=1  -DDM_PARALLEL -DNETCDF -DLANDREAD_STUB=1 -DUSE_ALLOCATABLES -Dwrfmodel -DGRIB1 -DINTIO -DKEEP_INT_AROUND -DLIMIT_ARGS -DBUILD_RRTMG_FAST=0 -DBUILD_RRTMK=0 -DBUILD_SBM_FAST=1 -DSHOW_ALL_VARS_USED=0 -DCONFIG_BUF_LEN=65536 -DMAX_DOMAINS_F=21 -DMAX_HISTORY=25 -DNMM_NEST=0  -I. -traditional-cpp   module_configure.F  > module_configure.bb
/data1/home/marcos/WRF_old/new/WRF/tools/standard.exe module_configure.bb | /lib/cpp -P -nostdinc -traditional-cpp > module_configure.f90
rm -f module_configure.b module_configure.bb
time /data1/sw/local/mpich/bin/mpif90 -f90=ifort -c -real-size `expr 8 \* 4` -i4  -O0 -fno-inline -no-ip -ip -fp-model precise -w -ftz -align all -fno-alias -FR -convert big_endian   -I../dyn_em -I../dyn_nmm  -I/data1/home/marcos/WRF_old/new/WRF/external/esmf_time_f90  -I/data1/home/marcos/WRF_old/new/WRF/main -I/data1/home/marcos/WRF_old/new/WRF/external/io_netcdf -I/data1/home/marcos/WRF_old/new/WRF/external/io_int -I/data1/home/marcos/WRF_old/new/WRF/frame -I/data1/home/marcos/WRF_old/new/WRF/share -I/data1/home/marcos/WRF_old/new/WRF/phys -I/data1/home/marcos/WRF_old/new/WRF/wrftladj -I/data1/home/marcos/WRF_old/new/WRF/chem -I/data1/home/marcos/WRF_old/new/WRF/inc -I/home/marcos/libs/netcdf/include  module_configure.f90
rm -f module_alloc_space_0.o
rm -f module_alloc_space_1.o
/lib/cpp -P -nostdinc -I/data1/home/marcos/WRF_old/new/WRF/inc -DEM_CORE=1 -DNMM_CORE=0 -DNMM_MAX_DIM=2600 -DDA_CORE=0 -DWRFPLUS=0 -DIWORDSIZE=4 -DDWORDSIZE=8 -DRWORDSIZE=4 -DLWORDSIZE=4 -DNONSTANDARD_SYSTEM_FUNC  -DWRF_USE_CLM -DRPC_TYPES=1  -DDM_PARALLEL -DNETCDF -DLANDREAD_STUB=1 -DUSE_ALLOCATABLES -Dwrfmodel -DGRIB1 -DINTIO -DKEEP_INT_AROUND -DLIMIT_ARGS -DBUILD_RRTMG_FAST=0 -DBUILD_RRTMK=0 -DBUILD_SBM_FAST=1 -DSHOW_ALL_VARS_USED=0 -DCONFIG_BUF_LEN=65536 -DMAX_DOMAINS_F=21 -DMAX_HISTORY=25 -DNMM_NEST=0  -I. -traditional-cpp   module_alloc_space_0.F  > module_alloc_space_0.bb
/lib/cpp -P -nostdinc -I/data1/home/marcos/WRF_old/new/WRF/inc -DEM_CORE=1 -DNMM_CORE=0 -DNMM_MAX_DIM=2600 -DDA_CORE=0 -DWRFPLUS=0 -DIWORDSIZE=4 -DDWORDSIZE=8 -DRWORDSIZE=4 -DLWORDSIZE=4 -DNONSTANDARD_SYSTEM_FUNC  -DWRF_USE_CLM -DRPC_TYPES=1  -DDM_PARALLEL -DNETCDF -DLANDREAD_STUB=1 -DUSE_ALLOCATABLES -Dwrfmodel -DGRIB1 -DINTIO -DKEEP_INT_AROUND -DLIMIT_ARGS -DBUILD_RRTMG_FAST=0 -DBUILD_RRTMK=0 -DBUILD_SBM_FAST=1 -DSHOW_ALL_VARS_USED=0 -DCONFIG_BUF_LEN=65536 -DMAX_DOMAINS_F=21 -DMAX_HISTORY=25 -DNMM_NEST=0  -I. -traditional-cpp   module_alloc_space_1.F  > module_alloc_space_1.bb
/data1/home/marcos/WRF_old/new/WRF/tools/standard.exe module_alloc_space_0.bb | /lib/cpp -P -nostdinc -traditional-cpp > module_alloc_space_0.f90
/data1/home/marcos/WRF_old/new/WRF/tools/standard.exe module_alloc_space_1.bb | /lib/cpp -P -nostdinc -traditional-cpp > module_alloc_space_1.f90
rm -f module_alloc_space_0.b module_alloc_space_0.bb
rm -f module_alloc_space_1.b module_alloc_space_1.bb
time /data1/sw/local/mpich/bin/mpif90 -f90=ifort -c -real-size `expr 8 \* 4` -i4  -O0 -fno-inline -no-ip -ip -fp-model precise -w -ftz -align all -fno-alias -FR -convert big_endian   -I../dyn_em -I../dyn_nmm  -I/data1/home/marcos/WRF_old/new/WRF/external/esmf_time_f90  -I/data1/home/marcos/WRF_old/new/WRF/main -I/data1/home/marcos/WRF_old/new/WRF/external/io_netcdf -I/data1/home/marcos/WRF_old/new/WRF/external/io_int -I/data1/home/marcos/WRF_old/new/WRF/frame -I/data1/home/marcos/WRF_old/new/WRF/share -I/data1/home/marcos/WRF_old/new/WRF/phys -I/data1/home/marcos/WRF_old/new/WRF/wrftladj -I/data1/home/marcos/WRF_old/new/WRF/chem -I/data1/home/marcos/WRF_old/new/WRF/inc -I/home/marcos/libs/netcdf/include  module_alloc_space_0.f90
time /data1/sw/local/mpich/bin/mpif90 -f90=ifort -c -real-size `expr 8 \* 4` -i4  -O0 -fno-inline -no-ip -ip -fp-model precise -w -ftz -align all -fno-alias -FR -convert big_endian   -I../dyn_em -I../dyn_nmm  -I/data1/home/marcos/WRF_old/new/WRF/external/esmf_time_f90  -I/data1/home/marcos/WRF_old/new/WRF/main -I/data1/home/marcos/WRF_old/new/WRF/external/io_netcdf -I/data1/home/marcos/WRF_old/new/WRF/external/io_int -I/data1/home/marcos/WRF_old/new/WRF/frame -I/data1/home/marcos/WRF_old/new/WRF/share -I/data1/home/marcos/WRF_old/new/WRF/phys -I/data1/home/marcos/WRF_old/new/WRF/wrftladj -I/data1/home/marcos/WRF_old/new/WRF/chem -I/data1/home/marcos/WRF_old/new/WRF/inc -I/home/marcos/libs/netcdf/include  module_alloc_space_1.f90
rm -f module_alloc_space_2.o
/lib/cpp -P -nostdinc -I/data1/home/marcos/WRF_old/new/WRF/inc -DEM_CORE=1 -DNMM_CORE=0 -DNMM_MAX_DIM=2600 -DDA_CORE=0 -DWRFPLUS=0 -DIWORDSIZE=4 -DDWORDSIZE=8 -DRWORDSIZE=4 -DLWORDSIZE=4 -DNONSTANDARD_SYSTEM_FUNC  -DWRF_USE_CLM -DRPC_TYPES=1  -DDM_PARALLEL -DNETCDF -DLANDREAD_STUB=1 -DUSE_ALLOCATABLES -Dwrfmodel -DGRIB1 -DINTIO -DKEEP_INT_AROUND -DLIMIT_ARGS -DBUILD_RRTMG_FAST=0 -DBUILD_RRTMK=0 -DBUILD_SBM_FAST=1 -DSHOW_ALL_VARS_USED=0 -DCONFIG_BUF_LEN=65536 -DMAX_DOMAINS_F=21 -DMAX_HISTORY=25 -DNMM_NEST=0  -I. -traditional-cpp   module_alloc_space_2.F  > module_alloc_space_2.bb
/data1/home/marcos/WRF_old/new/WRF/tools/standard.exe module_alloc_space_2.bb | /lib/cpp -P -nostdinc -traditional-cpp > module_alloc_space_2.f90
rm -f module_alloc_space_2.b module_alloc_space_2.bb
time /data1/sw/local/mpich/bin/mpif90 -f90=ifort -c -real-size `expr 8 \* 4` -i4  -O0 -fno-inline -no-ip -ip -fp-model precise -w -ftz -align all -fno-alias -FR -convert big_endian   -I../dyn_em -I../dyn_nmm  -I/data1/home/marcos/WRF_old/new/WRF/external/esmf_time_f90  -I/data1/home/marcos/WRF_old/new/WRF/main -I/data1/home/marcos/WRF_old/new/WRF/external/io_netcdf -I/data1/home/marcos/WRF_old/new/WRF/external/io_int -I/data1/home/marcos/WRF_old/new/WRF/frame -I/data1/home/marcos/WRF_old/new/WRF/share -I/data1/home/marcos/WRF_old/new/WRF/phys -I/data1/home/marcos/WRF_old/new/WRF/wrftladj -I/data1/home/marcos/WRF_old/new/WRF/chem -I/data1/home/marcos/WRF_old/new/WRF/inc -I/home/marcos/libs/netcdf/include  module_alloc_space_2.f90
rm -f module_alloc_space_3.o
/lib/cpp -P -nostdinc -I/data1/home/marcos/WRF_old/new/WRF/inc -DEM_CORE=1 -DNMM_CORE=0 -DNMM_MAX_DIM=2600 -DDA_CORE=0 -DWRFPLUS=0 -DIWORDSIZE=4 -DDWORDSIZE=8 -DRWORDSIZE=4 -DLWORDSIZE=4 -DNONSTANDARD_SYSTEM_FUNC  -DWRF_USE_CLM -DRPC_TYPES=1  -DDM_PARALLEL -DNETCDF -DLANDREAD_STUB=1 -DUSE_ALLOCATABLES -Dwrfmodel -DGRIB1 -DINTIO -DKEEP_INT_AROUND -DLIMIT_ARGS -DBUILD_RRTMG_FAST=0 -DBUILD_RRTMK=0 -DBUILD_SBM_FAST=1 -DSHOW_ALL_VARS_USED=0 -DCONFIG_BUF_LEN=65536 -DMAX_DOMAINS_F=21 -DMAX_HISTORY=25 -DNMM_NEST=0  -I. -traditional-cpp   module_alloc_space_3.F  > module_alloc_space_3.bb
/data1/home/marcos/WRF_old/new/WRF/tools/standard.exe module_alloc_space_3.bb | /lib/cpp -P -nostdinc -traditional-cpp > module_alloc_space_3.f90
rm -f module_alloc_space_3.b module_alloc_space_3.bb
time /data1/sw/local/mpich/bin/mpif90 -f90=ifort -c -real-size `expr 8 \* 4` -i4  -O0 -fno-inline -no-ip -ip -fp-model precise -w -ftz -align all -fno-alias -FR -convert big_endian   -I../dyn_em -I../dyn_nmm  -I/data1/home/marcos/WRF_old/new/WRF/external/esmf_time_f90  -I/data1/home/marcos/WRF_old/new/WRF/main -I/data1/home/marcos/WRF_old/new/WRF/external/io_netcdf -I/data1/home/marcos/WRF_old/new/WRF/external/io_int -I/data1/home/marcos/WRF_old/new/WRF/frame -I/data1/home/marcos/WRF_old/new/WRF/share -I/data1/home/marcos/WRF_old/new/WRF/phys -I/data1/home/marcos/WRF_old/new/WRF/wrftladj -I/data1/home/marcos/WRF_old/new/WRF/chem -I/data1/home/marcos/WRF_old/new/WRF/inc -I/home/marcos/libs/netcdf/include  module_alloc_space_3.f90
rm -f module_alloc_space_4.o
/lib/cpp -P -nostdinc -I/data1/home/marcos/WRF_old/new/WRF/inc -DEM_CORE=1 -DNMM_CORE=0 -DNMM_MAX_DIM=2600 -DDA_CORE=0 -DWRFPLUS=0 -DIWORDSIZE=4 -DDWORDSIZE=8 -DRWORDSIZE=4 -DLWORDSIZE=4 -DNONSTANDARD_SYSTEM_FUNC  -DWRF_USE_CLM -DRPC_TYPES=1  -DDM_PARALLEL -DNETCDF -DLANDREAD_STUB=1 -DUSE_ALLOCATABLES -Dwrfmodel -DGRIB1 -DINTIO -DKEEP_INT_AROUND -DLIMIT_ARGS -DBUILD_RRTMG_FAST=0 -DBUILD_RRTMK=0 -DBUILD_SBM_FAST=1 -DSHOW_ALL_VARS_USED=0 -DCONFIG_BUF_LEN=65536 -DMAX_DOMAINS_F=21 -DMAX_HISTORY=25 -DNMM_NEST=0  -I. -traditional-cpp   module_alloc_space_4.F  > module_alloc_space_4.bb
/data1/home/marcos/WRF_old/new/WRF/tools/standard.exe module_alloc_space_4.bb | /lib/cpp -P -nostdinc -traditional-cpp > module_alloc_space_4.f90
rm -f module_alloc_space_4.b module_alloc_space_4.bb
time /data1/sw/local/mpich/bin/mpif90 -f90=ifort -c -real-size `expr 8 \* 4` -i4  -O0 -fno-inline -no-ip -ip -fp-model precise -w -ftz -align all -fno-alias -FR -convert big_endian   -I../dyn_em -I../dyn_nmm  -I/data1/home/marcos/WRF_old/new/WRF/external/esmf_time_f90  -I/data1/home/marcos/WRF_old/new/WRF/main -I/data1/home/marcos/WRF_old/new/WRF/external/io_netcdf -I/data1/home/marcos/WRF_old/new/WRF/external/io_int -I/data1/home/marcos/WRF_old/new/WRF/frame -I/data1/home/marcos/WRF_old/new/WRF/share -I/data1/home/marcos/WRF_old/new/WRF/phys -I/data1/home/marcos/WRF_old/new/WRF/wrftladj -I/data1/home/marcos/WRF_old/new/WRF/chem -I/data1/home/marcos/WRF_old/new/WRF/inc -I/home/marcos/libs/netcdf/include  module_alloc_space_4.f90
rm -f module_alloc_space_5.o
/lib/cpp -P -nostdinc -I/data1/home/marcos/WRF_old/new/WRF/inc -DEM_CORE=1 -DNMM_CORE=0 -DNMM_MAX_DIM=2600 -DDA_CORE=0 -DWRFPLUS=0 -DIWORDSIZE=4 -DDWORDSIZE=8 -DRWORDSIZE=4 -DLWORDSIZE=4 -DNONSTANDARD_SYSTEM_FUNC  -DWRF_USE_CLM -DRPC_TYPES=1  -DDM_PARALLEL -DNETCDF -DLANDREAD_STUB=1 -DUSE_ALLOCATABLES -Dwrfmodel -DGRIB1 -DINTIO -DKEEP_INT_AROUND -DLIMIT_ARGS -DBUILD_RRTMG_FAST=0 -DBUILD_RRTMK=0 -DBUILD_SBM_FAST=1 -DSHOW_ALL_VARS_USED=0 -DCONFIG_BUF_LEN=65536 -DMAX_DOMAINS_F=21 -DMAX_HISTORY=25 -DNMM_NEST=0  -I. -traditional-cpp   module_alloc_space_5.F  > module_alloc_space_5.bb
/data1/home/marcos/WRF_old/new/WRF/tools/standard.exe module_alloc_space_5.bb | /lib/cpp -P -nostdinc -traditional-cpp > module_alloc_space_5.f90
rm -f module_alloc_space_5.b module_alloc_space_5.bb
time /data1/sw/local/mpich/bin/mpif90 -f90=ifort -c -real-size `expr 8 \* 4` -i4  -O0 -fno-inline -no-ip -ip -fp-model precise -w -ftz -align all -fno-alias -FR -convert big_endian   -I../dyn_em -I../dyn_nmm  -I/data1/home/marcos/WRF_old/new/WRF/external/esmf_time_f90  -I/data1/home/marcos/WRF_old/new/WRF/main -I/data1/home/marcos/WRF_old/new/WRF/external/io_netcdf -I/data1/home/marcos/WRF_old/new/WRF/external/io_int -I/data1/home/marcos/WRF_old/new/WRF/frame -I/data1/home/marcos/WRF_old/new/WRF/share -I/data1/home/marcos/WRF_old/new/WRF/phys -I/data1/home/marcos/WRF_old/new/WRF/wrftladj -I/data1/home/marcos/WRF_old/new/WRF/chem -I/data1/home/marcos/WRF_old/new/WRF/inc -I/home/marcos/libs/netcdf/include  module_alloc_space_5.f90
rm -f module_alloc_space_6.o
/lib/cpp -P -nostdinc -I/data1/home/marcos/WRF_old/new/WRF/inc -DEM_CORE=1 -DNMM_CORE=0 -DNMM_MAX_DIM=2600 -DDA_CORE=0 -DWRFPLUS=0 -DIWORDSIZE=4 -DDWORDSIZE=8 -DRWORDSIZE=4 -DLWORDSIZE=4 -DNONSTANDARD_SYSTEM_FUNC  -DWRF_USE_CLM -DRPC_TYPES=1  -DDM_PARALLEL -DNETCDF -DLANDREAD_STUB=1 -DUSE_ALLOCATABLES -Dwrfmodel -DGRIB1 -DINTIO -DKEEP_INT_AROUND -DLIMIT_ARGS -DBUILD_RRTMG_FAST=0 -DBUILD_RRTMK=0 -DBUILD_SBM_FAST=1 -DSHOW_ALL_VARS_USED=0 -DCONFIG_BUF_LEN=65536 -DMAX_DOMAINS_F=21 -DMAX_HISTORY=25 -DNMM_NEST=0  -I. -traditional-cpp   module_alloc_space_6.F  > module_alloc_space_6.bb
/data1/home/marcos/WRF_old/new/WRF/tools/standard.exe module_alloc_space_6.bb | /lib/cpp -P -nostdinc -traditional-cpp > module_alloc_space_6.f90
rm -f module_alloc_space_6.b module_alloc_space_6.bb
time /data1/sw/local/mpich/bin/mpif90 -f90=ifort -c -real-size `expr 8 \* 4` -i4  -O0 -fno-inline -no-ip -ip -fp-model precise -w -ftz -align all -fno-alias -FR -convert big_endian   -I../dyn_em -I../dyn_nmm  -I/data1/home/marcos/WRF_old/new/WRF/external/esmf_time_f90  -I/data1/home/marcos/WRF_old/new/WRF/main -I/data1/home/marcos/WRF_old/new/WRF/external/io_netcdf -I/data1/home/marcos/WRF_old/new/WRF/external/io_int -I/data1/home/marcos/WRF_old/new/WRF/frame -I/data1/home/marcos/WRF_old/new/WRF/share -I/data1/home/marcos/WRF_old/new/WRF/phys -I/data1/home/marcos/WRF_old/new/WRF/wrftladj -I/data1/home/marcos/WRF_old/new/WRF/chem -I/data1/home/marcos/WRF_old/new/WRF/inc -I/home/marcos/libs/netcdf/include  module_alloc_space_6.f90
rm -f module_alloc_space_7.o
/lib/cpp -P -nostdinc -I/data1/home/marcos/WRF_old/new/WRF/inc -DEM_CORE=1 -DNMM_CORE=0 -DNMM_MAX_DIM=2600 -DDA_CORE=0 -DWRFPLUS=0 -DIWORDSIZE=4 -DDWORDSIZE=8 -DRWORDSIZE=4 -DLWORDSIZE=4 -DNONSTANDARD_SYSTEM_FUNC  -DWRF_USE_CLM -DRPC_TYPES=1  -DDM_PARALLEL -DNETCDF -DLANDREAD_STUB=1 -DUSE_ALLOCATABLES -Dwrfmodel -DGRIB1 -DINTIO -DKEEP_INT_AROUND -DLIMIT_ARGS -DBUILD_RRTMG_FAST=0 -DBUILD_RRTMK=0 -DBUILD_SBM_FAST=1 -DSHOW_ALL_VARS_USED=0 -DCONFIG_BUF_LEN=65536 -DMAX_DOMAINS_F=21 -DMAX_HISTORY=25 -DNMM_NEST=0  -I. -traditional-cpp   module_alloc_space_7.F  > module_alloc_space_7.bb
/data1/home/marcos/WRF_old/new/WRF/tools/standard.exe module_alloc_space_7.bb | /lib/cpp -P -nostdinc -traditional-cpp > module_alloc_space_7.f90
rm -f module_alloc_space_7.b module_alloc_space_7.bb
time /data1/sw/local/mpich/bin/mpif90 -f90=ifort -c -real-size `expr 8 \* 4` -i4  -O0 -fno-inline -no-ip -ip -fp-model precise -w -ftz -align all -fno-alias -FR -convert big_endian   -I../dyn_em -I../dyn_nmm  -I/data1/home/marcos/WRF_old/new/WRF/external/esmf_time_f90  -I/data1/home/marcos/WRF_old/new/WRF/main -I/data1/home/marcos/WRF_old/new/WRF/external/io_netcdf -I/data1/home/marcos/WRF_old/new/WRF/external/io_int -I/data1/home/marcos/WRF_old/new/WRF/frame -I/data1/home/marcos/WRF_old/new/WRF/share -I/data1/home/marcos/WRF_old/new/WRF/phys -I/data1/home/marcos/WRF_old/new/WRF/wrftladj -I/data1/home/marcos/WRF_old/new/WRF/chem -I/data1/home/marcos/WRF_old/new/WRF/inc -I/home/marcos/libs/netcdf/include  module_alloc_space_7.f90
rm -f module_alloc_space_8.o
/lib/cpp -P -nostdinc -I/data1/home/marcos/WRF_old/new/WRF/inc -DEM_CORE=1 -DNMM_CORE=0 -DNMM_MAX_DIM=2600 -DDA_CORE=0 -DWRFPLUS=0 -DIWORDSIZE=4 -DDWORDSIZE=8 -DRWORDSIZE=4 -DLWORDSIZE=4 -DNONSTANDARD_SYSTEM_FUNC  -DWRF_USE_CLM -DRPC_TYPES=1  -DDM_PARALLEL -DNETCDF -DLANDREAD_STUB=1 -DUSE_ALLOCATABLES -Dwrfmodel -DGRIB1 -DINTIO -DKEEP_INT_AROUND -DLIMIT_ARGS -DBUILD_RRTMG_FAST=0 -DBUILD_RRTMK=0 -DBUILD_SBM_FAST=1 -DSHOW_ALL_VARS_USED=0 -DCONFIG_BUF_LEN=65536 -DMAX_DOMAINS_F=21 -DMAX_HISTORY=25 -DNMM_NEST=0  -I. -traditional-cpp   module_alloc_space_8.F  > module_alloc_space_8.bb
/data1/home/marcos/WRF_old/new/WRF/tools/standard.exe module_alloc_space_8.bb | /lib/cpp -P -nostdinc -traditional-cpp > module_alloc_space_8.f90
rm -f module_alloc_space_8.b module_alloc_space_8.bb
time /data1/sw/local/mpich/bin/mpif90 -f90=ifort -c -real-size `expr 8 \* 4` -i4  -O0 -fno-inline -no-ip -ip -fp-model precise -w -ftz -align all -fno-alias -FR -convert big_endian   -I../dyn_em -I../dyn_nmm  -I/data1/home/marcos/WRF_old/new/WRF/external/esmf_time_f90  -I/data1/home/marcos/WRF_old/new/WRF/main -I/data1/home/marcos/WRF_old/new/WRF/external/io_netcdf -I/data1/home/marcos/WRF_old/new/WRF/external/io_int -I/data1/home/marcos/WRF_old/new/WRF/frame -I/data1/home/marcos/WRF_old/new/WRF/share -I/data1/home/marcos/WRF_old/new/WRF/phys -I/data1/home/marcos/WRF_old/new/WRF/wrftladj -I/data1/home/marcos/WRF_old/new/WRF/chem -I/data1/home/marcos/WRF_old/new/WRF/inc -I/home/marcos/libs/netcdf/include  module_alloc_space_8.f90
rm -f module_alloc_space_9.o
/lib/cpp -P -nostdinc -I/data1/home/marcos/WRF_old/new/WRF/inc -DEM_CORE=1 -DNMM_CORE=0 -DNMM_MAX_DIM=2600 -DDA_CORE=0 -DWRFPLUS=0 -DIWORDSIZE=4 -DDWORDSIZE=8 -DRWORDSIZE=4 -DLWORDSIZE=4 -DNONSTANDARD_SYSTEM_FUNC  -DWRF_USE_CLM -DRPC_TYPES=1  -DDM_PARALLEL -DNETCDF -DLANDREAD_STUB=1 -DUSE_ALLOCATABLES -Dwrfmodel -DGRIB1 -DINTIO -DKEEP_INT_AROUND -DLIMIT_ARGS -DBUILD_RRTMG_FAST=0 -DBUILD_RRTMK=0 -DBUILD_SBM_FAST=1 -DSHOW_ALL_VARS_USED=0 -DCONFIG_BUF_LEN=65536 -DMAX_DOMAINS_F=21 -DMAX_HISTORY=25 -DNMM_NEST=0  -I. -traditional-cpp   module_alloc_space_9.F  > module_alloc_space_9.bb
/data1/home/marcos/WRF_old/new/WRF/tools/standard.exe module_alloc_space_9.bb | /lib/cpp -P -nostdinc -traditional-cpp > module_alloc_space_9.f90
rm -f module_alloc_space_9.b module_alloc_space_9.bb
time /data1/sw/local/mpich/bin/mpif90 -f90=ifort -c -real-size `expr 8 \* 4` -i4  -O0 -fno-inline -no-ip -ip -fp-model precise -w -ftz -align all -fno-alias -FR -convert big_endian   -I../dyn_em -I../dyn_nmm  -I/data1/home/marcos/WRF_old/new/WRF/external/esmf_time_f90  -I/data1/home/marcos/WRF_old/new/WRF/main -I/data1/home/marcos/WRF_old/new/WRF/external/io_netcdf -I/data1/home/marcos/WRF_old/new/WRF/external/io_int -I/data1/home/marcos/WRF_old/new/WRF/frame -I/data1/home/marcos/WRF_old/new/WRF/share -I/data1/home/marcos/WRF_old/new/WRF/phys -I/data1/home/marcos/WRF_old/new/WRF/wrftladj -I/data1/home/marcos/WRF_old/new/WRF/chem -I/data1/home/marcos/WRF_old/new/WRF/inc -I/home/marcos/libs/netcdf/include  module_alloc_space_9.f90
/lib/cpp -P -nostdinc -DNNN=0 -I../inc -DNL_get_ROUTINES nl_access_routines.F > yy0.f90
time /data1/sw/local/mpich/bin/mpif90 -f90=ifort -o nl_get_0_routines.o -c -real-size `expr 8 \* 4` -i4 -O0 -fno-inline -no-ip -ip -fp-model precise -w -ftz -align all -fno-alias -FR -convert big_endian  -I../dyn_em -I../dyn_nmm  -I/data1/home/marcos/WRF_old/new/WRF/external/esmf_time_f90  -I/data1/home/marcos/WRF_old/new/WRF/main -I/data1/home/marcos/WRF_old/new/WRF/external/io_netcdf -I/data1/home/marcos/WRF_old/new/WRF/external/io_int -I/data1/home/marcos/WRF_old/new/WRF/frame -I/data1/home/marcos/WRF_old/new/WRF/share -I/data1/home/marcos/WRF_old/new/WRF/phys -I/data1/home/marcos/WRF_old/new/WRF/wrftladj -I/data1/home/marcos/WRF_old/new/WRF/chem -I/data1/home/marcos/WRF_old/new/WRF/inc -I/home/marcos/libs/netcdf/include   yy0.f90
/lib/cpp -P -nostdinc -DNNN=1 -I../inc -DNL_get_ROUTINES nl_access_routines.F > yy1.f90
time /data1/sw/local/mpich/bin/mpif90 -f90=ifort -o nl_get_1_routines.o -c -real-size `expr 8 \* 4` -i4 -O0 -fno-inline -no-ip -ip -fp-model precise -w -ftz -align all -fno-alias -FR -convert big_endian  -I../dyn_em -I../dyn_nmm  -I/data1/home/marcos/WRF_old/new/WRF/external/esmf_time_f90  -I/data1/home/marcos/WRF_old/new/WRF/main -I/data1/home/marcos/WRF_old/new/WRF/external/io_netcdf -I/data1/home/marcos/WRF_old/new/WRF/external/io_int -I/data1/home/marcos/WRF_old/new/WRF/frame -I/data1/home/marcos/WRF_old/new/WRF/share -I/data1/home/marcos/WRF_old/new/WRF/phys -I/data1/home/marcos/WRF_old/new/WRF/wrftladj -I/data1/home/marcos/WRF_old/new/WRF/chem -I/data1/home/marcos/WRF_old/new/WRF/inc -I/home/marcos/libs/netcdf/include   yy1.f90
/lib/cpp -P -nostdinc -DNNN=2 -I../inc -DNL_get_ROUTINES nl_access_routines.F > yy2.f90
time /data1/sw/local/mpich/bin/mpif90 -f90=ifort -o nl_get_2_routines.o -c -real-size `expr 8 \* 4` -i4 -O0 -fno-inline -no-ip -ip -fp-model precise -w -ftz -align all -fno-alias -FR -convert big_endian  -I../dyn_em -I../dyn_nmm  -I/data1/home/marcos/WRF_old/new/WRF/external/esmf_time_f90  -I/data1/home/marcos/WRF_old/new/WRF/main -I/data1/home/marcos/WRF_old/new/WRF/external/io_netcdf -I/data1/home/marcos/WRF_old/new/WRF/external/io_int -I/data1/home/marcos/WRF_old/new/WRF/frame -I/data1/home/marcos/WRF_old/new/WRF/share -I/data1/home/marcos/WRF_old/new/WRF/phys -I/data1/home/marcos/WRF_old/new/WRF/wrftladj -I/data1/home/marcos/WRF_old/new/WRF/chem -I/data1/home/marcos/WRF_old/new/WRF/inc -I/home/marcos/libs/netcdf/include   yy2.f90
/lib/cpp -P -nostdinc -DNNN=3 -I../inc -DNL_get_ROUTINES nl_access_routines.F > yy3.f90
time /data1/sw/local/mpich/bin/mpif90 -f90=ifort -o nl_get_3_routines.o -c -real-size `expr 8 \* 4` -i4 -O0 -fno-inline -no-ip -ip -fp-model precise -w -ftz -align all -fno-alias -FR -convert big_endian  -I../dyn_em -I../dyn_nmm  -I/data1/home/marcos/WRF_old/new/WRF/external/esmf_time_f90  -I/data1/home/marcos/WRF_old/new/WRF/main -I/data1/home/marcos/WRF_old/new/WRF/external/io_netcdf -I/data1/home/marcos/WRF_old/new/WRF/external/io_int -I/data1/home/marcos/WRF_old/new/WRF/frame -I/data1/home/marcos/WRF_old/new/WRF/share -I/data1/home/marcos/WRF_old/new/WRF/phys -I/data1/home/marcos/WRF_old/new/WRF/wrftladj -I/data1/home/marcos/WRF_old/new/WRF/chem -I/data1/home/marcos/WRF_old/new/WRF/inc -I/home/marcos/libs/netcdf/include   yy3.f90
/lib/cpp -P -nostdinc -DNNN=4 -I../inc -DNL_get_ROUTINES nl_access_routines.F > yy4.f90
time /data1/sw/local/mpich/bin/mpif90 -f90=ifort -o nl_get_4_routines.o -c -real-size `expr 8 \* 4` -i4 -O0 -fno-inline -no-ip -ip -fp-model precise -w -ftz -align all -fno-alias -FR -convert big_endian  -I../dyn_em -I../dyn_nmm  -I/data1/home/marcos/WRF_old/new/WRF/external/esmf_time_f90  -I/data1/home/marcos/WRF_old/new/WRF/main -I/data1/home/marcos/WRF_old/new/WRF/external/io_netcdf -I/data1/home/marcos/WRF_old/new/WRF/external/io_int -I/data1/home/marcos/WRF_old/new/WRF/frame -I/data1/home/marcos/WRF_old/new/WRF/share -I/data1/home/marcos/WRF_old/new/WRF/phys -I/data1/home/marcos/WRF_old/new/WRF/wrftladj -I/data1/home/marcos/WRF_old/new/WRF/chem -I/data1/home/marcos/WRF_old/new/WRF/inc -I/home/marcos/libs/netcdf/include   yy4.f90
/lib/cpp -P -nostdinc -DNNN=5 -I../inc -DNL_get_ROUTINES nl_access_routines.F > yy5.f90
time /data1/sw/local/mpich/bin/mpif90 -f90=ifort -o nl_get_5_routines.o -c -real-size `expr 8 \* 4` -i4 -O0 -fno-inline -no-ip -ip -fp-model precise -w -ftz -align all -fno-alias -FR -convert big_endian  -I../dyn_em -I../dyn_nmm  -I/data1/home/marcos/WRF_old/new/WRF/external/esmf_time_f90  -I/data1/home/marcos/WRF_old/new/WRF/main -I/data1/home/marcos/WRF_old/new/WRF/external/io_netcdf -I/data1/home/marcos/WRF_old/new/WRF/external/io_int -I/data1/home/marcos/WRF_old/new/WRF/frame -I/data1/home/marcos/WRF_old/new/WRF/share -I/data1/home/marcos/WRF_old/new/WRF/phys -I/data1/home/marcos/WRF_old/new/WRF/wrftladj -I/data1/home/marcos/WRF_old/new/WRF/chem -I/data1/home/marcos/WRF_old/new/WRF/inc -I/home/marcos/libs/netcdf/include   yy5.f90
/lib/cpp -P -nostdinc -DNNN=6 -I../inc -DNL_get_ROUTINES nl_access_routines.F > yy6.f90
time /data1/sw/local/mpich/bin/mpif90 -f90=ifort -o nl_get_6_routines.o -c -real-size `expr 8 \* 4` -i4 -O0 -fno-inline -no-ip -ip -fp-model precise -w -ftz -align all -fno-alias -FR -convert big_endian  -I../dyn_em -I../dyn_nmm  -I/data1/home/marcos/WRF_old/new/WRF/external/esmf_time_f90  -I/data1/home/marcos/WRF_old/new/WRF/main -I/data1/home/marcos/WRF_old/new/WRF/external/io_netcdf -I/data1/home/marcos/WRF_old/new/WRF/external/io_int -I/data1/home/marcos/WRF_old/new/WRF/frame -I/data1/home/marcos/WRF_old/new/WRF/share -I/data1/home/marcos/WRF_old/new/WRF/phys -I/data1/home/marcos/WRF_old/new/WRF/wrftladj -I/data1/home/marcos/WRF_old/new/WRF/chem -I/data1/home/marcos/WRF_old/new/WRF/inc -I/home/marcos/libs/netcdf/include   yy6.f90
/lib/cpp -P -nostdinc -DNNN=7 -I../inc -DNL_get_ROUTINES nl_access_routines.F > yy7.f90
time /data1/sw/local/mpich/bin/mpif90 -f90=ifort -o nl_get_7_routines.o -c -real-size `expr 8 \* 4` -i4 -O0 -fno-inline -no-ip -ip -fp-model precise -w -ftz -align all -fno-alias -FR -convert big_endian  -I../dyn_em -I../dyn_nmm  -I/data1/home/marcos/WRF_old/new/WRF/external/esmf_time_f90  -I/data1/home/marcos/WRF_old/new/WRF/main -I/data1/home/marcos/WRF_old/new/WRF/external/io_netcdf -I/data1/home/marcos/WRF_old/new/WRF/external/io_int -I/data1/home/marcos/WRF_old/new/WRF/frame -I/data1/home/marcos/WRF_old/new/WRF/share -I/data1/home/marcos/WRF_old/new/WRF/phys -I/data1/home/marcos/WRF_old/new/WRF/wrftladj -I/data1/home/marcos/WRF_old/new/WRF/chem -I/data1/home/marcos/WRF_old/new/WRF/inc -I/home/marcos/libs/netcdf/include   yy7.f90
/lib/cpp -P -nostdinc -DNNN=0 -I../inc -DNL_set_ROUTINES nl_access_routines.F > xx0.f90
time /data1/sw/local/mpich/bin/mpif90 -f90=ifort -o nl_set_0_routines.o -c -real-size `expr 8 \* 4` -i4 -O0 -fno-inline -no-ip -ip -fp-model precise -w -ftz -align all -fno-alias -FR -convert big_endian  -I../dyn_em -I../dyn_nmm  -I/data1/home/marcos/WRF_old/new/WRF/external/esmf_time_f90  -I/data1/home/marcos/WRF_old/new/WRF/main -I/data1/home/marcos/WRF_old/new/WRF/external/io_netcdf -I/data1/home/marcos/WRF_old/new/WRF/external/io_int -I/data1/home/marcos/WRF_old/new/WRF/frame -I/data1/home/marcos/WRF_old/new/WRF/share -I/data1/home/marcos/WRF_old/new/WRF/phys -I/data1/home/marcos/WRF_old/new/WRF/wrftladj -I/data1/home/marcos/WRF_old/new/WRF/chem -I/data1/home/marcos/WRF_old/new/WRF/inc -I/home/marcos/libs/netcdf/include   xx0.f90
/lib/cpp -P -nostdinc -DNNN=1 -I../inc -DNL_set_ROUTINES nl_access_routines.F > xx1.f90
time /data1/sw/local/mpich/bin/mpif90 -f90=ifort -o nl_set_1_routines.o -c -real-size `expr 8 \* 4` -i4 -O0 -fno-inline -no-ip -ip -fp-model precise -w -ftz -align all -fno-alias -FR -convert big_endian  -I../dyn_em -I../dyn_nmm  -I/data1/home/marcos/WRF_old/new/WRF/external/esmf_time_f90  -I/data1/home/marcos/WRF_old/new/WRF/main -I/data1/home/marcos/WRF_old/new/WRF/external/io_netcdf -I/data1/home/marcos/WRF_old/new/WRF/external/io_int -I/data1/home/marcos/WRF_old/new/WRF/frame -I/data1/home/marcos/WRF_old/new/WRF/share -I/data1/home/marcos/WRF_old/new/WRF/phys -I/data1/home/marcos/WRF_old/new/WRF/wrftladj -I/data1/home/marcos/WRF_old/new/WRF/chem -I/data1/home/marcos/WRF_old/new/WRF/inc -I/home/marcos/libs/netcdf/include   xx1.f90
/lib/cpp -P -nostdinc -DNNN=2 -I../inc -DNL_set_ROUTINES nl_access_routines.F > xx2.f90
time /data1/sw/local/mpich/bin/mpif90 -f90=ifort -o nl_set_2_routines.o -c -real-size `expr 8 \* 4` -i4 -O0 -fno-inline -no-ip -ip -fp-model precise -w -ftz -align all -fno-alias -FR -convert big_endian  -I../dyn_em -I../dyn_nmm  -I/data1/home/marcos/WRF_old/new/WRF/external/esmf_time_f90  -I/data1/home/marcos/WRF_old/new/WRF/main -I/data1/home/marcos/WRF_old/new/WRF/external/io_netcdf -I/data1/home/marcos/WRF_old/new/WRF/external/io_int -I/data1/home/marcos/WRF_old/new/WRF/frame -I/data1/home/marcos/WRF_old/new/WRF/share -I/data1/home/marcos/WRF_old/new/WRF/phys -I/data1/home/marcos/WRF_old/new/WRF/wrftladj -I/data1/home/marcos/WRF_old/new/WRF/chem -I/data1/home/marcos/WRF_old/new/WRF/inc -I/home/marcos/libs/netcdf/include   xx2.f90
/lib/cpp -P -nostdinc -DNNN=3 -I../inc -DNL_set_ROUTINES nl_access_routines.F > xx3.f90
time /data1/sw/local/mpich/bin/mpif90 -f90=ifort -o nl_set_3_routines.o -c -real-size `expr 8 \* 4` -i4 -O0 -fno-inline -no-ip -ip -fp-model precise -w -ftz -align all -fno-alias -FR -convert big_endian  -I../dyn_em -I../dyn_nmm  -I/data1/home/marcos/WRF_old/new/WRF/external/esmf_time_f90  -I/data1/home/marcos/WRF_old/new/WRF/main -I/data1/home/marcos/WRF_old/new/WRF/external/io_netcdf -I/data1/home/marcos/WRF_old/new/WRF/external/io_int -I/data1/home/marcos/WRF_old/new/WRF/frame -I/data1/home/marcos/WRF_old/new/WRF/share -I/data1/home/marcos/WRF_old/new/WRF/phys -I/data1/home/marcos/WRF_old/new/WRF/wrftladj -I/data1/home/marcos/WRF_old/new/WRF/chem -I/data1/home/marcos/WRF_old/new/WRF/inc -I/home/marcos/libs/netcdf/include   xx3.f90
/lib/cpp -P -nostdinc -DNNN=4 -I../inc -DNL_set_ROUTINES nl_access_routines.F > xx4.f90
time /data1/sw/local/mpich/bin/mpif90 -f90=ifort -o nl_set_4_routines.o -c -real-size `expr 8 \* 4` -i4 -O0 -fno-inline -no-ip -ip -fp-model precise -w -ftz -align all -fno-alias -FR -convert big_endian  -I../dyn_em -I../dyn_nmm  -I/data1/home/marcos/WRF_old/new/WRF/external/esmf_time_f90  -I/data1/home/marcos/WRF_old/new/WRF/main -I/data1/home/marcos/WRF_old/new/WRF/external/io_netcdf -I/data1/home/marcos/WRF_old/new/WRF/external/io_int -I/data1/home/marcos/WRF_old/new/WRF/frame -I/data1/home/marcos/WRF_old/new/WRF/share -I/data1/home/marcos/WRF_old/new/WRF/phys -I/data1/home/marcos/WRF_old/new/WRF/wrftladj -I/data1/home/marcos/WRF_old/new/WRF/chem -I/data1/home/marcos/WRF_old/new/WRF/inc -I/home/marcos/libs/netcdf/include   xx4.f90
/lib/cpp -P -nostdinc -DNNN=5 -I../inc -DNL_set_ROUTINES nl_access_routines.F > xx5.f90
time /data1/sw/local/mpich/bin/mpif90 -f90=ifort -o nl_set_5_routines.o -c -real-size `expr 8 \* 4` -i4 -O0 -fno-inline -no-ip -ip -fp-model precise -w -ftz -align all -fno-alias -FR -convert big_endian  -I../dyn_em -I../dyn_nmm  -I/data1/home/marcos/WRF_old/new/WRF/external/esmf_time_f90  -I/data1/home/marcos/WRF_old/new/WRF/main -I/data1/home/marcos/WRF_old/new/WRF/external/io_netcdf -I/data1/home/marcos/WRF_old/new/WRF/external/io_int -I/data1/home/marcos/WRF_old/new/WRF/frame -I/data1/home/marcos/WRF_old/new/WRF/share -I/data1/home/marcos/WRF_old/new/WRF/phys -I/data1/home/marcos/WRF_old/new/WRF/wrftladj -I/data1/home/marcos/WRF_old/new/WRF/chem -I/data1/home/marcos/WRF_old/new/WRF/inc -I/home/marcos/libs/netcdf/include   xx5.f90
/lib/cpp -P -nostdinc -DNNN=6 -I../inc -DNL_set_ROUTINES nl_access_routines.F > xx6.f90
time /data1/sw/local/mpich/bin/mpif90 -f90=ifort -o nl_set_6_routines.o -c -real-size `expr 8 \* 4` -i4 -O0 -fno-inline -no-ip -ip -fp-model precise -w -ftz -align all -fno-alias -FR -convert big_endian  -I../dyn_em -I../dyn_nmm  -I/data1/home/marcos/WRF_old/new/WRF/external/esmf_time_f90  -I/data1/home/marcos/WRF_old/new/WRF/main -I/data1/home/marcos/WRF_old/new/WRF/external/io_netcdf -I/data1/home/marcos/WRF_old/new/WRF/external/io_int -I/data1/home/marcos/WRF_old/new/WRF/frame -I/data1/home/marcos/WRF_old/new/WRF/share -I/data1/home/marcos/WRF_old/new/WRF/phys -I/data1/home/marcos/WRF_old/new/WRF/wrftladj -I/data1/home/marcos/WRF_old/new/WRF/chem -I/data1/home/marcos/WRF_old/new/WRF/inc -I/home/marcos/libs/netcdf/include   xx6.f90
/lib/cpp -P -nostdinc -DNNN=7 -I../inc -DNL_set_ROUTINES nl_access_routines.F > xx7.f90
time /data1/sw/local/mpich/bin/mpif90 -f90=ifort -o nl_set_7_routines.o -c -real-size `expr 8 \* 4` -i4 -O0 -fno-inline -no-ip -ip -fp-model precise -w -ftz -align all -fno-alias -FR -convert big_endian  -I../dyn_em -I../dyn_nmm  -I/data1/home/marcos/WRF_old/new/WRF/external/esmf_time_f90  -I/data1/home/marcos/WRF_old/new/WRF/main -I/data1/home/marcos/WRF_old/new/WRF/external/io_netcdf -I/data1/home/marcos/WRF_old/new/WRF/external/io_int -I/data1/home/marcos/WRF_old/new/WRF/frame -I/data1/home/marcos/WRF_old/new/WRF/share -I/data1/home/marcos/WRF_old/new/WRF/phys -I/data1/home/marcos/WRF_old/new/WRF/wrftladj -I/data1/home/marcos/WRF_old/new/WRF/chem -I/data1/home/marcos/WRF_old/new/WRF/inc -I/home/marcos/libs/netcdf/include   xx7.f90
rm -f module_domain.o
/lib/cpp -P -nostdinc -I/data1/home/marcos/WRF_old/new/WRF/inc -DEM_CORE=1 -DNMM_CORE=0 -DNMM_MAX_DIM=2600 -DDA_CORE=0 -DWRFPLUS=0 -DIWORDSIZE=4 -DDWORDSIZE=8 -DRWORDSIZE=4 -DLWORDSIZE=4 -DNONSTANDARD_SYSTEM_FUNC  -DWRF_USE_CLM -DRPC_TYPES=1  -DDM_PARALLEL -DNETCDF -DLANDREAD_STUB=1 -DUSE_ALLOCATABLES -Dwrfmodel -DGRIB1 -DINTIO -DKEEP_INT_AROUND -DLIMIT_ARGS -DBUILD_RRTMG_FAST=0 -DBUILD_RRTMK=0 -DBUILD_SBM_FAST=1 -DSHOW_ALL_VARS_USED=0 -DCONFIG_BUF_LEN=65536 -DMAX_DOMAINS_F=21 -DMAX_HISTORY=25 -DNMM_NEST=0  -I. -traditional-cpp   module_domain.F  > module_domain.bb
/data1/home/marcos/WRF_old/new/WRF/tools/standard.exe module_domain.bb | /lib/cpp -P -nostdinc -traditional-cpp > module_domain.f90
rm -f module_domain.b module_domain.bb
time /data1/sw/local/mpich/bin/mpif90 -f90=ifort -c -real-size `expr 8 \* 4` -i4  -O0 -fno-inline -no-ip -ip -fp-model precise -w -ftz -align all -fno-alias -FR -convert big_endian   -I../dyn_em -I../dyn_nmm  -I/data1/home/marcos/WRF_old/new/WRF/external/esmf_time_f90  -I/data1/home/marcos/WRF_old/new/WRF/main -I/data1/home/marcos/WRF_old/new/WRF/external/io_netcdf -I/data1/home/marcos/WRF_old/new/WRF/external/io_int -I/data1/home/marcos/WRF_old/new/WRF/frame -I/data1/home/marcos/WRF_old/new/WRF/share -I/data1/home/marcos/WRF_old/new/WRF/phys -I/data1/home/marcos/WRF_old/new/WRF/wrftladj -I/data1/home/marcos/WRF_old/new/WRF/chem -I/data1/home/marcos/WRF_old/new/WRF/inc -I/home/marcos/libs/netcdf/include  module_domain.f90
rm -f module_nesting.o
rm -f module_cpl_oasis3.o
sed -e "s/^\!.*'.*//" -e "s/^ *\!.*'.*//" module_nesting.F > module_nesting.G
sed -e "s/^\!.*'.*//" -e "s/^ *\!.*'.*//" module_cpl_oasis3.F > module_cpl_oasis3.G
/lib/cpp -P -nostdinc -I/data1/home/marcos/WRF_old/new/WRF/inc -DEM_CORE=1 -DNMM_CORE=0 -DNMM_MAX_DIM=2600 -DDA_CORE=0 -DWRFPLUS=0 -DIWORDSIZE=4 -DDWORDSIZE=8 -DRWORDSIZE=4 -DLWORDSIZE=4 -DNONSTANDARD_SYSTEM_FUNC  -DWRF_USE_CLM -DRPC_TYPES=1  -DDM_PARALLEL -DNETCDF -DLANDREAD_STUB=1 -DUSE_ALLOCATABLES -Dwrfmodel -DGRIB1 -DINTIO -DKEEP_INT_AROUND -DLIMIT_ARGS -DBUILD_RRTMG_FAST=0 -DBUILD_RRTMK=0 -DBUILD_SBM_FAST=1 -DSHOW_ALL_VARS_USED=0 -DCONFIG_BUF_LEN=65536 -DMAX_DOMAINS_F=21 -DMAX_HISTORY=25 -DNMM_NEST=0  -I. -traditional-cpp   module_nesting.G  > module_nesting.bb
/lib/cpp -P -nostdinc -I/data1/home/marcos/WRF_old/new/WRF/inc -DEM_CORE=1 -DNMM_CORE=0 -DNMM_MAX_DIM=2600 -DDA_CORE=0 -DWRFPLUS=0 -DIWORDSIZE=4 -DDWORDSIZE=8 -DRWORDSIZE=4 -DLWORDSIZE=4 -DNONSTANDARD_SYSTEM_FUNC  -DWRF_USE_CLM -DRPC_TYPES=1  -DDM_PARALLEL -DNETCDF -DLANDREAD_STUB=1 -DUSE_ALLOCATABLES -Dwrfmodel -DGRIB1 -DINTIO -DKEEP_INT_AROUND -DLIMIT_ARGS -DBUILD_RRTMG_FAST=0 -DBUILD_RRTMK=0 -DBUILD_SBM_FAST=1 -DSHOW_ALL_VARS_USED=0 -DCONFIG_BUF_LEN=65536 -DMAX_DOMAINS_F=21 -DMAX_HISTORY=25 -DNMM_NEST=0  -I. -traditional-cpp   module_cpl_oasis3.G  > module_cpl_oasis3.bb
/data1/home/marcos/WRF_old/new/WRF/tools/standard.exe module_nesting.bb | /lib/cpp -P -nostdinc -traditional-cpp > module_nesting.f90
/data1/home/marcos/WRF_old/new/WRF/tools/standard.exe module_cpl_oasis3.bb | /lib/cpp -P -nostdinc -traditional-cpp > module_cpl_oasis3.f90
rm -f module_nesting.G module_nesting.bb
rm -f module_cpl_oasis3.G module_cpl_oasis3.bb
time /data1/sw/local/mpich/bin/mpif90 -f90=ifort -o module_nesting.o -c -O3 -ip -fp-model precise -w -ftz -align all -fno-alias -FR -convert big_endian    -I../dyn_em -I../dyn_nmm  -I/data1/home/marcos/WRF_old/new/WRF/external/esmf_time_f90  -I/data1/home/marcos/WRF_old/new/WRF/main -I/data1/home/marcos/WRF_old/new/WRF/external/io_netcdf -I/data1/home/marcos/WRF_old/new/WRF/external/io_int -I/data1/home/marcos/WRF_old/new/WRF/frame -I/data1/home/marcos/WRF_old/new/WRF/share -I/data1/home/marcos/WRF_old/new/WRF/phys -I/data1/home/marcos/WRF_old/new/WRF/wrftladj -I/data1/home/marcos/WRF_old/new/WRF/chem -I/data1/home/marcos/WRF_old/new/WRF/inc -I/home/marcos/libs/netcdf/include  -real-size `expr 8 \* 4` -i4  module_nesting.f90
time /data1/sw/local/mpich/bin/mpif90 -f90=ifort -o module_cpl_oasis3.o -c -O3 -ip -fp-model precise -w -ftz -align all -fno-alias -FR -convert big_endian    -I../dyn_em -I../dyn_nmm  -I/data1/home/marcos/WRF_old/new/WRF/external/esmf_time_f90  -I/data1/home/marcos/WRF_old/new/WRF/main -I/data1/home/marcos/WRF_old/new/WRF/external/io_netcdf -I/data1/home/marcos/WRF_old/new/WRF/external/io_int -I/data1/home/marcos/WRF_old/new/WRF/frame -I/data1/home/marcos/WRF_old/new/WRF/share -I/data1/home/marcos/WRF_old/new/WRF/phys -I/data1/home/marcos/WRF_old/new/WRF/wrftladj -I/data1/home/marcos/WRF_old/new/WRF/chem -I/data1/home/marcos/WRF_old/new/WRF/inc -I/home/marcos/libs/netcdf/include  -real-size `expr 8 \* 4` -i4  module_cpl_oasis3.f90
rm -f module_comm_nesting_dm.o
/lib/cpp -P -nostdinc -I/data1/home/marcos/WRF_old/new/WRF/inc -DEM_CORE=1 -DNMM_CORE=0 -DNMM_MAX_DIM=2600 -DDA_CORE=0 -DWRFPLUS=0 -DIWORDSIZE=4 -DDWORDSIZE=8 -DRWORDSIZE=4 -DLWORDSIZE=4 -DNONSTANDARD_SYSTEM_FUNC  -DWRF_USE_CLM -DRPC_TYPES=1  -DDM_PARALLEL -DNETCDF -DLANDREAD_STUB=1 -DUSE_ALLOCATABLES -Dwrfmodel -DGRIB1 -DINTIO -DKEEP_INT_AROUND -DLIMIT_ARGS -DBUILD_RRTMG_FAST=0 -DBUILD_RRTMK=0 -DBUILD_SBM_FAST=1 -DSHOW_ALL_VARS_USED=0 -DCONFIG_BUF_LEN=65536 -DMAX_DOMAINS_F=21 -DMAX_HISTORY=25 -DNMM_NEST=0  -I. -traditional-cpp   module_comm_nesting_dm.F  > module_comm_nesting_dm.bb
/data1/home/marcos/WRF_old/new/WRF/tools/standard.exe module_comm_nesting_dm.bb | /lib/cpp -P -nostdinc -traditional-cpp > module_comm_nesting_dm.f90
rm -f module_comm_dm_0.o
/lib/cpp -P -nostdinc -I/data1/home/marcos/WRF_old/new/WRF/inc -DEM_CORE=1 -DNMM_CORE=0 -DNMM_MAX_DIM=2600 -DDA_CORE=0 -DWRFPLUS=0 -DIWORDSIZE=4 -DDWORDSIZE=8 -DRWORDSIZE=4 -DLWORDSIZE=4 -DNONSTANDARD_SYSTEM_FUNC  -DWRF_USE_CLM -DRPC_TYPES=1  -DDM_PARALLEL -DNETCDF -DLANDREAD_STUB=1 -DUSE_ALLOCATABLES -Dwrfmodel -DGRIB1 -DINTIO -DKEEP_INT_AROUND -DLIMIT_ARGS -DBUILD_RRTMG_FAST=0 -DBUILD_RRTMK=0 -DBUILD_SBM_FAST=1 -DSHOW_ALL_VARS_USED=0 -DCONFIG_BUF_LEN=65536 -DMAX_DOMAINS_F=21 -DMAX_HISTORY=25 -DNMM_NEST=0  -I. -traditional-cpp   module_comm_dm_0.F  > module_comm_dm_0.bb
rm -f module_comm_nesting_dm.b module_comm_nesting_dm.bb
time /data1/sw/local/mpich/bin/mpif90 -f90=ifort -c -real-size `expr 8 \* 4` -i4  -O0 -fno-inline -no-ip -ip -fp-model precise -w -ftz -align all -fno-alias -FR -convert big_endian   -I../dyn_em -I../dyn_nmm  -I/data1/home/marcos/WRF_old/new/WRF/external/esmf_time_f90  -I/data1/home/marcos/WRF_old/new/WRF/main -I/data1/home/marcos/WRF_old/new/WRF/external/io_netcdf -I/data1/home/marcos/WRF_old/new/WRF/external/io_int -I/data1/home/marcos/WRF_old/new/WRF/frame -I/data1/home/marcos/WRF_old/new/WRF/share -I/data1/home/marcos/WRF_old/new/WRF/phys -I/data1/home/marcos/WRF_old/new/WRF/wrftladj -I/data1/home/marcos/WRF_old/new/WRF/chem -I/data1/home/marcos/WRF_old/new/WRF/inc -I/home/marcos/libs/netcdf/include  module_comm_nesting_dm.f90
/data1/home/marcos/WRF_old/new/WRF/tools/standard.exe module_comm_dm_0.bb | /lib/cpp -P -nostdinc -traditional-cpp > module_comm_dm_0.f90
rm -f module_comm_dm_0.b module_comm_dm_0.bb
time /data1/sw/local/mpich/bin/mpif90 -f90=ifort -c -real-size `expr 8 \* 4` -i4  -O0 -fno-inline -no-ip -ip -fp-model precise -w -ftz -align all -fno-alias -FR -convert big_endian   -I../dyn_em -I../dyn_nmm  -I/data1/home/marcos/WRF_old/new/WRF/external/esmf_time_f90  -I/data1/home/marcos/WRF_old/new/WRF/main -I/data1/home/marcos/WRF_old/new/WRF/external/io_netcdf -I/data1/home/marcos/WRF_old/new/WRF/external/io_int -I/data1/home/marcos/WRF_old/new/WRF/frame -I/data1/home/marcos/WRF_old/new/WRF/share -I/data1/home/marcos/WRF_old/new/WRF/phys -I/data1/home/marcos/WRF_old/new/WRF/wrftladj -I/data1/home/marcos/WRF_old/new/WRF/chem -I/data1/home/marcos/WRF_old/new/WRF/inc -I/home/marcos/libs/netcdf/include  module_comm_dm_0.f90
rm -f module_comm_dm_1.o
/lib/cpp -P -nostdinc -I/data1/home/marcos/WRF_old/new/WRF/inc -DEM_CORE=1 -DNMM_CORE=0 -DNMM_MAX_DIM=2600 -DDA_CORE=0 -DWRFPLUS=0 -DIWORDSIZE=4 -DDWORDSIZE=8 -DRWORDSIZE=4 -DLWORDSIZE=4 -DNONSTANDARD_SYSTEM_FUNC  -DWRF_USE_CLM -DRPC_TYPES=1  -DDM_PARALLEL -DNETCDF -DLANDREAD_STUB=1 -DUSE_ALLOCATABLES -Dwrfmodel -DGRIB1 -DINTIO -DKEEP_INT_AROUND -DLIMIT_ARGS -DBUILD_RRTMG_FAST=0 -DBUILD_RRTMK=0 -DBUILD_SBM_FAST=1 -DSHOW_ALL_VARS_USED=0 -DCONFIG_BUF_LEN=65536 -DMAX_DOMAINS_F=21 -DMAX_HISTORY=25 -DNMM_NEST=0  -I. -traditional-cpp   module_comm_dm_1.F  > module_comm_dm_1.bb
/data1/home/marcos/WRF_old/new/WRF/tools/standard.exe module_comm_dm_1.bb | /lib/cpp -P -nostdinc -traditional-cpp > module_comm_dm_1.f90
rm -f module_comm_dm_1.b module_comm_dm_1.bb
time /data1/sw/local/mpich/bin/mpif90 -f90=ifort -c -real-size `expr 8 \* 4` -i4  -O0 -fno-inline -no-ip -ip -fp-model precise -w -ftz -align all -fno-alias -FR -convert big_endian   -I../dyn_em -I../dyn_nmm  -I/data1/home/marcos/WRF_old/new/WRF/external/esmf_time_f90  -I/data1/home/marcos/WRF_old/new/WRF/main -I/data1/home/marcos/WRF_old/new/WRF/external/io_netcdf -I/data1/home/marcos/WRF_old/new/WRF/external/io_int -I/data1/home/marcos/WRF_old/new/WRF/frame -I/data1/home/marcos/WRF_old/new/WRF/share -I/data1/home/marcos/WRF_old/new/WRF/phys -I/data1/home/marcos/WRF_old/new/WRF/wrftladj -I/data1/home/marcos/WRF_old/new/WRF/chem -I/data1/home/marcos/WRF_old/new/WRF/inc -I/home/marcos/libs/netcdf/include  module_comm_dm_1.f90
rm -f module_comm_dm_2.o
/lib/cpp -P -nostdinc -I/data1/home/marcos/WRF_old/new/WRF/inc -DEM_CORE=1 -DNMM_CORE=0 -DNMM_MAX_DIM=2600 -DDA_CORE=0 -DWRFPLUS=0 -DIWORDSIZE=4 -DDWORDSIZE=8 -DRWORDSIZE=4 -DLWORDSIZE=4 -DNONSTANDARD_SYSTEM_FUNC  -DWRF_USE_CLM -DRPC_TYPES=1  -DDM_PARALLEL -DNETCDF -DLANDREAD_STUB=1 -DUSE_ALLOCATABLES -Dwrfmodel -DGRIB1 -DINTIO -DKEEP_INT_AROUND -DLIMIT_ARGS -DBUILD_RRTMG_FAST=0 -DBUILD_RRTMK=0 -DBUILD_SBM_FAST=1 -DSHOW_ALL_VARS_USED=0 -DCONFIG_BUF_LEN=65536 -DMAX_DOMAINS_F=21 -DMAX_HISTORY=25 -DNMM_NEST=0  -I. -traditional-cpp   module_comm_dm_2.F  > module_comm_dm_2.bb
/data1/home/marcos/WRF_old/new/WRF/tools/standard.exe module_comm_dm_2.bb | /lib/cpp -P -nostdinc -traditional-cpp > module_comm_dm_2.f90
rm -f module_comm_dm_2.b module_comm_dm_2.bb
time /data1/sw/local/mpich/bin/mpif90 -f90=ifort -c -real-size `expr 8 \* 4` -i4  -O0 -fno-inline -no-ip -ip -fp-model precise -w -ftz -align all -fno-alias -FR -convert big_endian   -I../dyn_em -I../dyn_nmm  -I/data1/home/marcos/WRF_old/new/WRF/external/esmf_time_f90  -I/data1/home/marcos/WRF_old/new/WRF/main -I/data1/home/marcos/WRF_old/new/WRF/external/io_netcdf -I/data1/home/marcos/WRF_old/new/WRF/external/io_int -I/data1/home/marcos/WRF_old/new/WRF/frame -I/data1/home/marcos/WRF_old/new/WRF/share -I/data1/home/marcos/WRF_old/new/WRF/phys -I/data1/home/marcos/WRF_old/new/WRF/wrftladj -I/data1/home/marcos/WRF_old/new/WRF/chem -I/data1/home/marcos/WRF_old/new/WRF/inc -I/home/marcos/libs/netcdf/include  module_comm_dm_2.f90
rm -f module_comm_dm_3.o
/lib/cpp -P -nostdinc -I/data1/home/marcos/WRF_old/new/WRF/inc -DEM_CORE=1 -DNMM_CORE=0 -DNMM_MAX_DIM=2600 -DDA_CORE=0 -DWRFPLUS=0 -DIWORDSIZE=4 -DDWORDSIZE=8 -DRWORDSIZE=4 -DLWORDSIZE=4 -DNONSTANDARD_SYSTEM_FUNC  -DWRF_USE_CLM -DRPC_TYPES=1  -DDM_PARALLEL -DNETCDF -DLANDREAD_STUB=1 -DUSE_ALLOCATABLES -Dwrfmodel -DGRIB1 -DINTIO -DKEEP_INT_AROUND -DLIMIT_ARGS -DBUILD_RRTMG_FAST=0 -DBUILD_RRTMK=0 -DBUILD_SBM_FAST=1 -DSHOW_ALL_VARS_USED=0 -DCONFIG_BUF_LEN=65536 -DMAX_DOMAINS_F=21 -DMAX_HISTORY=25 -DNMM_NEST=0  -I. -traditional-cpp   module_comm_dm_3.F  > module_comm_dm_3.bb
/data1/home/marcos/WRF_old/new/WRF/tools/standard.exe module_comm_dm_3.bb | /lib/cpp -P -nostdinc -traditional-cpp > module_comm_dm_3.f90
rm -f module_comm_dm_3.b module_comm_dm_3.bb
time /data1/sw/local/mpich/bin/mpif90 -f90=ifort -c -real-size `expr 8 \* 4` -i4  -O0 -fno-inline -no-ip -ip -fp-model precise -w -ftz -align all -fno-alias -FR -convert big_endian   -I../dyn_em -I../dyn_nmm  -I/data1/home/marcos/WRF_old/new/WRF/external/esmf_time_f90  -I/data1/home/marcos/WRF_old/new/WRF/main -I/data1/home/marcos/WRF_old/new/WRF/external/io_netcdf -I/data1/home/marcos/WRF_old/new/WRF/external/io_int -I/data1/home/marcos/WRF_old/new/WRF/frame -I/data1/home/marcos/WRF_old/new/WRF/share -I/data1/home/marcos/WRF_old/new/WRF/phys -I/data1/home/marcos/WRF_old/new/WRF/wrftladj -I/data1/home/marcos/WRF_old/new/WRF/chem -I/data1/home/marcos/WRF_old/new/WRF/inc -I/home/marcos/libs/netcdf/include  module_comm_dm_3.f90
rm -f module_comm_dm_4.o
sed -e "s/^\!.*'.*//" -e "s/^ *\!.*'.*//" module_comm_dm_4.F > module_comm_dm_4.G
/lib/cpp -P -nostdinc -I/data1/home/marcos/WRF_old/new/WRF/inc -DEM_CORE=1 -DNMM_CORE=0 -DNMM_MAX_DIM=2600 -DDA_CORE=0 -DWRFPLUS=0 -DIWORDSIZE=4 -DDWORDSIZE=8 -DRWORDSIZE=4 -DLWORDSIZE=4 -DNONSTANDARD_SYSTEM_FUNC  -DWRF_USE_CLM -DRPC_TYPES=1  -DDM_PARALLEL -DNETCDF -DLANDREAD_STUB=1 -DUSE_ALLOCATABLES -Dwrfmodel -DGRIB1 -DINTIO -DKEEP_INT_AROUND -DLIMIT_ARGS -DBUILD_RRTMG_FAST=0 -DBUILD_RRTMK=0 -DBUILD_SBM_FAST=1 -DSHOW_ALL_VARS_USED=0 -DCONFIG_BUF_LEN=65536 -DMAX_DOMAINS_F=21 -DMAX_HISTORY=25 -DNMM_NEST=0  -I. -traditional-cpp   module_comm_dm_4.G  > module_comm_dm_4.bb
/data1/home/marcos/WRF_old/new/WRF/tools/standard.exe module_comm_dm_4.bb | /lib/cpp -P -nostdinc -traditional-cpp > module_comm_dm_4.f90
rm -f module_comm_dm_4.G module_comm_dm_4.bb
time /data1/sw/local/mpich/bin/mpif90 -f90=ifort -o module_comm_dm_4.o -c -O3 -ip -fp-model precise -w -ftz -align all -fno-alias -FR -convert big_endian    -I../dyn_em -I../dyn_nmm  -I/data1/home/marcos/WRF_old/new/WRF/external/esmf_time_f90  -I/data1/home/marcos/WRF_old/new/WRF/main -I/data1/home/marcos/WRF_old/new/WRF/external/io_netcdf -I/data1/home/marcos/WRF_old/new/WRF/external/io_int -I/data1/home/marcos/WRF_old/new/WRF/frame -I/data1/home/marcos/WRF_old/new/WRF/share -I/data1/home/marcos/WRF_old/new/WRF/phys -I/data1/home/marcos/WRF_old/new/WRF/wrftladj -I/data1/home/marcos/WRF_old/new/WRF/chem -I/data1/home/marcos/WRF_old/new/WRF/inc -I/home/marcos/libs/netcdf/include  -real-size `expr 8 \* 4` -i4  module_comm_dm_4.f90
rm -f module_tiles.o
/data1/home/marcos/WRF_old/new/WRF/tools/standard.exe module_tiles.F > module_tiles.b 
/lib/cpp -P -nostdinc -I/data1/home/marcos/WRF_old/new/WRF/inc -DEM_CORE=1 -DNMM_CORE=0 -DNMM_MAX_DIM=2600 -DDA_CORE=0 -DWRFPLUS=0 -DIWORDSIZE=4 -DDWORDSIZE=8 -DRWORDSIZE=4 -DLWORDSIZE=4 -DNONSTANDARD_SYSTEM_FUNC  -DWRF_USE_CLM -DRPC_TYPES=1  -DDM_PARALLEL -DNETCDF -DLANDREAD_STUB=1 -DUSE_ALLOCATABLES -Dwrfmodel -DGRIB1 -DINTIO -DKEEP_INT_AROUND -DLIMIT_ARGS -DBUILD_RRTMG_FAST=0 -DBUILD_RRTMK=0 -DBUILD_SBM_FAST=1 -DSHOW_ALL_VARS_USED=0 -DCONFIG_BUF_LEN=65536 -DMAX_DOMAINS_F=21 -DMAX_HISTORY=25 -DNMM_NEST=0  -I. -traditional-cpp   module_tiles.b  > module_tiles.f90
rm -f module_tiles.b
if fgrep -iq '!$OMP' module_tiles.f90 ; then \
          if [ -n "" ] ; then echo COMPILING module_tiles.F WITH OMP ; fi ; \
	  time /data1/sw/local/mpich/bin/mpif90 -f90=ifort -c -real-size `expr 8 \* 4` -i4 -O0 -fno-inline -no-ip -ip -fp-model precise -w -ftz -align all -fno-alias -FR -convert big_endian   -I../dyn_em -I../dyn_nmm  -I/data1/home/marcos/WRF_old/new/WRF/external/esmf_time_f90  -I/data1/home/marcos/WRF_old/new/WRF/main -I/data1/home/marcos/WRF_old/new/WRF/external/io_netcdf -I/data1/home/marcos/WRF_old/new/WRF/external/io_int -I/data1/home/marcos/WRF_old/new/WRF/frame -I/data1/home/marcos/WRF_old/new/WRF/share -I/data1/home/marcos/WRF_old/new/WRF/phys -I/data1/home/marcos/WRF_old/new/WRF/wrftladj -I/data1/home/marcos/WRF_old/new/WRF/chem -I/data1/home/marcos/WRF_old/new/WRF/inc -I/home/marcos/libs/netcdf/include    module_tiles.f90 ; \
        else \
          if [ -n "" ] ; then echo COMPILING module_tiles.F WITHOUT OMP ; fi ; \
	  time /data1/sw/local/mpich/bin/mpif90 -f90=ifort -c -real-size `expr 8 \* 4` -i4 -O0 -fno-inline -no-ip -ip -fp-model precise -w -ftz -align all -fno-alias -FR -convert big_endian   -I../dyn_em -I../dyn_nmm  -I/data1/home/marcos/WRF_old/new/WRF/external/esmf_time_f90  -I/data1/home/marcos/WRF_old/new/WRF/main -I/data1/home/marcos/WRF_old/new/WRF/external/io_netcdf -I/data1/home/marcos/WRF_old/new/WRF/external/io_int -I/data1/home/marcos/WRF_old/new/WRF/frame -I/data1/home/marcos/WRF_old/new/WRF/share -I/data1/home/marcos/WRF_old/new/WRF/phys -I/data1/home/marcos/WRF_old/new/WRF/wrftladj -I/data1/home/marcos/WRF_old/new/WRF/chem -I/data1/home/marcos/WRF_old/new/WRF/inc -I/home/marcos/libs/netcdf/include   module_tiles.f90 ; \
        fi
rm -f module_clear_halos.o
sed -e "s/^\!.*'.*//" -e "s/^ *\!.*'.*//" module_clear_halos.F > module_clear_halos.G
/lib/cpp -P -nostdinc -I/data1/home/marcos/WRF_old/new/WRF/inc -DEM_CORE=1 -DNMM_CORE=0 -DNMM_MAX_DIM=2600 -DDA_CORE=0 -DWRFPLUS=0 -DIWORDSIZE=4 -DDWORDSIZE=8 -DRWORDSIZE=4 -DLWORDSIZE=4 -DNONSTANDARD_SYSTEM_FUNC  -DWRF_USE_CLM -DRPC_TYPES=1  -DDM_PARALLEL -DNETCDF -DLANDREAD_STUB=1 -DUSE_ALLOCATABLES -Dwrfmodel -DGRIB1 -DINTIO -DKEEP_INT_AROUND -DLIMIT_ARGS -DBUILD_RRTMG_FAST=0 -DBUILD_RRTMK=0 -DBUILD_SBM_FAST=1 -DSHOW_ALL_VARS_USED=0 -DCONFIG_BUF_LEN=65536 -DMAX_DOMAINS_F=21 -DMAX_HISTORY=25 -DNMM_NEST=0  -I. -traditional-cpp   module_clear_halos.G  > module_clear_halos.bb
/data1/home/marcos/WRF_old/new/WRF/tools/standard.exe module_clear_halos.bb | /lib/cpp -P -nostdinc -traditional-cpp > module_clear_halos.f90
rm -f module_clear_halos.G module_clear_halos.bb
time /data1/sw/local/mpich/bin/mpif90 -f90=ifort -o module_clear_halos.o -c -O3 -ip -fp-model precise -w -ftz -align all -fno-alias -FR -convert big_endian    -I../dyn_em -I../dyn_nmm  -I/data1/home/marcos/WRF_old/new/WRF/external/esmf_time_f90  -I/data1/home/marcos/WRF_old/new/WRF/main -I/data1/home/marcos/WRF_old/new/WRF/external/io_netcdf -I/data1/home/marcos/WRF_old/new/WRF/external/io_int -I/data1/home/marcos/WRF_old/new/WRF/frame -I/data1/home/marcos/WRF_old/new/WRF/share -I/data1/home/marcos/WRF_old/new/WRF/phys -I/data1/home/marcos/WRF_old/new/WRF/wrftladj -I/data1/home/marcos/WRF_old/new/WRF/chem -I/data1/home/marcos/WRF_old/new/WRF/inc -I/home/marcos/libs/netcdf/include  -real-size `expr 8 \* 4` -i4  module_clear_halos.f90
rm -f module_cpl.o
sed -e "s/^\!.*'.*//" -e "s/^ *\!.*'.*//" module_cpl.F > module_cpl.G
/lib/cpp -P -nostdinc -I/data1/home/marcos/WRF_old/new/WRF/inc -DEM_CORE=1 -DNMM_CORE=0 -DNMM_MAX_DIM=2600 -DDA_CORE=0 -DWRFPLUS=0 -DIWORDSIZE=4 -DDWORDSIZE=8 -DRWORDSIZE=4 -DLWORDSIZE=4 -DNONSTANDARD_SYSTEM_FUNC  -DWRF_USE_CLM -DRPC_TYPES=1  -DDM_PARALLEL -DNETCDF -DLANDREAD_STUB=1 -DUSE_ALLOCATABLES -Dwrfmodel -DGRIB1 -DINTIO -DKEEP_INT_AROUND -DLIMIT_ARGS -DBUILD_RRTMG_FAST=0 -DBUILD_RRTMK=0 -DBUILD_SBM_FAST=1 -DSHOW_ALL_VARS_USED=0 -DCONFIG_BUF_LEN=65536 -DMAX_DOMAINS_F=21 -DMAX_HISTORY=25 -DNMM_NEST=0  -I. -traditional-cpp   module_cpl.G  > module_cpl.bb
/data1/home/marcos/WRF_old/new/WRF/tools/standard.exe module_cpl.bb | /lib/cpp -P -nostdinc -traditional-cpp > module_cpl.f90
rm -f module_cpl.G module_cpl.bb
time /data1/sw/local/mpich/bin/mpif90 -f90=ifort -o module_cpl.o -c -O3 -ip -fp-model precise -w -ftz -align all -fno-alias -FR -convert big_endian    -I../dyn_em -I../dyn_nmm  -I/data1/home/marcos/WRF_old/new/WRF/external/esmf_time_f90  -I/data1/home/marcos/WRF_old/new/WRF/main -I/data1/home/marcos/WRF_old/new/WRF/external/io_netcdf -I/data1/home/marcos/WRF_old/new/WRF/external/io_int -I/data1/home/marcos/WRF_old/new/WRF/frame -I/data1/home/marcos/WRF_old/new/WRF/share -I/data1/home/marcos/WRF_old/new/WRF/phys -I/data1/home/marcos/WRF_old/new/WRF/wrftladj -I/data1/home/marcos/WRF_old/new/WRF/chem -I/data1/home/marcos/WRF_old/new/WRF/inc -I/home/marcos/libs/netcdf/include  -real-size `expr 8 \* 4` -i4  module_cpl.f90
rm -f module_comm_dm.o
/lib/cpp -P -nostdinc -I/data1/home/marcos/WRF_old/new/WRF/inc -DEM_CORE=1 -DNMM_CORE=0 -DNMM_MAX_DIM=2600 -DDA_CORE=0 -DWRFPLUS=0 -DIWORDSIZE=4 -DDWORDSIZE=8 -DRWORDSIZE=4 -DLWORDSIZE=4 -DNONSTANDARD_SYSTEM_FUNC  -DWRF_USE_CLM -DRPC_TYPES=1  -DDM_PARALLEL -DNETCDF -DLANDREAD_STUB=1 -DUSE_ALLOCATABLES -Dwrfmodel -DGRIB1 -DINTIO -DKEEP_INT_AROUND -DLIMIT_ARGS -DBUILD_RRTMG_FAST=0 -DBUILD_RRTMK=0 -DBUILD_SBM_FAST=1 -DSHOW_ALL_VARS_USED=0 -DCONFIG_BUF_LEN=65536 -DMAX_DOMAINS_F=21 -DMAX_HISTORY=25 -DNMM_NEST=0  -I. -traditional-cpp   module_comm_dm.F  > module_comm_dm.bb
/data1/home/marcos/WRF_old/new/WRF/tools/standard.exe module_comm_dm.bb | /lib/cpp -P -nostdinc -traditional-cpp > module_comm_dm.f90
rm -f module_comm_dm.b module_comm_dm.bb
time /data1/sw/local/mpich/bin/mpif90 -f90=ifort -c -real-size `expr 8 \* 4` -i4  -O0 -fno-inline -no-ip -ip -fp-model precise -w -ftz -align all -fno-alias -FR -convert big_endian   -I../dyn_em -I../dyn_nmm  -I/data1/home/marcos/WRF_old/new/WRF/external/esmf_time_f90  -I/data1/home/marcos/WRF_old/new/WRF/main -I/data1/home/marcos/WRF_old/new/WRF/external/io_netcdf -I/data1/home/marcos/WRF_old/new/WRF/external/io_int -I/data1/home/marcos/WRF_old/new/WRF/frame -I/data1/home/marcos/WRF_old/new/WRF/share -I/data1/home/marcos/WRF_old/new/WRF/phys -I/data1/home/marcos/WRF_old/new/WRF/wrftladj -I/data1/home/marcos/WRF_old/new/WRF/chem -I/data1/home/marcos/WRF_old/new/WRF/inc -I/home/marcos/libs/netcdf/include  module_comm_dm.f90
rm -f module_dm.o
sed -e "s/^\!.*'.*//" -e "s/^ *\!.*'.*//" module_dm.F > module_dm.G
/lib/cpp -P -nostdinc -I/data1/home/marcos/WRF_old/new/WRF/inc -DEM_CORE=1 -DNMM_CORE=0 -DNMM_MAX_DIM=2600 -DDA_CORE=0 -DWRFPLUS=0 -DIWORDSIZE=4 -DDWORDSIZE=8 -DRWORDSIZE=4 -DLWORDSIZE=4 -DNONSTANDARD_SYSTEM_FUNC  -DWRF_USE_CLM -DRPC_TYPES=1  -DDM_PARALLEL -DNETCDF -DLANDREAD_STUB=1 -DUSE_ALLOCATABLES -Dwrfmodel -DGRIB1 -DINTIO -DKEEP_INT_AROUND -DLIMIT_ARGS -DBUILD_RRTMG_FAST=0 -DBUILD_RRTMK=0 -DBUILD_SBM_FAST=1 -DSHOW_ALL_VARS_USED=0 -DCONFIG_BUF_LEN=65536 -DMAX_DOMAINS_F=21 -DMAX_HISTORY=25 -DNMM_NEST=0  -I. -traditional-cpp   module_dm.G  > module_dm.bb
/data1/home/marcos/WRF_old/new/WRF/tools/standard.exe module_dm.bb | /lib/cpp -P -nostdinc -traditional-cpp > module_dm.f90
rm -f module_dm.G module_dm.bb
time /data1/sw/local/mpich/bin/mpif90 -f90=ifort -o module_dm.o -c -O3 -ip -fp-model precise -w -ftz -align all -fno-alias -FR -convert big_endian    -I../dyn_em -I../dyn_nmm  -I/data1/home/marcos/WRF_old/new/WRF/external/esmf_time_f90  -I/data1/home/marcos/WRF_old/new/WRF/main -I/data1/home/marcos/WRF_old/new/WRF/external/io_netcdf -I/data1/home/marcos/WRF_old/new/WRF/external/io_int -I/data1/home/marcos/WRF_old/new/WRF/frame -I/data1/home/marcos/WRF_old/new/WRF/share -I/data1/home/marcos/WRF_old/new/WRF/phys -I/data1/home/marcos/WRF_old/new/WRF/wrftladj -I/data1/home/marcos/WRF_old/new/WRF/chem -I/data1/home/marcos/WRF_old/new/WRF/inc -I/home/marcos/libs/netcdf/include  -real-size `expr 8 \* 4` -i4  module_dm.f90
rm -f module_integrate.o
rm -f module_io.o
/data1/home/marcos/WRF_old/new/WRF/tools/standard.exe module_integrate.F > module_integrate.b 
/lib/cpp -P -nostdinc -I/data1/home/marcos/WRF_old/new/WRF/inc -DEM_CORE=1 -DNMM_CORE=0 -DNMM_MAX_DIM=2600 -DDA_CORE=0 -DWRFPLUS=0 -DIWORDSIZE=4 -DDWORDSIZE=8 -DRWORDSIZE=4 -DLWORDSIZE=4 -DNONSTANDARD_SYSTEM_FUNC  -DWRF_USE_CLM -DRPC_TYPES=1  -DDM_PARALLEL -DNETCDF -DLANDREAD_STUB=1 -DUSE_ALLOCATABLES -Dwrfmodel -DGRIB1 -DINTIO -DKEEP_INT_AROUND -DLIMIT_ARGS -DBUILD_RRTMG_FAST=0 -DBUILD_RRTMK=0 -DBUILD_SBM_FAST=1 -DSHOW_ALL_VARS_USED=0 -DCONFIG_BUF_LEN=65536 -DMAX_DOMAINS_F=21 -DMAX_HISTORY=25 -DNMM_NEST=0  -I. -traditional-cpp   module_io.F  > module_io.bb
/lib/cpp -P -nostdinc -I/data1/home/marcos/WRF_old/new/WRF/inc -DEM_CORE=1 -DNMM_CORE=0 -DNMM_MAX_DIM=2600 -DDA_CORE=0 -DWRFPLUS=0 -DIWORDSIZE=4 -DDWORDSIZE=8 -DRWORDSIZE=4 -DLWORDSIZE=4 -DNONSTANDARD_SYSTEM_FUNC  -DWRF_USE_CLM -DRPC_TYPES=1  -DDM_PARALLEL -DNETCDF -DLANDREAD_STUB=1 -DUSE_ALLOCATABLES -Dwrfmodel -DGRIB1 -DINTIO -DKEEP_INT_AROUND -DLIMIT_ARGS -DBUILD_RRTMG_FAST=0 -DBUILD_RRTMK=0 -DBUILD_SBM_FAST=1 -DSHOW_ALL_VARS_USED=0 -DCONFIG_BUF_LEN=65536 -DMAX_DOMAINS_F=21 -DMAX_HISTORY=25 -DNMM_NEST=0  -I. -traditional-cpp   module_integrate.b  > module_integrate.f90
rm -f module_integrate.b
if fgrep -iq '!$OMP' module_integrate.f90 ; then \
          if [ -n "" ] ; then echo COMPILING module_integrate.F WITH OMP ; fi ; \
	  time /data1/sw/local/mpich/bin/mpif90 -f90=ifort -c -real-size `expr 8 \* 4` -i4 -O0 -fno-inline -no-ip -ip -fp-model precise -w -ftz -align all -fno-alias -FR -convert big_endian   -I../dyn_em -I../dyn_nmm  -I/data1/home/marcos/WRF_old/new/WRF/external/esmf_time_f90  -I/data1/home/marcos/WRF_old/new/WRF/main -I/data1/home/marcos/WRF_old/new/WRF/external/io_netcdf -I/data1/home/marcos/WRF_old/new/WRF/external/io_int -I/data1/home/marcos/WRF_old/new/WRF/frame -I/data1/home/marcos/WRF_old/new/WRF/share -I/data1/home/marcos/WRF_old/new/WRF/phys -I/data1/home/marcos/WRF_old/new/WRF/wrftladj -I/data1/home/marcos/WRF_old/new/WRF/chem -I/data1/home/marcos/WRF_old/new/WRF/inc -I/home/marcos/libs/netcdf/include    module_integrate.f90 ; \
        else \
          if [ -n "" ] ; then echo COMPILING module_integrate.F WITHOUT OMP ; fi ; \
	  time /data1/sw/local/mpich/bin/mpif90 -f90=ifort -c -real-size `expr 8 \* 4` -i4 -O0 -fno-inline -no-ip -ip -fp-model precise -w -ftz -align all -fno-alias -FR -convert big_endian   -I../dyn_em -I../dyn_nmm  -I/data1/home/marcos/WRF_old/new/WRF/external/esmf_time_f90  -I/data1/home/marcos/WRF_old/new/WRF/main -I/data1/home/marcos/WRF_old/new/WRF/external/io_netcdf -I/data1/home/marcos/WRF_old/new/WRF/external/io_int -I/data1/home/marcos/WRF_old/new/WRF/frame -I/data1/home/marcos/WRF_old/new/WRF/share -I/data1/home/marcos/WRF_old/new/WRF/phys -I/data1/home/marcos/WRF_old/new/WRF/wrftladj -I/data1/home/marcos/WRF_old/new/WRF/chem -I/data1/home/marcos/WRF_old/new/WRF/inc -I/home/marcos/libs/netcdf/include   module_integrate.f90 ; \
        fi
/data1/home/marcos/WRF_old/new/WRF/tools/standard.exe module_io.bb | /lib/cpp -P -nostdinc -traditional-cpp > module_io.f90
rm -f module_io.b module_io.bb
time /data1/sw/local/mpich/bin/mpif90 -f90=ifort -c -real-size `expr 8 \* 4` -i4  -O0 -fno-inline -no-ip -ip -fp-model precise -w -ftz -align all -fno-alias -FR -convert big_endian   -I../dyn_em -I../dyn_nmm  -I/data1/home/marcos/WRF_old/new/WRF/external/esmf_time_f90  -I/data1/home/marcos/WRF_old/new/WRF/main -I/data1/home/marcos/WRF_old/new/WRF/external/io_netcdf -I/data1/home/marcos/WRF_old/new/WRF/external/io_int -I/data1/home/marcos/WRF_old/new/WRF/frame -I/data1/home/marcos/WRF_old/new/WRF/share -I/data1/home/marcos/WRF_old/new/WRF/phys -I/data1/home/marcos/WRF_old/new/WRF/wrftladj -I/data1/home/marcos/WRF_old/new/WRF/chem -I/data1/home/marcos/WRF_old/new/WRF/inc -I/home/marcos/libs/netcdf/include  module_io.f90
rm -f module_io_quilt.o
sed -e "s/^\!.*'.*//" -e "s/^ *\!.*'.*//" module_io_quilt.F > module_io_quilt.G
/lib/cpp -P -nostdinc -I/data1/home/marcos/WRF_old/new/WRF/inc -DEM_CORE=1 -DNMM_CORE=0 -DNMM_MAX_DIM=2600 -DDA_CORE=0 -DWRFPLUS=0 -DIWORDSIZE=4 -DDWORDSIZE=8 -DRWORDSIZE=4 -DLWORDSIZE=4 -DNONSTANDARD_SYSTEM_FUNC  -DWRF_USE_CLM -DRPC_TYPES=1  -DDM_PARALLEL -DNETCDF -DLANDREAD_STUB=1 -DUSE_ALLOCATABLES -Dwrfmodel -DGRIB1 -DINTIO -DKEEP_INT_AROUND -DLIMIT_ARGS -DBUILD_RRTMG_FAST=0 -DBUILD_RRTMK=0 -DBUILD_SBM_FAST=1 -DSHOW_ALL_VARS_USED=0 -DCONFIG_BUF_LEN=65536 -DMAX_DOMAINS_F=21 -DMAX_HISTORY=25 -DNMM_NEST=0  -I. -traditional-cpp   module_io_quilt.G  > module_io_quilt.bb
/data1/home/marcos/WRF_old/new/WRF/tools/standard.exe module_io_quilt.bb | /lib/cpp -P -nostdinc -traditional-cpp > module_io_quilt.f90
rm -f module_io_quilt.G module_io_quilt.bb
time /data1/sw/local/mpich/bin/mpif90 -f90=ifort -o module_io_quilt.o -c -O3 -ip -fp-model precise -w -ftz -align all -fno-alias -FR -convert big_endian    -I../dyn_em -I../dyn_nmm  -I/data1/home/marcos/WRF_old/new/WRF/external/esmf_time_f90  -I/data1/home/marcos/WRF_old/new/WRF/main -I/data1/home/marcos/WRF_old/new/WRF/external/io_netcdf -I/data1/home/marcos/WRF_old/new/WRF/external/io_int -I/data1/home/marcos/WRF_old/new/WRF/frame -I/data1/home/marcos/WRF_old/new/WRF/share -I/data1/home/marcos/WRF_old/new/WRF/phys -I/data1/home/marcos/WRF_old/new/WRF/wrftladj -I/data1/home/marcos/WRF_old/new/WRF/chem -I/data1/home/marcos/WRF_old/new/WRF/inc -I/home/marcos/libs/netcdf/include  -real-size `expr 8 \* 4` -i4  module_io_quilt.f90
rm -f module_intermediate_nmm.o
sed -e "s/^\!.*'.*//" -e "s/^ *\!.*'.*//" module_intermediate_nmm.F > module_intermediate_nmm.G
/lib/cpp -P -nostdinc -I/data1/home/marcos/WRF_old/new/WRF/inc -DEM_CORE=1 -DNMM_CORE=0 -DNMM_MAX_DIM=2600 -DDA_CORE=0 -DWRFPLUS=0 -DIWORDSIZE=4 -DDWORDSIZE=8 -DRWORDSIZE=4 -DLWORDSIZE=4 -DNONSTANDARD_SYSTEM_FUNC  -DWRF_USE_CLM -DRPC_TYPES=1  -DDM_PARALLEL -DNETCDF -DLANDREAD_STUB=1 -DUSE_ALLOCATABLES -Dwrfmodel -DGRIB1 -DINTIO -DKEEP_INT_AROUND -DLIMIT_ARGS -DBUILD_RRTMG_FAST=0 -DBUILD_RRTMK=0 -DBUILD_SBM_FAST=1 -DSHOW_ALL_VARS_USED=0 -DCONFIG_BUF_LEN=65536 -DMAX_DOMAINS_F=21 -DMAX_HISTORY=25 -DNMM_NEST=0  -I. -traditional-cpp   module_intermediate_nmm.G  > module_intermediate_nmm.bb
/data1/home/marcos/WRF_old/new/WRF/tools/standard.exe module_intermediate_nmm.bb | /lib/cpp -P -nostdinc -traditional-cpp > module_intermediate_nmm.f90
rm -f module_intermediate_nmm.G module_intermediate_nmm.bb
time /data1/sw/local/mpich/bin/mpif90 -f90=ifort -o module_intermediate_nmm.o -c -O3 -ip -fp-model precise -w -ftz -align all -fno-alias -FR -convert big_endian    -I../dyn_em -I../dyn_nmm  -I/data1/home/marcos/WRF_old/new/WRF/external/esmf_time_f90  -I/data1/home/marcos/WRF_old/new/WRF/main -I/data1/home/marcos/WRF_old/new/WRF/external/io_netcdf -I/data1/home/marcos/WRF_old/new/WRF/external/io_int -I/data1/home/marcos/WRF_old/new/WRF/frame -I/data1/home/marcos/WRF_old/new/WRF/share -I/data1/home/marcos/WRF_old/new/WRF/phys -I/data1/home/marcos/WRF_old/new/WRF/wrftladj -I/data1/home/marcos/WRF_old/new/WRF/chem -I/data1/home/marcos/WRF_old/new/WRF/inc -I/home/marcos/libs/netcdf/include  -real-size `expr 8 \* 4` -i4  module_intermediate_nmm.f90
ar ru ../main/libwrflib.a module_driver_constants.o module_domain_type.o module_streams.o module_domain.o  module_integrate.o module_timing.o module_configure.o module_tiles.o module_machine.o module_nesting.o module_wrf_error.o module_state_description.o module_sm.o module_io.o module_comm_dm.o module_comm_dm_0.o module_comm_dm_1.o module_comm_dm_2.o module_comm_dm_3.o module_comm_dm_4.o module_comm_nesting_dm.o module_dm.o module_quilt_outbuf_ops.o module_io_quilt.o module_intermediate_nmm.o module_cpl.o module_cpl_oasis3.o module_clear_halos.o wrf_num_bytes_between.o wrf_shutdown.o wrf_debug.o libmassv.o collect_on_comm.o hires_timer.o clog.o nl_get_0_routines.o nl_get_1_routines.o nl_get_2_routines.o nl_get_3_routines.o nl_get_4_routines.o nl_get_5_routines.o nl_get_6_routines.o nl_get_7_routines.o nl_set_0_routines.o nl_set_1_routines.o nl_set_2_routines.o nl_set_3_routines.o nl_set_4_routines.o nl_set_5_routines.o nl_set_6_routines.o nl_set_7_routines.o  module_alloc_space_0.o module_alloc_space_1.o module_alloc_space_2.o module_alloc_space_3.o module_alloc_space_4.o module_alloc_space_5.o module_alloc_space_6.o module_alloc_space_7.o module_alloc_space_8.o module_alloc_space_9.o
ranlib ../main/libwrflib.a
make[2]: Leaving directory `/data1/home/marcos/WRF_old/new/WRF/frame'
make[2]: Entering directory `/data1/home/marcos/WRF_old/new/WRF/external/io_netcdf'
make[2]: `diffwrf' is up to date.
make[2]: Leaving directory `/data1/home/marcos/WRF_old/new/WRF/external/io_netcdf'
make[2]: Entering directory `/data1/home/marcos/WRF_old/new/WRF/external/io_netcdf'
make[2]: Nothing to be done for `all'.
make[2]: Leaving directory `/data1/home/marcos/WRF_old/new/WRF/external/io_netcdf'
SKIPPING PIO BUILD make -i -r NETCDFPATH= FC=ifort -ip -fp-model precise -w -ftz -align all -fno-alias -FR -convert big_endian   -real-size 32 -i4   RANLIB=ranlib CPP=/lib/cpp -P -nostdinc LDFLAGS= -O3 -ip -fp-model precise -w -ftz -align all -fno-alias -FR -convert big_endian   -ip   TRADFLAG=-traditional-cpp ESMF_IO_LIB_EXT=-L/data1/home/marcos/WRF_old/new/WRF/external/esmf_time_f90 -lesmf_time LIB_LOCAL= ESMF_MOD_DEPENDENCE=/data1/home/marcos/WRF_old/new/WRF/external/esmf_time_f90/module_utility.o AR=INTERNAL_BUILD_ERROR_SHOULD_NOT_NEED_AR
make[2]: Entering directory `/data1/home/marcos/WRF_old/new/WRF/external/io_int'
if [ -f ../../frame/pack_utils.o -a -f ../../frame/clog.o ] ; then \
	  ifort -ip -fp-model precise -w -ftz -align all -fno-alias -FR -convert big_endian   -real-size 32 -i4     -I../ioapi_share -o diffwrf diffwrf.f \
		../../frame/pack_utils.o ../../frame/module_internal_header_util.o ../../frame/module_driver_constants.o ../../frame/module_machine.o ../../frame/module_wrf_error.o ../../frame/wrf_debug.o -L/data1/home/marcos/WRF_old/new/WRF/external/esmf_time_f90 -lesmf_time libwrfio_int.a ; \
	fi
make[2]: Leaving directory `/data1/home/marcos/WRF_old/new/WRF/external/io_int'
make[1]: Leaving directory `/data1/home/marcos/WRF_old/new/WRF'
make -i -r MODULE_DIRS="-I../dyn_em -I../dyn_nmm  -I/data1/home/marcos/WRF_old/new/WRF/external/esmf_time_f90  -I/data1/home/marcos/WRF_old/new/WRF/main -I/data1/home/marcos/WRF_old/new/WRF/external/io_netcdf -I/data1/home/marcos/WRF_old/new/WRF/external/io_int -I/data1/home/marcos/WRF_old/new/WRF/frame -I/data1/home/marcos/WRF_old/new/WRF/share -I/data1/home/marcos/WRF_old/new/WRF/phys -I/data1/home/marcos/WRF_old/new/WRF/wrftladj -I/data1/home/marcos/WRF_old/new/WRF/chem -I/data1/home/marcos/WRF_old/new/WRF/inc -I/home/marcos/libs/netcdf/include " shared
make[1]: Entering directory `/data1/home/marcos/WRF_old/new/WRF'
--------------------------------------
if [ "`echo -j 2 | sed -e 's/-j//g' -e 's/ \+//g'`" -gt "6" ] ; then \
	  if [ 0 -eq 0 ]   ; then \
	   ( cd share ; make -i -r -j 6 PERTMOD=" " ) ;  \
	  else \
	   ( cd share ; make -i -r -j 6 PERTMOD="../dyn_em/module_bc_em.o ../wrftladj/mediation_pertmod_io.o" ) ;  \
	  fi \
	else \
	  if [ 0 -eq 0 ]   ; then \
	   ( cd share ; make -i -r -j 2 PERTMOD=" " ) ;  \
	  else \
	   ( cd share ; make -i -r -j 2 PERTMOD="../dyn_em/module_bc_em.o ../wrftladj/mediation_pertmod_io.o" ) ;  \
	  fi \
	fi
make[2]: Entering directory `/data1/home/marcos/WRF_old/new/WRF/share'
rm -f module_bc_time_utilities.o
rm -f module_get_file_names.o
sed -e "s/^\!.*'.*//" -e "s/^ *\!.*'.*//" module_bc_time_utilities.F > module_bc_time_utilities.G
sed -e "s/^\!.*'.*//" -e "s/^ *\!.*'.*//" module_get_file_names.F > module_get_file_names.G
/lib/cpp -P -nostdinc -I/data1/home/marcos/WRF_old/new/WRF/inc -DEM_CORE=1 -DNMM_CORE=0 -DNMM_MAX_DIM=2600 -DDA_CORE=0 -DWRFPLUS=0 -DIWORDSIZE=4 -DDWORDSIZE=8 -DRWORDSIZE=4 -DLWORDSIZE=4 -DNONSTANDARD_SYSTEM_FUNC  -DWRF_USE_CLM -DRPC_TYPES=1  -DDM_PARALLEL -DNETCDF -DLANDREAD_STUB=1 -DUSE_ALLOCATABLES -Dwrfmodel -DGRIB1 -DINTIO -DKEEP_INT_AROUND -DLIMIT_ARGS -DBUILD_RRTMG_FAST=0 -DBUILD_RRTMK=0 -DBUILD_SBM_FAST=1 -DSHOW_ALL_VARS_USED=0 -DCONFIG_BUF_LEN=65536 -DMAX_DOMAINS_F=21 -DMAX_HISTORY=25 -DNMM_NEST=0  -I. -traditional-cpp   module_bc_time_utilities.G  > module_bc_time_utilities.bb
/lib/cpp -P -nostdinc -I/data1/home/marcos/WRF_old/new/WRF/inc -DEM_CORE=1 -DNMM_CORE=0 -DNMM_MAX_DIM=2600 -DDA_CORE=0 -DWRFPLUS=0 -DIWORDSIZE=4 -DDWORDSIZE=8 -DRWORDSIZE=4 -DLWORDSIZE=4 -DNONSTANDARD_SYSTEM_FUNC  -DWRF_USE_CLM -DRPC_TYPES=1  -DDM_PARALLEL -DNETCDF -DLANDREAD_STUB=1 -DUSE_ALLOCATABLES -Dwrfmodel -DGRIB1 -DINTIO -DKEEP_INT_AROUND -DLIMIT_ARGS -DBUILD_RRTMG_FAST=0 -DBUILD_RRTMK=0 -DBUILD_SBM_FAST=1 -DSHOW_ALL_VARS_USED=0 -DCONFIG_BUF_LEN=65536 -DMAX_DOMAINS_F=21 -DMAX_HISTORY=25 -DNMM_NEST=0  -I. -traditional-cpp   module_get_file_names.G  > module_get_file_names.bb
/data1/home/marcos/WRF_old/new/WRF/tools/standard.exe module_bc_time_utilities.bb | /lib/cpp -P -nostdinc -traditional-cpp > module_bc_time_utilities.f90
/data1/home/marcos/WRF_old/new/WRF/tools/standard.exe module_get_file_names.bb | /lib/cpp -P -nostdinc -traditional-cpp > module_get_file_names.f90
rm -f module_bc_time_utilities.G module_bc_time_utilities.bb
rm -f module_get_file_names.G module_get_file_names.bb
time /data1/sw/local/mpich/bin/mpif90 -f90=ifort -o module_bc_time_utilities.o -c -O3 -ip -fp-model precise -w -ftz -align all -fno-alias -FR -convert big_endian    -I../dyn_em -I../dyn_nmm  -I/data1/home/marcos/WRF_old/new/WRF/external/esmf_time_f90  -I/data1/home/marcos/WRF_old/new/WRF/main -I/data1/home/marcos/WRF_old/new/WRF/external/io_netcdf -I/data1/home/marcos/WRF_old/new/WRF/external/io_int -I/data1/home/marcos/WRF_old/new/WRF/frame -I/data1/home/marcos/WRF_old/new/WRF/share -I/data1/home/marcos/WRF_old/new/WRF/phys -I/data1/home/marcos/WRF_old/new/WRF/wrftladj -I/data1/home/marcos/WRF_old/new/WRF/chem -I/data1/home/marcos/WRF_old/new/WRF/inc -I/home/marcos/libs/netcdf/include  -real-size `expr 8 \* 4` -i4  module_bc_time_utilities.f90
time /data1/sw/local/mpich/bin/mpif90 -f90=ifort -o module_get_file_names.o -c -O3 -ip -fp-model precise -w -ftz -align all -fno-alias -FR -convert big_endian    -I../dyn_em -I../dyn_nmm  -I/data1/home/marcos/WRF_old/new/WRF/external/esmf_time_f90  -I/data1/home/marcos/WRF_old/new/WRF/main -I/data1/home/marcos/WRF_old/new/WRF/external/io_netcdf -I/data1/home/marcos/WRF_old/new/WRF/external/io_int -I/data1/home/marcos/WRF_old/new/WRF/frame -I/data1/home/marcos/WRF_old/new/WRF/share -I/data1/home/marcos/WRF_old/new/WRF/phys -I/data1/home/marcos/WRF_old/new/WRF/wrftladj -I/data1/home/marcos/WRF_old/new/WRF/chem -I/data1/home/marcos/WRF_old/new/WRF/inc -I/home/marcos/libs/netcdf/include  -real-size `expr 8 \* 4` -i4  module_get_file_names.f90
rm -f module_compute_geop.o
sed -e "s/^\!.*'.*//" -e "s/^ *\!.*'.*//" module_compute_geop.F > module_compute_geop.G
/lib/cpp -P -nostdinc -I/data1/home/marcos/WRF_old/new/WRF/inc -DEM_CORE=1 -DNMM_CORE=0 -DNMM_MAX_DIM=2600 -DDA_CORE=0 -DWRFPLUS=0 -DIWORDSIZE=4 -DDWORDSIZE=8 -DRWORDSIZE=4 -DLWORDSIZE=4 -DNONSTANDARD_SYSTEM_FUNC  -DWRF_USE_CLM -DRPC_TYPES=1  -DDM_PARALLEL -DNETCDF -DLANDREAD_STUB=1 -DUSE_ALLOCATABLES -Dwrfmodel -DGRIB1 -DINTIO -DKEEP_INT_AROUND -DLIMIT_ARGS -DBUILD_RRTMG_FAST=0 -DBUILD_RRTMK=0 -DBUILD_SBM_FAST=1 -DSHOW_ALL_VARS_USED=0 -DCONFIG_BUF_LEN=65536 -DMAX_DOMAINS_F=21 -DMAX_HISTORY=25 -DNMM_NEST=0  -I. -traditional-cpp   module_compute_geop.G  > module_compute_geop.bb
/data1/home/marcos/WRF_old/new/WRF/tools/standard.exe module_compute_geop.bb | /lib/cpp -P -nostdinc -traditional-cpp > module_compute_geop.f90
rm -f module_compute_geop.G module_compute_geop.bb
time /data1/sw/local/mpich/bin/mpif90 -f90=ifort -o module_compute_geop.o -c -O3 -ip -fp-model precise -w -ftz -align all -fno-alias -FR -convert big_endian    -I../dyn_em -I../dyn_nmm  -I/data1/home/marcos/WRF_old/new/WRF/external/esmf_time_f90  -I/data1/home/marcos/WRF_old/new/WRF/main -I/data1/home/marcos/WRF_old/new/WRF/external/io_netcdf -I/data1/home/marcos/WRF_old/new/WRF/external/io_int -I/data1/home/marcos/WRF_old/new/WRF/frame -I/data1/home/marcos/WRF_old/new/WRF/share -I/data1/home/marcos/WRF_old/new/WRF/phys -I/data1/home/marcos/WRF_old/new/WRF/wrftladj -I/data1/home/marcos/WRF_old/new/WRF/chem -I/data1/home/marcos/WRF_old/new/WRF/inc -I/home/marcos/libs/netcdf/include  -real-size `expr 8 \* 4` -i4  module_compute_geop.f90
rm -f module_check_a_mundo.o
sed -e "s/^\!.*'.*//" -e "s/^ *\!.*'.*//" module_check_a_mundo.F > module_check_a_mundo.G
/lib/cpp -P -nostdinc -I/data1/home/marcos/WRF_old/new/WRF/inc -DEM_CORE=1 -DNMM_CORE=0 -DNMM_MAX_DIM=2600 -DDA_CORE=0 -DWRFPLUS=0 -DIWORDSIZE=4 -DDWORDSIZE=8 -DRWORDSIZE=4 -DLWORDSIZE=4 -DNONSTANDARD_SYSTEM_FUNC  -DWRF_USE_CLM -DRPC_TYPES=1  -DDM_PARALLEL -DNETCDF -DLANDREAD_STUB=1 -DUSE_ALLOCATABLES -Dwrfmodel -DGRIB1 -DINTIO -DKEEP_INT_AROUND -DLIMIT_ARGS -DBUILD_RRTMG_FAST=0 -DBUILD_RRTMK=0 -DBUILD_SBM_FAST=1 -DSHOW_ALL_VARS_USED=0 -DCONFIG_BUF_LEN=65536 -DMAX_DOMAINS_F=21 -DMAX_HISTORY=25 -DNMM_NEST=0  -I. -traditional-cpp   module_check_a_mundo.G  > module_check_a_mundo.bb
/data1/home/marcos/WRF_old/new/WRF/tools/standard.exe module_check_a_mundo.bb | /lib/cpp -P -nostdinc -traditional-cpp > module_check_a_mundo.f90
rm -f module_check_a_mundo.G module_check_a_mundo.bb
time /data1/sw/local/mpich/bin/mpif90 -f90=ifort -o module_check_a_mundo.o -c -O3 -ip -fp-model precise -w -ftz -align all -fno-alias -FR -convert big_endian    -I../dyn_em -I../dyn_nmm  -I/data1/home/marcos/WRF_old/new/WRF/external/esmf_time_f90  -I/data1/home/marcos/WRF_old/new/WRF/main -I/data1/home/marcos/WRF_old/new/WRF/external/io_netcdf -I/data1/home/marcos/WRF_old/new/WRF/external/io_int -I/data1/home/marcos/WRF_old/new/WRF/frame -I/data1/home/marcos/WRF_old/new/WRF/share -I/data1/home/marcos/WRF_old/new/WRF/phys -I/data1/home/marcos/WRF_old/new/WRF/wrftladj -I/data1/home/marcos/WRF_old/new/WRF/chem -I/data1/home/marcos/WRF_old/new/WRF/inc -I/home/marcos/libs/netcdf/include  -real-size `expr 8 \* 4` -i4  module_check_a_mundo.f90
rm -f bobrand.o
/data1/sw/local/mpich/bin/mpicc -cc=icc -DFSEEKO64_OK  -o bobrand.o -c -w -O3 -ip  -DDM_PARALLEL -DLANDREAD_STUB=1 -DMAX_HISTORY=25 -DNMM_CORE=0 bobrand.c
rm -f module_llxy.o
sed -e "s/^\!.*'.*//" -e "s/^ *\!.*'.*//" module_llxy.F > module_llxy.G
/lib/cpp -P -nostdinc -I/data1/home/marcos/WRF_old/new/WRF/inc -DEM_CORE=1 -DNMM_CORE=0 -DNMM_MAX_DIM=2600 -DDA_CORE=0 -DWRFPLUS=0 -DIWORDSIZE=4 -DDWORDSIZE=8 -DRWORDSIZE=4 -DLWORDSIZE=4 -DNONSTANDARD_SYSTEM_FUNC  -DWRF_USE_CLM -DRPC_TYPES=1  -DDM_PARALLEL -DNETCDF -DLANDREAD_STUB=1 -DUSE_ALLOCATABLES -Dwrfmodel -DGRIB1 -DINTIO -DKEEP_INT_AROUND -DLIMIT_ARGS -DBUILD_RRTMG_FAST=0 -DBUILD_RRTMK=0 -DBUILD_SBM_FAST=1 -DSHOW_ALL_VARS_USED=0 -DCONFIG_BUF_LEN=65536 -DMAX_DOMAINS_F=21 -DMAX_HISTORY=25 -DNMM_NEST=0  -I. -traditional-cpp   module_llxy.G  > module_llxy.bb
/data1/home/marcos/WRF_old/new/WRF/tools/standard.exe module_llxy.bb | /lib/cpp -P -nostdinc -traditional-cpp > module_llxy.f90
rm -f module_llxy.G module_llxy.bb
time /data1/sw/local/mpich/bin/mpif90 -f90=ifort -o module_llxy.o -c -O3 -ip -fp-model precise -w -ftz -align all -fno-alias -FR -convert big_endian    -I../dyn_em -I../dyn_nmm  -I/data1/home/marcos/WRF_old/new/WRF/external/esmf_time_f90  -I/data1/home/marcos/WRF_old/new/WRF/main -I/data1/home/marcos/WRF_old/new/WRF/external/io_netcdf -I/data1/home/marcos/WRF_old/new/WRF/external/io_int -I/data1/home/marcos/WRF_old/new/WRF/frame -I/data1/home/marcos/WRF_old/new/WRF/share -I/data1/home/marcos/WRF_old/new/WRF/phys -I/data1/home/marcos/WRF_old/new/WRF/wrftladj -I/data1/home/marcos/WRF_old/new/WRF/chem -I/data1/home/marcos/WRF_old/new/WRF/inc -I/home/marcos/libs/netcdf/include  -real-size `expr 8 \* 4` -i4  module_llxy.f90
rm -f module_interp_store.o
sed -e "s/^\!.*'.*//" -e "s/^ *\!.*'.*//" module_interp_store.F > module_interp_store.G
/lib/cpp -P -nostdinc -I/data1/home/marcos/WRF_old/new/WRF/inc -DEM_CORE=1 -DNMM_CORE=0 -DNMM_MAX_DIM=2600 -DDA_CORE=0 -DWRFPLUS=0 -DIWORDSIZE=4 -DDWORDSIZE=8 -DRWORDSIZE=4 -DLWORDSIZE=4 -DNONSTANDARD_SYSTEM_FUNC  -DWRF_USE_CLM -DRPC_TYPES=1  -DDM_PARALLEL -DNETCDF -DLANDREAD_STUB=1 -DUSE_ALLOCATABLES -Dwrfmodel -DGRIB1 -DINTIO -DKEEP_INT_AROUND -DLIMIT_ARGS -DBUILD_RRTMG_FAST=0 -DBUILD_RRTMK=0 -DBUILD_SBM_FAST=1 -DSHOW_ALL_VARS_USED=0 -DCONFIG_BUF_LEN=65536 -DMAX_DOMAINS_F=21 -DMAX_HISTORY=25 -DNMM_NEST=0  -I. -traditional-cpp   module_interp_store.G  > module_interp_store.bb
/data1/home/marcos/WRF_old/new/WRF/tools/standard.exe module_interp_store.bb | /lib/cpp -P -nostdinc -traditional-cpp > module_interp_store.f90
rm -f module_interp_store.G module_interp_store.bb
time /data1/sw/local/mpich/bin/mpif90 -f90=ifort -o module_interp_store.o -c -O3 -ip -fp-model precise -w -ftz -align all -fno-alias -FR -convert big_endian    -I../dyn_em -I../dyn_nmm  -I/data1/home/marcos/WRF_old/new/WRF/external/esmf_time_f90  -I/data1/home/marcos/WRF_old/new/WRF/main -I/data1/home/marcos/WRF_old/new/WRF/external/io_netcdf -I/data1/home/marcos/WRF_old/new/WRF/external/io_int -I/data1/home/marcos/WRF_old/new/WRF/frame -I/data1/home/marcos/WRF_old/new/WRF/share -I/data1/home/marcos/WRF_old/new/WRF/phys -I/data1/home/marcos/WRF_old/new/WRF/wrftladj -I/data1/home/marcos/WRF_old/new/WRF/chem -I/data1/home/marcos/WRF_old/new/WRF/inc -I/home/marcos/libs/netcdf/include  -real-size `expr 8 \* 4` -i4  module_interp_store.f90
rm -f module_string_tools.o
sed -e "s/^\!.*'.*//" -e "s/^ *\!.*'.*//" module_string_tools.F > module_string_tools.G
/lib/cpp -P -nostdinc -I/data1/home/marcos/WRF_old/new/WRF/inc -DEM_CORE=1 -DNMM_CORE=0 -DNMM_MAX_DIM=2600 -DDA_CORE=0 -DWRFPLUS=0 -DIWORDSIZE=4 -DDWORDSIZE=8 -DRWORDSIZE=4 -DLWORDSIZE=4 -DNONSTANDARD_SYSTEM_FUNC  -DWRF_USE_CLM -DRPC_TYPES=1  -DDM_PARALLEL -DNETCDF -DLANDREAD_STUB=1 -DUSE_ALLOCATABLES -Dwrfmodel -DGRIB1 -DINTIO -DKEEP_INT_AROUND -DLIMIT_ARGS -DBUILD_RRTMG_FAST=0 -DBUILD_RRTMK=0 -DBUILD_SBM_FAST=1 -DSHOW_ALL_VARS_USED=0 -DCONFIG_BUF_LEN=65536 -DMAX_DOMAINS_F=21 -DMAX_HISTORY=25 -DNMM_NEST=0  -I. -traditional-cpp   module_string_tools.G  > module_string_tools.bb
/data1/home/marcos/WRF_old/new/WRF/tools/standard.exe module_string_tools.bb | /lib/cpp -P -nostdinc -traditional-cpp > module_string_tools.f90
rm -f module_string_tools.G module_string_tools.bb
time /data1/sw/local/mpich/bin/mpif90 -f90=ifort -o module_string_tools.o -c -O3 -ip -fp-model precise -w -ftz -align all -fno-alias -FR -convert big_endian    -I../dyn_em -I../dyn_nmm  -I/data1/home/marcos/WRF_old/new/WRF/external/esmf_time_f90  -I/data1/home/marcos/WRF_old/new/WRF/main -I/data1/home/marcos/WRF_old/new/WRF/external/io_netcdf -I/data1/home/marcos/WRF_old/new/WRF/external/io_int -I/data1/home/marcos/WRF_old/new/WRF/frame -I/data1/home/marcos/WRF_old/new/WRF/share -I/data1/home/marcos/WRF_old/new/WRF/phys -I/data1/home/marcos/WRF_old/new/WRF/wrftladj -I/data1/home/marcos/WRF_old/new/WRF/chem -I/data1/home/marcos/WRF_old/new/WRF/inc -I/home/marcos/libs/netcdf/include  -real-size `expr 8 \* 4` -i4  module_string_tools.f90
rm -f module_MPP.o
sed -e "s/^\!.*'.*//" -e "s/^ *\!.*'.*//" module_MPP.F > module_MPP.G
/lib/cpp -P -nostdinc -I/data1/home/marcos/WRF_old/new/WRF/inc -DEM_CORE=1 -DNMM_CORE=0 -DNMM_MAX_DIM=2600 -DDA_CORE=0 -DWRFPLUS=0 -DIWORDSIZE=4 -DDWORDSIZE=8 -DRWORDSIZE=4 -DLWORDSIZE=4 -DNONSTANDARD_SYSTEM_FUNC  -DWRF_USE_CLM -DRPC_TYPES=1  -DDM_PARALLEL -DNETCDF -DLANDREAD_STUB=1 -DUSE_ALLOCATABLES -Dwrfmodel -DGRIB1 -DINTIO -DKEEP_INT_AROUND -DLIMIT_ARGS -DBUILD_RRTMG_FAST=0 -DBUILD_RRTMK=0 -DBUILD_SBM_FAST=1 -DSHOW_ALL_VARS_USED=0 -DCONFIG_BUF_LEN=65536 -DMAX_DOMAINS_F=21 -DMAX_HISTORY=25 -DNMM_NEST=0  -I. -traditional-cpp   module_MPP.G  > module_MPP.bb
/data1/home/marcos/WRF_old/new/WRF/tools/standard.exe module_MPP.bb | /lib/cpp -P -nostdinc -traditional-cpp > module_MPP.f90
rm -f module_MPP.G module_MPP.bb
time /data1/sw/local/mpich/bin/mpif90 -f90=ifort -o module_MPP.o -c -O3 -ip -fp-model precise -w -ftz -align all -fno-alias -FR -convert big_endian    -I../dyn_em -I../dyn_nmm  -I/data1/home/marcos/WRF_old/new/WRF/external/esmf_time_f90  -I/data1/home/marcos/WRF_old/new/WRF/main -I/data1/home/marcos/WRF_old/new/WRF/external/io_netcdf -I/data1/home/marcos/WRF_old/new/WRF/external/io_int -I/data1/home/marcos/WRF_old/new/WRF/frame -I/data1/home/marcos/WRF_old/new/WRF/share -I/data1/home/marcos/WRF_old/new/WRF/phys -I/data1/home/marcos/WRF_old/new/WRF/wrftladj -I/data1/home/marcos/WRF_old/new/WRF/chem -I/data1/home/marcos/WRF_old/new/WRF/inc -I/home/marcos/libs/netcdf/include  -real-size `expr 8 \* 4` -i4  module_MPP.f90
rm -f ../phys/module_checkerror.o
sed -e "s/^\!.*'.*//" -e "s/^ *\!.*'.*//" ../phys/module_checkerror.F > ../phys/module_checkerror.G
/lib/cpp -P -nostdinc -I/data1/home/marcos/WRF_old/new/WRF/inc -DEM_CORE=1 -DNMM_CORE=0 -DNMM_MAX_DIM=2600 -DDA_CORE=0 -DWRFPLUS=0 -DIWORDSIZE=4 -DDWORDSIZE=8 -DRWORDSIZE=4 -DLWORDSIZE=4 -DNONSTANDARD_SYSTEM_FUNC  -DWRF_USE_CLM -DRPC_TYPES=1  -DDM_PARALLEL -DNETCDF -DLANDREAD_STUB=1 -DUSE_ALLOCATABLES -Dwrfmodel -DGRIB1 -DINTIO -DKEEP_INT_AROUND -DLIMIT_ARGS -DBUILD_RRTMG_FAST=0 -DBUILD_RRTMK=0 -DBUILD_SBM_FAST=1 -DSHOW_ALL_VARS_USED=0 -DCONFIG_BUF_LEN=65536 -DMAX_DOMAINS_F=21 -DMAX_HISTORY=25 -DNMM_NEST=0  -I. -traditional-cpp   ../phys/module_checkerror.G  > ../phys/module_checkerror.bb
/data1/home/marcos/WRF_old/new/WRF/tools/standard.exe ../phys/module_checkerror.bb | /lib/cpp -P -nostdinc -traditional-cpp > ../phys/module_checkerror.f90
rm -f ../phys/module_checkerror.G ../phys/module_checkerror.bb
time /data1/sw/local/mpich/bin/mpif90 -f90=ifort -o ../phys/module_checkerror.o -c -O3 -ip -fp-model precise -w -ftz -align all -fno-alias -FR -convert big_endian    -I../dyn_em -I../dyn_nmm  -I/data1/home/marcos/WRF_old/new/WRF/external/esmf_time_f90  -I/data1/home/marcos/WRF_old/new/WRF/main -I/data1/home/marcos/WRF_old/new/WRF/external/io_netcdf -I/data1/home/marcos/WRF_old/new/WRF/external/io_int -I/data1/home/marcos/WRF_old/new/WRF/frame -I/data1/home/marcos/WRF_old/new/WRF/share -I/data1/home/marcos/WRF_old/new/WRF/phys -I/data1/home/marcos/WRF_old/new/WRF/wrftladj -I/data1/home/marcos/WRF_old/new/WRF/chem -I/data1/home/marcos/WRF_old/new/WRF/inc -I/home/marcos/libs/netcdf/include  -real-size `expr 8 \* 4` -i4  ../phys/module_checkerror.f90
rm -f module_date_time.o
sed -e "s/^\!.*'.*//" -e "s/^ *\!.*'.*//" module_date_time.F > module_date_time.G
/lib/cpp -P -nostdinc -I/data1/home/marcos/WRF_old/new/WRF/inc -DEM_CORE=1 -DNMM_CORE=0 -DNMM_MAX_DIM=2600 -DDA_CORE=0 -DWRFPLUS=0 -DIWORDSIZE=4 -DDWORDSIZE=8 -DRWORDSIZE=4 -DLWORDSIZE=4 -DNONSTANDARD_SYSTEM_FUNC  -DWRF_USE_CLM -DRPC_TYPES=1  -DDM_PARALLEL -DNETCDF -DLANDREAD_STUB=1 -DUSE_ALLOCATABLES -Dwrfmodel -DGRIB1 -DINTIO -DKEEP_INT_AROUND -DLIMIT_ARGS -DBUILD_RRTMG_FAST=0 -DBUILD_RRTMK=0 -DBUILD_SBM_FAST=1 -DSHOW_ALL_VARS_USED=0 -DCONFIG_BUF_LEN=65536 -DMAX_DOMAINS_F=21 -DMAX_HISTORY=25 -DNMM_NEST=0  -I. -traditional-cpp   module_date_time.G  > module_date_time.bb
/data1/home/marcos/WRF_old/new/WRF/tools/standard.exe module_date_time.bb | /lib/cpp -P -nostdinc -traditional-cpp > module_date_time.f90
rm -f module_date_time.G module_date_time.bb
time /data1/sw/local/mpich/bin/mpif90 -f90=ifort -o module_date_time.o -c -O3 -ip -fp-model precise -w -ftz -align all -fno-alias -FR -convert big_endian    -I../dyn_em -I../dyn_nmm  -I/data1/home/marcos/WRF_old/new/WRF/external/esmf_time_f90  -I/data1/home/marcos/WRF_old/new/WRF/main -I/data1/home/marcos/WRF_old/new/WRF/external/io_netcdf -I/data1/home/marcos/WRF_old/new/WRF/external/io_int -I/data1/home/marcos/WRF_old/new/WRF/frame -I/data1/home/marcos/WRF_old/new/WRF/share -I/data1/home/marcos/WRF_old/new/WRF/phys -I/data1/home/marcos/WRF_old/new/WRF/wrftladj -I/data1/home/marcos/WRF_old/new/WRF/chem -I/data1/home/marcos/WRF_old/new/WRF/inc -I/home/marcos/libs/netcdf/include  -real-size `expr 8 \* 4` -i4  module_date_time.f90
rm -f mediation_interp_domain.o
sed -e "s/^\!.*'.*//" -e "s/^ *\!.*'.*//" mediation_interp_domain.F > mediation_interp_domain.G
/lib/cpp -P -nostdinc -I/data1/home/marcos/WRF_old/new/WRF/inc -DEM_CORE=1 -DNMM_CORE=0 -DNMM_MAX_DIM=2600 -DDA_CORE=0 -DWRFPLUS=0 -DIWORDSIZE=4 -DDWORDSIZE=8 -DRWORDSIZE=4 -DLWORDSIZE=4 -DNONSTANDARD_SYSTEM_FUNC  -DWRF_USE_CLM -DRPC_TYPES=1  -DDM_PARALLEL -DNETCDF -DLANDREAD_STUB=1 -DUSE_ALLOCATABLES -Dwrfmodel -DGRIB1 -DINTIO -DKEEP_INT_AROUND -DLIMIT_ARGS -DBUILD_RRTMG_FAST=0 -DBUILD_RRTMK=0 -DBUILD_SBM_FAST=1 -DSHOW_ALL_VARS_USED=0 -DCONFIG_BUF_LEN=65536 -DMAX_DOMAINS_F=21 -DMAX_HISTORY=25 -DNMM_NEST=0  -I. -traditional-cpp   mediation_interp_domain.G  > mediation_interp_domain.bb
/data1/home/marcos/WRF_old/new/WRF/tools/standard.exe mediation_interp_domain.bb | /lib/cpp -P -nostdinc -traditional-cpp > mediation_interp_domain.f90
rm -f mediation_interp_domain.G mediation_interp_domain.bb
time /data1/sw/local/mpich/bin/mpif90 -f90=ifort -o mediation_interp_domain.o -c -O3 -ip -fp-model precise -w -ftz -align all -fno-alias -FR -convert big_endian    -I../dyn_em -I../dyn_nmm  -I/data1/home/marcos/WRF_old/new/WRF/external/esmf_time_f90  -I/data1/home/marcos/WRF_old/new/WRF/main -I/data1/home/marcos/WRF_old/new/WRF/external/io_netcdf -I/data1/home/marcos/WRF_old/new/WRF/external/io_int -I/data1/home/marcos/WRF_old/new/WRF/frame -I/data1/home/marcos/WRF_old/new/WRF/share -I/data1/home/marcos/WRF_old/new/WRF/phys -I/data1/home/marcos/WRF_old/new/WRF/wrftladj -I/data1/home/marcos/WRF_old/new/WRF/chem -I/data1/home/marcos/WRF_old/new/WRF/inc -I/home/marcos/libs/netcdf/include  -real-size `expr 8 \* 4` -i4  mediation_interp_domain.f90
rm -f mediation_force_domain.o
sed -e "s/^\!.*'.*//" -e "s/^ *\!.*'.*//" mediation_force_domain.F > mediation_force_domain.G
/lib/cpp -P -nostdinc -I/data1/home/marcos/WRF_old/new/WRF/inc -DEM_CORE=1 -DNMM_CORE=0 -DNMM_MAX_DIM=2600 -DDA_CORE=0 -DWRFPLUS=0 -DIWORDSIZE=4 -DDWORDSIZE=8 -DRWORDSIZE=4 -DLWORDSIZE=4 -DNONSTANDARD_SYSTEM_FUNC  -DWRF_USE_CLM -DRPC_TYPES=1  -DDM_PARALLEL -DNETCDF -DLANDREAD_STUB=1 -DUSE_ALLOCATABLES -Dwrfmodel -DGRIB1 -DINTIO -DKEEP_INT_AROUND -DLIMIT_ARGS -DBUILD_RRTMG_FAST=0 -DBUILD_RRTMK=0 -DBUILD_SBM_FAST=1 -DSHOW_ALL_VARS_USED=0 -DCONFIG_BUF_LEN=65536 -DMAX_DOMAINS_F=21 -DMAX_HISTORY=25 -DNMM_NEST=0  -I. -traditional-cpp   mediation_force_domain.G  > mediation_force_domain.bb
/data1/home/marcos/WRF_old/new/WRF/tools/standard.exe mediation_force_domain.bb | /lib/cpp -P -nostdinc -traditional-cpp > mediation_force_domain.f90
rm -f mediation_force_domain.G mediation_force_domain.bb
time /data1/sw/local/mpich/bin/mpif90 -f90=ifort -o mediation_force_domain.o -c -O3 -ip -fp-model precise -w -ftz -align all -fno-alias -FR -convert big_endian    -I../dyn_em -I../dyn_nmm  -I/data1/home/marcos/WRF_old/new/WRF/external/esmf_time_f90  -I/data1/home/marcos/WRF_old/new/WRF/main -I/data1/home/marcos/WRF_old/new/WRF/external/io_netcdf -I/data1/home/marcos/WRF_old/new/WRF/external/io_int -I/data1/home/marcos/WRF_old/new/WRF/frame -I/data1/home/marcos/WRF_old/new/WRF/share -I/data1/home/marcos/WRF_old/new/WRF/phys -I/data1/home/marcos/WRF_old/new/WRF/wrftladj -I/data1/home/marcos/WRF_old/new/WRF/chem -I/data1/home/marcos/WRF_old/new/WRF/inc -I/home/marcos/libs/netcdf/include  -real-size `expr 8 \* 4` -i4  mediation_force_domain.f90
rm -f mediation_feedback_domain.o
sed -e "s/^\!.*'.*//" -e "s/^ *\!.*'.*//" mediation_feedback_domain.F > mediation_feedback_domain.G
/lib/cpp -P -nostdinc -I/data1/home/marcos/WRF_old/new/WRF/inc -DEM_CORE=1 -DNMM_CORE=0 -DNMM_MAX_DIM=2600 -DDA_CORE=0 -DWRFPLUS=0 -DIWORDSIZE=4 -DDWORDSIZE=8 -DRWORDSIZE=4 -DLWORDSIZE=4 -DNONSTANDARD_SYSTEM_FUNC  -DWRF_USE_CLM -DRPC_TYPES=1  -DDM_PARALLEL -DNETCDF -DLANDREAD_STUB=1 -DUSE_ALLOCATABLES -Dwrfmodel -DGRIB1 -DINTIO -DKEEP_INT_AROUND -DLIMIT_ARGS -DBUILD_RRTMG_FAST=0 -DBUILD_RRTMK=0 -DBUILD_SBM_FAST=1 -DSHOW_ALL_VARS_USED=0 -DCONFIG_BUF_LEN=65536 -DMAX_DOMAINS_F=21 -DMAX_HISTORY=25 -DNMM_NEST=0  -I. -traditional-cpp   mediation_feedback_domain.G  > mediation_feedback_domain.bb
/data1/home/marcos/WRF_old/new/WRF/tools/standard.exe mediation_feedback_domain.bb | /lib/cpp -P -nostdinc -traditional-cpp > mediation_feedback_domain.f90
rm -f mediation_feedback_domain.G mediation_feedback_domain.bb
time /data1/sw/local/mpich/bin/mpif90 -f90=ifort -o mediation_feedback_domain.o -c -O3 -ip -fp-model precise -w -ftz -align all -fno-alias -FR -convert big_endian    -I../dyn_em -I../dyn_nmm  -I/data1/home/marcos/WRF_old/new/WRF/external/esmf_time_f90  -I/data1/home/marcos/WRF_old/new/WRF/main -I/data1/home/marcos/WRF_old/new/WRF/external/io_netcdf -I/data1/home/marcos/WRF_old/new/WRF/external/io_int -I/data1/home/marcos/WRF_old/new/WRF/frame -I/data1/home/marcos/WRF_old/new/WRF/share -I/data1/home/marcos/WRF_old/new/WRF/phys -I/data1/home/marcos/WRF_old/new/WRF/wrftladj -I/data1/home/marcos/WRF_old/new/WRF/chem -I/data1/home/marcos/WRF_old/new/WRF/inc -I/home/marcos/libs/netcdf/include  -real-size `expr 8 \* 4` -i4  mediation_feedback_domain.f90
rm -f module_bc.o
sed -e "s/^\!.*'.*//" -e "s/^ *\!.*'.*//" module_bc.F > module_bc.G
/lib/cpp -P -nostdinc -I/data1/home/marcos/WRF_old/new/WRF/inc -DEM_CORE=1 -DNMM_CORE=0 -DNMM_MAX_DIM=2600 -DDA_CORE=0 -DWRFPLUS=0 -DIWORDSIZE=4 -DDWORDSIZE=8 -DRWORDSIZE=4 -DLWORDSIZE=4 -DNONSTANDARD_SYSTEM_FUNC  -DWRF_USE_CLM -DRPC_TYPES=1  -DDM_PARALLEL -DNETCDF -DLANDREAD_STUB=1 -DUSE_ALLOCATABLES -Dwrfmodel -DGRIB1 -DINTIO -DKEEP_INT_AROUND -DLIMIT_ARGS -DBUILD_RRTMG_FAST=0 -DBUILD_RRTMK=0 -DBUILD_SBM_FAST=1 -DSHOW_ALL_VARS_USED=0 -DCONFIG_BUF_LEN=65536 -DMAX_DOMAINS_F=21 -DMAX_HISTORY=25 -DNMM_NEST=0  -I. -traditional-cpp   module_bc.G  > module_bc.bb
/data1/home/marcos/WRF_old/new/WRF/tools/standard.exe module_bc.bb | /lib/cpp -P -nostdinc -traditional-cpp > module_bc.f90
rm -f module_bc.G module_bc.bb
time /data1/sw/local/mpich/bin/mpif90 -f90=ifort -o module_bc.o -c -O3 -ip -fp-model precise -w -ftz -align all -fno-alias -FR -convert big_endian    -I../dyn_em -I../dyn_nmm  -I/data1/home/marcos/WRF_old/new/WRF/external/esmf_time_f90  -I/data1/home/marcos/WRF_old/new/WRF/main -I/data1/home/marcos/WRF_old/new/WRF/external/io_netcdf -I/data1/home/marcos/WRF_old/new/WRF/external/io_int -I/data1/home/marcos/WRF_old/new/WRF/frame -I/data1/home/marcos/WRF_old/new/WRF/share -I/data1/home/marcos/WRF_old/new/WRF/phys -I/data1/home/marcos/WRF_old/new/WRF/wrftladj -I/data1/home/marcos/WRF_old/new/WRF/chem -I/data1/home/marcos/WRF_old/new/WRF/inc -I/home/marcos/libs/netcdf/include  -real-size `expr 8 \* 4` -i4  module_bc.f90
rm -f module_io_wrf.o
/data1/home/marcos/WRF_old/new/WRF/tools/standard.exe module_io_wrf.F > module_io_wrf.b 
/lib/cpp -P -nostdinc -I/data1/home/marcos/WRF_old/new/WRF/inc -DEM_CORE=1 -DNMM_CORE=0 -DNMM_MAX_DIM=2600 -DDA_CORE=0 -DWRFPLUS=0 -DIWORDSIZE=4 -DDWORDSIZE=8 -DRWORDSIZE=4 -DLWORDSIZE=4 -DNONSTANDARD_SYSTEM_FUNC  -DWRF_USE_CLM -DRPC_TYPES=1  -DDM_PARALLEL -DNETCDF -DLANDREAD_STUB=1 -DUSE_ALLOCATABLES -Dwrfmodel -DGRIB1 -DINTIO -DKEEP_INT_AROUND -DLIMIT_ARGS -DBUILD_RRTMG_FAST=0 -DBUILD_RRTMK=0 -DBUILD_SBM_FAST=1 -DSHOW_ALL_VARS_USED=0 -DCONFIG_BUF_LEN=65536 -DMAX_DOMAINS_F=21 -DMAX_HISTORY=25 -DNMM_NEST=0  -I. -traditional-cpp   module_io_wrf.b  > module_io_wrf.f90
rm -f module_io_wrf.b
if fgrep -iq '!$OMP' module_io_wrf.f90 ; then \
          if [ -n "" ] ; then echo COMPILING module_io_wrf.F WITH OMP ; fi ; \
	  time /data1/sw/local/mpich/bin/mpif90 -f90=ifort -c -real-size `expr 8 \* 4` -i4 -O0 -fno-inline -no-ip -ip -fp-model precise -w -ftz -align all -fno-alias -FR -convert big_endian   -I../dyn_em -I../dyn_nmm  -I/data1/home/marcos/WRF_old/new/WRF/external/esmf_time_f90  -I/data1/home/marcos/WRF_old/new/WRF/main -I/data1/home/marcos/WRF_old/new/WRF/external/io_netcdf -I/data1/home/marcos/WRF_old/new/WRF/external/io_int -I/data1/home/marcos/WRF_old/new/WRF/frame -I/data1/home/marcos/WRF_old/new/WRF/share -I/data1/home/marcos/WRF_old/new/WRF/phys -I/data1/home/marcos/WRF_old/new/WRF/wrftladj -I/data1/home/marcos/WRF_old/new/WRF/chem -I/data1/home/marcos/WRF_old/new/WRF/inc -I/home/marcos/libs/netcdf/include    module_io_wrf.f90 ; \
        else \
          if [ -n "" ] ; then echo COMPILING module_io_wrf.F WITHOUT OMP ; fi ; \
	  time /data1/sw/local/mpich/bin/mpif90 -f90=ifort -c -real-size `expr 8 \* 4` -i4 -O0 -fno-inline -no-ip -ip -fp-model precise -w -ftz -align all -fno-alias -FR -convert big_endian   -I../dyn_em -I../dyn_nmm  -I/data1/home/marcos/WRF_old/new/WRF/external/esmf_time_f90  -I/data1/home/marcos/WRF_old/new/WRF/main -I/data1/home/marcos/WRF_old/new/WRF/external/io_netcdf -I/data1/home/marcos/WRF_old/new/WRF/external/io_int -I/data1/home/marcos/WRF_old/new/WRF/frame -I/data1/home/marcos/WRF_old/new/WRF/share -I/data1/home/marcos/WRF_old/new/WRF/phys -I/data1/home/marcos/WRF_old/new/WRF/wrftladj -I/data1/home/marcos/WRF_old/new/WRF/chem -I/data1/home/marcos/WRF_old/new/WRF/inc -I/home/marcos/libs/netcdf/include   module_io_wrf.f90 ; \
        fi
rm -f module_soil_pre.o
sed -e "s/^\!.*'.*//" -e "s/^ *\!.*'.*//" module_soil_pre.F > module_soil_pre.G
/lib/cpp -P -nostdinc -I/data1/home/marcos/WRF_old/new/WRF/inc -DEM_CORE=1 -DNMM_CORE=0 -DNMM_MAX_DIM=2600 -DDA_CORE=0 -DWRFPLUS=0 -DIWORDSIZE=4 -DDWORDSIZE=8 -DRWORDSIZE=4 -DLWORDSIZE=4 -DNONSTANDARD_SYSTEM_FUNC  -DWRF_USE_CLM -DRPC_TYPES=1  -DDM_PARALLEL -DNETCDF -DLANDREAD_STUB=1 -DUSE_ALLOCATABLES -Dwrfmodel -DGRIB1 -DINTIO -DKEEP_INT_AROUND -DLIMIT_ARGS -DBUILD_RRTMG_FAST=0 -DBUILD_RRTMK=0 -DBUILD_SBM_FAST=1 -DSHOW_ALL_VARS_USED=0 -DCONFIG_BUF_LEN=65536 -DMAX_DOMAINS_F=21 -DMAX_HISTORY=25 -DNMM_NEST=0  -I. -traditional-cpp   module_soil_pre.G  > module_soil_pre.bb
/data1/home/marcos/WRF_old/new/WRF/tools/standard.exe module_soil_pre.bb | /lib/cpp -P -nostdinc -traditional-cpp > module_soil_pre.f90
rm -f module_soil_pre.G module_soil_pre.bb
time /data1/sw/local/mpich/bin/mpif90 -f90=ifort -o module_soil_pre.o -c -O3 -ip -fp-model precise -w -ftz -align all -fno-alias -FR -convert big_endian    -I../dyn_em -I../dyn_nmm  -I/data1/home/marcos/WRF_old/new/WRF/external/esmf_time_f90  -I/data1/home/marcos/WRF_old/new/WRF/main -I/data1/home/marcos/WRF_old/new/WRF/external/io_netcdf -I/data1/home/marcos/WRF_old/new/WRF/external/io_int -I/data1/home/marcos/WRF_old/new/WRF/frame -I/data1/home/marcos/WRF_old/new/WRF/share -I/data1/home/marcos/WRF_old/new/WRF/phys -I/data1/home/marcos/WRF_old/new/WRF/wrftladj -I/data1/home/marcos/WRF_old/new/WRF/chem -I/data1/home/marcos/WRF_old/new/WRF/inc -I/home/marcos/libs/netcdf/include  -real-size `expr 8 \* 4` -i4  module_soil_pre.f90
rm -f wrf_tsin.o
/data1/home/marcos/WRF_old/new/WRF/tools/standard.exe wrf_tsin.F > wrf_tsin.b 
/lib/cpp -P -nostdinc -I/data1/home/marcos/WRF_old/new/WRF/inc -DEM_CORE=1 -DNMM_CORE=0 -DNMM_MAX_DIM=2600 -DDA_CORE=0 -DWRFPLUS=0 -DIWORDSIZE=4 -DDWORDSIZE=8 -DRWORDSIZE=4 -DLWORDSIZE=4 -DNONSTANDARD_SYSTEM_FUNC  -DWRF_USE_CLM -DRPC_TYPES=1  -DDM_PARALLEL -DNETCDF -DLANDREAD_STUB=1 -DUSE_ALLOCATABLES -Dwrfmodel -DGRIB1 -DINTIO -DKEEP_INT_AROUND -DLIMIT_ARGS -DBUILD_RRTMG_FAST=0 -DBUILD_RRTMK=0 -DBUILD_SBM_FAST=1 -DSHOW_ALL_VARS_USED=0 -DCONFIG_BUF_LEN=65536 -DMAX_DOMAINS_F=21 -DMAX_HISTORY=25 -DNMM_NEST=0  -I. -traditional-cpp   wrf_tsin.b  > wrf_tsin.f90
rm -f wrf_tsin.b
if fgrep -iq '!$OMP' wrf_tsin.f90 ; then \
          if [ -n "" ] ; then echo COMPILING wrf_tsin.F WITH OMP ; fi ; \
	  time /data1/sw/local/mpich/bin/mpif90 -f90=ifort -c -real-size `expr 8 \* 4` -i4 -O0 -fno-inline -no-ip -ip -fp-model precise -w -ftz -align all -fno-alias -FR -convert big_endian   -I../dyn_em -I../dyn_nmm  -I/data1/home/marcos/WRF_old/new/WRF/external/esmf_time_f90  -I/data1/home/marcos/WRF_old/new/WRF/main -I/data1/home/marcos/WRF_old/new/WRF/external/io_netcdf -I/data1/home/marcos/WRF_old/new/WRF/external/io_int -I/data1/home/marcos/WRF_old/new/WRF/frame -I/data1/home/marcos/WRF_old/new/WRF/share -I/data1/home/marcos/WRF_old/new/WRF/phys -I/data1/home/marcos/WRF_old/new/WRF/wrftladj -I/data1/home/marcos/WRF_old/new/WRF/chem -I/data1/home/marcos/WRF_old/new/WRF/inc -I/home/marcos/libs/netcdf/include    wrf_tsin.f90 ; \
        else \
          if [ -n "" ] ; then echo COMPILING wrf_tsin.F WITHOUT OMP ; fi ; \
	  time /data1/sw/local/mpich/bin/mpif90 -f90=ifort -c -real-size `expr 8 \* 4` -i4 -O0 -fno-inline -no-ip -ip -fp-model precise -w -ftz -align all -fno-alias -FR -convert big_endian   -I../dyn_em -I../dyn_nmm  -I/data1/home/marcos/WRF_old/new/WRF/external/esmf_time_f90  -I/data1/home/marcos/WRF_old/new/WRF/main -I/data1/home/marcos/WRF_old/new/WRF/external/io_netcdf -I/data1/home/marcos/WRF_old/new/WRF/external/io_int -I/data1/home/marcos/WRF_old/new/WRF/frame -I/data1/home/marcos/WRF_old/new/WRF/share -I/data1/home/marcos/WRF_old/new/WRF/phys -I/data1/home/marcos/WRF_old/new/WRF/wrftladj -I/data1/home/marcos/WRF_old/new/WRF/chem -I/data1/home/marcos/WRF_old/new/WRF/inc -I/home/marcos/libs/netcdf/include   wrf_tsin.f90 ; \
        fi
rm -f track_input.o
sed -e "s/^\!.*'.*//" -e "s/^ *\!.*'.*//" track_input.F > track_input.G
/lib/cpp -P -nostdinc -I/data1/home/marcos/WRF_old/new/WRF/inc -DEM_CORE=1 -DNMM_CORE=0 -DNMM_MAX_DIM=2600 -DDA_CORE=0 -DWRFPLUS=0 -DIWORDSIZE=4 -DDWORDSIZE=8 -DRWORDSIZE=4 -DLWORDSIZE=4 -DNONSTANDARD_SYSTEM_FUNC  -DWRF_USE_CLM -DRPC_TYPES=1  -DDM_PARALLEL -DNETCDF -DLANDREAD_STUB=1 -DUSE_ALLOCATABLES -Dwrfmodel -DGRIB1 -DINTIO -DKEEP_INT_AROUND -DLIMIT_ARGS -DBUILD_RRTMG_FAST=0 -DBUILD_RRTMK=0 -DBUILD_SBM_FAST=1 -DSHOW_ALL_VARS_USED=0 -DCONFIG_BUF_LEN=65536 -DMAX_DOMAINS_F=21 -DMAX_HISTORY=25 -DNMM_NEST=0  -I. -traditional-cpp   track_input.G  > track_input.bb
/data1/home/marcos/WRF_old/new/WRF/tools/standard.exe track_input.bb | /lib/cpp -P -nostdinc -traditional-cpp > track_input.f90
rm -f track_input.G track_input.bb
time /data1/sw/local/mpich/bin/mpif90 -f90=ifort -o track_input.o -c -O3 -ip -fp-model precise -w -ftz -align all -fno-alias -FR -convert big_endian    -I../dyn_em -I../dyn_nmm  -I/data1/home/marcos/WRF_old/new/WRF/external/esmf_time_f90  -I/data1/home/marcos/WRF_old/new/WRF/main -I/data1/home/marcos/WRF_old/new/WRF/external/io_netcdf -I/data1/home/marcos/WRF_old/new/WRF/external/io_int -I/data1/home/marcos/WRF_old/new/WRF/frame -I/data1/home/marcos/WRF_old/new/WRF/share -I/data1/home/marcos/WRF_old/new/WRF/phys -I/data1/home/marcos/WRF_old/new/WRF/wrftladj -I/data1/home/marcos/WRF_old/new/WRF/chem -I/data1/home/marcos/WRF_old/new/WRF/inc -I/home/marcos/libs/netcdf/include  -real-size `expr 8 \* 4` -i4  track_input.f90
rm -f set_timekeeping.o
sed -e "s/^\!.*'.*//" -e "s/^ *\!.*'.*//" set_timekeeping.F > set_timekeeping.G
/lib/cpp -P -nostdinc -I/data1/home/marcos/WRF_old/new/WRF/inc -DEM_CORE=1 -DNMM_CORE=0 -DNMM_MAX_DIM=2600 -DDA_CORE=0 -DWRFPLUS=0 -DIWORDSIZE=4 -DDWORDSIZE=8 -DRWORDSIZE=4 -DLWORDSIZE=4 -DNONSTANDARD_SYSTEM_FUNC  -DWRF_USE_CLM -DRPC_TYPES=1  -DDM_PARALLEL -DNETCDF -DLANDREAD_STUB=1 -DUSE_ALLOCATABLES -Dwrfmodel -DGRIB1 -DINTIO -DKEEP_INT_AROUND -DLIMIT_ARGS -DBUILD_RRTMG_FAST=0 -DBUILD_RRTMK=0 -DBUILD_SBM_FAST=1 -DSHOW_ALL_VARS_USED=0 -DCONFIG_BUF_LEN=65536 -DMAX_DOMAINS_F=21 -DMAX_HISTORY=25 -DNMM_NEST=0  -I. -traditional-cpp   set_timekeeping.G  > set_timekeeping.bb
/data1/home/marcos/WRF_old/new/WRF/tools/standard.exe set_timekeeping.bb | /lib/cpp -P -nostdinc -traditional-cpp > set_timekeeping.f90
rm -f set_timekeeping.G set_timekeeping.bb
time /data1/sw/local/mpich/bin/mpif90 -f90=ifort -o set_timekeeping.o -c -O3 -ip -fp-model precise -w -ftz -align all -fno-alias -FR -convert big_endian    -I../dyn_em -I../dyn_nmm  -I/data1/home/marcos/WRF_old/new/WRF/external/esmf_time_f90  -I/data1/home/marcos/WRF_old/new/WRF/main -I/data1/home/marcos/WRF_old/new/WRF/external/io_netcdf -I/data1/home/marcos/WRF_old/new/WRF/external/io_int -I/data1/home/marcos/WRF_old/new/WRF/frame -I/data1/home/marcos/WRF_old/new/WRF/share -I/data1/home/marcos/WRF_old/new/WRF/phys -I/data1/home/marcos/WRF_old/new/WRF/wrftladj -I/data1/home/marcos/WRF_old/new/WRF/chem -I/data1/home/marcos/WRF_old/new/WRF/inc -I/home/marcos/libs/netcdf/include  -real-size `expr 8 \* 4` -i4  set_timekeeping.f90
rm -f sint.o
sed -e "s/^\!.*'.*//" -e "s/^ *\!.*'.*//" sint.F > sint.G
/lib/cpp -P -nostdinc -I/data1/home/marcos/WRF_old/new/WRF/inc -DEM_CORE=1 -DNMM_CORE=0 -DNMM_MAX_DIM=2600 -DDA_CORE=0 -DWRFPLUS=0 -DIWORDSIZE=4 -DDWORDSIZE=8 -DRWORDSIZE=4 -DLWORDSIZE=4 -DNONSTANDARD_SYSTEM_FUNC  -DWRF_USE_CLM -DRPC_TYPES=1  -DDM_PARALLEL -DNETCDF -DLANDREAD_STUB=1 -DUSE_ALLOCATABLES -Dwrfmodel -DGRIB1 -DINTIO -DKEEP_INT_AROUND -DLIMIT_ARGS -DBUILD_RRTMG_FAST=0 -DBUILD_RRTMK=0 -DBUILD_SBM_FAST=1 -DSHOW_ALL_VARS_USED=0 -DCONFIG_BUF_LEN=65536 -DMAX_DOMAINS_F=21 -DMAX_HISTORY=25 -DNMM_NEST=0  -I. -traditional-cpp   sint.G  > sint.bb
/data1/home/marcos/WRF_old/new/WRF/tools/standard.exe sint.bb | /lib/cpp -P -nostdinc -traditional-cpp > sint.f90
rm -f sint.G sint.bb
time /data1/sw/local/mpich/bin/mpif90 -f90=ifort -o sint.o -c -O3 -ip -fp-model precise -w -ftz -align all -fno-alias -FR -convert big_endian    -I../dyn_em -I../dyn_nmm  -I/data1/home/marcos/WRF_old/new/WRF/external/esmf_time_f90  -I/data1/home/marcos/WRF_old/new/WRF/main -I/data1/home/marcos/WRF_old/new/WRF/external/io_netcdf -I/data1/home/marcos/WRF_old/new/WRF/external/io_int -I/data1/home/marcos/WRF_old/new/WRF/frame -I/data1/home/marcos/WRF_old/new/WRF/share -I/data1/home/marcos/WRF_old/new/WRF/phys -I/data1/home/marcos/WRF_old/new/WRF/wrftladj -I/data1/home/marcos/WRF_old/new/WRF/chem -I/data1/home/marcos/WRF_old/new/WRF/inc -I/home/marcos/libs/netcdf/include  -real-size `expr 8 \* 4` -i4  sint.f90
rm -f wrf_ext_write_field.o
/lib/cpp -P -nostdinc -I/data1/home/marcos/WRF_old/new/WRF/inc -DEM_CORE=1 -DNMM_CORE=0 -DNMM_MAX_DIM=2600 -DDA_CORE=0 -DWRFPLUS=0 -DIWORDSIZE=4 -DDWORDSIZE=8 -DRWORDSIZE=4 -DLWORDSIZE=4 -DNONSTANDARD_SYSTEM_FUNC  -DWRF_USE_CLM -DRPC_TYPES=1  -DDM_PARALLEL -DNETCDF -DLANDREAD_STUB=1 -DUSE_ALLOCATABLES -Dwrfmodel -DGRIB1 -DINTIO -DKEEP_INT_AROUND -DLIMIT_ARGS -DBUILD_RRTMG_FAST=0 -DBUILD_RRTMK=0 -DBUILD_SBM_FAST=1 -DSHOW_ALL_VARS_USED=0 -DCONFIG_BUF_LEN=65536 -DMAX_DOMAINS_F=21 -DMAX_HISTORY=25 -DNMM_NEST=0  -I. -traditional-cpp   wrf_ext_write_field.F  > wrf_ext_write_field.bb
/data1/home/marcos/WRF_old/new/WRF/tools/standard.exe wrf_ext_write_field.bb | /lib/cpp -P -nostdinc -traditional-cpp > wrf_ext_write_field.f90
rm -f wrf_ext_write_field.b wrf_ext_write_field.bb
time /data1/sw/local/mpich/bin/mpif90 -f90=ifort -c -real-size `expr 8 \* 4` -i4  -O0 -fno-inline -no-ip -ip -fp-model precise -w -ftz -align all -fno-alias -FR -convert big_endian   -I../dyn_em -I../dyn_nmm  -I/data1/home/marcos/WRF_old/new/WRF/external/esmf_time_f90  -I/data1/home/marcos/WRF_old/new/WRF/main -I/data1/home/marcos/WRF_old/new/WRF/external/io_netcdf -I/data1/home/marcos/WRF_old/new/WRF/external/io_int -I/data1/home/marcos/WRF_old/new/WRF/frame -I/data1/home/marcos/WRF_old/new/WRF/share -I/data1/home/marcos/WRF_old/new/WRF/phys -I/data1/home/marcos/WRF_old/new/WRF/wrftladj -I/data1/home/marcos/WRF_old/new/WRF/chem -I/data1/home/marcos/WRF_old/new/WRF/inc -I/home/marcos/libs/netcdf/include  wrf_ext_write_field.f90
rm -f wrf_ext_read_field.o
/lib/cpp -P -nostdinc -I/data1/home/marcos/WRF_old/new/WRF/inc -DEM_CORE=1 -DNMM_CORE=0 -DNMM_MAX_DIM=2600 -DDA_CORE=0 -DWRFPLUS=0 -DIWORDSIZE=4 -DDWORDSIZE=8 -DRWORDSIZE=4 -DLWORDSIZE=4 -DNONSTANDARD_SYSTEM_FUNC  -DWRF_USE_CLM -DRPC_TYPES=1  -DDM_PARALLEL -DNETCDF -DLANDREAD_STUB=1 -DUSE_ALLOCATABLES -Dwrfmodel -DGRIB1 -DINTIO -DKEEP_INT_AROUND -DLIMIT_ARGS -DBUILD_RRTMG_FAST=0 -DBUILD_RRTMK=0 -DBUILD_SBM_FAST=1 -DSHOW_ALL_VARS_USED=0 -DCONFIG_BUF_LEN=65536 -DMAX_DOMAINS_F=21 -DMAX_HISTORY=25 -DNMM_NEST=0  -I. -traditional-cpp   wrf_ext_read_field.F  > wrf_ext_read_field.bb
/data1/home/marcos/WRF_old/new/WRF/tools/standard.exe wrf_ext_read_field.bb | /lib/cpp -P -nostdinc -traditional-cpp > wrf_ext_read_field.f90
rm -f wrf_ext_read_field.b wrf_ext_read_field.bb
time /data1/sw/local/mpich/bin/mpif90 -f90=ifort -c -real-size `expr 8 \* 4` -i4  -O0 -fno-inline -no-ip -ip -fp-model precise -w -ftz -align all -fno-alias -FR -convert big_endian   -I../dyn_em -I../dyn_nmm  -I/data1/home/marcos/WRF_old/new/WRF/external/esmf_time_f90  -I/data1/home/marcos/WRF_old/new/WRF/main -I/data1/home/marcos/WRF_old/new/WRF/external/io_netcdf -I/data1/home/marcos/WRF_old/new/WRF/external/io_int -I/data1/home/marcos/WRF_old/new/WRF/frame -I/data1/home/marcos/WRF_old/new/WRF/share -I/data1/home/marcos/WRF_old/new/WRF/phys -I/data1/home/marcos/WRF_old/new/WRF/wrftladj -I/data1/home/marcos/WRF_old/new/WRF/chem -I/data1/home/marcos/WRF_old/new/WRF/inc -I/home/marcos/libs/netcdf/include  wrf_ext_read_field.f90
rm -f module_io_domain.o
sed -e "s/^\!.*'.*//" -e "s/^ *\!.*'.*//" module_io_domain.F > module_io_domain.G
/lib/cpp -P -nostdinc -I/data1/home/marcos/WRF_old/new/WRF/inc -DEM_CORE=1 -DNMM_CORE=0 -DNMM_MAX_DIM=2600 -DDA_CORE=0 -DWRFPLUS=0 -DIWORDSIZE=4 -DDWORDSIZE=8 -DRWORDSIZE=4 -DLWORDSIZE=4 -DNONSTANDARD_SYSTEM_FUNC  -DWRF_USE_CLM -DRPC_TYPES=1  -DDM_PARALLEL -DNETCDF -DLANDREAD_STUB=1 -DUSE_ALLOCATABLES -Dwrfmodel -DGRIB1 -DINTIO -DKEEP_INT_AROUND -DLIMIT_ARGS -DBUILD_RRTMG_FAST=0 -DBUILD_RRTMK=0 -DBUILD_SBM_FAST=1 -DSHOW_ALL_VARS_USED=0 -DCONFIG_BUF_LEN=65536 -DMAX_DOMAINS_F=21 -DMAX_HISTORY=25 -DNMM_NEST=0  -I. -traditional-cpp   module_io_domain.G  > module_io_domain.bb
/data1/home/marcos/WRF_old/new/WRF/tools/standard.exe module_io_domain.bb | /lib/cpp -P -nostdinc -traditional-cpp > module_io_domain.f90
rm -f module_io_domain.G module_io_domain.bb
time /data1/sw/local/mpich/bin/mpif90 -f90=ifort -o module_io_domain.o -c -O3 -ip -fp-model precise -w -ftz -align all -fno-alias -FR -convert big_endian    -I../dyn_em -I../dyn_nmm  -I/data1/home/marcos/WRF_old/new/WRF/external/esmf_time_f90  -I/data1/home/marcos/WRF_old/new/WRF/main -I/data1/home/marcos/WRF_old/new/WRF/external/io_netcdf -I/data1/home/marcos/WRF_old/new/WRF/external/io_int -I/data1/home/marcos/WRF_old/new/WRF/frame -I/data1/home/marcos/WRF_old/new/WRF/share -I/data1/home/marcos/WRF_old/new/WRF/phys -I/data1/home/marcos/WRF_old/new/WRF/wrftladj -I/data1/home/marcos/WRF_old/new/WRF/chem -I/data1/home/marcos/WRF_old/new/WRF/inc -I/home/marcos/libs/netcdf/include  -real-size `expr 8 \* 4` -i4  module_io_domain.f90
rm -f landread.o
/data1/sw/local/mpich/bin/mpicc -cc=icc -DFSEEKO64_OK  -o landread.o -c -w -O3 -ip  -DDM_PARALLEL -DLANDREAD_STUB=1 -DMAX_HISTORY=25 -DNMM_CORE=0 landread.c
rm -f wrf_fddaobs_in.o
/data1/home/marcos/WRF_old/new/WRF/tools/standard.exe wrf_fddaobs_in.F > wrf_fddaobs_in.b 
/lib/cpp -P -nostdinc -I/data1/home/marcos/WRF_old/new/WRF/inc -DEM_CORE=1 -DNMM_CORE=0 -DNMM_MAX_DIM=2600 -DDA_CORE=0 -DWRFPLUS=0 -DIWORDSIZE=4 -DDWORDSIZE=8 -DRWORDSIZE=4 -DLWORDSIZE=4 -DNONSTANDARD_SYSTEM_FUNC  -DWRF_USE_CLM -DRPC_TYPES=1  -DDM_PARALLEL -DNETCDF -DLANDREAD_STUB=1 -DUSE_ALLOCATABLES -Dwrfmodel -DGRIB1 -DINTIO -DKEEP_INT_AROUND -DLIMIT_ARGS -DBUILD_RRTMG_FAST=0 -DBUILD_RRTMK=0 -DBUILD_SBM_FAST=1 -DSHOW_ALL_VARS_USED=0 -DCONFIG_BUF_LEN=65536 -DMAX_DOMAINS_F=21 -DMAX_HISTORY=25 -DNMM_NEST=0  -I. -traditional-cpp   wrf_fddaobs_in.b  > wrf_fddaobs_in.f90
rm -f wrf_fddaobs_in.b
if fgrep -iq '!$OMP' wrf_fddaobs_in.f90 ; then \
          if [ -n "" ] ; then echo COMPILING wrf_fddaobs_in.F WITH OMP ; fi ; \
	  time /data1/sw/local/mpich/bin/mpif90 -f90=ifort -c -real-size `expr 8 \* 4` -i4 -O0 -fno-inline -no-ip -ip -fp-model precise -w -ftz -align all -fno-alias -FR -convert big_endian   -I../dyn_em -I../dyn_nmm  -I/data1/home/marcos/WRF_old/new/WRF/external/esmf_time_f90  -I/data1/home/marcos/WRF_old/new/WRF/main -I/data1/home/marcos/WRF_old/new/WRF/external/io_netcdf -I/data1/home/marcos/WRF_old/new/WRF/external/io_int -I/data1/home/marcos/WRF_old/new/WRF/frame -I/data1/home/marcos/WRF_old/new/WRF/share -I/data1/home/marcos/WRF_old/new/WRF/phys -I/data1/home/marcos/WRF_old/new/WRF/wrftladj -I/data1/home/marcos/WRF_old/new/WRF/chem -I/data1/home/marcos/WRF_old/new/WRF/inc -I/home/marcos/libs/netcdf/include    wrf_fddaobs_in.f90 ; \
        else \
          if [ -n "" ] ; then echo COMPILING wrf_fddaobs_in.F WITHOUT OMP ; fi ; \
	  time /data1/sw/local/mpich/bin/mpif90 -f90=ifort -c -real-size `expr 8 \* 4` -i4 -O0 -fno-inline -no-ip -ip -fp-model precise -w -ftz -align all -fno-alias -FR -convert big_endian   -I../dyn_em -I../dyn_nmm  -I/data1/home/marcos/WRF_old/new/WRF/external/esmf_time_f90  -I/data1/home/marcos/WRF_old/new/WRF/main -I/data1/home/marcos/WRF_old/new/WRF/external/io_netcdf -I/data1/home/marcos/WRF_old/new/WRF/external/io_int -I/data1/home/marcos/WRF_old/new/WRF/frame -I/data1/home/marcos/WRF_old/new/WRF/share -I/data1/home/marcos/WRF_old/new/WRF/phys -I/data1/home/marcos/WRF_old/new/WRF/wrftladj -I/data1/home/marcos/WRF_old/new/WRF/chem -I/data1/home/marcos/WRF_old/new/WRF/inc -I/home/marcos/libs/netcdf/include   wrf_fddaobs_in.f90 ; \
        fi
rm -f setfeenv.o
icc -o setfeenv.o -c -w -O3 -ip  -DDM_PARALLEL -DLANDREAD_STUB=1 -DMAX_HISTORY=25 -DNMM_CORE=0  setfeenv.c
rm -f input_wrf.o
/lib/cpp -P -nostdinc -I/data1/home/marcos/WRF_old/new/WRF/inc -DEM_CORE=1 -DNMM_CORE=0 -DNMM_MAX_DIM=2600 -DDA_CORE=0 -DWRFPLUS=0 -DIWORDSIZE=4 -DDWORDSIZE=8 -DRWORDSIZE=4 -DLWORDSIZE=4 -DNONSTANDARD_SYSTEM_FUNC  -DWRF_USE_CLM -DRPC_TYPES=1  -DDM_PARALLEL -DNETCDF -DLANDREAD_STUB=1 -DUSE_ALLOCATABLES -Dwrfmodel -DGRIB1 -DINTIO -DKEEP_INT_AROUND -DLIMIT_ARGS -DBUILD_RRTMG_FAST=0 -DBUILD_RRTMK=0 -DBUILD_SBM_FAST=1 -DSHOW_ALL_VARS_USED=0 -DCONFIG_BUF_LEN=65536 -DMAX_DOMAINS_F=21 -DMAX_HISTORY=25 -DNMM_NEST=0  -I. -traditional-cpp   input_wrf.F  > input_wrf.bb
/data1/home/marcos/WRF_old/new/WRF/tools/standard.exe input_wrf.bb | /lib/cpp -P -nostdinc -traditional-cpp > input_wrf.f90
rm -f input_wrf.b input_wrf.bb
time /data1/sw/local/mpich/bin/mpif90 -f90=ifort -c -real-size `expr 8 \* 4` -i4  -O0 -fno-inline -no-ip -ip -fp-model precise -w -ftz -align all -fno-alias -FR -convert big_endian   -I../dyn_em -I../dyn_nmm  -I/data1/home/marcos/WRF_old/new/WRF/external/esmf_time_f90  -I/data1/home/marcos/WRF_old/new/WRF/main -I/data1/home/marcos/WRF_old/new/WRF/external/io_netcdf -I/data1/home/marcos/WRF_old/new/WRF/external/io_int -I/data1/home/marcos/WRF_old/new/WRF/frame -I/data1/home/marcos/WRF_old/new/WRF/share -I/data1/home/marcos/WRF_old/new/WRF/phys -I/data1/home/marcos/WRF_old/new/WRF/wrftladj -I/data1/home/marcos/WRF_old/new/WRF/chem -I/data1/home/marcos/WRF_old/new/WRF/inc -I/home/marcos/libs/netcdf/include  input_wrf.f90
rm -f output_wrf.o
/data1/home/marcos/WRF_old/new/WRF/tools/standard.exe output_wrf.F > output_wrf.b 
/lib/cpp -P -nostdinc -I/data1/home/marcos/WRF_old/new/WRF/inc -DEM_CORE=1 -DNMM_CORE=0 -DNMM_MAX_DIM=2600 -DDA_CORE=0 -DWRFPLUS=0 -DIWORDSIZE=4 -DDWORDSIZE=8 -DRWORDSIZE=4 -DLWORDSIZE=4 -DNONSTANDARD_SYSTEM_FUNC  -DWRF_USE_CLM -DRPC_TYPES=1  -DDM_PARALLEL -DNETCDF -DLANDREAD_STUB=1 -DUSE_ALLOCATABLES -Dwrfmodel -DGRIB1 -DINTIO -DKEEP_INT_AROUND -DLIMIT_ARGS -DBUILD_RRTMG_FAST=0 -DBUILD_RRTMK=0 -DBUILD_SBM_FAST=1 -DSHOW_ALL_VARS_USED=0 -DCONFIG_BUF_LEN=65536 -DMAX_DOMAINS_F=21 -DMAX_HISTORY=25 -DNMM_NEST=0  -I. -traditional-cpp   output_wrf.b  > output_wrf.f90
rm -f wrf_bdyout.o
rm -f output_wrf.b
/lib/cpp -P -nostdinc -I/data1/home/marcos/WRF_old/new/WRF/inc -DEM_CORE=1 -DNMM_CORE=0 -DNMM_MAX_DIM=2600 -DDA_CORE=0 -DWRFPLUS=0 -DIWORDSIZE=4 -DDWORDSIZE=8 -DRWORDSIZE=4 -DLWORDSIZE=4 -DNONSTANDARD_SYSTEM_FUNC  -DWRF_USE_CLM -DRPC_TYPES=1  -DDM_PARALLEL -DNETCDF -DLANDREAD_STUB=1 -DUSE_ALLOCATABLES -Dwrfmodel -DGRIB1 -DINTIO -DKEEP_INT_AROUND -DLIMIT_ARGS -DBUILD_RRTMG_FAST=0 -DBUILD_RRTMK=0 -DBUILD_SBM_FAST=1 -DSHOW_ALL_VARS_USED=0 -DCONFIG_BUF_LEN=65536 -DMAX_DOMAINS_F=21 -DMAX_HISTORY=25 -DNMM_NEST=0  -I. -traditional-cpp   wrf_bdyout.F  > wrf_bdyout.bb
if fgrep -iq '!$OMP' output_wrf.f90 ; then \
          if [ -n "" ] ; then echo COMPILING output_wrf.F WITH OMP ; fi ; \
	  time /data1/sw/local/mpich/bin/mpif90 -f90=ifort -c -real-size `expr 8 \* 4` -i4 -O0 -fno-inline -no-ip -ip -fp-model precise -w -ftz -align all -fno-alias -FR -convert big_endian   -I../dyn_em -I../dyn_nmm  -I/data1/home/marcos/WRF_old/new/WRF/external/esmf_time_f90  -I/data1/home/marcos/WRF_old/new/WRF/main -I/data1/home/marcos/WRF_old/new/WRF/external/io_netcdf -I/data1/home/marcos/WRF_old/new/WRF/external/io_int -I/data1/home/marcos/WRF_old/new/WRF/frame -I/data1/home/marcos/WRF_old/new/WRF/share -I/data1/home/marcos/WRF_old/new/WRF/phys -I/data1/home/marcos/WRF_old/new/WRF/wrftladj -I/data1/home/marcos/WRF_old/new/WRF/chem -I/data1/home/marcos/WRF_old/new/WRF/inc -I/home/marcos/libs/netcdf/include    output_wrf.f90 ; \
        else \
          if [ -n "" ] ; then echo COMPILING output_wrf.F WITHOUT OMP ; fi ; \
	  time /data1/sw/local/mpich/bin/mpif90 -f90=ifort -c -real-size `expr 8 \* 4` -i4 -O0 -fno-inline -no-ip -ip -fp-model precise -w -ftz -align all -fno-alias -FR -convert big_endian   -I../dyn_em -I../dyn_nmm  -I/data1/home/marcos/WRF_old/new/WRF/external/esmf_time_f90  -I/data1/home/marcos/WRF_old/new/WRF/main -I/data1/home/marcos/WRF_old/new/WRF/external/io_netcdf -I/data1/home/marcos/WRF_old/new/WRF/external/io_int -I/data1/home/marcos/WRF_old/new/WRF/frame -I/data1/home/marcos/WRF_old/new/WRF/share -I/data1/home/marcos/WRF_old/new/WRF/phys -I/data1/home/marcos/WRF_old/new/WRF/wrftladj -I/data1/home/marcos/WRF_old/new/WRF/chem -I/data1/home/marcos/WRF_old/new/WRF/inc -I/home/marcos/libs/netcdf/include   output_wrf.f90 ; \
        fi
/data1/home/marcos/WRF_old/new/WRF/tools/standard.exe wrf_bdyout.bb | /lib/cpp -P -nostdinc -traditional-cpp > wrf_bdyout.f90
rm -f wrf_bdyout.b wrf_bdyout.bb
time /data1/sw/local/mpich/bin/mpif90 -f90=ifort -c -real-size `expr 8 \* 4` -i4  -O0 -fno-inline -no-ip -ip -fp-model precise -w -ftz -align all -fno-alias -FR -convert big_endian   -I../dyn_em -I../dyn_nmm  -I/data1/home/marcos/WRF_old/new/WRF/external/esmf_time_f90  -I/data1/home/marcos/WRF_old/new/WRF/main -I/data1/home/marcos/WRF_old/new/WRF/external/io_netcdf -I/data1/home/marcos/WRF_old/new/WRF/external/io_int -I/data1/home/marcos/WRF_old/new/WRF/frame -I/data1/home/marcos/WRF_old/new/WRF/share -I/data1/home/marcos/WRF_old/new/WRF/phys -I/data1/home/marcos/WRF_old/new/WRF/wrftladj -I/data1/home/marcos/WRF_old/new/WRF/chem -I/data1/home/marcos/WRF_old/new/WRF/inc -I/home/marcos/libs/netcdf/include  wrf_bdyout.f90
rm -f wrf_bdyin.o
/lib/cpp -P -nostdinc -I/data1/home/marcos/WRF_old/new/WRF/inc -DEM_CORE=1 -DNMM_CORE=0 -DNMM_MAX_DIM=2600 -DDA_CORE=0 -DWRFPLUS=0 -DIWORDSIZE=4 -DDWORDSIZE=8 -DRWORDSIZE=4 -DLWORDSIZE=4 -DNONSTANDARD_SYSTEM_FUNC  -DWRF_USE_CLM -DRPC_TYPES=1  -DDM_PARALLEL -DNETCDF -DLANDREAD_STUB=1 -DUSE_ALLOCATABLES -Dwrfmodel -DGRIB1 -DINTIO -DKEEP_INT_AROUND -DLIMIT_ARGS -DBUILD_RRTMG_FAST=0 -DBUILD_RRTMK=0 -DBUILD_SBM_FAST=1 -DSHOW_ALL_VARS_USED=0 -DCONFIG_BUF_LEN=65536 -DMAX_DOMAINS_F=21 -DMAX_HISTORY=25 -DNMM_NEST=0  -I. -traditional-cpp   wrf_bdyin.F  > wrf_bdyin.bb
/data1/home/marcos/WRF_old/new/WRF/tools/standard.exe wrf_bdyin.bb | /lib/cpp -P -nostdinc -traditional-cpp > wrf_bdyin.f90
rm -f wrf_bdyin.b wrf_bdyin.bb
time /data1/sw/local/mpich/bin/mpif90 -f90=ifort -c -real-size `expr 8 \* 4` -i4  -O0 -fno-inline -no-ip -ip -fp-model precise -w -ftz -align all -fno-alias -FR -convert big_endian   -I../dyn_em -I../dyn_nmm  -I/data1/home/marcos/WRF_old/new/WRF/external/esmf_time_f90  -I/data1/home/marcos/WRF_old/new/WRF/main -I/data1/home/marcos/WRF_old/new/WRF/external/io_netcdf -I/data1/home/marcos/WRF_old/new/WRF/external/io_int -I/data1/home/marcos/WRF_old/new/WRF/frame -I/data1/home/marcos/WRF_old/new/WRF/share -I/data1/home/marcos/WRF_old/new/WRF/phys -I/data1/home/marcos/WRF_old/new/WRF/wrftladj -I/data1/home/marcos/WRF_old/new/WRF/chem -I/data1/home/marcos/WRF_old/new/WRF/inc -I/home/marcos/libs/netcdf/include  wrf_bdyin.f90
rm -f dfi.o
sed -e "s/^\!.*'.*//" -e "s/^ *\!.*'.*//" dfi.F > dfi.G
/lib/cpp -P -nostdinc -I/data1/home/marcos/WRF_old/new/WRF/inc -DEM_CORE=1 -DNMM_CORE=0 -DNMM_MAX_DIM=2600 -DDA_CORE=0 -DWRFPLUS=0 -DIWORDSIZE=4 -DDWORDSIZE=8 -DRWORDSIZE=4 -DLWORDSIZE=4 -DNONSTANDARD_SYSTEM_FUNC  -DWRF_USE_CLM -DRPC_TYPES=1  -DDM_PARALLEL -DNETCDF -DLANDREAD_STUB=1 -DUSE_ALLOCATABLES -Dwrfmodel -DGRIB1 -DINTIO -DKEEP_INT_AROUND -DLIMIT_ARGS -DBUILD_RRTMG_FAST=0 -DBUILD_RRTMK=0 -DBUILD_SBM_FAST=1 -DSHOW_ALL_VARS_USED=0 -DCONFIG_BUF_LEN=65536 -DMAX_DOMAINS_F=21 -DMAX_HISTORY=25 -DNMM_NEST=0  -I. -traditional-cpp   dfi.G  > dfi.bb
/data1/home/marcos/WRF_old/new/WRF/tools/standard.exe dfi.bb | /lib/cpp -P -nostdinc -traditional-cpp > dfi.f90
rm -f dfi.G dfi.bb
time /data1/sw/local/mpich/bin/mpif90 -f90=ifort -o dfi.o -c -O3 -ip -fp-model precise -w -ftz -align all -fno-alias -FR -convert big_endian    -I../dyn_em -I../dyn_nmm  -I/data1/home/marcos/WRF_old/new/WRF/external/esmf_time_f90  -I/data1/home/marcos/WRF_old/new/WRF/main -I/data1/home/marcos/WRF_old/new/WRF/external/io_netcdf -I/data1/home/marcos/WRF_old/new/WRF/external/io_int -I/data1/home/marcos/WRF_old/new/WRF/frame -I/data1/home/marcos/WRF_old/new/WRF/share -I/data1/home/marcos/WRF_old/new/WRF/phys -I/data1/home/marcos/WRF_old/new/WRF/wrftladj -I/data1/home/marcos/WRF_old/new/WRF/chem -I/data1/home/marcos/WRF_old/new/WRF/inc -I/home/marcos/libs/netcdf/include  -real-size `expr 8 \* 4` -i4  dfi.f90
rm -f mediation_integrate.o
sed -e "s/^\!.*'.*//" -e "s/^ *\!.*'.*//" mediation_integrate.F > mediation_integrate.G
/lib/cpp -P -nostdinc -I/data1/home/marcos/WRF_old/new/WRF/inc -DEM_CORE=1 -DNMM_CORE=0 -DNMM_MAX_DIM=2600 -DDA_CORE=0 -DWRFPLUS=0 -DIWORDSIZE=4 -DDWORDSIZE=8 -DRWORDSIZE=4 -DLWORDSIZE=4 -DNONSTANDARD_SYSTEM_FUNC  -DWRF_USE_CLM -DRPC_TYPES=1  -DDM_PARALLEL -DNETCDF -DLANDREAD_STUB=1 -DUSE_ALLOCATABLES -Dwrfmodel -DGRIB1 -DINTIO -DKEEP_INT_AROUND -DLIMIT_ARGS -DBUILD_RRTMG_FAST=0 -DBUILD_RRTMK=0 -DBUILD_SBM_FAST=1 -DSHOW_ALL_VARS_USED=0 -DCONFIG_BUF_LEN=65536 -DMAX_DOMAINS_F=21 -DMAX_HISTORY=25 -DNMM_NEST=0  -I. -traditional-cpp   mediation_integrate.G  > mediation_integrate.bb
/data1/home/marcos/WRF_old/new/WRF/tools/standard.exe mediation_integrate.bb | /lib/cpp -P -nostdinc -traditional-cpp > mediation_integrate.f90
rm -f mediation_integrate.G mediation_integrate.bb
time /data1/sw/local/mpich/bin/mpif90 -f90=ifort -o mediation_integrate.o -c -O3 -ip -fp-model precise -w -ftz -align all -fno-alias -FR -convert big_endian    -I../dyn_em -I../dyn_nmm  -I/data1/home/marcos/WRF_old/new/WRF/external/esmf_time_f90  -I/data1/home/marcos/WRF_old/new/WRF/main -I/data1/home/marcos/WRF_old/new/WRF/external/io_netcdf -I/data1/home/marcos/WRF_old/new/WRF/external/io_int -I/data1/home/marcos/WRF_old/new/WRF/frame -I/data1/home/marcos/WRF_old/new/WRF/share -I/data1/home/marcos/WRF_old/new/WRF/phys -I/data1/home/marcos/WRF_old/new/WRF/wrftladj -I/data1/home/marcos/WRF_old/new/WRF/chem -I/data1/home/marcos/WRF_old/new/WRF/inc -I/home/marcos/libs/netcdf/include  -real-size `expr 8 \* 4` -i4  mediation_integrate.f90
rm -f mediation_wrfmain.o
sed -e "s/^\!.*'.*//" -e "s/^ *\!.*'.*//" mediation_wrfmain.F > mediation_wrfmain.G
/lib/cpp -P -nostdinc -I/data1/home/marcos/WRF_old/new/WRF/inc -DEM_CORE=1 -DNMM_CORE=0 -DNMM_MAX_DIM=2600 -DDA_CORE=0 -DWRFPLUS=0 -DIWORDSIZE=4 -DDWORDSIZE=8 -DRWORDSIZE=4 -DLWORDSIZE=4 -DNONSTANDARD_SYSTEM_FUNC  -DWRF_USE_CLM -DRPC_TYPES=1  -DDM_PARALLEL -DNETCDF -DLANDREAD_STUB=1 -DUSE_ALLOCATABLES -Dwrfmodel -DGRIB1 -DINTIO -DKEEP_INT_AROUND -DLIMIT_ARGS -DBUILD_RRTMG_FAST=0 -DBUILD_RRTMK=0 -DBUILD_SBM_FAST=1 -DSHOW_ALL_VARS_USED=0 -DCONFIG_BUF_LEN=65536 -DMAX_DOMAINS_F=21 -DMAX_HISTORY=25 -DNMM_NEST=0  -I. -traditional-cpp   mediation_wrfmain.G  > mediation_wrfmain.bb
/data1/home/marcos/WRF_old/new/WRF/tools/standard.exe mediation_wrfmain.bb | /lib/cpp -P -nostdinc -traditional-cpp > mediation_wrfmain.f90
rm -f mediation_wrfmain.G mediation_wrfmain.bb
time /data1/sw/local/mpich/bin/mpif90 -f90=ifort -o mediation_wrfmain.o -c -O3 -ip -fp-model precise -w -ftz -align all -fno-alias -FR -convert big_endian    -I../dyn_em -I../dyn_nmm  -I/data1/home/marcos/WRF_old/new/WRF/external/esmf_time_f90  -I/data1/home/marcos/WRF_old/new/WRF/main -I/data1/home/marcos/WRF_old/new/WRF/external/io_netcdf -I/data1/home/marcos/WRF_old/new/WRF/external/io_int -I/data1/home/marcos/WRF_old/new/WRF/frame -I/data1/home/marcos/WRF_old/new/WRF/share -I/data1/home/marcos/WRF_old/new/WRF/phys -I/data1/home/marcos/WRF_old/new/WRF/wrftladj -I/data1/home/marcos/WRF_old/new/WRF/chem -I/data1/home/marcos/WRF_old/new/WRF/inc -I/home/marcos/libs/netcdf/include  -real-size `expr 8 \* 4` -i4  mediation_wrfmain.f90
rm -f module_random.o
sed -e "s/^\!.*'.*//" -e "s/^ *\!.*'.*//" module_random.F > module_random.G
/lib/cpp -P -nostdinc -I/data1/home/marcos/WRF_old/new/WRF/inc -DEM_CORE=1 -DNMM_CORE=0 -DNMM_MAX_DIM=2600 -DDA_CORE=0 -DWRFPLUS=0 -DIWORDSIZE=4 -DDWORDSIZE=8 -DRWORDSIZE=4 -DLWORDSIZE=4 -DNONSTANDARD_SYSTEM_FUNC  -DWRF_USE_CLM -DRPC_TYPES=1  -DDM_PARALLEL -DNETCDF -DLANDREAD_STUB=1 -DUSE_ALLOCATABLES -Dwrfmodel -DGRIB1 -DINTIO -DKEEP_INT_AROUND -DLIMIT_ARGS -DBUILD_RRTMG_FAST=0 -DBUILD_RRTMK=0 -DBUILD_SBM_FAST=1 -DSHOW_ALL_VARS_USED=0 -DCONFIG_BUF_LEN=65536 -DMAX_DOMAINS_F=21 -DMAX_HISTORY=25 -DNMM_NEST=0  -I. -traditional-cpp   module_random.G  > module_random.bb
/data1/home/marcos/WRF_old/new/WRF/tools/standard.exe module_random.bb | /lib/cpp -P -nostdinc -traditional-cpp > module_random.f90
rm -f module_random.G module_random.bb
time /data1/sw/local/mpich/bin/mpif90 -f90=ifort -o module_random.o -c -O3 -ip -fp-model precise -w -ftz -align all -fno-alias -FR -convert big_endian    -I../dyn_em -I../dyn_nmm  -I/data1/home/marcos/WRF_old/new/WRF/external/esmf_time_f90  -I/data1/home/marcos/WRF_old/new/WRF/main -I/data1/home/marcos/WRF_old/new/WRF/external/io_netcdf -I/data1/home/marcos/WRF_old/new/WRF/external/io_int -I/data1/home/marcos/WRF_old/new/WRF/frame -I/data1/home/marcos/WRF_old/new/WRF/share -I/data1/home/marcos/WRF_old/new/WRF/phys -I/data1/home/marcos/WRF_old/new/WRF/wrftladj -I/data1/home/marcos/WRF_old/new/WRF/chem -I/data1/home/marcos/WRF_old/new/WRF/inc -I/home/marcos/libs/netcdf/include  -real-size `expr 8 \* 4` -i4  module_random.f90
rm -f module_interp_nmm.o
sed -e "s/^\!.*'.*//" -e "s/^ *\!.*'.*//" module_interp_nmm.F > module_interp_nmm.G
/lib/cpp -P -nostdinc -I/data1/home/marcos/WRF_old/new/WRF/inc -DEM_CORE=1 -DNMM_CORE=0 -DNMM_MAX_DIM=2600 -DDA_CORE=0 -DWRFPLUS=0 -DIWORDSIZE=4 -DDWORDSIZE=8 -DRWORDSIZE=4 -DLWORDSIZE=4 -DNONSTANDARD_SYSTEM_FUNC  -DWRF_USE_CLM -DRPC_TYPES=1  -DDM_PARALLEL -DNETCDF -DLANDREAD_STUB=1 -DUSE_ALLOCATABLES -Dwrfmodel -DGRIB1 -DINTIO -DKEEP_INT_AROUND -DLIMIT_ARGS -DBUILD_RRTMG_FAST=0 -DBUILD_RRTMK=0 -DBUILD_SBM_FAST=1 -DSHOW_ALL_VARS_USED=0 -DCONFIG_BUF_LEN=65536 -DMAX_DOMAINS_F=21 -DMAX_HISTORY=25 -DNMM_NEST=0  -I. -traditional-cpp   module_interp_nmm.G  > module_interp_nmm.bb
/data1/home/marcos/WRF_old/new/WRF/tools/standard.exe module_interp_nmm.bb | /lib/cpp -P -nostdinc -traditional-cpp > module_interp_nmm.f90
rm -f module_interp_nmm.G module_interp_nmm.bb
time /data1/sw/local/mpich/bin/mpif90 -f90=ifort -o module_interp_nmm.o -c -O3 -ip -fp-model precise -w -ftz -align all -fno-alias -FR -convert big_endian    -I../dyn_em -I../dyn_nmm  -I/data1/home/marcos/WRF_old/new/WRF/external/esmf_time_f90  -I/data1/home/marcos/WRF_old/new/WRF/main -I/data1/home/marcos/WRF_old/new/WRF/external/io_netcdf -I/data1/home/marcos/WRF_old/new/WRF/external/io_int -I/data1/home/marcos/WRF_old/new/WRF/frame -I/data1/home/marcos/WRF_old/new/WRF/share -I/data1/home/marcos/WRF_old/new/WRF/phys -I/data1/home/marcos/WRF_old/new/WRF/wrftladj -I/data1/home/marcos/WRF_old/new/WRF/chem -I/data1/home/marcos/WRF_old/new/WRF/inc -I/home/marcos/libs/netcdf/include  -real-size `expr 8 \* 4` -i4  module_interp_nmm.f90
rm -f module_trajectory.o
sed -e "s/^\!.*'.*//" -e "s/^ *\!.*'.*//" module_trajectory.F > module_trajectory.G
/lib/cpp -P -nostdinc -I/data1/home/marcos/WRF_old/new/WRF/inc -DEM_CORE=1 -DNMM_CORE=0 -DNMM_MAX_DIM=2600 -DDA_CORE=0 -DWRFPLUS=0 -DIWORDSIZE=4 -DDWORDSIZE=8 -DRWORDSIZE=4 -DLWORDSIZE=4 -DNONSTANDARD_SYSTEM_FUNC  -DWRF_USE_CLM -DRPC_TYPES=1  -DDM_PARALLEL -DNETCDF -DLANDREAD_STUB=1 -DUSE_ALLOCATABLES -Dwrfmodel -DGRIB1 -DINTIO -DKEEP_INT_AROUND -DLIMIT_ARGS -DBUILD_RRTMG_FAST=0 -DBUILD_RRTMK=0 -DBUILD_SBM_FAST=1 -DSHOW_ALL_VARS_USED=0 -DCONFIG_BUF_LEN=65536 -DMAX_DOMAINS_F=21 -DMAX_HISTORY=25 -DNMM_NEST=0  -I. -traditional-cpp   module_trajectory.G  > module_trajectory.bb
/data1/home/marcos/WRF_old/new/WRF/tools/standard.exe module_trajectory.bb | /lib/cpp -P -nostdinc -traditional-cpp > module_trajectory.f90
rm -f module_trajectory.G module_trajectory.bb
time /data1/sw/local/mpich/bin/mpif90 -f90=ifort -o module_trajectory.o -c -O3 -ip -fp-model precise -w -ftz -align all -fno-alias -FR -convert big_endian    -I../dyn_em -I../dyn_nmm  -I/data1/home/marcos/WRF_old/new/WRF/external/esmf_time_f90  -I/data1/home/marcos/WRF_old/new/WRF/main -I/data1/home/marcos/WRF_old/new/WRF/external/io_netcdf -I/data1/home/marcos/WRF_old/new/WRF/external/io_int -I/data1/home/marcos/WRF_old/new/WRF/frame -I/data1/home/marcos/WRF_old/new/WRF/share -I/data1/home/marcos/WRF_old/new/WRF/phys -I/data1/home/marcos/WRF_old/new/WRF/wrftladj -I/data1/home/marcos/WRF_old/new/WRF/chem -I/data1/home/marcos/WRF_old/new/WRF/inc -I/home/marcos/libs/netcdf/include  -real-size `expr 8 \* 4` -i4  module_trajectory.f90
rm -f wrf_timeseries.o
sed -e "s/^\!.*'.*//" -e "s/^ *\!.*'.*//" wrf_timeseries.F > wrf_timeseries.G
/lib/cpp -P -nostdinc -I/data1/home/marcos/WRF_old/new/WRF/inc -DEM_CORE=1 -DNMM_CORE=0 -DNMM_MAX_DIM=2600 -DDA_CORE=0 -DWRFPLUS=0 -DIWORDSIZE=4 -DDWORDSIZE=8 -DRWORDSIZE=4 -DLWORDSIZE=4 -DNONSTANDARD_SYSTEM_FUNC  -DWRF_USE_CLM -DRPC_TYPES=1  -DDM_PARALLEL -DNETCDF -DLANDREAD_STUB=1 -DUSE_ALLOCATABLES -Dwrfmodel -DGRIB1 -DINTIO -DKEEP_INT_AROUND -DLIMIT_ARGS -DBUILD_RRTMG_FAST=0 -DBUILD_RRTMK=0 -DBUILD_SBM_FAST=1 -DSHOW_ALL_VARS_USED=0 -DCONFIG_BUF_LEN=65536 -DMAX_DOMAINS_F=21 -DMAX_HISTORY=25 -DNMM_NEST=0  -I. -traditional-cpp   wrf_timeseries.G  > wrf_timeseries.bb
/data1/home/marcos/WRF_old/new/WRF/tools/standard.exe wrf_timeseries.bb | /lib/cpp -P -nostdinc -traditional-cpp > wrf_timeseries.f90
rm -f wrf_timeseries.G wrf_timeseries.bb
time /data1/sw/local/mpich/bin/mpif90 -f90=ifort -o wrf_timeseries.o -c -O3 -ip -fp-model precise -w -ftz -align all -fno-alias -FR -convert big_endian    -I../dyn_em -I../dyn_nmm  -I/data1/home/marcos/WRF_old/new/WRF/external/esmf_time_f90  -I/data1/home/marcos/WRF_old/new/WRF/main -I/data1/home/marcos/WRF_old/new/WRF/external/io_netcdf -I/data1/home/marcos/WRF_old/new/WRF/external/io_int -I/data1/home/marcos/WRF_old/new/WRF/frame -I/data1/home/marcos/WRF_old/new/WRF/share -I/data1/home/marcos/WRF_old/new/WRF/phys -I/data1/home/marcos/WRF_old/new/WRF/wrftladj -I/data1/home/marcos/WRF_old/new/WRF/chem -I/data1/home/marcos/WRF_old/new/WRF/inc -I/home/marcos/libs/netcdf/include  -real-size `expr 8 \* 4` -i4  wrf_timeseries.f90
rm -f track_driver.o
/data1/home/marcos/WRF_old/new/WRF/tools/standard.exe track_driver.F > track_driver.b 
/lib/cpp -P -nostdinc -I/data1/home/marcos/WRF_old/new/WRF/inc -DEM_CORE=1 -DNMM_CORE=0 -DNMM_MAX_DIM=2600 -DDA_CORE=0 -DWRFPLUS=0 -DIWORDSIZE=4 -DDWORDSIZE=8 -DRWORDSIZE=4 -DLWORDSIZE=4 -DNONSTANDARD_SYSTEM_FUNC  -DWRF_USE_CLM -DRPC_TYPES=1  -DDM_PARALLEL -DNETCDF -DLANDREAD_STUB=1 -DUSE_ALLOCATABLES -Dwrfmodel -DGRIB1 -DINTIO -DKEEP_INT_AROUND -DLIMIT_ARGS -DBUILD_RRTMG_FAST=0 -DBUILD_RRTMK=0 -DBUILD_SBM_FAST=1 -DSHOW_ALL_VARS_USED=0 -DCONFIG_BUF_LEN=65536 -DMAX_DOMAINS_F=21 -DMAX_HISTORY=25 -DNMM_NEST=0  -I. -traditional-cpp   track_driver.b  > track_driver.f90
rm -f track_driver.b
if fgrep -iq '!$OMP' track_driver.f90 ; then \
          if [ -n "" ] ; then echo COMPILING track_driver.F WITH OMP ; fi ; \
	  time /data1/sw/local/mpich/bin/mpif90 -f90=ifort -c -real-size `expr 8 \* 4` -i4 -O0 -fno-inline -no-ip -ip -fp-model precise -w -ftz -align all -fno-alias -FR -convert big_endian   -I../dyn_em -I../dyn_nmm  -I/data1/home/marcos/WRF_old/new/WRF/external/esmf_time_f90  -I/data1/home/marcos/WRF_old/new/WRF/main -I/data1/home/marcos/WRF_old/new/WRF/external/io_netcdf -I/data1/home/marcos/WRF_old/new/WRF/external/io_int -I/data1/home/marcos/WRF_old/new/WRF/frame -I/data1/home/marcos/WRF_old/new/WRF/share -I/data1/home/marcos/WRF_old/new/WRF/phys -I/data1/home/marcos/WRF_old/new/WRF/wrftladj -I/data1/home/marcos/WRF_old/new/WRF/chem -I/data1/home/marcos/WRF_old/new/WRF/inc -I/home/marcos/libs/netcdf/include    track_driver.f90 ; \
        else \
          if [ -n "" ] ; then echo COMPILING track_driver.F WITHOUT OMP ; fi ; \
	  time /data1/sw/local/mpich/bin/mpif90 -f90=ifort -c -real-size `expr 8 \* 4` -i4 -O0 -fno-inline -no-ip -ip -fp-model precise -w -ftz -align all -fno-alias -FR -convert big_endian   -I../dyn_em -I../dyn_nmm  -I/data1/home/marcos/WRF_old/new/WRF/external/esmf_time_f90  -I/data1/home/marcos/WRF_old/new/WRF/main -I/data1/home/marcos/WRF_old/new/WRF/external/io_netcdf -I/data1/home/marcos/WRF_old/new/WRF/external/io_int -I/data1/home/marcos/WRF_old/new/WRF/frame -I/data1/home/marcos/WRF_old/new/WRF/share -I/data1/home/marcos/WRF_old/new/WRF/phys -I/data1/home/marcos/WRF_old/new/WRF/wrftladj -I/data1/home/marcos/WRF_old/new/WRF/chem -I/data1/home/marcos/WRF_old/new/WRF/inc -I/home/marcos/libs/netcdf/include   track_driver.f90 ; \
        fi
rm -f init_modules.o
sed -e "s/^\!.*'.*//" -e "s/^ *\!.*'.*//" init_modules.F > init_modules.G
/lib/cpp -P -nostdinc -I/data1/home/marcos/WRF_old/new/WRF/inc -DEM_CORE=1 -DNMM_CORE=0 -DNMM_MAX_DIM=2600 -DDA_CORE=0 -DWRFPLUS=0 -DIWORDSIZE=4 -DDWORDSIZE=8 -DRWORDSIZE=4 -DLWORDSIZE=4 -DNONSTANDARD_SYSTEM_FUNC  -DWRF_USE_CLM -DRPC_TYPES=1  -DDM_PARALLEL -DNETCDF -DLANDREAD_STUB=1 -DUSE_ALLOCATABLES -Dwrfmodel -DGRIB1 -DINTIO -DKEEP_INT_AROUND -DLIMIT_ARGS -DBUILD_RRTMG_FAST=0 -DBUILD_RRTMK=0 -DBUILD_SBM_FAST=1 -DSHOW_ALL_VARS_USED=0 -DCONFIG_BUF_LEN=65536 -DMAX_DOMAINS_F=21 -DMAX_HISTORY=25 -DNMM_NEST=0  -I. -traditional-cpp   init_modules.G  > init_modules.bb
/data1/home/marcos/WRF_old/new/WRF/tools/standard.exe init_modules.bb | /lib/cpp -P -nostdinc -traditional-cpp > init_modules.f90
rm -f init_modules.G init_modules.bb
time /data1/sw/local/mpich/bin/mpif90 -f90=ifort -o init_modules.o -c -O3 -ip -fp-model precise -w -ftz -align all -fno-alias -FR -convert big_endian    -I../dyn_em -I../dyn_nmm  -I/data1/home/marcos/WRF_old/new/WRF/external/esmf_time_f90  -I/data1/home/marcos/WRF_old/new/WRF/main -I/data1/home/marcos/WRF_old/new/WRF/external/io_netcdf -I/data1/home/marcos/WRF_old/new/WRF/external/io_int -I/data1/home/marcos/WRF_old/new/WRF/frame -I/data1/home/marcos/WRF_old/new/WRF/share -I/data1/home/marcos/WRF_old/new/WRF/phys -I/data1/home/marcos/WRF_old/new/WRF/wrftladj -I/data1/home/marcos/WRF_old/new/WRF/chem -I/data1/home/marcos/WRF_old/new/WRF/inc -I/home/marcos/libs/netcdf/include  -real-size `expr 8 \* 4` -i4  init_modules.f90
rm -f interp_fcn.o
sed -e "s/^\!.*'.*//" -e "s/^ *\!.*'.*//" interp_fcn.F > interp_fcn.G
/lib/cpp -P -nostdinc -I/data1/home/marcos/WRF_old/new/WRF/inc -DEM_CORE=1 -DNMM_CORE=0 -DNMM_MAX_DIM=2600 -DDA_CORE=0 -DWRFPLUS=0 -DIWORDSIZE=4 -DDWORDSIZE=8 -DRWORDSIZE=4 -DLWORDSIZE=4 -DNONSTANDARD_SYSTEM_FUNC  -DWRF_USE_CLM -DRPC_TYPES=1  -DDM_PARALLEL -DNETCDF -DLANDREAD_STUB=1 -DUSE_ALLOCATABLES -Dwrfmodel -DGRIB1 -DINTIO -DKEEP_INT_AROUND -DLIMIT_ARGS -DBUILD_RRTMG_FAST=0 -DBUILD_RRTMK=0 -DBUILD_SBM_FAST=1 -DSHOW_ALL_VARS_USED=0 -DCONFIG_BUF_LEN=65536 -DMAX_DOMAINS_F=21 -DMAX_HISTORY=25 -DNMM_NEST=0  -I. -traditional-cpp   interp_fcn.G  > interp_fcn.bb
/data1/home/marcos/WRF_old/new/WRF/tools/standard.exe interp_fcn.bb | /lib/cpp -P -nostdinc -traditional-cpp > interp_fcn.f90
rm -f interp_fcn.G interp_fcn.bb
time /data1/sw/local/mpich/bin/mpif90 -f90=ifort -o interp_fcn.o -c -O3 -ip -fp-model precise -w -ftz -align all -fno-alias -FR -convert big_endian    -I../dyn_em -I../dyn_nmm  -I/data1/home/marcos/WRF_old/new/WRF/external/esmf_time_f90  -I/data1/home/marcos/WRF_old/new/WRF/main -I/data1/home/marcos/WRF_old/new/WRF/external/io_netcdf -I/data1/home/marcos/WRF_old/new/WRF/external/io_int -I/data1/home/marcos/WRF_old/new/WRF/frame -I/data1/home/marcos/WRF_old/new/WRF/share -I/data1/home/marcos/WRF_old/new/WRF/phys -I/data1/home/marcos/WRF_old/new/WRF/wrftladj -I/data1/home/marcos/WRF_old/new/WRF/chem -I/data1/home/marcos/WRF_old/new/WRF/inc -I/home/marcos/libs/netcdf/include  -real-size `expr 8 \* 4` -i4  interp_fcn.f90
rm -f mediation_nest_move.o
sed -e "s/^\!.*'.*//" -e "s/^ *\!.*'.*//" mediation_nest_move.F > mediation_nest_move.G
/lib/cpp -P -nostdinc -I/data1/home/marcos/WRF_old/new/WRF/inc -DEM_CORE=1 -DNMM_CORE=0 -DNMM_MAX_DIM=2600 -DDA_CORE=0 -DWRFPLUS=0 -DIWORDSIZE=4 -DDWORDSIZE=8 -DRWORDSIZE=4 -DLWORDSIZE=4 -DNONSTANDARD_SYSTEM_FUNC  -DWRF_USE_CLM -DRPC_TYPES=1  -DDM_PARALLEL -DNETCDF -DLANDREAD_STUB=1 -DUSE_ALLOCATABLES -Dwrfmodel -DGRIB1 -DINTIO -DKEEP_INT_AROUND -DLIMIT_ARGS -DBUILD_RRTMG_FAST=0 -DBUILD_RRTMK=0 -DBUILD_SBM_FAST=1 -DSHOW_ALL_VARS_USED=0 -DCONFIG_BUF_LEN=65536 -DMAX_DOMAINS_F=21 -DMAX_HISTORY=25 -DNMM_NEST=0  -I. -traditional-cpp   mediation_nest_move.G  > mediation_nest_move.bb
/data1/home/marcos/WRF_old/new/WRF/tools/standard.exe mediation_nest_move.bb | /lib/cpp -P -nostdinc -traditional-cpp > mediation_nest_move.f90
rm -f mediation_nest_move.G mediation_nest_move.bb
time /data1/sw/local/mpich/bin/mpif90 -f90=ifort -o mediation_nest_move.o -c -O3 -ip -fp-model precise -w -ftz -align all -fno-alias -FR -convert big_endian    -I../dyn_em -I../dyn_nmm  -I/data1/home/marcos/WRF_old/new/WRF/external/esmf_time_f90  -I/data1/home/marcos/WRF_old/new/WRF/main -I/data1/home/marcos/WRF_old/new/WRF/external/io_netcdf -I/data1/home/marcos/WRF_old/new/WRF/external/io_int -I/data1/home/marcos/WRF_old/new/WRF/frame -I/data1/home/marcos/WRF_old/new/WRF/share -I/data1/home/marcos/WRF_old/new/WRF/phys -I/data1/home/marcos/WRF_old/new/WRF/wrftladj -I/data1/home/marcos/WRF_old/new/WRF/chem -I/data1/home/marcos/WRF_old/new/WRF/inc -I/home/marcos/libs/netcdf/include  -real-size `expr 8 \* 4` -i4  mediation_nest_move.f90
rm -f module_optional_input.o
sed -e "s/^\!.*'.*//" -e "s/^ *\!.*'.*//" module_optional_input.F > module_optional_input.G
/lib/cpp -P -nostdinc -I/data1/home/marcos/WRF_old/new/WRF/inc -DEM_CORE=1 -DNMM_CORE=0 -DNMM_MAX_DIM=2600 -DDA_CORE=0 -DWRFPLUS=0 -DIWORDSIZE=4 -DDWORDSIZE=8 -DRWORDSIZE=4 -DLWORDSIZE=4 -DNONSTANDARD_SYSTEM_FUNC  -DWRF_USE_CLM -DRPC_TYPES=1  -DDM_PARALLEL -DNETCDF -DLANDREAD_STUB=1 -DUSE_ALLOCATABLES -Dwrfmodel -DGRIB1 -DINTIO -DKEEP_INT_AROUND -DLIMIT_ARGS -DBUILD_RRTMG_FAST=0 -DBUILD_RRTMK=0 -DBUILD_SBM_FAST=1 -DSHOW_ALL_VARS_USED=0 -DCONFIG_BUF_LEN=65536 -DMAX_DOMAINS_F=21 -DMAX_HISTORY=25 -DNMM_NEST=0  -I. -traditional-cpp   module_optional_input.G  > module_optional_input.bb
/data1/home/marcos/WRF_old/new/WRF/tools/standard.exe module_optional_input.bb | /lib/cpp -P -nostdinc -traditional-cpp > module_optional_input.f90
rm -f module_optional_input.G module_optional_input.bb
time /data1/sw/local/mpich/bin/mpif90 -f90=ifort -o module_optional_input.o -c -O3 -ip -fp-model precise -w -ftz -align all -fno-alias -FR -convert big_endian    -I../dyn_em -I../dyn_nmm  -I/data1/home/marcos/WRF_old/new/WRF/external/esmf_time_f90  -I/data1/home/marcos/WRF_old/new/WRF/main -I/data1/home/marcos/WRF_old/new/WRF/external/io_netcdf -I/data1/home/marcos/WRF_old/new/WRF/external/io_int -I/data1/home/marcos/WRF_old/new/WRF/frame -I/data1/home/marcos/WRF_old/new/WRF/share -I/data1/home/marcos/WRF_old/new/WRF/phys -I/data1/home/marcos/WRF_old/new/WRF/wrftladj -I/data1/home/marcos/WRF_old/new/WRF/chem -I/data1/home/marcos/WRF_old/new/WRF/inc -I/home/marcos/libs/netcdf/include  -real-size `expr 8 \* 4` -i4  module_optional_input.f90
rm -f solve_interface.o
/data1/home/marcos/WRF_old/new/WRF/tools/standard.exe solve_interface.F > solve_interface.b 
/lib/cpp -P -nostdinc -I/data1/home/marcos/WRF_old/new/WRF/inc -DEM_CORE=1 -DNMM_CORE=0 -DNMM_MAX_DIM=2600 -DDA_CORE=0 -DWRFPLUS=0 -DIWORDSIZE=4 -DDWORDSIZE=8 -DRWORDSIZE=4 -DLWORDSIZE=4 -DNONSTANDARD_SYSTEM_FUNC  -DWRF_USE_CLM -DRPC_TYPES=1  -DDM_PARALLEL -DNETCDF -DLANDREAD_STUB=1 -DUSE_ALLOCATABLES -Dwrfmodel -DGRIB1 -DINTIO -DKEEP_INT_AROUND -DLIMIT_ARGS -DBUILD_RRTMG_FAST=0 -DBUILD_RRTMK=0 -DBUILD_SBM_FAST=1 -DSHOW_ALL_VARS_USED=0 -DCONFIG_BUF_LEN=65536 -DMAX_DOMAINS_F=21 -DMAX_HISTORY=25 -DNMM_NEST=0  -I. -traditional-cpp   solve_interface.b  > solve_interface.f90
rm -f solve_interface.b
if fgrep -iq '!$OMP' solve_interface.f90 ; then \
          if [ -n "" ] ; then echo COMPILING solve_interface.F WITH OMP ; fi ; \
	  time /data1/sw/local/mpich/bin/mpif90 -f90=ifort -c -real-size `expr 8 \* 4` -i4 -O0 -fno-inline -no-ip -ip -fp-model precise -w -ftz -align all -fno-alias -FR -convert big_endian   -I../dyn_em -I../dyn_nmm  -I/data1/home/marcos/WRF_old/new/WRF/external/esmf_time_f90  -I/data1/home/marcos/WRF_old/new/WRF/main -I/data1/home/marcos/WRF_old/new/WRF/external/io_netcdf -I/data1/home/marcos/WRF_old/new/WRF/external/io_int -I/data1/home/marcos/WRF_old/new/WRF/frame -I/data1/home/marcos/WRF_old/new/WRF/share -I/data1/home/marcos/WRF_old/new/WRF/phys -I/data1/home/marcos/WRF_old/new/WRF/wrftladj -I/data1/home/marcos/WRF_old/new/WRF/chem -I/data1/home/marcos/WRF_old/new/WRF/inc -I/home/marcos/libs/netcdf/include    solve_interface.f90 ; \
        else \
          if [ -n "" ] ; then echo COMPILING solve_interface.F WITHOUT OMP ; fi ; \
	  time /data1/sw/local/mpich/bin/mpif90 -f90=ifort -c -real-size `expr 8 \* 4` -i4 -O0 -fno-inline -no-ip -ip -fp-model precise -w -ftz -align all -fno-alias -FR -convert big_endian   -I../dyn_em -I../dyn_nmm  -I/data1/home/marcos/WRF_old/new/WRF/external/esmf_time_f90  -I/data1/home/marcos/WRF_old/new/WRF/main -I/data1/home/marcos/WRF_old/new/WRF/external/io_netcdf -I/data1/home/marcos/WRF_old/new/WRF/external/io_int -I/data1/home/marcos/WRF_old/new/WRF/frame -I/data1/home/marcos/WRF_old/new/WRF/share -I/data1/home/marcos/WRF_old/new/WRF/phys -I/data1/home/marcos/WRF_old/new/WRF/wrftladj -I/data1/home/marcos/WRF_old/new/WRF/chem -I/data1/home/marcos/WRF_old/new/WRF/inc -I/home/marcos/libs/netcdf/include   solve_interface.f90 ; \
        fi
rm -f start_domain.o
/data1/home/marcos/WRF_old/new/WRF/tools/standard.exe start_domain.F > start_domain.b 
/lib/cpp -P -nostdinc -I/data1/home/marcos/WRF_old/new/WRF/inc -DEM_CORE=1 -DNMM_CORE=0 -DNMM_MAX_DIM=2600 -DDA_CORE=0 -DWRFPLUS=0 -DIWORDSIZE=4 -DDWORDSIZE=8 -DRWORDSIZE=4 -DLWORDSIZE=4 -DNONSTANDARD_SYSTEM_FUNC  -DWRF_USE_CLM -DRPC_TYPES=1  -DDM_PARALLEL -DNETCDF -DLANDREAD_STUB=1 -DUSE_ALLOCATABLES -Dwrfmodel -DGRIB1 -DINTIO -DKEEP_INT_AROUND -DLIMIT_ARGS -DBUILD_RRTMG_FAST=0 -DBUILD_RRTMK=0 -DBUILD_SBM_FAST=1 -DSHOW_ALL_VARS_USED=0 -DCONFIG_BUF_LEN=65536 -DMAX_DOMAINS_F=21 -DMAX_HISTORY=25 -DNMM_NEST=0  -I. -traditional-cpp   start_domain.b  > start_domain.f90
rm -f start_domain.b
if fgrep -iq '!$OMP' start_domain.f90 ; then \
          if [ -n "" ] ; then echo COMPILING start_domain.F WITH OMP ; fi ; \
	  time /data1/sw/local/mpich/bin/mpif90 -f90=ifort -c -real-size `expr 8 \* 4` -i4 -O0 -fno-inline -no-ip -ip -fp-model precise -w -ftz -align all -fno-alias -FR -convert big_endian   -I../dyn_em -I../dyn_nmm  -I/data1/home/marcos/WRF_old/new/WRF/external/esmf_time_f90  -I/data1/home/marcos/WRF_old/new/WRF/main -I/data1/home/marcos/WRF_old/new/WRF/external/io_netcdf -I/data1/home/marcos/WRF_old/new/WRF/external/io_int -I/data1/home/marcos/WRF_old/new/WRF/frame -I/data1/home/marcos/WRF_old/new/WRF/share -I/data1/home/marcos/WRF_old/new/WRF/phys -I/data1/home/marcos/WRF_old/new/WRF/wrftladj -I/data1/home/marcos/WRF_old/new/WRF/chem -I/data1/home/marcos/WRF_old/new/WRF/inc -I/home/marcos/libs/netcdf/include    start_domain.f90 ; \
        else \
          if [ -n "" ] ; then echo COMPILING start_domain.F WITHOUT OMP ; fi ; \
	  time /data1/sw/local/mpich/bin/mpif90 -f90=ifort -c -real-size `expr 8 \* 4` -i4 -O0 -fno-inline -no-ip -ip -fp-model precise -w -ftz -align all -fno-alias -FR -convert big_endian   -I../dyn_em -I../dyn_nmm  -I/data1/home/marcos/WRF_old/new/WRF/external/esmf_time_f90  -I/data1/home/marcos/WRF_old/new/WRF/main -I/data1/home/marcos/WRF_old/new/WRF/external/io_netcdf -I/data1/home/marcos/WRF_old/new/WRF/external/io_int -I/data1/home/marcos/WRF_old/new/WRF/frame -I/data1/home/marcos/WRF_old/new/WRF/share -I/data1/home/marcos/WRF_old/new/WRF/phys -I/data1/home/marcos/WRF_old/new/WRF/wrftladj -I/data1/home/marcos/WRF_old/new/WRF/chem -I/data1/home/marcos/WRF_old/new/WRF/inc -I/home/marcos/libs/netcdf/include   start_domain.f90 ; \
        fi
if [ 0 -eq 1 ] ; then \
                  make -i -r nmm_contrib                                      ; \
                  ar ru ../main/libwrflib.a module_model_constants.o module_bc_time_utilities.o module_get_file_names.o module_compute_geop.o module_check_a_mundo.o module_random.o module_llxy.o module_interp_nmm.o module_interp_store.o module_string_tools.o module_MPP.o  module_date_time.o module_bc.o module_io_wrf.o module_soil_pre.o  module_io_domain.o               module_optional_input.o          solve_interface.o mediation_interp_domain.o mediation_force_domain.o mediation_feedback_domain.o start_domain.o init_modules.o set_timekeeping.o interp_fcn.o sint.o wrf_ext_write_field.o wrf_ext_read_field.o  wrf_tsin.o landread.o track_driver.o track_input.o module_trajectory.o bobrand.o wrf_timeseries.o track_driver.o wrf_fddaobs_in.o mediation_nest_move.o setfeenv.o input_wrf.o output_wrf.o wrf_bdyout.o wrf_bdyin.o dfi.o  mediation_integrate.o mediation_wrfmain.o    ; \
                  else                                                         \
                  ar ru ../main/libwrflib.a module_model_constants.o module_bc_time_utilities.o module_get_file_names.o module_compute_geop.o module_check_a_mundo.o module_random.o module_llxy.o module_interp_nmm.o module_interp_store.o module_string_tools.o module_MPP.o  module_date_time.o module_bc.o module_io_wrf.o module_soil_pre.o  module_io_domain.o               module_optional_input.o          solve_interface.o mediation_interp_domain.o mediation_force_domain.o mediation_feedback_domain.o start_domain.o init_modules.o set_timekeeping.o interp_fcn.o sint.o wrf_ext_write_field.o wrf_ext_read_field.o  wrf_tsin.o landread.o track_driver.o track_input.o module_trajectory.o bobrand.o wrf_timeseries.o track_driver.o wrf_fddaobs_in.o mediation_nest_move.o setfeenv.o input_wrf.o output_wrf.o wrf_bdyout.o wrf_bdyin.o dfi.o  mediation_integrate.o mediation_wrfmain.o              ; \
                fi
make[2]: Leaving directory `/data1/home/marcos/WRF_old/new/WRF/share'
make[1]: Leaving directory `/data1/home/marcos/WRF_old/new/WRF'
make -i -r MODULE_DIRS="-I../dyn_em -I../dyn_nmm  -I/data1/home/marcos/WRF_old/new/WRF/external/esmf_time_f90  -I/data1/home/marcos/WRF_old/new/WRF/main -I/data1/home/marcos/WRF_old/new/WRF/external/io_netcdf -I/data1/home/marcos/WRF_old/new/WRF/external/io_int -I/data1/home/marcos/WRF_old/new/WRF/frame -I/data1/home/marcos/WRF_old/new/WRF/share -I/data1/home/marcos/WRF_old/new/WRF/phys -I/data1/home/marcos/WRF_old/new/WRF/wrftladj -I/data1/home/marcos/WRF_old/new/WRF/chem -I/data1/home/marcos/WRF_old/new/WRF/inc -I/home/marcos/libs/netcdf/include " physics
make[1]: Entering directory `/data1/home/marcos/WRF_old/new/WRF'
--------------------------------------
if [ 0  -eq 0 ] ; then \
		( cd phys ; make -i -r CF2=" " ) ; \
	else \
		( cd phys ; make -i -r CF2="../chem/module_data_mosaic_asect.o" ) ; \
	fi
make[2]: Entering directory `/data1/home/marcos/WRF_old/new/WRF/phys'
if [ 0 -eq 1 ] ; then \
                  make -i -r -j 2 nmm_contrib  ; \
                  ar ru ../main/libwrflib.a module_cam_shr_kind_mod.o module_cam_support.o module_cam_shr_const_mod.o module_cam_physconst.o module_cam_cldwat.o module_cam_wv_saturation.o module_cam_esinti.o module_cam_gffgch.o module_cam_error_function.o module_cam_constituents.o module_cam_trb_mtn_stress.o module_cam_molec_diff.o module_cam_upper_bc.o module_cam_bl_diffusion_solver.o module_cam_bl_eddy_diff.o module_cam_mp_microp_aero.o module_cam_mp_cldwat2m_micro.o module_cam_mp_ndrop.o module_cam_mp_modal_aero_initialize_data_phys.o module_cam_mp_radconstants.o module_cam_mp_conv_water.o module_cam_mp_qneg3.o module_data_cam_mam_aero.o module_data_cam_mam_asect.o module_cam_infnan.o  module_bl_ysu.o module_bl_shinhong.o module_bl_mrf.o module_bl_gfs.o module_bl_gfsedmf.o module_bl_myjpbl.o module_bl_qnsepbl.o module_bl_acm.o module_bl_mynn.o module_bl_fogdes.o module_bl_gwdo.o module_bl_myjurb.o module_bl_boulac.o module_checkerror.o module_bl_camuwpbl_driver.o module_bl_mfshconvpbl.o module_shcu_camuwshcu_driver.o module_shcu_camuwshcu.o module_shcu_deng.o module_shcu_grims.o module_shcu_nscv.o module_cu_camzm_driver.o module_cu_camzm.o module_bl_temf.o module_bl_gbmpbl.o module_cu_g3.o module_cu_kf.o module_cu_bmj.o module_cu_kfeta.o module_cu_mskf.o module_cu_tiedtke.o module_cu_ntiedtke.o module_cu_gd.o module_cu_gf_wrfdrv.o module_cu_gf_deep.o module_cu_gf_sh.o module_cu_ksas.o module_cu_nsas.o module_cu_sas.o module_gocart_coupling.o module_cu_scalesas.o module_cu_osas.o module_cu_kfcup.o module_mp_radar.o module_mp_kessler.o module_mp_lin.o module_mp_sbu_ylin.o module_mp_wsm3.o module_mp_wsm5.o module_mp_wsm6.o module_mp_wsm7.o module_mp_etanew.o module_mp_fer_hires.o module_mp_HWRF.o module_mp_thompson.o module_mp_SBM_polar_radar.o module_mp_full_sbm.o module_mp_fast_sbm.o module_ltng_lpi.o module_mp_gsfcgce.o module_mp_gsfcgce_4ice_nuwrf.o module_mp_morr_two_moment.o module_mp_p3.o module_mp_jensen_ishmael.o module_mp_morr_two_moment_aero.o module_mp_milbrandt2mom.o module_mp_nssl_2mom.o module_mp_wdm5.o module_mp_wdm6.o module_mp_wdm7.o module_mp_cammgmp_driver.o module_ra_sw.o module_ra_clWRF_support.o module_ra_gsfcsw.o module_ra_goddard.o module_ra_effective_radius.o module_ra_rrtm.o module_ra_rrtmg_lw.o module_ra_rrtmg_sw.o module_ra_rrtmg_lwf.o module_ra_rrtmg_swf.o module_ra_rrtmg_lwk.o module_ra_rrtmg_swk.o module_ra_cam_support.o module_ra_cam.o module_ra_gfdleta.o module_ra_flg.o module_ra_HWRF.o module_ra_hs.o module_ra_aerosol.o module_ra_farms.o module_sf_sfclay.o module_sf_sfclayrev.o module_sf_gfs.o module_sf_exchcoef.o module_sf_gfdl.o module_sf_slab.o module_sf_noahdrv.o module_sf_noahlsm.o module_sf_clm.o module_sf_ssib.o module_sf_noah_seaice.o module_sf_noah_seaice_drv.o module_sf_noahlsm_glacial_only.o module_sf_noahmp_groundwater.o module_sf_gecros.o module_sf_noahmpdrv.o module_sf_noahmplsm.o module_sf_noahmp_glacier.o module_sf_urban.o module_sf_bep.o module_sf_bep_bem.o module_sf_bem.o module_sf_pxlsm.o module_sf_pxlsm_data.o module_sf_ruclsm.o module_sf_sfcdiags.o module_sf_sfcdiags_ruclsm.o module_sf_sstskin.o module_sf_tmnupdate.o module_sf_ocean_driver.o module_sf_oml.o module_sf_3dpwp.o module_sf_myjsfc.o module_sf_qnsesfc.o module_sf_mynn.o module_sf_fogdes.o module_sf_pxsfclay.o module_sf_temfsfclay.o module_sf_idealscmsfclay.o module_sf_scmflux.o module_sf_scmskintemp.o module_physics_addtendc.o module_physics_init.o module_gfs_machine.o module_gfs_funcphys.o module_gfs_physcons.o module_progtm.o module_pbl_driver.o module_data_gocart_dust.o module_dust_emis.o module_cumulus_driver.o module_shallowcu_driver.o module_microphysics_driver.o module_microphysics_zero_out.o module_mixactivate.o module_radiation_driver.o module_surface_driver.o module_lightning_driver.o module_ltng_cpmpr92z.o module_ltng_crmpr92.o module_ltng_iccg.o module_fdda_psufddagd.o module_fdda_spnudging.o module_fddagd_driver.o module_fddaobs_rtfdda.o module_fddaobs_driver.o module_wind_fitch.o module_sf_lake.o module_diagnostics_driver.o module_irrigation.o  \
                                     \
                                   module_diag_refl.o ; \
                else                                                         \
                  make -i -r -j 2 non_nmm      ; \
                  ar ru ../main/libwrflib.a module_cam_shr_kind_mod.o module_cam_support.o module_cam_shr_const_mod.o module_cam_physconst.o module_cam_cldwat.o module_cam_wv_saturation.o module_cam_esinti.o module_cam_gffgch.o module_cam_error_function.o module_cam_constituents.o module_cam_trb_mtn_stress.o module_cam_molec_diff.o module_cam_upper_bc.o module_cam_bl_diffusion_solver.o module_cam_bl_eddy_diff.o module_cam_mp_microp_aero.o module_cam_mp_cldwat2m_micro.o module_cam_mp_ndrop.o module_cam_mp_modal_aero_initialize_data_phys.o module_cam_mp_radconstants.o module_cam_mp_conv_water.o module_cam_mp_qneg3.o module_data_cam_mam_aero.o module_data_cam_mam_asect.o module_cam_infnan.o  module_bl_ysu.o module_bl_shinhong.o module_bl_mrf.o module_bl_gfs.o module_bl_gfsedmf.o module_bl_myjpbl.o module_bl_qnsepbl.o module_bl_acm.o module_bl_mynn.o module_bl_fogdes.o module_bl_gwdo.o module_bl_myjurb.o module_bl_boulac.o module_checkerror.o module_bl_camuwpbl_driver.o module_bl_mfshconvpbl.o module_shcu_camuwshcu_driver.o module_shcu_camuwshcu.o module_shcu_deng.o module_shcu_grims.o module_shcu_nscv.o module_cu_camzm_driver.o module_cu_camzm.o module_bl_temf.o module_bl_gbmpbl.o module_cu_g3.o module_cu_kf.o module_cu_bmj.o module_cu_kfeta.o module_cu_mskf.o module_cu_tiedtke.o module_cu_ntiedtke.o module_cu_gd.o module_cu_gf_wrfdrv.o module_cu_gf_deep.o module_cu_gf_sh.o module_cu_ksas.o module_cu_nsas.o module_cu_sas.o module_gocart_coupling.o module_cu_scalesas.o module_cu_osas.o module_cu_kfcup.o module_mp_radar.o module_mp_kessler.o module_mp_lin.o module_mp_sbu_ylin.o module_mp_wsm3.o module_mp_wsm5.o module_mp_wsm6.o module_mp_wsm7.o module_mp_etanew.o module_mp_fer_hires.o module_mp_HWRF.o module_mp_thompson.o module_mp_SBM_polar_radar.o module_mp_full_sbm.o module_mp_fast_sbm.o module_ltng_lpi.o module_mp_gsfcgce.o module_mp_gsfcgce_4ice_nuwrf.o module_mp_morr_two_moment.o module_mp_p3.o module_mp_jensen_ishmael.o module_mp_morr_two_moment_aero.o module_mp_milbrandt2mom.o module_mp_nssl_2mom.o module_mp_wdm5.o module_mp_wdm6.o module_mp_wdm7.o module_mp_cammgmp_driver.o module_ra_sw.o module_ra_clWRF_support.o module_ra_gsfcsw.o module_ra_goddard.o module_ra_effective_radius.o module_ra_rrtm.o module_ra_rrtmg_lw.o module_ra_rrtmg_sw.o module_ra_rrtmg_lwf.o module_ra_rrtmg_swf.o module_ra_rrtmg_lwk.o module_ra_rrtmg_swk.o module_ra_cam_support.o module_ra_cam.o module_ra_gfdleta.o module_ra_flg.o module_ra_HWRF.o module_ra_hs.o module_ra_aerosol.o module_ra_farms.o module_sf_sfclay.o module_sf_sfclayrev.o module_sf_gfs.o module_sf_exchcoef.o module_sf_gfdl.o module_sf_slab.o module_sf_noahdrv.o module_sf_noahlsm.o module_sf_clm.o module_sf_ssib.o module_sf_noah_seaice.o module_sf_noah_seaice_drv.o module_sf_noahlsm_glacial_only.o module_sf_noahmp_groundwater.o module_sf_gecros.o module_sf_noahmpdrv.o module_sf_noahmplsm.o module_sf_noahmp_glacier.o module_sf_urban.o module_sf_bep.o module_sf_bep_bem.o module_sf_bem.o module_sf_pxlsm.o module_sf_pxlsm_data.o module_sf_ruclsm.o module_sf_sfcdiags.o module_sf_sfcdiags_ruclsm.o module_sf_sstskin.o module_sf_tmnupdate.o module_sf_ocean_driver.o module_sf_oml.o module_sf_3dpwp.o module_sf_myjsfc.o module_sf_qnsesfc.o module_sf_mynn.o module_sf_fogdes.o module_sf_pxsfclay.o module_sf_temfsfclay.o module_sf_idealscmsfclay.o module_sf_scmflux.o module_sf_scmskintemp.o module_physics_addtendc.o module_physics_init.o module_gfs_machine.o module_gfs_funcphys.o module_gfs_physcons.o module_progtm.o module_pbl_driver.o module_data_gocart_dust.o module_dust_emis.o module_cumulus_driver.o module_shallowcu_driver.o module_microphysics_driver.o module_microphysics_zero_out.o module_mixactivate.o module_radiation_driver.o module_surface_driver.o module_lightning_driver.o module_ltng_cpmpr92z.o module_ltng_crmpr92.o module_ltng_iccg.o module_fdda_psufddagd.o module_fdda_spnudging.o module_fddagd_driver.o module_fddaobs_rtfdda.o module_fddaobs_driver.o module_wind_fitch.o module_sf_lake.o module_diagnostics_driver.o module_irrigation.o  \
                                   module_fr_fire_driver.o module_fr_fire_driver_wrf.o module_fr_fire_atm.o module_fr_fire_model.o module_fr_fire_core.o module_fr_fire_phys.o module_fr_fire_util.o \
                                   module_diag_afwa.o module_diag_cl.o module_diag_functions.o module_diag_hailcast.o module_diag_misc.o module_diag_nwp.o module_diag_rasm.o module_diag_pld.o module_diag_zld.o module_diag_trad_fields.o module_diag_solar.o  ; \
                fi
make[3]: Entering directory `/data1/home/marcos/WRF_old/new/WRF/phys'
rm -f module_cam_shr_kind_mod.o
rm -f module_cam_error_function.o
sed -e "s/^\!.*'.*//" -e "s/^ *\!.*'.*//" module_cam_shr_kind_mod.F > module_cam_shr_kind_mod.G
sed -e "s/^\!.*'.*//" -e "s/^ *\!.*'.*//" module_cam_error_function.F > module_cam_error_function.G
/lib/cpp -P -nostdinc -I/data1/home/marcos/WRF_old/new/WRF/inc -DEM_CORE=1 -DNMM_CORE=0 -DNMM_MAX_DIM=2600 -DDA_CORE=0 -DWRFPLUS=0 -DIWORDSIZE=4 -DDWORDSIZE=8 -DRWORDSIZE=4 -DLWORDSIZE=4 -DNONSTANDARD_SYSTEM_FUNC  -DWRF_USE_CLM -DRPC_TYPES=1  -DDM_PARALLEL -DNETCDF -DLANDREAD_STUB=1 -DUSE_ALLOCATABLES -Dwrfmodel -DGRIB1 -DINTIO -DKEEP_INT_AROUND -DLIMIT_ARGS -DBUILD_RRTMG_FAST=0 -DBUILD_RRTMK=0 -DBUILD_SBM_FAST=1 -DSHOW_ALL_VARS_USED=0 -DCONFIG_BUF_LEN=65536 -DMAX_DOMAINS_F=21 -DMAX_HISTORY=25 -DNMM_NEST=0  -I. -traditional-cpp   module_cam_shr_kind_mod.G  > module_cam_shr_kind_mod.bb
/lib/cpp -P -nostdinc -I/data1/home/marcos/WRF_old/new/WRF/inc -DEM_CORE=1 -DNMM_CORE=0 -DNMM_MAX_DIM=2600 -DDA_CORE=0 -DWRFPLUS=0 -DIWORDSIZE=4 -DDWORDSIZE=8 -DRWORDSIZE=4 -DLWORDSIZE=4 -DNONSTANDARD_SYSTEM_FUNC  -DWRF_USE_CLM -DRPC_TYPES=1  -DDM_PARALLEL -DNETCDF -DLANDREAD_STUB=1 -DUSE_ALLOCATABLES -Dwrfmodel -DGRIB1 -DINTIO -DKEEP_INT_AROUND -DLIMIT_ARGS -DBUILD_RRTMG_FAST=0 -DBUILD_RRTMK=0 -DBUILD_SBM_FAST=1 -DSHOW_ALL_VARS_USED=0 -DCONFIG_BUF_LEN=65536 -DMAX_DOMAINS_F=21 -DMAX_HISTORY=25 -DNMM_NEST=0  -I. -traditional-cpp   module_cam_error_function.G  > module_cam_error_function.bb
/data1/home/marcos/WRF_old/new/WRF/tools/standard.exe module_cam_shr_kind_mod.bb | /lib/cpp -P -nostdinc -traditional-cpp > module_cam_shr_kind_mod.f90
/data1/home/marcos/WRF_old/new/WRF/tools/standard.exe module_cam_error_function.bb | /lib/cpp -P -nostdinc -traditional-cpp > module_cam_error_function.f90
rm -f module_cam_shr_kind_mod.G module_cam_shr_kind_mod.bb
rm -f module_cam_error_function.G module_cam_error_function.bb
time /data1/sw/local/mpich/bin/mpif90 -f90=ifort -o module_cam_shr_kind_mod.o -c -O3 -ip -fp-model precise -w -ftz -align all -fno-alias -FR -convert big_endian    -I../dyn_em -I../dyn_nmm  -I/data1/home/marcos/WRF_old/new/WRF/external/esmf_time_f90  -I/data1/home/marcos/WRF_old/new/WRF/main -I/data1/home/marcos/WRF_old/new/WRF/external/io_netcdf -I/data1/home/marcos/WRF_old/new/WRF/external/io_int -I/data1/home/marcos/WRF_old/new/WRF/frame -I/data1/home/marcos/WRF_old/new/WRF/share -I/data1/home/marcos/WRF_old/new/WRF/phys -I/data1/home/marcos/WRF_old/new/WRF/wrftladj -I/data1/home/marcos/WRF_old/new/WRF/chem -I/data1/home/marcos/WRF_old/new/WRF/inc -I/home/marcos/libs/netcdf/include  -real-size `expr 8 \* 4` -i4  module_cam_shr_kind_mod.f90
time /data1/sw/local/mpich/bin/mpif90 -f90=ifort -o module_cam_error_function.o -c -O3 -ip -fp-model precise -w -ftz -align all -fno-alias -FR -convert big_endian    -I../dyn_em -I../dyn_nmm  -I/data1/home/marcos/WRF_old/new/WRF/external/esmf_time_f90  -I/data1/home/marcos/WRF_old/new/WRF/main -I/data1/home/marcos/WRF_old/new/WRF/external/io_netcdf -I/data1/home/marcos/WRF_old/new/WRF/external/io_int -I/data1/home/marcos/WRF_old/new/WRF/frame -I/data1/home/marcos/WRF_old/new/WRF/share -I/data1/home/marcos/WRF_old/new/WRF/phys -I/data1/home/marcos/WRF_old/new/WRF/wrftladj -I/data1/home/marcos/WRF_old/new/WRF/chem -I/data1/home/marcos/WRF_old/new/WRF/inc -I/home/marcos/libs/netcdf/include  -real-size `expr 8 \* 4` -i4  module_cam_error_function.f90
rm -f module_bl_ysu.o
sed -e "s/^\!.*'.*//" -e "s/^ *\!.*'.*//" module_bl_ysu.F > module_bl_ysu.G
/lib/cpp -P -nostdinc -I/data1/home/marcos/WRF_old/new/WRF/inc -DEM_CORE=1 -DNMM_CORE=0 -DNMM_MAX_DIM=2600 -DDA_CORE=0 -DWRFPLUS=0 -DIWORDSIZE=4 -DDWORDSIZE=8 -DRWORDSIZE=4 -DLWORDSIZE=4 -DNONSTANDARD_SYSTEM_FUNC  -DWRF_USE_CLM -DRPC_TYPES=1  -DDM_PARALLEL -DNETCDF -DLANDREAD_STUB=1 -DUSE_ALLOCATABLES -Dwrfmodel -DGRIB1 -DINTIO -DKEEP_INT_AROUND -DLIMIT_ARGS -DBUILD_RRTMG_FAST=0 -DBUILD_RRTMK=0 -DBUILD_SBM_FAST=1 -DSHOW_ALL_VARS_USED=0 -DCONFIG_BUF_LEN=65536 -DMAX_DOMAINS_F=21 -DMAX_HISTORY=25 -DNMM_NEST=0  -I. -traditional-cpp   module_bl_ysu.G  > module_bl_ysu.bb
/data1/home/marcos/WRF_old/new/WRF/tools/standard.exe module_bl_ysu.bb | /lib/cpp -P -nostdinc -traditional-cpp > module_bl_ysu.f90
rm -f module_bl_ysu.G module_bl_ysu.bb
time /data1/sw/local/mpich/bin/mpif90 -f90=ifort -o module_bl_ysu.o -c -O3 -ip -fp-model precise -w -ftz -align all -fno-alias -FR -convert big_endian    -I../dyn_em -I../dyn_nmm  -I/data1/home/marcos/WRF_old/new/WRF/external/esmf_time_f90  -I/data1/home/marcos/WRF_old/new/WRF/main -I/data1/home/marcos/WRF_old/new/WRF/external/io_netcdf -I/data1/home/marcos/WRF_old/new/WRF/external/io_int -I/data1/home/marcos/WRF_old/new/WRF/frame -I/data1/home/marcos/WRF_old/new/WRF/share -I/data1/home/marcos/WRF_old/new/WRF/phys -I/data1/home/marcos/WRF_old/new/WRF/wrftladj -I/data1/home/marcos/WRF_old/new/WRF/chem -I/data1/home/marcos/WRF_old/new/WRF/inc -I/home/marcos/libs/netcdf/include  -real-size `expr 8 \* 4` -i4  module_bl_ysu.f90
rm -f module_bl_shinhong.o
sed -e "s/^\!.*'.*//" -e "s/^ *\!.*'.*//" module_bl_shinhong.F > module_bl_shinhong.G
/lib/cpp -P -nostdinc -I/data1/home/marcos/WRF_old/new/WRF/inc -DEM_CORE=1 -DNMM_CORE=0 -DNMM_MAX_DIM=2600 -DDA_CORE=0 -DWRFPLUS=0 -DIWORDSIZE=4 -DDWORDSIZE=8 -DRWORDSIZE=4 -DLWORDSIZE=4 -DNONSTANDARD_SYSTEM_FUNC  -DWRF_USE_CLM -DRPC_TYPES=1  -DDM_PARALLEL -DNETCDF -DLANDREAD_STUB=1 -DUSE_ALLOCATABLES -Dwrfmodel -DGRIB1 -DINTIO -DKEEP_INT_AROUND -DLIMIT_ARGS -DBUILD_RRTMG_FAST=0 -DBUILD_RRTMK=0 -DBUILD_SBM_FAST=1 -DSHOW_ALL_VARS_USED=0 -DCONFIG_BUF_LEN=65536 -DMAX_DOMAINS_F=21 -DMAX_HISTORY=25 -DNMM_NEST=0  -I. -traditional-cpp   module_bl_shinhong.G  > module_bl_shinhong.bb
/data1/home/marcos/WRF_old/new/WRF/tools/standard.exe module_bl_shinhong.bb | /lib/cpp -P -nostdinc -traditional-cpp > module_bl_shinhong.f90
rm -f module_bl_shinhong.G module_bl_shinhong.bb
time /data1/sw/local/mpich/bin/mpif90 -f90=ifort -o module_bl_shinhong.o -c -O3 -ip -fp-model precise -w -ftz -align all -fno-alias -FR -convert big_endian    -I../dyn_em -I../dyn_nmm  -I/data1/home/marcos/WRF_old/new/WRF/external/esmf_time_f90  -I/data1/home/marcos/WRF_old/new/WRF/main -I/data1/home/marcos/WRF_old/new/WRF/external/io_netcdf -I/data1/home/marcos/WRF_old/new/WRF/external/io_int -I/data1/home/marcos/WRF_old/new/WRF/frame -I/data1/home/marcos/WRF_old/new/WRF/share -I/data1/home/marcos/WRF_old/new/WRF/phys -I/data1/home/marcos/WRF_old/new/WRF/wrftladj -I/data1/home/marcos/WRF_old/new/WRF/chem -I/data1/home/marcos/WRF_old/new/WRF/inc -I/home/marcos/libs/netcdf/include  -real-size `expr 8 \* 4` -i4  module_bl_shinhong.f90
rm -f module_bl_mrf.o
sed -e "s/^\!.*'.*//" -e "s/^ *\!.*'.*//" module_bl_mrf.F > module_bl_mrf.G
/lib/cpp -P -nostdinc -I/data1/home/marcos/WRF_old/new/WRF/inc -DEM_CORE=1 -DNMM_CORE=0 -DNMM_MAX_DIM=2600 -DDA_CORE=0 -DWRFPLUS=0 -DIWORDSIZE=4 -DDWORDSIZE=8 -DRWORDSIZE=4 -DLWORDSIZE=4 -DNONSTANDARD_SYSTEM_FUNC  -DWRF_USE_CLM -DRPC_TYPES=1  -DDM_PARALLEL -DNETCDF -DLANDREAD_STUB=1 -DUSE_ALLOCATABLES -Dwrfmodel -DGRIB1 -DINTIO -DKEEP_INT_AROUND -DLIMIT_ARGS -DBUILD_RRTMG_FAST=0 -DBUILD_RRTMK=0 -DBUILD_SBM_FAST=1 -DSHOW_ALL_VARS_USED=0 -DCONFIG_BUF_LEN=65536 -DMAX_DOMAINS_F=21 -DMAX_HISTORY=25 -DNMM_NEST=0  -I. -traditional-cpp   module_bl_mrf.G  > module_bl_mrf.bb
/data1/home/marcos/WRF_old/new/WRF/tools/standard.exe module_bl_mrf.bb | /lib/cpp -P -nostdinc -traditional-cpp > module_bl_mrf.f90
rm -f module_bl_mrf.G module_bl_mrf.bb
time /data1/sw/local/mpich/bin/mpif90 -f90=ifort -o module_bl_mrf.o -c -O3 -ip -fp-model precise -w -ftz -align all -fno-alias -FR -convert big_endian    -I../dyn_em -I../dyn_nmm  -I/data1/home/marcos/WRF_old/new/WRF/external/esmf_time_f90  -I/data1/home/marcos/WRF_old/new/WRF/main -I/data1/home/marcos/WRF_old/new/WRF/external/io_netcdf -I/data1/home/marcos/WRF_old/new/WRF/external/io_int -I/data1/home/marcos/WRF_old/new/WRF/frame -I/data1/home/marcos/WRF_old/new/WRF/share -I/data1/home/marcos/WRF_old/new/WRF/phys -I/data1/home/marcos/WRF_old/new/WRF/wrftladj -I/data1/home/marcos/WRF_old/new/WRF/chem -I/data1/home/marcos/WRF_old/new/WRF/inc -I/home/marcos/libs/netcdf/include  -real-size `expr 8 \* 4` -i4  module_bl_mrf.f90
rm -f module_gfs_machine.o
sed -e "s/^\!.*'.*//" -e "s/^ *\!.*'.*//" module_gfs_machine.F > module_gfs_machine.G
/lib/cpp -P -nostdinc -I/data1/home/marcos/WRF_old/new/WRF/inc -DEM_CORE=1 -DNMM_CORE=0 -DNMM_MAX_DIM=2600 -DDA_CORE=0 -DWRFPLUS=0 -DIWORDSIZE=4 -DDWORDSIZE=8 -DRWORDSIZE=4 -DLWORDSIZE=4 -DNONSTANDARD_SYSTEM_FUNC  -DWRF_USE_CLM -DRPC_TYPES=1  -DDM_PARALLEL -DNETCDF -DLANDREAD_STUB=1 -DUSE_ALLOCATABLES -Dwrfmodel -DGRIB1 -DINTIO -DKEEP_INT_AROUND -DLIMIT_ARGS -DBUILD_RRTMG_FAST=0 -DBUILD_RRTMK=0 -DBUILD_SBM_FAST=1 -DSHOW_ALL_VARS_USED=0 -DCONFIG_BUF_LEN=65536 -DMAX_DOMAINS_F=21 -DMAX_HISTORY=25 -DNMM_NEST=0  -I. -traditional-cpp   module_gfs_machine.G  > module_gfs_machine.bb
/data1/home/marcos/WRF_old/new/WRF/tools/standard.exe module_gfs_machine.bb | /lib/cpp -P -nostdinc -traditional-cpp > module_gfs_machine.f90
rm -f module_gfs_machine.G module_gfs_machine.bb
time /data1/sw/local/mpich/bin/mpif90 -f90=ifort -o module_gfs_machine.o -c -O3 -ip -fp-model precise -w -ftz -align all -fno-alias -FR -convert big_endian    -I../dyn_em -I../dyn_nmm  -I/data1/home/marcos/WRF_old/new/WRF/external/esmf_time_f90  -I/data1/home/marcos/WRF_old/new/WRF/main -I/data1/home/marcos/WRF_old/new/WRF/external/io_netcdf -I/data1/home/marcos/WRF_old/new/WRF/external/io_int -I/data1/home/marcos/WRF_old/new/WRF/frame -I/data1/home/marcos/WRF_old/new/WRF/share -I/data1/home/marcos/WRF_old/new/WRF/phys -I/data1/home/marcos/WRF_old/new/WRF/wrftladj -I/data1/home/marcos/WRF_old/new/WRF/chem -I/data1/home/marcos/WRF_old/new/WRF/inc -I/home/marcos/libs/netcdf/include  -real-size `expr 8 \* 4` -i4  module_gfs_machine.f90
rm -f module_bl_myjpbl.o
sed -e "s/^\!.*'.*//" -e "s/^ *\!.*'.*//" module_bl_myjpbl.F > module_bl_myjpbl.G
/lib/cpp -P -nostdinc -I/data1/home/marcos/WRF_old/new/WRF/inc -DEM_CORE=1 -DNMM_CORE=0 -DNMM_MAX_DIM=2600 -DDA_CORE=0 -DWRFPLUS=0 -DIWORDSIZE=4 -DDWORDSIZE=8 -DRWORDSIZE=4 -DLWORDSIZE=4 -DNONSTANDARD_SYSTEM_FUNC  -DWRF_USE_CLM -DRPC_TYPES=1  -DDM_PARALLEL -DNETCDF -DLANDREAD_STUB=1 -DUSE_ALLOCATABLES -Dwrfmodel -DGRIB1 -DINTIO -DKEEP_INT_AROUND -DLIMIT_ARGS -DBUILD_RRTMG_FAST=0 -DBUILD_RRTMK=0 -DBUILD_SBM_FAST=1 -DSHOW_ALL_VARS_USED=0 -DCONFIG_BUF_LEN=65536 -DMAX_DOMAINS_F=21 -DMAX_HISTORY=25 -DNMM_NEST=0  -I. -traditional-cpp   module_bl_myjpbl.G  > module_bl_myjpbl.bb
/data1/home/marcos/WRF_old/new/WRF/tools/standard.exe module_bl_myjpbl.bb | /lib/cpp -P -nostdinc -traditional-cpp > module_bl_myjpbl.f90
rm -f module_bl_myjpbl.G module_bl_myjpbl.bb
time /data1/sw/local/mpich/bin/mpif90 -f90=ifort -o module_bl_myjpbl.o -c -O3 -ip -fp-model precise -w -ftz -align all -fno-alias -FR -convert big_endian    -I../dyn_em -I../dyn_nmm  -I/data1/home/marcos/WRF_old/new/WRF/external/esmf_time_f90  -I/data1/home/marcos/WRF_old/new/WRF/main -I/data1/home/marcos/WRF_old/new/WRF/external/io_netcdf -I/data1/home/marcos/WRF_old/new/WRF/external/io_int -I/data1/home/marcos/WRF_old/new/WRF/frame -I/data1/home/marcos/WRF_old/new/WRF/share -I/data1/home/marcos/WRF_old/new/WRF/phys -I/data1/home/marcos/WRF_old/new/WRF/wrftladj -I/data1/home/marcos/WRF_old/new/WRF/chem -I/data1/home/marcos/WRF_old/new/WRF/inc -I/home/marcos/libs/netcdf/include  -real-size `expr 8 \* 4` -i4  module_bl_myjpbl.f90
rm -f module_bl_qnsepbl.o
sed -e "s/^\!.*'.*//" -e "s/^ *\!.*'.*//" module_bl_qnsepbl.F > module_bl_qnsepbl.G
/lib/cpp -P -nostdinc -I/data1/home/marcos/WRF_old/new/WRF/inc -DEM_CORE=1 -DNMM_CORE=0 -DNMM_MAX_DIM=2600 -DDA_CORE=0 -DWRFPLUS=0 -DIWORDSIZE=4 -DDWORDSIZE=8 -DRWORDSIZE=4 -DLWORDSIZE=4 -DNONSTANDARD_SYSTEM_FUNC  -DWRF_USE_CLM -DRPC_TYPES=1  -DDM_PARALLEL -DNETCDF -DLANDREAD_STUB=1 -DUSE_ALLOCATABLES -Dwrfmodel -DGRIB1 -DINTIO -DKEEP_INT_AROUND -DLIMIT_ARGS -DBUILD_RRTMG_FAST=0 -DBUILD_RRTMK=0 -DBUILD_SBM_FAST=1 -DSHOW_ALL_VARS_USED=0 -DCONFIG_BUF_LEN=65536 -DMAX_DOMAINS_F=21 -DMAX_HISTORY=25 -DNMM_NEST=0  -I. -traditional-cpp   module_bl_qnsepbl.G  > module_bl_qnsepbl.bb
/data1/home/marcos/WRF_old/new/WRF/tools/standard.exe module_bl_qnsepbl.bb | /lib/cpp -P -nostdinc -traditional-cpp > module_bl_qnsepbl.f90
rm -f module_bl_qnsepbl.G module_bl_qnsepbl.bb
time /data1/sw/local/mpich/bin/mpif90 -f90=ifort -o module_bl_qnsepbl.o -c -O3 -ip -fp-model precise -w -ftz -align all -fno-alias -FR -convert big_endian    -I../dyn_em -I../dyn_nmm  -I/data1/home/marcos/WRF_old/new/WRF/external/esmf_time_f90  -I/data1/home/marcos/WRF_old/new/WRF/main -I/data1/home/marcos/WRF_old/new/WRF/external/io_netcdf -I/data1/home/marcos/WRF_old/new/WRF/external/io_int -I/data1/home/marcos/WRF_old/new/WRF/frame -I/data1/home/marcos/WRF_old/new/WRF/share -I/data1/home/marcos/WRF_old/new/WRF/phys -I/data1/home/marcos/WRF_old/new/WRF/wrftladj -I/data1/home/marcos/WRF_old/new/WRF/chem -I/data1/home/marcos/WRF_old/new/WRF/inc -I/home/marcos/libs/netcdf/include  -real-size `expr 8 \* 4` -i4  module_bl_qnsepbl.f90
rm -f module_bl_acm.o
sed -e "s/^\!.*'.*//" -e "s/^ *\!.*'.*//" module_bl_acm.F > module_bl_acm.G
/lib/cpp -P -nostdinc -I/data1/home/marcos/WRF_old/new/WRF/inc -DEM_CORE=1 -DNMM_CORE=0 -DNMM_MAX_DIM=2600 -DDA_CORE=0 -DWRFPLUS=0 -DIWORDSIZE=4 -DDWORDSIZE=8 -DRWORDSIZE=4 -DLWORDSIZE=4 -DNONSTANDARD_SYSTEM_FUNC  -DWRF_USE_CLM -DRPC_TYPES=1  -DDM_PARALLEL -DNETCDF -DLANDREAD_STUB=1 -DUSE_ALLOCATABLES -Dwrfmodel -DGRIB1 -DINTIO -DKEEP_INT_AROUND -DLIMIT_ARGS -DBUILD_RRTMG_FAST=0 -DBUILD_RRTMK=0 -DBUILD_SBM_FAST=1 -DSHOW_ALL_VARS_USED=0 -DCONFIG_BUF_LEN=65536 -DMAX_DOMAINS_F=21 -DMAX_HISTORY=25 -DNMM_NEST=0  -I. -traditional-cpp   module_bl_acm.G  > module_bl_acm.bb
/data1/home/marcos/WRF_old/new/WRF/tools/standard.exe module_bl_acm.bb | /lib/cpp -P -nostdinc -traditional-cpp > module_bl_acm.f90
rm -f module_bl_acm.G module_bl_acm.bb
time /data1/sw/local/mpich/bin/mpif90 -f90=ifort -o module_bl_acm.o -c -O3 -ip -fp-model precise -w -ftz -align all -fno-alias -FR -convert big_endian    -I../dyn_em -I../dyn_nmm  -I/data1/home/marcos/WRF_old/new/WRF/external/esmf_time_f90  -I/data1/home/marcos/WRF_old/new/WRF/main -I/data1/home/marcos/WRF_old/new/WRF/external/io_netcdf -I/data1/home/marcos/WRF_old/new/WRF/external/io_int -I/data1/home/marcos/WRF_old/new/WRF/frame -I/data1/home/marcos/WRF_old/new/WRF/share -I/data1/home/marcos/WRF_old/new/WRF/phys -I/data1/home/marcos/WRF_old/new/WRF/wrftladj -I/data1/home/marcos/WRF_old/new/WRF/chem -I/data1/home/marcos/WRF_old/new/WRF/inc -I/home/marcos/libs/netcdf/include  -real-size `expr 8 \* 4` -i4  module_bl_acm.f90
rm -f module_bl_mynn.o
sed -e "s/^\!.*'.*//" -e "s/^ *\!.*'.*//" module_bl_mynn.F > module_bl_mynn.G
/lib/cpp -P -nostdinc -I/data1/home/marcos/WRF_old/new/WRF/inc -DEM_CORE=1 -DNMM_CORE=0 -DNMM_MAX_DIM=2600 -DDA_CORE=0 -DWRFPLUS=0 -DIWORDSIZE=4 -DDWORDSIZE=8 -DRWORDSIZE=4 -DLWORDSIZE=4 -DNONSTANDARD_SYSTEM_FUNC  -DWRF_USE_CLM -DRPC_TYPES=1  -DDM_PARALLEL -DNETCDF -DLANDREAD_STUB=1 -DUSE_ALLOCATABLES -Dwrfmodel -DGRIB1 -DINTIO -DKEEP_INT_AROUND -DLIMIT_ARGS -DBUILD_RRTMG_FAST=0 -DBUILD_RRTMK=0 -DBUILD_SBM_FAST=1 -DSHOW_ALL_VARS_USED=0 -DCONFIG_BUF_LEN=65536 -DMAX_DOMAINS_F=21 -DMAX_HISTORY=25 -DNMM_NEST=0  -I. -traditional-cpp   module_bl_mynn.G  > module_bl_mynn.bb
/data1/home/marcos/WRF_old/new/WRF/tools/standard.exe module_bl_mynn.bb | /lib/cpp -P -nostdinc -traditional-cpp > module_bl_mynn.f90
rm -f module_bl_mynn.G module_bl_mynn.bb
time /data1/sw/local/mpich/bin/mpif90 -f90=ifort -o module_bl_mynn.o -c -O3 -ip -fp-model precise -w -ftz -align all -fno-alias -FR -convert big_endian    -I../dyn_em -I../dyn_nmm  -I/data1/home/marcos/WRF_old/new/WRF/external/esmf_time_f90  -I/data1/home/marcos/WRF_old/new/WRF/main -I/data1/home/marcos/WRF_old/new/WRF/external/io_netcdf -I/data1/home/marcos/WRF_old/new/WRF/external/io_int -I/data1/home/marcos/WRF_old/new/WRF/frame -I/data1/home/marcos/WRF_old/new/WRF/share -I/data1/home/marcos/WRF_old/new/WRF/phys -I/data1/home/marcos/WRF_old/new/WRF/wrftladj -I/data1/home/marcos/WRF_old/new/WRF/chem -I/data1/home/marcos/WRF_old/new/WRF/inc -I/home/marcos/libs/netcdf/include  -real-size `expr 8 \* 4` -i4  module_bl_mynn.f90
rm -f module_bl_gwdo.o
sed -e "s/^\!.*'.*//" -e "s/^ *\!.*'.*//" module_bl_gwdo.F > module_bl_gwdo.G
/lib/cpp -P -nostdinc -I/data1/home/marcos/WRF_old/new/WRF/inc -DEM_CORE=1 -DNMM_CORE=0 -DNMM_MAX_DIM=2600 -DDA_CORE=0 -DWRFPLUS=0 -DIWORDSIZE=4 -DDWORDSIZE=8 -DRWORDSIZE=4 -DLWORDSIZE=4 -DNONSTANDARD_SYSTEM_FUNC  -DWRF_USE_CLM -DRPC_TYPES=1  -DDM_PARALLEL -DNETCDF -DLANDREAD_STUB=1 -DUSE_ALLOCATABLES -Dwrfmodel -DGRIB1 -DINTIO -DKEEP_INT_AROUND -DLIMIT_ARGS -DBUILD_RRTMG_FAST=0 -DBUILD_RRTMK=0 -DBUILD_SBM_FAST=1 -DSHOW_ALL_VARS_USED=0 -DCONFIG_BUF_LEN=65536 -DMAX_DOMAINS_F=21 -DMAX_HISTORY=25 -DNMM_NEST=0  -I. -traditional-cpp   module_bl_gwdo.G  > module_bl_gwdo.bb
/data1/home/marcos/WRF_old/new/WRF/tools/standard.exe module_bl_gwdo.bb | /lib/cpp -P -nostdinc -traditional-cpp > module_bl_gwdo.f90
rm -f module_bl_gwdo.G module_bl_gwdo.bb
time /data1/sw/local/mpich/bin/mpif90 -f90=ifort -o module_bl_gwdo.o -c -O3 -ip -fp-model precise -w -ftz -align all -fno-alias -FR -convert big_endian    -I../dyn_em -I../dyn_nmm  -I/data1/home/marcos/WRF_old/new/WRF/external/esmf_time_f90  -I/data1/home/marcos/WRF_old/new/WRF/main -I/data1/home/marcos/WRF_old/new/WRF/external/io_netcdf -I/data1/home/marcos/WRF_old/new/WRF/external/io_int -I/data1/home/marcos/WRF_old/new/WRF/frame -I/data1/home/marcos/WRF_old/new/WRF/share -I/data1/home/marcos/WRF_old/new/WRF/phys -I/data1/home/marcos/WRF_old/new/WRF/wrftladj -I/data1/home/marcos/WRF_old/new/WRF/chem -I/data1/home/marcos/WRF_old/new/WRF/inc -I/home/marcos/libs/netcdf/include  -real-size `expr 8 \* 4` -i4  module_bl_gwdo.f90
rm -f module_bl_myjurb.o
sed -e "s/^\!.*'.*//" -e "s/^ *\!.*'.*//" module_bl_myjurb.F > module_bl_myjurb.G
/lib/cpp -P -nostdinc -I/data1/home/marcos/WRF_old/new/WRF/inc -DEM_CORE=1 -DNMM_CORE=0 -DNMM_MAX_DIM=2600 -DDA_CORE=0 -DWRFPLUS=0 -DIWORDSIZE=4 -DDWORDSIZE=8 -DRWORDSIZE=4 -DLWORDSIZE=4 -DNONSTANDARD_SYSTEM_FUNC  -DWRF_USE_CLM -DRPC_TYPES=1  -DDM_PARALLEL -DNETCDF -DLANDREAD_STUB=1 -DUSE_ALLOCATABLES -Dwrfmodel -DGRIB1 -DINTIO -DKEEP_INT_AROUND -DLIMIT_ARGS -DBUILD_RRTMG_FAST=0 -DBUILD_RRTMK=0 -DBUILD_SBM_FAST=1 -DSHOW_ALL_VARS_USED=0 -DCONFIG_BUF_LEN=65536 -DMAX_DOMAINS_F=21 -DMAX_HISTORY=25 -DNMM_NEST=0  -I. -traditional-cpp   module_bl_myjurb.G  > module_bl_myjurb.bb
/data1/home/marcos/WRF_old/new/WRF/tools/standard.exe module_bl_myjurb.bb | /lib/cpp -P -nostdinc -traditional-cpp > module_bl_myjurb.f90
rm -f module_bl_myjurb.G module_bl_myjurb.bb
time /data1/sw/local/mpich/bin/mpif90 -f90=ifort -o module_bl_myjurb.o -c -O3 -ip -fp-model precise -w -ftz -align all -fno-alias -FR -convert big_endian    -I../dyn_em -I../dyn_nmm  -I/data1/home/marcos/WRF_old/new/WRF/external/esmf_time_f90  -I/data1/home/marcos/WRF_old/new/WRF/main -I/data1/home/marcos/WRF_old/new/WRF/external/io_netcdf -I/data1/home/marcos/WRF_old/new/WRF/external/io_int -I/data1/home/marcos/WRF_old/new/WRF/frame -I/data1/home/marcos/WRF_old/new/WRF/share -I/data1/home/marcos/WRF_old/new/WRF/phys -I/data1/home/marcos/WRF_old/new/WRF/wrftladj -I/data1/home/marcos/WRF_old/new/WRF/chem -I/data1/home/marcos/WRF_old/new/WRF/inc -I/home/marcos/libs/netcdf/include  -real-size `expr 8 \* 4` -i4  module_bl_myjurb.f90
rm -f module_bl_boulac.o
sed -e "s/^\!.*'.*//" -e "s/^ *\!.*'.*//" module_bl_boulac.F > module_bl_boulac.G
/lib/cpp -P -nostdinc -I/data1/home/marcos/WRF_old/new/WRF/inc -DEM_CORE=1 -DNMM_CORE=0 -DNMM_MAX_DIM=2600 -DDA_CORE=0 -DWRFPLUS=0 -DIWORDSIZE=4 -DDWORDSIZE=8 -DRWORDSIZE=4 -DLWORDSIZE=4 -DNONSTANDARD_SYSTEM_FUNC  -DWRF_USE_CLM -DRPC_TYPES=1  -DDM_PARALLEL -DNETCDF -DLANDREAD_STUB=1 -DUSE_ALLOCATABLES -Dwrfmodel -DGRIB1 -DINTIO -DKEEP_INT_AROUND -DLIMIT_ARGS -DBUILD_RRTMG_FAST=0 -DBUILD_RRTMK=0 -DBUILD_SBM_FAST=1 -DSHOW_ALL_VARS_USED=0 -DCONFIG_BUF_LEN=65536 -DMAX_DOMAINS_F=21 -DMAX_HISTORY=25 -DNMM_NEST=0  -I. -traditional-cpp   module_bl_boulac.G  > module_bl_boulac.bb
/data1/home/marcos/WRF_old/new/WRF/tools/standard.exe module_bl_boulac.bb | /lib/cpp -P -nostdinc -traditional-cpp > module_bl_boulac.f90
rm -f module_bl_boulac.G module_bl_boulac.bb
time /data1/sw/local/mpich/bin/mpif90 -f90=ifort -o module_bl_boulac.o -c -O3 -ip -fp-model precise -w -ftz -align all -fno-alias -FR -convert big_endian    -I../dyn_em -I../dyn_nmm  -I/data1/home/marcos/WRF_old/new/WRF/external/esmf_time_f90  -I/data1/home/marcos/WRF_old/new/WRF/main -I/data1/home/marcos/WRF_old/new/WRF/external/io_netcdf -I/data1/home/marcos/WRF_old/new/WRF/external/io_int -I/data1/home/marcos/WRF_old/new/WRF/frame -I/data1/home/marcos/WRF_old/new/WRF/share -I/data1/home/marcos/WRF_old/new/WRF/phys -I/data1/home/marcos/WRF_old/new/WRF/wrftladj -I/data1/home/marcos/WRF_old/new/WRF/chem -I/data1/home/marcos/WRF_old/new/WRF/inc -I/home/marcos/libs/netcdf/include  -real-size `expr 8 \* 4` -i4  module_bl_boulac.f90
rm -f module_bl_mfshconvpbl.o
sed -e "s/^\!.*'.*//" -e "s/^ *\!.*'.*//" module_bl_mfshconvpbl.F > module_bl_mfshconvpbl.G
/lib/cpp -P -nostdinc -I/data1/home/marcos/WRF_old/new/WRF/inc -DEM_CORE=1 -DNMM_CORE=0 -DNMM_MAX_DIM=2600 -DDA_CORE=0 -DWRFPLUS=0 -DIWORDSIZE=4 -DDWORDSIZE=8 -DRWORDSIZE=4 -DLWORDSIZE=4 -DNONSTANDARD_SYSTEM_FUNC  -DWRF_USE_CLM -DRPC_TYPES=1  -DDM_PARALLEL -DNETCDF -DLANDREAD_STUB=1 -DUSE_ALLOCATABLES -Dwrfmodel -DGRIB1 -DINTIO -DKEEP_INT_AROUND -DLIMIT_ARGS -DBUILD_RRTMG_FAST=0 -DBUILD_RRTMK=0 -DBUILD_SBM_FAST=1 -DSHOW_ALL_VARS_USED=0 -DCONFIG_BUF_LEN=65536 -DMAX_DOMAINS_F=21 -DMAX_HISTORY=25 -DNMM_NEST=0  -I. -traditional-cpp   module_bl_mfshconvpbl.G  > module_bl_mfshconvpbl.bb
/data1/home/marcos/WRF_old/new/WRF/tools/standard.exe module_bl_mfshconvpbl.bb | /lib/cpp -P -nostdinc -traditional-cpp > module_bl_mfshconvpbl.f90
rm -f module_bl_mfshconvpbl.G module_bl_mfshconvpbl.bb
time /data1/sw/local/mpich/bin/mpif90 -f90=ifort -o module_bl_mfshconvpbl.o -c -O3 -ip -fp-model precise -w -ftz -align all -fno-alias -FR -convert big_endian    -I../dyn_em -I../dyn_nmm  -I/data1/home/marcos/WRF_old/new/WRF/external/esmf_time_f90  -I/data1/home/marcos/WRF_old/new/WRF/main -I/data1/home/marcos/WRF_old/new/WRF/external/io_netcdf -I/data1/home/marcos/WRF_old/new/WRF/external/io_int -I/data1/home/marcos/WRF_old/new/WRF/frame -I/data1/home/marcos/WRF_old/new/WRF/share -I/data1/home/marcos/WRF_old/new/WRF/phys -I/data1/home/marcos/WRF_old/new/WRF/wrftladj -I/data1/home/marcos/WRF_old/new/WRF/chem -I/data1/home/marcos/WRF_old/new/WRF/inc -I/home/marcos/libs/netcdf/include  -real-size `expr 8 \* 4` -i4  module_bl_mfshconvpbl.f90
rm -f module_shcu_deng.o
sed -e "s/^\!.*'.*//" -e "s/^ *\!.*'.*//" module_shcu_deng.F > module_shcu_deng.G
/lib/cpp -P -nostdinc -I/data1/home/marcos/WRF_old/new/WRF/inc -DEM_CORE=1 -DNMM_CORE=0 -DNMM_MAX_DIM=2600 -DDA_CORE=0 -DWRFPLUS=0 -DIWORDSIZE=4 -DDWORDSIZE=8 -DRWORDSIZE=4 -DLWORDSIZE=4 -DNONSTANDARD_SYSTEM_FUNC  -DWRF_USE_CLM -DRPC_TYPES=1  -DDM_PARALLEL -DNETCDF -DLANDREAD_STUB=1 -DUSE_ALLOCATABLES -Dwrfmodel -DGRIB1 -DINTIO -DKEEP_INT_AROUND -DLIMIT_ARGS -DBUILD_RRTMG_FAST=0 -DBUILD_RRTMK=0 -DBUILD_SBM_FAST=1 -DSHOW_ALL_VARS_USED=0 -DCONFIG_BUF_LEN=65536 -DMAX_DOMAINS_F=21 -DMAX_HISTORY=25 -DNMM_NEST=0  -I. -traditional-cpp   module_shcu_deng.G  > module_shcu_deng.bb
/data1/home/marcos/WRF_old/new/WRF/tools/standard.exe module_shcu_deng.bb | /lib/cpp -P -nostdinc -traditional-cpp > module_shcu_deng.f90
rm -f module_shcu_deng.G module_shcu_deng.bb
time /data1/sw/local/mpich/bin/mpif90 -f90=ifort -o module_shcu_deng.o -c -O3 -ip -fp-model precise -w -ftz -align all -fno-alias -FR -convert big_endian    -I../dyn_em -I../dyn_nmm  -I/data1/home/marcos/WRF_old/new/WRF/external/esmf_time_f90  -I/data1/home/marcos/WRF_old/new/WRF/main -I/data1/home/marcos/WRF_old/new/WRF/external/io_netcdf -I/data1/home/marcos/WRF_old/new/WRF/external/io_int -I/data1/home/marcos/WRF_old/new/WRF/frame -I/data1/home/marcos/WRF_old/new/WRF/share -I/data1/home/marcos/WRF_old/new/WRF/phys -I/data1/home/marcos/WRF_old/new/WRF/wrftladj -I/data1/home/marcos/WRF_old/new/WRF/chem -I/data1/home/marcos/WRF_old/new/WRF/inc -I/home/marcos/libs/netcdf/include  -real-size `expr 8 \* 4` -i4  module_shcu_deng.f90
rm -f module_shcu_grims.o
sed -e "s/^\!.*'.*//" -e "s/^ *\!.*'.*//" module_shcu_grims.F > module_shcu_grims.G
/lib/cpp -P -nostdinc -I/data1/home/marcos/WRF_old/new/WRF/inc -DEM_CORE=1 -DNMM_CORE=0 -DNMM_MAX_DIM=2600 -DDA_CORE=0 -DWRFPLUS=0 -DIWORDSIZE=4 -DDWORDSIZE=8 -DRWORDSIZE=4 -DLWORDSIZE=4 -DNONSTANDARD_SYSTEM_FUNC  -DWRF_USE_CLM -DRPC_TYPES=1  -DDM_PARALLEL -DNETCDF -DLANDREAD_STUB=1 -DUSE_ALLOCATABLES -Dwrfmodel -DGRIB1 -DINTIO -DKEEP_INT_AROUND -DLIMIT_ARGS -DBUILD_RRTMG_FAST=0 -DBUILD_RRTMK=0 -DBUILD_SBM_FAST=1 -DSHOW_ALL_VARS_USED=0 -DCONFIG_BUF_LEN=65536 -DMAX_DOMAINS_F=21 -DMAX_HISTORY=25 -DNMM_NEST=0  -I. -traditional-cpp   module_shcu_grims.G  > module_shcu_grims.bb
/data1/home/marcos/WRF_old/new/WRF/tools/standard.exe module_shcu_grims.bb | /lib/cpp -P -nostdinc -traditional-cpp > module_shcu_grims.f90
rm -f module_shcu_grims.G module_shcu_grims.bb
time /data1/sw/local/mpich/bin/mpif90 -f90=ifort -o module_shcu_grims.o -c -O3 -ip -fp-model precise -w -ftz -align all -fno-alias -FR -convert big_endian    -I../dyn_em -I../dyn_nmm  -I/data1/home/marcos/WRF_old/new/WRF/external/esmf_time_f90  -I/data1/home/marcos/WRF_old/new/WRF/main -I/data1/home/marcos/WRF_old/new/WRF/external/io_netcdf -I/data1/home/marcos/WRF_old/new/WRF/external/io_int -I/data1/home/marcos/WRF_old/new/WRF/frame -I/data1/home/marcos/WRF_old/new/WRF/share -I/data1/home/marcos/WRF_old/new/WRF/phys -I/data1/home/marcos/WRF_old/new/WRF/wrftladj -I/data1/home/marcos/WRF_old/new/WRF/chem -I/data1/home/marcos/WRF_old/new/WRF/inc -I/home/marcos/libs/netcdf/include  -real-size `expr 8 \* 4` -i4  module_shcu_grims.f90
rm -f module_shcu_nscv.o
sed -e "s/^\!.*'.*//" -e "s/^ *\!.*'.*//" module_shcu_nscv.F > module_shcu_nscv.G
/lib/cpp -P -nostdinc -I/data1/home/marcos/WRF_old/new/WRF/inc -DEM_CORE=1 -DNMM_CORE=0 -DNMM_MAX_DIM=2600 -DDA_CORE=0 -DWRFPLUS=0 -DIWORDSIZE=4 -DDWORDSIZE=8 -DRWORDSIZE=4 -DLWORDSIZE=4 -DNONSTANDARD_SYSTEM_FUNC  -DWRF_USE_CLM -DRPC_TYPES=1  -DDM_PARALLEL -DNETCDF -DLANDREAD_STUB=1 -DUSE_ALLOCATABLES -Dwrfmodel -DGRIB1 -DINTIO -DKEEP_INT_AROUND -DLIMIT_ARGS -DBUILD_RRTMG_FAST=0 -DBUILD_RRTMK=0 -DBUILD_SBM_FAST=1 -DSHOW_ALL_VARS_USED=0 -DCONFIG_BUF_LEN=65536 -DMAX_DOMAINS_F=21 -DMAX_HISTORY=25 -DNMM_NEST=0  -I. -traditional-cpp   module_shcu_nscv.G  > module_shcu_nscv.bb
/data1/home/marcos/WRF_old/new/WRF/tools/standard.exe module_shcu_nscv.bb | /lib/cpp -P -nostdinc -traditional-cpp > module_shcu_nscv.f90
rm -f module_shcu_nscv.G module_shcu_nscv.bb
time /data1/sw/local/mpich/bin/mpif90 -f90=ifort -o module_shcu_nscv.o -c -O3 -ip -fp-model precise -w -ftz -align all -fno-alias -FR -convert big_endian    -I../dyn_em -I../dyn_nmm  -I/data1/home/marcos/WRF_old/new/WRF/external/esmf_time_f90  -I/data1/home/marcos/WRF_old/new/WRF/main -I/data1/home/marcos/WRF_old/new/WRF/external/io_netcdf -I/data1/home/marcos/WRF_old/new/WRF/external/io_int -I/data1/home/marcos/WRF_old/new/WRF/frame -I/data1/home/marcos/WRF_old/new/WRF/share -I/data1/home/marcos/WRF_old/new/WRF/phys -I/data1/home/marcos/WRF_old/new/WRF/wrftladj -I/data1/home/marcos/WRF_old/new/WRF/chem -I/data1/home/marcos/WRF_old/new/WRF/inc -I/home/marcos/libs/netcdf/include  -real-size `expr 8 \* 4` -i4  module_shcu_nscv.f90
rm -f module_bl_temf.o
sed -e "s/^\!.*'.*//" -e "s/^ *\!.*'.*//" module_bl_temf.F > module_bl_temf.G
/lib/cpp -P -nostdinc -I/data1/home/marcos/WRF_old/new/WRF/inc -DEM_CORE=1 -DNMM_CORE=0 -DNMM_MAX_DIM=2600 -DDA_CORE=0 -DWRFPLUS=0 -DIWORDSIZE=4 -DDWORDSIZE=8 -DRWORDSIZE=4 -DLWORDSIZE=4 -DNONSTANDARD_SYSTEM_FUNC  -DWRF_USE_CLM -DRPC_TYPES=1  -DDM_PARALLEL -DNETCDF -DLANDREAD_STUB=1 -DUSE_ALLOCATABLES -Dwrfmodel -DGRIB1 -DINTIO -DKEEP_INT_AROUND -DLIMIT_ARGS -DBUILD_RRTMG_FAST=0 -DBUILD_RRTMK=0 -DBUILD_SBM_FAST=1 -DSHOW_ALL_VARS_USED=0 -DCONFIG_BUF_LEN=65536 -DMAX_DOMAINS_F=21 -DMAX_HISTORY=25 -DNMM_NEST=0  -I. -traditional-cpp   module_bl_temf.G  > module_bl_temf.bb
/data1/home/marcos/WRF_old/new/WRF/tools/standard.exe module_bl_temf.bb | /lib/cpp -P -nostdinc -traditional-cpp > module_bl_temf.f90
rm -f module_bl_temf.G module_bl_temf.bb
time /data1/sw/local/mpich/bin/mpif90 -f90=ifort -o module_bl_temf.o -c -O3 -ip -fp-model precise -w -ftz -align all -fno-alias -FR -convert big_endian    -I../dyn_em -I../dyn_nmm  -I/data1/home/marcos/WRF_old/new/WRF/external/esmf_time_f90  -I/data1/home/marcos/WRF_old/new/WRF/main -I/data1/home/marcos/WRF_old/new/WRF/external/io_netcdf -I/data1/home/marcos/WRF_old/new/WRF/external/io_int -I/data1/home/marcos/WRF_old/new/WRF/frame -I/data1/home/marcos/WRF_old/new/WRF/share -I/data1/home/marcos/WRF_old/new/WRF/phys -I/data1/home/marcos/WRF_old/new/WRF/wrftladj -I/data1/home/marcos/WRF_old/new/WRF/chem -I/data1/home/marcos/WRF_old/new/WRF/inc -I/home/marcos/libs/netcdf/include  -real-size `expr 8 \* 4` -i4  module_bl_temf.f90
rm -f module_bl_gbmpbl.o
sed -e "s/^\!.*'.*//" -e "s/^ *\!.*'.*//" module_bl_gbmpbl.F > module_bl_gbmpbl.G
/lib/cpp -P -nostdinc -I/data1/home/marcos/WRF_old/new/WRF/inc -DEM_CORE=1 -DNMM_CORE=0 -DNMM_MAX_DIM=2600 -DDA_CORE=0 -DWRFPLUS=0 -DIWORDSIZE=4 -DDWORDSIZE=8 -DRWORDSIZE=4 -DLWORDSIZE=4 -DNONSTANDARD_SYSTEM_FUNC  -DWRF_USE_CLM -DRPC_TYPES=1  -DDM_PARALLEL -DNETCDF -DLANDREAD_STUB=1 -DUSE_ALLOCATABLES -Dwrfmodel -DGRIB1 -DINTIO -DKEEP_INT_AROUND -DLIMIT_ARGS -DBUILD_RRTMG_FAST=0 -DBUILD_RRTMK=0 -DBUILD_SBM_FAST=1 -DSHOW_ALL_VARS_USED=0 -DCONFIG_BUF_LEN=65536 -DMAX_DOMAINS_F=21 -DMAX_HISTORY=25 -DNMM_NEST=0  -I. -traditional-cpp   module_bl_gbmpbl.G  > module_bl_gbmpbl.bb
/data1/home/marcos/WRF_old/new/WRF/tools/standard.exe module_bl_gbmpbl.bb | /lib/cpp -P -nostdinc -traditional-cpp > module_bl_gbmpbl.f90
rm -f module_bl_gbmpbl.G module_bl_gbmpbl.bb
time /data1/sw/local/mpich/bin/mpif90 -f90=ifort -o module_bl_gbmpbl.o -c -O3 -ip -fp-model precise -w -ftz -align all -fno-alias -FR -convert big_endian    -I../dyn_em -I../dyn_nmm  -I/data1/home/marcos/WRF_old/new/WRF/external/esmf_time_f90  -I/data1/home/marcos/WRF_old/new/WRF/main -I/data1/home/marcos/WRF_old/new/WRF/external/io_netcdf -I/data1/home/marcos/WRF_old/new/WRF/external/io_int -I/data1/home/marcos/WRF_old/new/WRF/frame -I/data1/home/marcos/WRF_old/new/WRF/share -I/data1/home/marcos/WRF_old/new/WRF/phys -I/data1/home/marcos/WRF_old/new/WRF/wrftladj -I/data1/home/marcos/WRF_old/new/WRF/chem -I/data1/home/marcos/WRF_old/new/WRF/inc -I/home/marcos/libs/netcdf/include  -real-size `expr 8 \* 4` -i4  module_bl_gbmpbl.f90
rm -f module_cu_g3.o
sed -e "s/^\!.*'.*//" -e "s/^ *\!.*'.*//" module_cu_g3.F > module_cu_g3.G
/lib/cpp -P -nostdinc -I/data1/home/marcos/WRF_old/new/WRF/inc -DEM_CORE=1 -DNMM_CORE=0 -DNMM_MAX_DIM=2600 -DDA_CORE=0 -DWRFPLUS=0 -DIWORDSIZE=4 -DDWORDSIZE=8 -DRWORDSIZE=4 -DLWORDSIZE=4 -DNONSTANDARD_SYSTEM_FUNC  -DWRF_USE_CLM -DRPC_TYPES=1  -DDM_PARALLEL -DNETCDF -DLANDREAD_STUB=1 -DUSE_ALLOCATABLES -Dwrfmodel -DGRIB1 -DINTIO -DKEEP_INT_AROUND -DLIMIT_ARGS -DBUILD_RRTMG_FAST=0 -DBUILD_RRTMK=0 -DBUILD_SBM_FAST=1 -DSHOW_ALL_VARS_USED=0 -DCONFIG_BUF_LEN=65536 -DMAX_DOMAINS_F=21 -DMAX_HISTORY=25 -DNMM_NEST=0  -I. -traditional-cpp   module_cu_g3.G  > module_cu_g3.bb
/data1/home/marcos/WRF_old/new/WRF/tools/standard.exe module_cu_g3.bb | /lib/cpp -P -nostdinc -traditional-cpp > module_cu_g3.f90
rm -f module_cu_g3.G module_cu_g3.bb
time /data1/sw/local/mpich/bin/mpif90 -f90=ifort -o module_cu_g3.o -c -O3 -ip -fp-model precise -w -ftz -align all -fno-alias -FR -convert big_endian    -I../dyn_em -I../dyn_nmm  -I/data1/home/marcos/WRF_old/new/WRF/external/esmf_time_f90  -I/data1/home/marcos/WRF_old/new/WRF/main -I/data1/home/marcos/WRF_old/new/WRF/external/io_netcdf -I/data1/home/marcos/WRF_old/new/WRF/external/io_int -I/data1/home/marcos/WRF_old/new/WRF/frame -I/data1/home/marcos/WRF_old/new/WRF/share -I/data1/home/marcos/WRF_old/new/WRF/phys -I/data1/home/marcos/WRF_old/new/WRF/wrftladj -I/data1/home/marcos/WRF_old/new/WRF/chem -I/data1/home/marcos/WRF_old/new/WRF/inc -I/home/marcos/libs/netcdf/include  -real-size `expr 8 \* 4` -i4  module_cu_g3.f90
rm -f module_cu_kf.o
sed -e "s/^\!.*'.*//" -e "s/^ *\!.*'.*//" module_cu_kf.F > module_cu_kf.G
/lib/cpp -P -nostdinc -I/data1/home/marcos/WRF_old/new/WRF/inc -DEM_CORE=1 -DNMM_CORE=0 -DNMM_MAX_DIM=2600 -DDA_CORE=0 -DWRFPLUS=0 -DIWORDSIZE=4 -DDWORDSIZE=8 -DRWORDSIZE=4 -DLWORDSIZE=4 -DNONSTANDARD_SYSTEM_FUNC  -DWRF_USE_CLM -DRPC_TYPES=1  -DDM_PARALLEL -DNETCDF -DLANDREAD_STUB=1 -DUSE_ALLOCATABLES -Dwrfmodel -DGRIB1 -DINTIO -DKEEP_INT_AROUND -DLIMIT_ARGS -DBUILD_RRTMG_FAST=0 -DBUILD_RRTMK=0 -DBUILD_SBM_FAST=1 -DSHOW_ALL_VARS_USED=0 -DCONFIG_BUF_LEN=65536 -DMAX_DOMAINS_F=21 -DMAX_HISTORY=25 -DNMM_NEST=0  -I. -traditional-cpp   module_cu_kf.G  > module_cu_kf.bb
/data1/home/marcos/WRF_old/new/WRF/tools/standard.exe module_cu_kf.bb | /lib/cpp -P -nostdinc -traditional-cpp > module_cu_kf.f90
rm -f module_cu_kf.G module_cu_kf.bb
time /data1/sw/local/mpich/bin/mpif90 -f90=ifort -o module_cu_kf.o -c -O3 -ip -fp-model precise -w -ftz -align all -fno-alias -FR -convert big_endian    -I../dyn_em -I../dyn_nmm  -I/data1/home/marcos/WRF_old/new/WRF/external/esmf_time_f90  -I/data1/home/marcos/WRF_old/new/WRF/main -I/data1/home/marcos/WRF_old/new/WRF/external/io_netcdf -I/data1/home/marcos/WRF_old/new/WRF/external/io_int -I/data1/home/marcos/WRF_old/new/WRF/frame -I/data1/home/marcos/WRF_old/new/WRF/share -I/data1/home/marcos/WRF_old/new/WRF/phys -I/data1/home/marcos/WRF_old/new/WRF/wrftladj -I/data1/home/marcos/WRF_old/new/WRF/chem -I/data1/home/marcos/WRF_old/new/WRF/inc -I/home/marcos/libs/netcdf/include  -real-size `expr 8 \* 4` -i4  module_cu_kf.f90
rm -f module_cu_bmj.o
sed -e "s/^\!.*'.*//" -e "s/^ *\!.*'.*//" module_cu_bmj.F > module_cu_bmj.G
/lib/cpp -P -nostdinc -I/data1/home/marcos/WRF_old/new/WRF/inc -DEM_CORE=1 -DNMM_CORE=0 -DNMM_MAX_DIM=2600 -DDA_CORE=0 -DWRFPLUS=0 -DIWORDSIZE=4 -DDWORDSIZE=8 -DRWORDSIZE=4 -DLWORDSIZE=4 -DNONSTANDARD_SYSTEM_FUNC  -DWRF_USE_CLM -DRPC_TYPES=1  -DDM_PARALLEL -DNETCDF -DLANDREAD_STUB=1 -DUSE_ALLOCATABLES -Dwrfmodel -DGRIB1 -DINTIO -DKEEP_INT_AROUND -DLIMIT_ARGS -DBUILD_RRTMG_FAST=0 -DBUILD_RRTMK=0 -DBUILD_SBM_FAST=1 -DSHOW_ALL_VARS_USED=0 -DCONFIG_BUF_LEN=65536 -DMAX_DOMAINS_F=21 -DMAX_HISTORY=25 -DNMM_NEST=0  -I. -traditional-cpp   module_cu_bmj.G  > module_cu_bmj.bb
/data1/home/marcos/WRF_old/new/WRF/tools/standard.exe module_cu_bmj.bb | /lib/cpp -P -nostdinc -traditional-cpp > module_cu_bmj.f90
rm -f module_cu_bmj.G module_cu_bmj.bb
time /data1/sw/local/mpich/bin/mpif90 -f90=ifort -o module_cu_bmj.o -c -O3 -ip -fp-model precise -w -ftz -align all -fno-alias -FR -convert big_endian    -I../dyn_em -I../dyn_nmm  -I/data1/home/marcos/WRF_old/new/WRF/external/esmf_time_f90  -I/data1/home/marcos/WRF_old/new/WRF/main -I/data1/home/marcos/WRF_old/new/WRF/external/io_netcdf -I/data1/home/marcos/WRF_old/new/WRF/external/io_int -I/data1/home/marcos/WRF_old/new/WRF/frame -I/data1/home/marcos/WRF_old/new/WRF/share -I/data1/home/marcos/WRF_old/new/WRF/phys -I/data1/home/marcos/WRF_old/new/WRF/wrftladj -I/data1/home/marcos/WRF_old/new/WRF/chem -I/data1/home/marcos/WRF_old/new/WRF/inc -I/home/marcos/libs/netcdf/include  -real-size `expr 8 \* 4` -i4  module_cu_bmj.f90
rm -f module_cu_kfeta.o
sed -e "s/^\!.*'.*//" -e "s/^ *\!.*'.*//" module_cu_kfeta.F > module_cu_kfeta.G
/lib/cpp -P -nostdinc -I/data1/home/marcos/WRF_old/new/WRF/inc -DEM_CORE=1 -DNMM_CORE=0 -DNMM_MAX_DIM=2600 -DDA_CORE=0 -DWRFPLUS=0 -DIWORDSIZE=4 -DDWORDSIZE=8 -DRWORDSIZE=4 -DLWORDSIZE=4 -DNONSTANDARD_SYSTEM_FUNC  -DWRF_USE_CLM -DRPC_TYPES=1  -DDM_PARALLEL -DNETCDF -DLANDREAD_STUB=1 -DUSE_ALLOCATABLES -Dwrfmodel -DGRIB1 -DINTIO -DKEEP_INT_AROUND -DLIMIT_ARGS -DBUILD_RRTMG_FAST=0 -DBUILD_RRTMK=0 -DBUILD_SBM_FAST=1 -DSHOW_ALL_VARS_USED=0 -DCONFIG_BUF_LEN=65536 -DMAX_DOMAINS_F=21 -DMAX_HISTORY=25 -DNMM_NEST=0  -I. -traditional-cpp   module_cu_kfeta.G  > module_cu_kfeta.bb
/data1/home/marcos/WRF_old/new/WRF/tools/standard.exe module_cu_kfeta.bb | /lib/cpp -P -nostdinc -traditional-cpp > module_cu_kfeta.f90
rm -f module_cu_kfeta.G module_cu_kfeta.bb
time /data1/sw/local/mpich/bin/mpif90 -f90=ifort -o module_cu_kfeta.o -c -O3 -ip -fp-model precise -w -ftz -align all -fno-alias -FR -convert big_endian    -I../dyn_em -I../dyn_nmm  -I/data1/home/marcos/WRF_old/new/WRF/external/esmf_time_f90  -I/data1/home/marcos/WRF_old/new/WRF/main -I/data1/home/marcos/WRF_old/new/WRF/external/io_netcdf -I/data1/home/marcos/WRF_old/new/WRF/external/io_int -I/data1/home/marcos/WRF_old/new/WRF/frame -I/data1/home/marcos/WRF_old/new/WRF/share -I/data1/home/marcos/WRF_old/new/WRF/phys -I/data1/home/marcos/WRF_old/new/WRF/wrftladj -I/data1/home/marcos/WRF_old/new/WRF/chem -I/data1/home/marcos/WRF_old/new/WRF/inc -I/home/marcos/libs/netcdf/include  -real-size `expr 8 \* 4` -i4  module_cu_kfeta.f90
rm -f module_cu_mskf.o
sed -e "s/^\!.*'.*//" -e "s/^ *\!.*'.*//" module_cu_mskf.F > module_cu_mskf.G
/lib/cpp -P -nostdinc -I/data1/home/marcos/WRF_old/new/WRF/inc -DEM_CORE=1 -DNMM_CORE=0 -DNMM_MAX_DIM=2600 -DDA_CORE=0 -DWRFPLUS=0 -DIWORDSIZE=4 -DDWORDSIZE=8 -DRWORDSIZE=4 -DLWORDSIZE=4 -DNONSTANDARD_SYSTEM_FUNC  -DWRF_USE_CLM -DRPC_TYPES=1  -DDM_PARALLEL -DNETCDF -DLANDREAD_STUB=1 -DUSE_ALLOCATABLES -Dwrfmodel -DGRIB1 -DINTIO -DKEEP_INT_AROUND -DLIMIT_ARGS -DBUILD_RRTMG_FAST=0 -DBUILD_RRTMK=0 -DBUILD_SBM_FAST=1 -DSHOW_ALL_VARS_USED=0 -DCONFIG_BUF_LEN=65536 -DMAX_DOMAINS_F=21 -DMAX_HISTORY=25 -DNMM_NEST=0  -I. -traditional-cpp   module_cu_mskf.G  > module_cu_mskf.bb
/data1/home/marcos/WRF_old/new/WRF/tools/standard.exe module_cu_mskf.bb | /lib/cpp -P -nostdinc -traditional-cpp > module_cu_mskf.f90
rm -f module_cu_mskf.G module_cu_mskf.bb
time /data1/sw/local/mpich/bin/mpif90 -f90=ifort -o module_cu_mskf.o -c -O3 -ip -fp-model precise -w -ftz -align all -fno-alias -FR -convert big_endian    -I../dyn_em -I../dyn_nmm  -I/data1/home/marcos/WRF_old/new/WRF/external/esmf_time_f90  -I/data1/home/marcos/WRF_old/new/WRF/main -I/data1/home/marcos/WRF_old/new/WRF/external/io_netcdf -I/data1/home/marcos/WRF_old/new/WRF/external/io_int -I/data1/home/marcos/WRF_old/new/WRF/frame -I/data1/home/marcos/WRF_old/new/WRF/share -I/data1/home/marcos/WRF_old/new/WRF/phys -I/data1/home/marcos/WRF_old/new/WRF/wrftladj -I/data1/home/marcos/WRF_old/new/WRF/chem -I/data1/home/marcos/WRF_old/new/WRF/inc -I/home/marcos/libs/netcdf/include  -real-size `expr 8 \* 4` -i4  module_cu_mskf.f90
rm -f module_cu_ntiedtke.o
sed -e "s/^\!.*'.*//" -e "s/^ *\!.*'.*//" module_cu_ntiedtke.F > module_cu_ntiedtke.G
/lib/cpp -P -nostdinc -I/data1/home/marcos/WRF_old/new/WRF/inc -DEM_CORE=1 -DNMM_CORE=0 -DNMM_MAX_DIM=2600 -DDA_CORE=0 -DWRFPLUS=0 -DIWORDSIZE=4 -DDWORDSIZE=8 -DRWORDSIZE=4 -DLWORDSIZE=4 -DNONSTANDARD_SYSTEM_FUNC  -DWRF_USE_CLM -DRPC_TYPES=1  -DDM_PARALLEL -DNETCDF -DLANDREAD_STUB=1 -DUSE_ALLOCATABLES -Dwrfmodel -DGRIB1 -DINTIO -DKEEP_INT_AROUND -DLIMIT_ARGS -DBUILD_RRTMG_FAST=0 -DBUILD_RRTMK=0 -DBUILD_SBM_FAST=1 -DSHOW_ALL_VARS_USED=0 -DCONFIG_BUF_LEN=65536 -DMAX_DOMAINS_F=21 -DMAX_HISTORY=25 -DNMM_NEST=0  -I. -traditional-cpp   module_cu_ntiedtke.G  > module_cu_ntiedtke.bb
/data1/home/marcos/WRF_old/new/WRF/tools/standard.exe module_cu_ntiedtke.bb | /lib/cpp -P -nostdinc -traditional-cpp > module_cu_ntiedtke.f90
rm -f module_cu_ntiedtke.G module_cu_ntiedtke.bb
time /data1/sw/local/mpich/bin/mpif90 -f90=ifort -o module_cu_ntiedtke.o -c -O3 -ip -fp-model precise -w -ftz -align all -fno-alias -FR -convert big_endian    -I../dyn_em -I../dyn_nmm  -I/data1/home/marcos/WRF_old/new/WRF/external/esmf_time_f90  -I/data1/home/marcos/WRF_old/new/WRF/main -I/data1/home/marcos/WRF_old/new/WRF/external/io_netcdf -I/data1/home/marcos/WRF_old/new/WRF/external/io_int -I/data1/home/marcos/WRF_old/new/WRF/frame -I/data1/home/marcos/WRF_old/new/WRF/share -I/data1/home/marcos/WRF_old/new/WRF/phys -I/data1/home/marcos/WRF_old/new/WRF/wrftladj -I/data1/home/marcos/WRF_old/new/WRF/chem -I/data1/home/marcos/WRF_old/new/WRF/inc -I/home/marcos/libs/netcdf/include  -real-size `expr 8 \* 4` -i4  module_cu_ntiedtke.f90
rm -f module_cu_gd.o
sed -e "s/^\!.*'.*//" -e "s/^ *\!.*'.*//" module_cu_gd.F > module_cu_gd.G
/lib/cpp -P -nostdinc -I/data1/home/marcos/WRF_old/new/WRF/inc -DEM_CORE=1 -DNMM_CORE=0 -DNMM_MAX_DIM=2600 -DDA_CORE=0 -DWRFPLUS=0 -DIWORDSIZE=4 -DDWORDSIZE=8 -DRWORDSIZE=4 -DLWORDSIZE=4 -DNONSTANDARD_SYSTEM_FUNC  -DWRF_USE_CLM -DRPC_TYPES=1  -DDM_PARALLEL -DNETCDF -DLANDREAD_STUB=1 -DUSE_ALLOCATABLES -Dwrfmodel -DGRIB1 -DINTIO -DKEEP_INT_AROUND -DLIMIT_ARGS -DBUILD_RRTMG_FAST=0 -DBUILD_RRTMK=0 -DBUILD_SBM_FAST=1 -DSHOW_ALL_VARS_USED=0 -DCONFIG_BUF_LEN=65536 -DMAX_DOMAINS_F=21 -DMAX_HISTORY=25 -DNMM_NEST=0  -I. -traditional-cpp   module_cu_gd.G  > module_cu_gd.bb
/data1/home/marcos/WRF_old/new/WRF/tools/standard.exe module_cu_gd.bb | /lib/cpp -P -nostdinc -traditional-cpp > module_cu_gd.f90
rm -f module_cu_gd.G module_cu_gd.bb
time /data1/sw/local/mpich/bin/mpif90 -f90=ifort -o module_cu_gd.o -c -O3 -ip -fp-model precise -w -ftz -align all -fno-alias -FR -convert big_endian    -I../dyn_em -I../dyn_nmm  -I/data1/home/marcos/WRF_old/new/WRF/external/esmf_time_f90  -I/data1/home/marcos/WRF_old/new/WRF/main -I/data1/home/marcos/WRF_old/new/WRF/external/io_netcdf -I/data1/home/marcos/WRF_old/new/WRF/external/io_int -I/data1/home/marcos/WRF_old/new/WRF/frame -I/data1/home/marcos/WRF_old/new/WRF/share -I/data1/home/marcos/WRF_old/new/WRF/phys -I/data1/home/marcos/WRF_old/new/WRF/wrftladj -I/data1/home/marcos/WRF_old/new/WRF/chem -I/data1/home/marcos/WRF_old/new/WRF/inc -I/home/marcos/libs/netcdf/include  -real-size `expr 8 \* 4` -i4  module_cu_gd.f90
rm -f module_cu_gf_deep.o
sed -e "s/^\!.*'.*//" -e "s/^ *\!.*'.*//" module_cu_gf_deep.F > module_cu_gf_deep.G
/lib/cpp -P -nostdinc -I/data1/home/marcos/WRF_old/new/WRF/inc -DEM_CORE=1 -DNMM_CORE=0 -DNMM_MAX_DIM=2600 -DDA_CORE=0 -DWRFPLUS=0 -DIWORDSIZE=4 -DDWORDSIZE=8 -DRWORDSIZE=4 -DLWORDSIZE=4 -DNONSTANDARD_SYSTEM_FUNC  -DWRF_USE_CLM -DRPC_TYPES=1  -DDM_PARALLEL -DNETCDF -DLANDREAD_STUB=1 -DUSE_ALLOCATABLES -Dwrfmodel -DGRIB1 -DINTIO -DKEEP_INT_AROUND -DLIMIT_ARGS -DBUILD_RRTMG_FAST=0 -DBUILD_RRTMK=0 -DBUILD_SBM_FAST=1 -DSHOW_ALL_VARS_USED=0 -DCONFIG_BUF_LEN=65536 -DMAX_DOMAINS_F=21 -DMAX_HISTORY=25 -DNMM_NEST=0  -I. -traditional-cpp   module_cu_gf_deep.G  > module_cu_gf_deep.bb
/data1/home/marcos/WRF_old/new/WRF/tools/standard.exe module_cu_gf_deep.bb | /lib/cpp -P -nostdinc -traditional-cpp > module_cu_gf_deep.f90
rm -f module_cu_gf_deep.G module_cu_gf_deep.bb
time /data1/sw/local/mpich/bin/mpif90 -f90=ifort -o module_cu_gf_deep.o -c -O3 -ip -fp-model precise -w -ftz -align all -fno-alias -FR -convert big_endian    -I../dyn_em -I../dyn_nmm  -I/data1/home/marcos/WRF_old/new/WRF/external/esmf_time_f90  -I/data1/home/marcos/WRF_old/new/WRF/main -I/data1/home/marcos/WRF_old/new/WRF/external/io_netcdf -I/data1/home/marcos/WRF_old/new/WRF/external/io_int -I/data1/home/marcos/WRF_old/new/WRF/frame -I/data1/home/marcos/WRF_old/new/WRF/share -I/data1/home/marcos/WRF_old/new/WRF/phys -I/data1/home/marcos/WRF_old/new/WRF/wrftladj -I/data1/home/marcos/WRF_old/new/WRF/chem -I/data1/home/marcos/WRF_old/new/WRF/inc -I/home/marcos/libs/netcdf/include  -real-size `expr 8 \* 4` -i4  module_cu_gf_deep.f90
rm -f module_cu_ksas.o
sed -e "s/^\!.*'.*//" -e "s/^ *\!.*'.*//" module_cu_ksas.F > module_cu_ksas.G
/lib/cpp -P -nostdinc -I/data1/home/marcos/WRF_old/new/WRF/inc -DEM_CORE=1 -DNMM_CORE=0 -DNMM_MAX_DIM=2600 -DDA_CORE=0 -DWRFPLUS=0 -DIWORDSIZE=4 -DDWORDSIZE=8 -DRWORDSIZE=4 -DLWORDSIZE=4 -DNONSTANDARD_SYSTEM_FUNC  -DWRF_USE_CLM -DRPC_TYPES=1  -DDM_PARALLEL -DNETCDF -DLANDREAD_STUB=1 -DUSE_ALLOCATABLES -Dwrfmodel -DGRIB1 -DINTIO -DKEEP_INT_AROUND -DLIMIT_ARGS -DBUILD_RRTMG_FAST=0 -DBUILD_RRTMK=0 -DBUILD_SBM_FAST=1 -DSHOW_ALL_VARS_USED=0 -DCONFIG_BUF_LEN=65536 -DMAX_DOMAINS_F=21 -DMAX_HISTORY=25 -DNMM_NEST=0  -I. -traditional-cpp   module_cu_ksas.G  > module_cu_ksas.bb
/data1/home/marcos/WRF_old/new/WRF/tools/standard.exe module_cu_ksas.bb | /lib/cpp -P -nostdinc -traditional-cpp > module_cu_ksas.f90
rm -f module_cu_ksas.G module_cu_ksas.bb
time /data1/sw/local/mpich/bin/mpif90 -f90=ifort -o module_cu_ksas.o -c -O3 -ip -fp-model precise -w -ftz -align all -fno-alias -FR -convert big_endian    -I../dyn_em -I../dyn_nmm  -I/data1/home/marcos/WRF_old/new/WRF/external/esmf_time_f90  -I/data1/home/marcos/WRF_old/new/WRF/main -I/data1/home/marcos/WRF_old/new/WRF/external/io_netcdf -I/data1/home/marcos/WRF_old/new/WRF/external/io_int -I/data1/home/marcos/WRF_old/new/WRF/frame -I/data1/home/marcos/WRF_old/new/WRF/share -I/data1/home/marcos/WRF_old/new/WRF/phys -I/data1/home/marcos/WRF_old/new/WRF/wrftladj -I/data1/home/marcos/WRF_old/new/WRF/chem -I/data1/home/marcos/WRF_old/new/WRF/inc -I/home/marcos/libs/netcdf/include  -real-size `expr 8 \* 4` -i4  module_cu_ksas.f90
rm -f module_cu_nsas.o
sed -e "s/^\!.*'.*//" -e "s/^ *\!.*'.*//" module_cu_nsas.F > module_cu_nsas.G
/lib/cpp -P -nostdinc -I/data1/home/marcos/WRF_old/new/WRF/inc -DEM_CORE=1 -DNMM_CORE=0 -DNMM_MAX_DIM=2600 -DDA_CORE=0 -DWRFPLUS=0 -DIWORDSIZE=4 -DDWORDSIZE=8 -DRWORDSIZE=4 -DLWORDSIZE=4 -DNONSTANDARD_SYSTEM_FUNC  -DWRF_USE_CLM -DRPC_TYPES=1  -DDM_PARALLEL -DNETCDF -DLANDREAD_STUB=1 -DUSE_ALLOCATABLES -Dwrfmodel -DGRIB1 -DINTIO -DKEEP_INT_AROUND -DLIMIT_ARGS -DBUILD_RRTMG_FAST=0 -DBUILD_RRTMK=0 -DBUILD_SBM_FAST=1 -DSHOW_ALL_VARS_USED=0 -DCONFIG_BUF_LEN=65536 -DMAX_DOMAINS_F=21 -DMAX_HISTORY=25 -DNMM_NEST=0  -I. -traditional-cpp   module_cu_nsas.G  > module_cu_nsas.bb
/data1/home/marcos/WRF_old/new/WRF/tools/standard.exe module_cu_nsas.bb | /lib/cpp -P -nostdinc -traditional-cpp > module_cu_nsas.f90
rm -f module_cu_nsas.G module_cu_nsas.bb
time /data1/sw/local/mpich/bin/mpif90 -f90=ifort -o module_cu_nsas.o -c -O3 -ip -fp-model precise -w -ftz -align all -fno-alias -FR -convert big_endian    -I../dyn_em -I../dyn_nmm  -I/data1/home/marcos/WRF_old/new/WRF/external/esmf_time_f90  -I/data1/home/marcos/WRF_old/new/WRF/main -I/data1/home/marcos/WRF_old/new/WRF/external/io_netcdf -I/data1/home/marcos/WRF_old/new/WRF/external/io_int -I/data1/home/marcos/WRF_old/new/WRF/frame -I/data1/home/marcos/WRF_old/new/WRF/share -I/data1/home/marcos/WRF_old/new/WRF/phys -I/data1/home/marcos/WRF_old/new/WRF/wrftladj -I/data1/home/marcos/WRF_old/new/WRF/chem -I/data1/home/marcos/WRF_old/new/WRF/inc -I/home/marcos/libs/netcdf/include  -real-size `expr 8 \* 4` -i4  module_cu_nsas.f90
rm -f module_gocart_coupling.o
sed -e "s/^\!.*'.*//" -e "s/^ *\!.*'.*//" module_gocart_coupling.F > module_gocart_coupling.G
/lib/cpp -P -nostdinc -I/data1/home/marcos/WRF_old/new/WRF/inc -DEM_CORE=1 -DNMM_CORE=0 -DNMM_MAX_DIM=2600 -DDA_CORE=0 -DWRFPLUS=0 -DIWORDSIZE=4 -DDWORDSIZE=8 -DRWORDSIZE=4 -DLWORDSIZE=4 -DNONSTANDARD_SYSTEM_FUNC  -DWRF_USE_CLM -DRPC_TYPES=1  -DDM_PARALLEL -DNETCDF -DLANDREAD_STUB=1 -DUSE_ALLOCATABLES -Dwrfmodel -DGRIB1 -DINTIO -DKEEP_INT_AROUND -DLIMIT_ARGS -DBUILD_RRTMG_FAST=0 -DBUILD_RRTMK=0 -DBUILD_SBM_FAST=1 -DSHOW_ALL_VARS_USED=0 -DCONFIG_BUF_LEN=65536 -DMAX_DOMAINS_F=21 -DMAX_HISTORY=25 -DNMM_NEST=0  -I. -traditional-cpp   module_gocart_coupling.G  > module_gocart_coupling.bb
/data1/home/marcos/WRF_old/new/WRF/tools/standard.exe module_gocart_coupling.bb | /lib/cpp -P -nostdinc -traditional-cpp > module_gocart_coupling.f90
rm -f module_gocart_coupling.G module_gocart_coupling.bb
time /data1/sw/local/mpich/bin/mpif90 -f90=ifort -o module_gocart_coupling.o -c -O3 -ip -fp-model precise -w -ftz -align all -fno-alias -FR -convert big_endian    -I../dyn_em -I../dyn_nmm  -I/data1/home/marcos/WRF_old/new/WRF/external/esmf_time_f90  -I/data1/home/marcos/WRF_old/new/WRF/main -I/data1/home/marcos/WRF_old/new/WRF/external/io_netcdf -I/data1/home/marcos/WRF_old/new/WRF/external/io_int -I/data1/home/marcos/WRF_old/new/WRF/frame -I/data1/home/marcos/WRF_old/new/WRF/share -I/data1/home/marcos/WRF_old/new/WRF/phys -I/data1/home/marcos/WRF_old/new/WRF/wrftladj -I/data1/home/marcos/WRF_old/new/WRF/chem -I/data1/home/marcos/WRF_old/new/WRF/inc -I/home/marcos/libs/netcdf/include  -real-size `expr 8 \* 4` -i4  module_gocart_coupling.f90
rm -f module_ra_sw.o
sed -e "s/^\!.*'.*//" -e "s/^ *\!.*'.*//" module_ra_sw.F > module_ra_sw.G
/lib/cpp -P -nostdinc -I/data1/home/marcos/WRF_old/new/WRF/inc -DEM_CORE=1 -DNMM_CORE=0 -DNMM_MAX_DIM=2600 -DDA_CORE=0 -DWRFPLUS=0 -DIWORDSIZE=4 -DDWORDSIZE=8 -DRWORDSIZE=4 -DLWORDSIZE=4 -DNONSTANDARD_SYSTEM_FUNC  -DWRF_USE_CLM -DRPC_TYPES=1  -DDM_PARALLEL -DNETCDF -DLANDREAD_STUB=1 -DUSE_ALLOCATABLES -Dwrfmodel -DGRIB1 -DINTIO -DKEEP_INT_AROUND -DLIMIT_ARGS -DBUILD_RRTMG_FAST=0 -DBUILD_RRTMK=0 -DBUILD_SBM_FAST=1 -DSHOW_ALL_VARS_USED=0 -DCONFIG_BUF_LEN=65536 -DMAX_DOMAINS_F=21 -DMAX_HISTORY=25 -DNMM_NEST=0  -I. -traditional-cpp   module_ra_sw.G  > module_ra_sw.bb
/data1/home/marcos/WRF_old/new/WRF/tools/standard.exe module_ra_sw.bb | /lib/cpp -P -nostdinc -traditional-cpp > module_ra_sw.f90
rm -f module_ra_sw.G module_ra_sw.bb
time /data1/sw/local/mpich/bin/mpif90 -f90=ifort -o module_ra_sw.o -c -O3 -ip -fp-model precise -w -ftz -align all -fno-alias -FR -convert big_endian    -I../dyn_em -I../dyn_nmm  -I/data1/home/marcos/WRF_old/new/WRF/external/esmf_time_f90  -I/data1/home/marcos/WRF_old/new/WRF/main -I/data1/home/marcos/WRF_old/new/WRF/external/io_netcdf -I/data1/home/marcos/WRF_old/new/WRF/external/io_int -I/data1/home/marcos/WRF_old/new/WRF/frame -I/data1/home/marcos/WRF_old/new/WRF/share -I/data1/home/marcos/WRF_old/new/WRF/phys -I/data1/home/marcos/WRF_old/new/WRF/wrftladj -I/data1/home/marcos/WRF_old/new/WRF/chem -I/data1/home/marcos/WRF_old/new/WRF/inc -I/home/marcos/libs/netcdf/include  -real-size `expr 8 \* 4` -i4  module_ra_sw.f90
rm -f module_ra_gsfcsw.o
sed -e "s/^\!.*'.*//" -e "s/^ *\!.*'.*//" module_ra_gsfcsw.F > module_ra_gsfcsw.G
/lib/cpp -P -nostdinc -I/data1/home/marcos/WRF_old/new/WRF/inc -DEM_CORE=1 -DNMM_CORE=0 -DNMM_MAX_DIM=2600 -DDA_CORE=0 -DWRFPLUS=0 -DIWORDSIZE=4 -DDWORDSIZE=8 -DRWORDSIZE=4 -DLWORDSIZE=4 -DNONSTANDARD_SYSTEM_FUNC  -DWRF_USE_CLM -DRPC_TYPES=1  -DDM_PARALLEL -DNETCDF -DLANDREAD_STUB=1 -DUSE_ALLOCATABLES -Dwrfmodel -DGRIB1 -DINTIO -DKEEP_INT_AROUND -DLIMIT_ARGS -DBUILD_RRTMG_FAST=0 -DBUILD_RRTMK=0 -DBUILD_SBM_FAST=1 -DSHOW_ALL_VARS_USED=0 -DCONFIG_BUF_LEN=65536 -DMAX_DOMAINS_F=21 -DMAX_HISTORY=25 -DNMM_NEST=0  -I. -traditional-cpp   module_ra_gsfcsw.G  > module_ra_gsfcsw.bb
/data1/home/marcos/WRF_old/new/WRF/tools/standard.exe module_ra_gsfcsw.bb | /lib/cpp -P -nostdinc -traditional-cpp > module_ra_gsfcsw.f90
rm -f module_ra_gsfcsw.G module_ra_gsfcsw.bb
time /data1/sw/local/mpich/bin/mpif90 -f90=ifort -o module_ra_gsfcsw.o -c -O3 -ip -fp-model precise -w -ftz -align all -fno-alias -FR -convert big_endian    -I../dyn_em -I../dyn_nmm  -I/data1/home/marcos/WRF_old/new/WRF/external/esmf_time_f90  -I/data1/home/marcos/WRF_old/new/WRF/main -I/data1/home/marcos/WRF_old/new/WRF/external/io_netcdf -I/data1/home/marcos/WRF_old/new/WRF/external/io_int -I/data1/home/marcos/WRF_old/new/WRF/frame -I/data1/home/marcos/WRF_old/new/WRF/share -I/data1/home/marcos/WRF_old/new/WRF/phys -I/data1/home/marcos/WRF_old/new/WRF/wrftladj -I/data1/home/marcos/WRF_old/new/WRF/chem -I/data1/home/marcos/WRF_old/new/WRF/inc -I/home/marcos/libs/netcdf/include  -real-size `expr 8 \* 4` -i4  module_ra_gsfcsw.f90
rm -f module_ra_clWRF_support.o
sed -e "s/^\!.*'.*//" -e "s/^ *\!.*'.*//" module_ra_clWRF_support.F > module_ra_clWRF_support.G
/lib/cpp -P -nostdinc -I/data1/home/marcos/WRF_old/new/WRF/inc -DEM_CORE=1 -DNMM_CORE=0 -DNMM_MAX_DIM=2600 -DDA_CORE=0 -DWRFPLUS=0 -DIWORDSIZE=4 -DDWORDSIZE=8 -DRWORDSIZE=4 -DLWORDSIZE=4 -DNONSTANDARD_SYSTEM_FUNC  -DWRF_USE_CLM -DRPC_TYPES=1  -DDM_PARALLEL -DNETCDF -DLANDREAD_STUB=1 -DUSE_ALLOCATABLES -Dwrfmodel -DGRIB1 -DINTIO -DKEEP_INT_AROUND -DLIMIT_ARGS -DBUILD_RRTMG_FAST=0 -DBUILD_RRTMK=0 -DBUILD_SBM_FAST=1 -DSHOW_ALL_VARS_USED=0 -DCONFIG_BUF_LEN=65536 -DMAX_DOMAINS_F=21 -DMAX_HISTORY=25 -DNMM_NEST=0  -I. -traditional-cpp   module_ra_clWRF_support.G  > module_ra_clWRF_support.bb
/data1/home/marcos/WRF_old/new/WRF/tools/standard.exe module_ra_clWRF_support.bb | /lib/cpp -P -nostdinc -traditional-cpp > module_ra_clWRF_support.f90
rm -f module_ra_clWRF_support.G module_ra_clWRF_support.bb
time /data1/sw/local/mpich/bin/mpif90 -f90=ifort -o module_ra_clWRF_support.o -c -O3 -ip -fp-model precise -w -ftz -align all -fno-alias -FR -convert big_endian    -I../dyn_em -I../dyn_nmm  -I/data1/home/marcos/WRF_old/new/WRF/external/esmf_time_f90  -I/data1/home/marcos/WRF_old/new/WRF/main -I/data1/home/marcos/WRF_old/new/WRF/external/io_netcdf -I/data1/home/marcos/WRF_old/new/WRF/external/io_int -I/data1/home/marcos/WRF_old/new/WRF/frame -I/data1/home/marcos/WRF_old/new/WRF/share -I/data1/home/marcos/WRF_old/new/WRF/phys -I/data1/home/marcos/WRF_old/new/WRF/wrftladj -I/data1/home/marcos/WRF_old/new/WRF/chem -I/data1/home/marcos/WRF_old/new/WRF/inc -I/home/marcos/libs/netcdf/include  -real-size `expr 8 \* 4` -i4  module_ra_clWRF_support.f90
rm -f module_ra_effective_radius.o
sed -e "s/^\!.*'.*//" -e "s/^ *\!.*'.*//" module_ra_effective_radius.F > module_ra_effective_radius.G
/lib/cpp -P -nostdinc -I/data1/home/marcos/WRF_old/new/WRF/inc -DEM_CORE=1 -DNMM_CORE=0 -DNMM_MAX_DIM=2600 -DDA_CORE=0 -DWRFPLUS=0 -DIWORDSIZE=4 -DDWORDSIZE=8 -DRWORDSIZE=4 -DLWORDSIZE=4 -DNONSTANDARD_SYSTEM_FUNC  -DWRF_USE_CLM -DRPC_TYPES=1  -DDM_PARALLEL -DNETCDF -DLANDREAD_STUB=1 -DUSE_ALLOCATABLES -Dwrfmodel -DGRIB1 -DINTIO -DKEEP_INT_AROUND -DLIMIT_ARGS -DBUILD_RRTMG_FAST=0 -DBUILD_RRTMK=0 -DBUILD_SBM_FAST=1 -DSHOW_ALL_VARS_USED=0 -DCONFIG_BUF_LEN=65536 -DMAX_DOMAINS_F=21 -DMAX_HISTORY=25 -DNMM_NEST=0  -I. -traditional-cpp   module_ra_effective_radius.G  > module_ra_effective_radius.bb
/data1/home/marcos/WRF_old/new/WRF/tools/standard.exe module_ra_effective_radius.bb | /lib/cpp -P -nostdinc -traditional-cpp > module_ra_effective_radius.f90
rm -f module_ra_effective_radius.G module_ra_effective_radius.bb
time /data1/sw/local/mpich/bin/mpif90 -f90=ifort -o module_ra_effective_radius.o -c -O3 -ip -fp-model precise -w -ftz -align all -fno-alias -FR -convert big_endian    -I../dyn_em -I../dyn_nmm  -I/data1/home/marcos/WRF_old/new/WRF/external/esmf_time_f90  -I/data1/home/marcos/WRF_old/new/WRF/main -I/data1/home/marcos/WRF_old/new/WRF/external/io_netcdf -I/data1/home/marcos/WRF_old/new/WRF/external/io_int -I/data1/home/marcos/WRF_old/new/WRF/frame -I/data1/home/marcos/WRF_old/new/WRF/share -I/data1/home/marcos/WRF_old/new/WRF/phys -I/data1/home/marcos/WRF_old/new/WRF/wrftladj -I/data1/home/marcos/WRF_old/new/WRF/chem -I/data1/home/marcos/WRF_old/new/WRF/inc -I/home/marcos/libs/netcdf/include  -real-size `expr 8 \* 4` -i4  module_ra_effective_radius.f90
rm -f module_ra_farms.o
sed -e "s/^\!.*'.*//" -e "s/^ *\!.*'.*//" module_ra_farms.F > module_ra_farms.G
/lib/cpp -P -nostdinc -I/data1/home/marcos/WRF_old/new/WRF/inc -DEM_CORE=1 -DNMM_CORE=0 -DNMM_MAX_DIM=2600 -DDA_CORE=0 -DWRFPLUS=0 -DIWORDSIZE=4 -DDWORDSIZE=8 -DRWORDSIZE=4 -DLWORDSIZE=4 -DNONSTANDARD_SYSTEM_FUNC  -DWRF_USE_CLM -DRPC_TYPES=1  -DDM_PARALLEL -DNETCDF -DLANDREAD_STUB=1 -DUSE_ALLOCATABLES -Dwrfmodel -DGRIB1 -DINTIO -DKEEP_INT_AROUND -DLIMIT_ARGS -DBUILD_RRTMG_FAST=0 -DBUILD_RRTMK=0 -DBUILD_SBM_FAST=1 -DSHOW_ALL_VARS_USED=0 -DCONFIG_BUF_LEN=65536 -DMAX_DOMAINS_F=21 -DMAX_HISTORY=25 -DNMM_NEST=0  -I. -traditional-cpp   module_ra_farms.G  > module_ra_farms.bb
/data1/home/marcos/WRF_old/new/WRF/tools/standard.exe module_ra_farms.bb | /lib/cpp -P -nostdinc -traditional-cpp > module_ra_farms.f90
rm -f module_ra_farms.G module_ra_farms.bb
time /data1/sw/local/mpich/bin/mpif90 -f90=ifort -o module_ra_farms.o -c -O3 -ip -fp-model precise -w -ftz -align all -fno-alias -FR -convert big_endian    -I../dyn_em -I../dyn_nmm  -I/data1/home/marcos/WRF_old/new/WRF/external/esmf_time_f90  -I/data1/home/marcos/WRF_old/new/WRF/main -I/data1/home/marcos/WRF_old/new/WRF/external/io_netcdf -I/data1/home/marcos/WRF_old/new/WRF/external/io_int -I/data1/home/marcos/WRF_old/new/WRF/frame -I/data1/home/marcos/WRF_old/new/WRF/share -I/data1/home/marcos/WRF_old/new/WRF/phys -I/data1/home/marcos/WRF_old/new/WRF/wrftladj -I/data1/home/marcos/WRF_old/new/WRF/chem -I/data1/home/marcos/WRF_old/new/WRF/inc -I/home/marcos/libs/netcdf/include  -real-size `expr 8 \* 4` -i4  module_ra_farms.f90
rm -f module_mp_etanew.o
rm -f module_mp_HWRF.o
sed -e "s/^\!.*'.*//" -e "s/^ *\!.*'.*//" module_mp_etanew.F > module_mp_etanew.G
sed -e "s/^\!.*'.*//" -e "s/^ *\!.*'.*//" module_mp_HWRF.F > module_mp_HWRF.G
/lib/cpp -P -nostdinc -I/data1/home/marcos/WRF_old/new/WRF/inc -DEM_CORE=1 -DNMM_CORE=0 -DNMM_MAX_DIM=2600 -DDA_CORE=0 -DWRFPLUS=0 -DIWORDSIZE=4 -DDWORDSIZE=8 -DRWORDSIZE=4 -DLWORDSIZE=4 -DNONSTANDARD_SYSTEM_FUNC  -DWRF_USE_CLM -DRPC_TYPES=1  -DDM_PARALLEL -DNETCDF -DLANDREAD_STUB=1 -DUSE_ALLOCATABLES -Dwrfmodel -DGRIB1 -DINTIO -DKEEP_INT_AROUND -DLIMIT_ARGS -DBUILD_RRTMG_FAST=0 -DBUILD_RRTMK=0 -DBUILD_SBM_FAST=1 -DSHOW_ALL_VARS_USED=0 -DCONFIG_BUF_LEN=65536 -DMAX_DOMAINS_F=21 -DMAX_HISTORY=25 -DNMM_NEST=0  -I. -traditional-cpp   module_mp_etanew.G  > module_mp_etanew.bb
/lib/cpp -P -nostdinc -I/data1/home/marcos/WRF_old/new/WRF/inc -DEM_CORE=1 -DNMM_CORE=0 -DNMM_MAX_DIM=2600 -DDA_CORE=0 -DWRFPLUS=0 -DIWORDSIZE=4 -DDWORDSIZE=8 -DRWORDSIZE=4 -DLWORDSIZE=4 -DNONSTANDARD_SYSTEM_FUNC  -DWRF_USE_CLM -DRPC_TYPES=1  -DDM_PARALLEL -DNETCDF -DLANDREAD_STUB=1 -DUSE_ALLOCATABLES -Dwrfmodel -DGRIB1 -DINTIO -DKEEP_INT_AROUND -DLIMIT_ARGS -DBUILD_RRTMG_FAST=0 -DBUILD_RRTMK=0 -DBUILD_SBM_FAST=1 -DSHOW_ALL_VARS_USED=0 -DCONFIG_BUF_LEN=65536 -DMAX_DOMAINS_F=21 -DMAX_HISTORY=25 -DNMM_NEST=0  -I. -traditional-cpp   module_mp_HWRF.G  > module_mp_HWRF.bb
/data1/home/marcos/WRF_old/new/WRF/tools/standard.exe module_mp_etanew.bb | /lib/cpp -P -nostdinc -traditional-cpp > module_mp_etanew.f90
/data1/home/marcos/WRF_old/new/WRF/tools/standard.exe module_mp_HWRF.bb | /lib/cpp -P -nostdinc -traditional-cpp > module_mp_HWRF.f90
rm -f module_mp_etanew.G module_mp_etanew.bb
rm -f module_mp_HWRF.G module_mp_HWRF.bb
time /data1/sw/local/mpich/bin/mpif90 -f90=ifort -o module_mp_etanew.o -c -O3 -ip -fp-model precise -w -ftz -align all -fno-alias -FR -convert big_endian    -I../dyn_em -I../dyn_nmm  -I/data1/home/marcos/WRF_old/new/WRF/external/esmf_time_f90  -I/data1/home/marcos/WRF_old/new/WRF/main -I/data1/home/marcos/WRF_old/new/WRF/external/io_netcdf -I/data1/home/marcos/WRF_old/new/WRF/external/io_int -I/data1/home/marcos/WRF_old/new/WRF/frame -I/data1/home/marcos/WRF_old/new/WRF/share -I/data1/home/marcos/WRF_old/new/WRF/phys -I/data1/home/marcos/WRF_old/new/WRF/wrftladj -I/data1/home/marcos/WRF_old/new/WRF/chem -I/data1/home/marcos/WRF_old/new/WRF/inc -I/home/marcos/libs/netcdf/include  -real-size `expr 8 \* 4` -i4  module_mp_etanew.f90
time /data1/sw/local/mpich/bin/mpif90 -f90=ifort -o module_mp_HWRF.o -c -O3 -ip -fp-model precise -w -ftz -align all -fno-alias -FR -convert big_endian    -I../dyn_em -I../dyn_nmm  -I/data1/home/marcos/WRF_old/new/WRF/external/esmf_time_f90  -I/data1/home/marcos/WRF_old/new/WRF/main -I/data1/home/marcos/WRF_old/new/WRF/external/io_netcdf -I/data1/home/marcos/WRF_old/new/WRF/external/io_int -I/data1/home/marcos/WRF_old/new/WRF/frame -I/data1/home/marcos/WRF_old/new/WRF/share -I/data1/home/marcos/WRF_old/new/WRF/phys -I/data1/home/marcos/WRF_old/new/WRF/wrftladj -I/data1/home/marcos/WRF_old/new/WRF/chem -I/data1/home/marcos/WRF_old/new/WRF/inc -I/home/marcos/libs/netcdf/include  -real-size `expr 8 \* 4` -i4  module_mp_HWRF.f90
rm -f module_ra_hs.o
sed -e "s/^\!.*'.*//" -e "s/^ *\!.*'.*//" module_ra_hs.F > module_ra_hs.G
/lib/cpp -P -nostdinc -I/data1/home/marcos/WRF_old/new/WRF/inc -DEM_CORE=1 -DNMM_CORE=0 -DNMM_MAX_DIM=2600 -DDA_CORE=0 -DWRFPLUS=0 -DIWORDSIZE=4 -DDWORDSIZE=8 -DRWORDSIZE=4 -DLWORDSIZE=4 -DNONSTANDARD_SYSTEM_FUNC  -DWRF_USE_CLM -DRPC_TYPES=1  -DDM_PARALLEL -DNETCDF -DLANDREAD_STUB=1 -DUSE_ALLOCATABLES -Dwrfmodel -DGRIB1 -DINTIO -DKEEP_INT_AROUND -DLIMIT_ARGS -DBUILD_RRTMG_FAST=0 -DBUILD_RRTMK=0 -DBUILD_SBM_FAST=1 -DSHOW_ALL_VARS_USED=0 -DCONFIG_BUF_LEN=65536 -DMAX_DOMAINS_F=21 -DMAX_HISTORY=25 -DNMM_NEST=0  -I. -traditional-cpp   module_ra_hs.G  > module_ra_hs.bb
/data1/home/marcos/WRF_old/new/WRF/tools/standard.exe module_ra_hs.bb | /lib/cpp -P -nostdinc -traditional-cpp > module_ra_hs.f90
rm -f module_ra_hs.G module_ra_hs.bb
time /data1/sw/local/mpich/bin/mpif90 -f90=ifort -o module_ra_hs.o -c -O3 -ip -fp-model precise -w -ftz -align all -fno-alias -FR -convert big_endian    -I../dyn_em -I../dyn_nmm  -I/data1/home/marcos/WRF_old/new/WRF/external/esmf_time_f90  -I/data1/home/marcos/WRF_old/new/WRF/main -I/data1/home/marcos/WRF_old/new/WRF/external/io_netcdf -I/data1/home/marcos/WRF_old/new/WRF/external/io_int -I/data1/home/marcos/WRF_old/new/WRF/frame -I/data1/home/marcos/WRF_old/new/WRF/share -I/data1/home/marcos/WRF_old/new/WRF/phys -I/data1/home/marcos/WRF_old/new/WRF/wrftladj -I/data1/home/marcos/WRF_old/new/WRF/chem -I/data1/home/marcos/WRF_old/new/WRF/inc -I/home/marcos/libs/netcdf/include  -real-size `expr 8 \* 4` -i4  module_ra_hs.f90
rm -f module_ra_goddard.o
sed -e "s/^\!.*'.*//" -e "s/^ *\!.*'.*//" module_ra_goddard.F > module_ra_goddard.G
/lib/cpp -P -nostdinc -I/data1/home/marcos/WRF_old/new/WRF/inc -DEM_CORE=1 -DNMM_CORE=0 -DNMM_MAX_DIM=2600 -DDA_CORE=0 -DWRFPLUS=0 -DIWORDSIZE=4 -DDWORDSIZE=8 -DRWORDSIZE=4 -DLWORDSIZE=4 -DNONSTANDARD_SYSTEM_FUNC  -DWRF_USE_CLM -DRPC_TYPES=1  -DDM_PARALLEL -DNETCDF -DLANDREAD_STUB=1 -DUSE_ALLOCATABLES -Dwrfmodel -DGRIB1 -DINTIO -DKEEP_INT_AROUND -DLIMIT_ARGS -DBUILD_RRTMG_FAST=0 -DBUILD_RRTMK=0 -DBUILD_SBM_FAST=1 -DSHOW_ALL_VARS_USED=0 -DCONFIG_BUF_LEN=65536 -DMAX_DOMAINS_F=21 -DMAX_HISTORY=25 -DNMM_NEST=0  -I. -traditional-cpp   module_ra_goddard.G  > module_ra_goddard.bb
/data1/home/marcos/WRF_old/new/WRF/tools/standard.exe module_ra_goddard.bb | /lib/cpp -P -nostdinc -traditional-cpp > module_ra_goddard.f90
rm -f module_ra_goddard.G module_ra_goddard.bb
time /data1/sw/local/mpich/bin/mpif90 -f90=ifort -o module_ra_goddard.o -c -O3 -ip -fp-model precise -w -ftz -align all -fno-alias -FR -convert big_endian    -I../dyn_em -I../dyn_nmm  -I/data1/home/marcos/WRF_old/new/WRF/external/esmf_time_f90  -I/data1/home/marcos/WRF_old/new/WRF/main -I/data1/home/marcos/WRF_old/new/WRF/external/io_netcdf -I/data1/home/marcos/WRF_old/new/WRF/external/io_int -I/data1/home/marcos/WRF_old/new/WRF/frame -I/data1/home/marcos/WRF_old/new/WRF/share -I/data1/home/marcos/WRF_old/new/WRF/phys -I/data1/home/marcos/WRF_old/new/WRF/wrftladj -I/data1/home/marcos/WRF_old/new/WRF/chem -I/data1/home/marcos/WRF_old/new/WRF/inc -I/home/marcos/libs/netcdf/include  -real-size `expr 8 \* 4` -i4  module_ra_goddard.f90
rm -f module_ra_flg.o
sed -e "s/^\!.*'.*//" -e "s/^ *\!.*'.*//" module_ra_flg.F > module_ra_flg.G
/lib/cpp -P -nostdinc -I/data1/home/marcos/WRF_old/new/WRF/inc -DEM_CORE=1 -DNMM_CORE=0 -DNMM_MAX_DIM=2600 -DDA_CORE=0 -DWRFPLUS=0 -DIWORDSIZE=4 -DDWORDSIZE=8 -DRWORDSIZE=4 -DLWORDSIZE=4 -DNONSTANDARD_SYSTEM_FUNC  -DWRF_USE_CLM -DRPC_TYPES=1  -DDM_PARALLEL -DNETCDF -DLANDREAD_STUB=1 -DUSE_ALLOCATABLES -Dwrfmodel -DGRIB1 -DINTIO -DKEEP_INT_AROUND -DLIMIT_ARGS -DBUILD_RRTMG_FAST=0 -DBUILD_RRTMK=0 -DBUILD_SBM_FAST=1 -DSHOW_ALL_VARS_USED=0 -DCONFIG_BUF_LEN=65536 -DMAX_DOMAINS_F=21 -DMAX_HISTORY=25 -DNMM_NEST=0  -I. -traditional-cpp   module_ra_flg.G  > module_ra_flg.bb
/data1/home/marcos/WRF_old/new/WRF/tools/standard.exe module_ra_flg.bb | /lib/cpp -P -nostdinc -traditional-cpp > module_ra_flg.f90
rm -f module_ra_flg.G module_ra_flg.bb
time /data1/sw/local/mpich/bin/mpif90 -f90=ifort -o module_ra_flg.o -c -O3 -ip -fp-model precise -w -ftz -align all -fno-alias -FR -convert big_endian    -I../dyn_em -I../dyn_nmm  -I/data1/home/marcos/WRF_old/new/WRF/external/esmf_time_f90  -I/data1/home/marcos/WRF_old/new/WRF/main -I/data1/home/marcos/WRF_old/new/WRF/external/io_netcdf -I/data1/home/marcos/WRF_old/new/WRF/external/io_int -I/data1/home/marcos/WRF_old/new/WRF/frame -I/data1/home/marcos/WRF_old/new/WRF/share -I/data1/home/marcos/WRF_old/new/WRF/phys -I/data1/home/marcos/WRF_old/new/WRF/wrftladj -I/data1/home/marcos/WRF_old/new/WRF/chem -I/data1/home/marcos/WRF_old/new/WRF/inc -I/home/marcos/libs/netcdf/include  -real-size `expr 8 \* 4` -i4  module_ra_flg.f90
rm -f module_ra_aerosol.o
sed -e "s/^\!.*'.*//" -e "s/^ *\!.*'.*//" module_ra_aerosol.F > module_ra_aerosol.G
/lib/cpp -P -nostdinc -I/data1/home/marcos/WRF_old/new/WRF/inc -DEM_CORE=1 -DNMM_CORE=0 -DNMM_MAX_DIM=2600 -DDA_CORE=0 -DWRFPLUS=0 -DIWORDSIZE=4 -DDWORDSIZE=8 -DRWORDSIZE=4 -DLWORDSIZE=4 -DNONSTANDARD_SYSTEM_FUNC  -DWRF_USE_CLM -DRPC_TYPES=1  -DDM_PARALLEL -DNETCDF -DLANDREAD_STUB=1 -DUSE_ALLOCATABLES -Dwrfmodel -DGRIB1 -DINTIO -DKEEP_INT_AROUND -DLIMIT_ARGS -DBUILD_RRTMG_FAST=0 -DBUILD_RRTMK=0 -DBUILD_SBM_FAST=1 -DSHOW_ALL_VARS_USED=0 -DCONFIG_BUF_LEN=65536 -DMAX_DOMAINS_F=21 -DMAX_HISTORY=25 -DNMM_NEST=0  -I. -traditional-cpp   module_ra_aerosol.G  > module_ra_aerosol.bb
/data1/home/marcos/WRF_old/new/WRF/tools/standard.exe module_ra_aerosol.bb | /lib/cpp -P -nostdinc -traditional-cpp > module_ra_aerosol.f90
rm -f module_ra_aerosol.G module_ra_aerosol.bb
time /data1/sw/local/mpich/bin/mpif90 -f90=ifort -o module_ra_aerosol.o -c -O3 -ip -fp-model precise -w -ftz -align all -fno-alias -FR -convert big_endian    -I../dyn_em -I../dyn_nmm  -I/data1/home/marcos/WRF_old/new/WRF/external/esmf_time_f90  -I/data1/home/marcos/WRF_old/new/WRF/main -I/data1/home/marcos/WRF_old/new/WRF/external/io_netcdf -I/data1/home/marcos/WRF_old/new/WRF/external/io_int -I/data1/home/marcos/WRF_old/new/WRF/frame -I/data1/home/marcos/WRF_old/new/WRF/share -I/data1/home/marcos/WRF_old/new/WRF/phys -I/data1/home/marcos/WRF_old/new/WRF/wrftladj -I/data1/home/marcos/WRF_old/new/WRF/chem -I/data1/home/marcos/WRF_old/new/WRF/inc -I/home/marcos/libs/netcdf/include  -real-size `expr 8 \* 4` -i4  module_ra_aerosol.f90
rm -f module_mp_radar.o
sed -e "s/^\!.*'.*//" -e "s/^ *\!.*'.*//" module_mp_radar.F > module_mp_radar.G
/lib/cpp -P -nostdinc -I/data1/home/marcos/WRF_old/new/WRF/inc -DEM_CORE=1 -DNMM_CORE=0 -DNMM_MAX_DIM=2600 -DDA_CORE=0 -DWRFPLUS=0 -DIWORDSIZE=4 -DDWORDSIZE=8 -DRWORDSIZE=4 -DLWORDSIZE=4 -DNONSTANDARD_SYSTEM_FUNC  -DWRF_USE_CLM -DRPC_TYPES=1  -DDM_PARALLEL -DNETCDF -DLANDREAD_STUB=1 -DUSE_ALLOCATABLES -Dwrfmodel -DGRIB1 -DINTIO -DKEEP_INT_AROUND -DLIMIT_ARGS -DBUILD_RRTMG_FAST=0 -DBUILD_RRTMK=0 -DBUILD_SBM_FAST=1 -DSHOW_ALL_VARS_USED=0 -DCONFIG_BUF_LEN=65536 -DMAX_DOMAINS_F=21 -DMAX_HISTORY=25 -DNMM_NEST=0  -I. -traditional-cpp   module_mp_radar.G  > module_mp_radar.bb
/data1/home/marcos/WRF_old/new/WRF/tools/standard.exe module_mp_radar.bb | /lib/cpp -P -nostdinc -traditional-cpp > module_mp_radar.f90
rm -f module_mp_radar.G module_mp_radar.bb
time /data1/sw/local/mpich/bin/mpif90 -f90=ifort -o module_mp_radar.o -c -O3 -ip -fp-model precise -w -ftz -align all -fno-alias -FR -convert big_endian    -I../dyn_em -I../dyn_nmm  -I/data1/home/marcos/WRF_old/new/WRF/external/esmf_time_f90  -I/data1/home/marcos/WRF_old/new/WRF/main -I/data1/home/marcos/WRF_old/new/WRF/external/io_netcdf -I/data1/home/marcos/WRF_old/new/WRF/external/io_int -I/data1/home/marcos/WRF_old/new/WRF/frame -I/data1/home/marcos/WRF_old/new/WRF/share -I/data1/home/marcos/WRF_old/new/WRF/phys -I/data1/home/marcos/WRF_old/new/WRF/wrftladj -I/data1/home/marcos/WRF_old/new/WRF/chem -I/data1/home/marcos/WRF_old/new/WRF/inc -I/home/marcos/libs/netcdf/include  -real-size `expr 8 \* 4` -i4  module_mp_radar.f90
rm -f module_mp_kessler.o
sed -e "s/^\!.*'.*//" -e "s/^ *\!.*'.*//" module_mp_kessler.F > module_mp_kessler.G
/lib/cpp -P -nostdinc -I/data1/home/marcos/WRF_old/new/WRF/inc -DEM_CORE=1 -DNMM_CORE=0 -DNMM_MAX_DIM=2600 -DDA_CORE=0 -DWRFPLUS=0 -DIWORDSIZE=4 -DDWORDSIZE=8 -DRWORDSIZE=4 -DLWORDSIZE=4 -DNONSTANDARD_SYSTEM_FUNC  -DWRF_USE_CLM -DRPC_TYPES=1  -DDM_PARALLEL -DNETCDF -DLANDREAD_STUB=1 -DUSE_ALLOCATABLES -Dwrfmodel -DGRIB1 -DINTIO -DKEEP_INT_AROUND -DLIMIT_ARGS -DBUILD_RRTMG_FAST=0 -DBUILD_RRTMK=0 -DBUILD_SBM_FAST=1 -DSHOW_ALL_VARS_USED=0 -DCONFIG_BUF_LEN=65536 -DMAX_DOMAINS_F=21 -DMAX_HISTORY=25 -DNMM_NEST=0  -I. -traditional-cpp   module_mp_kessler.G  > module_mp_kessler.bb
/data1/home/marcos/WRF_old/new/WRF/tools/standard.exe module_mp_kessler.bb | /lib/cpp -P -nostdinc -traditional-cpp > module_mp_kessler.f90
rm -f module_mp_kessler.G module_mp_kessler.bb
time /data1/sw/local/mpich/bin/mpif90 -f90=ifort -o module_mp_kessler.o -c -O3 -ip -fp-model precise -w -ftz -align all -fno-alias -FR -convert big_endian    -I../dyn_em -I../dyn_nmm  -I/data1/home/marcos/WRF_old/new/WRF/external/esmf_time_f90  -I/data1/home/marcos/WRF_old/new/WRF/main -I/data1/home/marcos/WRF_old/new/WRF/external/io_netcdf -I/data1/home/marcos/WRF_old/new/WRF/external/io_int -I/data1/home/marcos/WRF_old/new/WRF/frame -I/data1/home/marcos/WRF_old/new/WRF/share -I/data1/home/marcos/WRF_old/new/WRF/phys -I/data1/home/marcos/WRF_old/new/WRF/wrftladj -I/data1/home/marcos/WRF_old/new/WRF/chem -I/data1/home/marcos/WRF_old/new/WRF/inc -I/home/marcos/libs/netcdf/include  -real-size `expr 8 \* 4` -i4  module_mp_kessler.f90
rm -f module_mp_lin.o
sed -e "s/^\!.*'.*//" -e "s/^ *\!.*'.*//" module_mp_lin.F > module_mp_lin.G
/lib/cpp -P -nostdinc -I/data1/home/marcos/WRF_old/new/WRF/inc -DEM_CORE=1 -DNMM_CORE=0 -DNMM_MAX_DIM=2600 -DDA_CORE=0 -DWRFPLUS=0 -DIWORDSIZE=4 -DDWORDSIZE=8 -DRWORDSIZE=4 -DLWORDSIZE=4 -DNONSTANDARD_SYSTEM_FUNC  -DWRF_USE_CLM -DRPC_TYPES=1  -DDM_PARALLEL -DNETCDF -DLANDREAD_STUB=1 -DUSE_ALLOCATABLES -Dwrfmodel -DGRIB1 -DINTIO -DKEEP_INT_AROUND -DLIMIT_ARGS -DBUILD_RRTMG_FAST=0 -DBUILD_RRTMK=0 -DBUILD_SBM_FAST=1 -DSHOW_ALL_VARS_USED=0 -DCONFIG_BUF_LEN=65536 -DMAX_DOMAINS_F=21 -DMAX_HISTORY=25 -DNMM_NEST=0  -I. -traditional-cpp   module_mp_lin.G  > module_mp_lin.bb
/data1/home/marcos/WRF_old/new/WRF/tools/standard.exe module_mp_lin.bb | /lib/cpp -P -nostdinc -traditional-cpp > module_mp_lin.f90
rm -f module_mp_lin.G module_mp_lin.bb
time /data1/sw/local/mpich/bin/mpif90 -f90=ifort -o module_mp_lin.o -c -O3 -ip -fp-model precise -w -ftz -align all -fno-alias -FR -convert big_endian    -I../dyn_em -I../dyn_nmm  -I/data1/home/marcos/WRF_old/new/WRF/external/esmf_time_f90  -I/data1/home/marcos/WRF_old/new/WRF/main -I/data1/home/marcos/WRF_old/new/WRF/external/io_netcdf -I/data1/home/marcos/WRF_old/new/WRF/external/io_int -I/data1/home/marcos/WRF_old/new/WRF/frame -I/data1/home/marcos/WRF_old/new/WRF/share -I/data1/home/marcos/WRF_old/new/WRF/phys -I/data1/home/marcos/WRF_old/new/WRF/wrftladj -I/data1/home/marcos/WRF_old/new/WRF/chem -I/data1/home/marcos/WRF_old/new/WRF/inc -I/home/marcos/libs/netcdf/include  -real-size `expr 8 \* 4` -i4  module_mp_lin.f90
rm -f module_mp_sbu_ylin.o
sed -e "s/^\!.*'.*//" -e "s/^ *\!.*'.*//" module_mp_sbu_ylin.F > module_mp_sbu_ylin.G
/lib/cpp -P -nostdinc -I/data1/home/marcos/WRF_old/new/WRF/inc -DEM_CORE=1 -DNMM_CORE=0 -DNMM_MAX_DIM=2600 -DDA_CORE=0 -DWRFPLUS=0 -DIWORDSIZE=4 -DDWORDSIZE=8 -DRWORDSIZE=4 -DLWORDSIZE=4 -DNONSTANDARD_SYSTEM_FUNC  -DWRF_USE_CLM -DRPC_TYPES=1  -DDM_PARALLEL -DNETCDF -DLANDREAD_STUB=1 -DUSE_ALLOCATABLES -Dwrfmodel -DGRIB1 -DINTIO -DKEEP_INT_AROUND -DLIMIT_ARGS -DBUILD_RRTMG_FAST=0 -DBUILD_RRTMK=0 -DBUILD_SBM_FAST=1 -DSHOW_ALL_VARS_USED=0 -DCONFIG_BUF_LEN=65536 -DMAX_DOMAINS_F=21 -DMAX_HISTORY=25 -DNMM_NEST=0  -I. -traditional-cpp   module_mp_sbu_ylin.G  > module_mp_sbu_ylin.bb
/data1/home/marcos/WRF_old/new/WRF/tools/standard.exe module_mp_sbu_ylin.bb | /lib/cpp -P -nostdinc -traditional-cpp > module_mp_sbu_ylin.f90
rm -f module_mp_sbu_ylin.G module_mp_sbu_ylin.bb
time /data1/sw/local/mpich/bin/mpif90 -f90=ifort -o module_mp_sbu_ylin.o -c -O3 -ip -fp-model precise -w -ftz -align all -fno-alias -FR -convert big_endian    -I../dyn_em -I../dyn_nmm  -I/data1/home/marcos/WRF_old/new/WRF/external/esmf_time_f90  -I/data1/home/marcos/WRF_old/new/WRF/main -I/data1/home/marcos/WRF_old/new/WRF/external/io_netcdf -I/data1/home/marcos/WRF_old/new/WRF/external/io_int -I/data1/home/marcos/WRF_old/new/WRF/frame -I/data1/home/marcos/WRF_old/new/WRF/share -I/data1/home/marcos/WRF_old/new/WRF/phys -I/data1/home/marcos/WRF_old/new/WRF/wrftladj -I/data1/home/marcos/WRF_old/new/WRF/chem -I/data1/home/marcos/WRF_old/new/WRF/inc -I/home/marcos/libs/netcdf/include  -real-size `expr 8 \* 4` -i4  module_mp_sbu_ylin.f90
rm -f module_mp_wsm3.o
sed -e "s/^\!.*'.*//" -e "s/^ *\!.*'.*//" module_mp_wsm3.F > module_mp_wsm3.G
/lib/cpp -P -nostdinc -I/data1/home/marcos/WRF_old/new/WRF/inc -DEM_CORE=1 -DNMM_CORE=0 -DNMM_MAX_DIM=2600 -DDA_CORE=0 -DWRFPLUS=0 -DIWORDSIZE=4 -DDWORDSIZE=8 -DRWORDSIZE=4 -DLWORDSIZE=4 -DNONSTANDARD_SYSTEM_FUNC  -DWRF_USE_CLM -DRPC_TYPES=1  -DDM_PARALLEL -DNETCDF -DLANDREAD_STUB=1 -DUSE_ALLOCATABLES -Dwrfmodel -DGRIB1 -DINTIO -DKEEP_INT_AROUND -DLIMIT_ARGS -DBUILD_RRTMG_FAST=0 -DBUILD_RRTMK=0 -DBUILD_SBM_FAST=1 -DSHOW_ALL_VARS_USED=0 -DCONFIG_BUF_LEN=65536 -DMAX_DOMAINS_F=21 -DMAX_HISTORY=25 -DNMM_NEST=0  -I. -traditional-cpp   module_mp_wsm3.G  > module_mp_wsm3.bb
/data1/home/marcos/WRF_old/new/WRF/tools/standard.exe module_mp_wsm3.bb | /lib/cpp -P -nostdinc -traditional-cpp > module_mp_wsm3.f90
rm -f module_mp_wsm3.G module_mp_wsm3.bb
time /data1/sw/local/mpich/bin/mpif90 -f90=ifort -o module_mp_wsm3.o -c -O3 -ip -fp-model precise -w -ftz -align all -fno-alias -FR -convert big_endian    -I../dyn_em -I../dyn_nmm  -I/data1/home/marcos/WRF_old/new/WRF/external/esmf_time_f90  -I/data1/home/marcos/WRF_old/new/WRF/main -I/data1/home/marcos/WRF_old/new/WRF/external/io_netcdf -I/data1/home/marcos/WRF_old/new/WRF/external/io_int -I/data1/home/marcos/WRF_old/new/WRF/frame -I/data1/home/marcos/WRF_old/new/WRF/share -I/data1/home/marcos/WRF_old/new/WRF/phys -I/data1/home/marcos/WRF_old/new/WRF/wrftladj -I/data1/home/marcos/WRF_old/new/WRF/chem -I/data1/home/marcos/WRF_old/new/WRF/inc -I/home/marcos/libs/netcdf/include  -real-size `expr 8 \* 4` -i4  module_mp_wsm3.f90
rm -f module_mp_wsm5.o
sed -e "s/^\!.*'.*//" -e "s/^ *\!.*'.*//" module_mp_wsm5.F > module_mp_wsm5.G
/lib/cpp -P -nostdinc -I/data1/home/marcos/WRF_old/new/WRF/inc -DEM_CORE=1 -DNMM_CORE=0 -DNMM_MAX_DIM=2600 -DDA_CORE=0 -DWRFPLUS=0 -DIWORDSIZE=4 -DDWORDSIZE=8 -DRWORDSIZE=4 -DLWORDSIZE=4 -DNONSTANDARD_SYSTEM_FUNC  -DWRF_USE_CLM -DRPC_TYPES=1  -DDM_PARALLEL -DNETCDF -DLANDREAD_STUB=1 -DUSE_ALLOCATABLES -Dwrfmodel -DGRIB1 -DINTIO -DKEEP_INT_AROUND -DLIMIT_ARGS -DBUILD_RRTMG_FAST=0 -DBUILD_RRTMK=0 -DBUILD_SBM_FAST=1 -DSHOW_ALL_VARS_USED=0 -DCONFIG_BUF_LEN=65536 -DMAX_DOMAINS_F=21 -DMAX_HISTORY=25 -DNMM_NEST=0  -I. -traditional-cpp   module_mp_wsm5.G  > module_mp_wsm5.bb
/data1/home/marcos/WRF_old/new/WRF/tools/standard.exe module_mp_wsm5.bb | /lib/cpp -P -nostdinc -traditional-cpp > module_mp_wsm5.f90
rm -f module_mp_wsm5.G module_mp_wsm5.bb
time /data1/sw/local/mpich/bin/mpif90 -f90=ifort -o module_mp_wsm5.o -c -O3 -ip -fp-model precise -w -ftz -align all -fno-alias -FR -convert big_endian    -I../dyn_em -I../dyn_nmm  -I/data1/home/marcos/WRF_old/new/WRF/external/esmf_time_f90  -I/data1/home/marcos/WRF_old/new/WRF/main -I/data1/home/marcos/WRF_old/new/WRF/external/io_netcdf -I/data1/home/marcos/WRF_old/new/WRF/external/io_int -I/data1/home/marcos/WRF_old/new/WRF/frame -I/data1/home/marcos/WRF_old/new/WRF/share -I/data1/home/marcos/WRF_old/new/WRF/phys -I/data1/home/marcos/WRF_old/new/WRF/wrftladj -I/data1/home/marcos/WRF_old/new/WRF/chem -I/data1/home/marcos/WRF_old/new/WRF/inc -I/home/marcos/libs/netcdf/include  -real-size `expr 8 \* 4` -i4  module_mp_wsm5.f90
rm -f module_mp_wsm6.o
sed -e "s/^\!.*'.*//" -e "s/^ *\!.*'.*//" module_mp_wsm6.F > module_mp_wsm6.G
/lib/cpp -P -nostdinc -I/data1/home/marcos/WRF_old/new/WRF/inc -DEM_CORE=1 -DNMM_CORE=0 -DNMM_MAX_DIM=2600 -DDA_CORE=0 -DWRFPLUS=0 -DIWORDSIZE=4 -DDWORDSIZE=8 -DRWORDSIZE=4 -DLWORDSIZE=4 -DNONSTANDARD_SYSTEM_FUNC  -DWRF_USE_CLM -DRPC_TYPES=1  -DDM_PARALLEL -DNETCDF -DLANDREAD_STUB=1 -DUSE_ALLOCATABLES -Dwrfmodel -DGRIB1 -DINTIO -DKEEP_INT_AROUND -DLIMIT_ARGS -DBUILD_RRTMG_FAST=0 -DBUILD_RRTMK=0 -DBUILD_SBM_FAST=1 -DSHOW_ALL_VARS_USED=0 -DCONFIG_BUF_LEN=65536 -DMAX_DOMAINS_F=21 -DMAX_HISTORY=25 -DNMM_NEST=0  -I. -traditional-cpp   module_mp_wsm6.G  > module_mp_wsm6.bb
/data1/home/marcos/WRF_old/new/WRF/tools/standard.exe module_mp_wsm6.bb | /lib/cpp -P -nostdinc -traditional-cpp > module_mp_wsm6.f90
rm -f module_mp_wsm6.G module_mp_wsm6.bb
time /data1/sw/local/mpich/bin/mpif90 -f90=ifort -o module_mp_wsm6.o -c -O3 -ip -fp-model precise -w -ftz -align all -fno-alias -FR -convert big_endian    -I../dyn_em -I../dyn_nmm  -I/data1/home/marcos/WRF_old/new/WRF/external/esmf_time_f90  -I/data1/home/marcos/WRF_old/new/WRF/main -I/data1/home/marcos/WRF_old/new/WRF/external/io_netcdf -I/data1/home/marcos/WRF_old/new/WRF/external/io_int -I/data1/home/marcos/WRF_old/new/WRF/frame -I/data1/home/marcos/WRF_old/new/WRF/share -I/data1/home/marcos/WRF_old/new/WRF/phys -I/data1/home/marcos/WRF_old/new/WRF/wrftladj -I/data1/home/marcos/WRF_old/new/WRF/chem -I/data1/home/marcos/WRF_old/new/WRF/inc -I/home/marcos/libs/netcdf/include  -real-size `expr 8 \* 4` -i4  module_mp_wsm6.f90
rm -f module_mp_wsm7.o
sed -e "s/^\!.*'.*//" -e "s/^ *\!.*'.*//" module_mp_wsm7.F > module_mp_wsm7.G
/lib/cpp -P -nostdinc -I/data1/home/marcos/WRF_old/new/WRF/inc -DEM_CORE=1 -DNMM_CORE=0 -DNMM_MAX_DIM=2600 -DDA_CORE=0 -DWRFPLUS=0 -DIWORDSIZE=4 -DDWORDSIZE=8 -DRWORDSIZE=4 -DLWORDSIZE=4 -DNONSTANDARD_SYSTEM_FUNC  -DWRF_USE_CLM -DRPC_TYPES=1  -DDM_PARALLEL -DNETCDF -DLANDREAD_STUB=1 -DUSE_ALLOCATABLES -Dwrfmodel -DGRIB1 -DINTIO -DKEEP_INT_AROUND -DLIMIT_ARGS -DBUILD_RRTMG_FAST=0 -DBUILD_RRTMK=0 -DBUILD_SBM_FAST=1 -DSHOW_ALL_VARS_USED=0 -DCONFIG_BUF_LEN=65536 -DMAX_DOMAINS_F=21 -DMAX_HISTORY=25 -DNMM_NEST=0  -I. -traditional-cpp   module_mp_wsm7.G  > module_mp_wsm7.bb
/data1/home/marcos/WRF_old/new/WRF/tools/standard.exe module_mp_wsm7.bb | /lib/cpp -P -nostdinc -traditional-cpp > module_mp_wsm7.f90
rm -f module_mp_wsm7.G module_mp_wsm7.bb
time /data1/sw/local/mpich/bin/mpif90 -f90=ifort -o module_mp_wsm7.o -c -O3 -ip -fp-model precise -w -ftz -align all -fno-alias -FR -convert big_endian    -I../dyn_em -I../dyn_nmm  -I/data1/home/marcos/WRF_old/new/WRF/external/esmf_time_f90  -I/data1/home/marcos/WRF_old/new/WRF/main -I/data1/home/marcos/WRF_old/new/WRF/external/io_netcdf -I/data1/home/marcos/WRF_old/new/WRF/external/io_int -I/data1/home/marcos/WRF_old/new/WRF/frame -I/data1/home/marcos/WRF_old/new/WRF/share -I/data1/home/marcos/WRF_old/new/WRF/phys -I/data1/home/marcos/WRF_old/new/WRF/wrftladj -I/data1/home/marcos/WRF_old/new/WRF/chem -I/data1/home/marcos/WRF_old/new/WRF/inc -I/home/marcos/libs/netcdf/include  -real-size `expr 8 \* 4` -i4  module_mp_wsm7.f90
rm -f module_mp_fer_hires.o
sed -e "s/^\!.*'.*//" -e "s/^ *\!.*'.*//" module_mp_fer_hires.F > module_mp_fer_hires.G
/lib/cpp -P -nostdinc -I/data1/home/marcos/WRF_old/new/WRF/inc -DEM_CORE=1 -DNMM_CORE=0 -DNMM_MAX_DIM=2600 -DDA_CORE=0 -DWRFPLUS=0 -DIWORDSIZE=4 -DDWORDSIZE=8 -DRWORDSIZE=4 -DLWORDSIZE=4 -DNONSTANDARD_SYSTEM_FUNC  -DWRF_USE_CLM -DRPC_TYPES=1  -DDM_PARALLEL -DNETCDF -DLANDREAD_STUB=1 -DUSE_ALLOCATABLES -Dwrfmodel -DGRIB1 -DINTIO -DKEEP_INT_AROUND -DLIMIT_ARGS -DBUILD_RRTMG_FAST=0 -DBUILD_RRTMK=0 -DBUILD_SBM_FAST=1 -DSHOW_ALL_VARS_USED=0 -DCONFIG_BUF_LEN=65536 -DMAX_DOMAINS_F=21 -DMAX_HISTORY=25 -DNMM_NEST=0  -I. -traditional-cpp   module_mp_fer_hires.G  > module_mp_fer_hires.bb
/data1/home/marcos/WRF_old/new/WRF/tools/standard.exe module_mp_fer_hires.bb | /lib/cpp -P -nostdinc -traditional-cpp > module_mp_fer_hires.f90
rm -f module_mp_fer_hires.G module_mp_fer_hires.bb
time /data1/sw/local/mpich/bin/mpif90 -f90=ifort -o module_mp_fer_hires.o -c -O3 -ip -fp-model precise -w -ftz -align all -fno-alias -FR -convert big_endian    -I../dyn_em -I../dyn_nmm  -I/data1/home/marcos/WRF_old/new/WRF/external/esmf_time_f90  -I/data1/home/marcos/WRF_old/new/WRF/main -I/data1/home/marcos/WRF_old/new/WRF/external/io_netcdf -I/data1/home/marcos/WRF_old/new/WRF/external/io_int -I/data1/home/marcos/WRF_old/new/WRF/frame -I/data1/home/marcos/WRF_old/new/WRF/share -I/data1/home/marcos/WRF_old/new/WRF/phys -I/data1/home/marcos/WRF_old/new/WRF/wrftladj -I/data1/home/marcos/WRF_old/new/WRF/chem -I/data1/home/marcos/WRF_old/new/WRF/inc -I/home/marcos/libs/netcdf/include  -real-size `expr 8 \* 4` -i4  module_mp_fer_hires.f90
rm -f module_mp_SBM_polar_radar.o
sed -e "s/^\!.*'.*//" -e "s/^ *\!.*'.*//" module_mp_SBM_polar_radar.F > module_mp_SBM_polar_radar.G
/lib/cpp -P -nostdinc -I/data1/home/marcos/WRF_old/new/WRF/inc -DEM_CORE=1 -DNMM_CORE=0 -DNMM_MAX_DIM=2600 -DDA_CORE=0 -DWRFPLUS=0 -DIWORDSIZE=4 -DDWORDSIZE=8 -DRWORDSIZE=4 -DLWORDSIZE=4 -DNONSTANDARD_SYSTEM_FUNC  -DWRF_USE_CLM -DRPC_TYPES=1  -DDM_PARALLEL -DNETCDF -DLANDREAD_STUB=1 -DUSE_ALLOCATABLES -Dwrfmodel -DGRIB1 -DINTIO -DKEEP_INT_AROUND -DLIMIT_ARGS -DBUILD_RRTMG_FAST=0 -DBUILD_RRTMK=0 -DBUILD_SBM_FAST=1 -DSHOW_ALL_VARS_USED=0 -DCONFIG_BUF_LEN=65536 -DMAX_DOMAINS_F=21 -DMAX_HISTORY=25 -DNMM_NEST=0  -I. -traditional-cpp   module_mp_SBM_polar_radar.G  > module_mp_SBM_polar_radar.bb
/data1/home/marcos/WRF_old/new/WRF/tools/standard.exe module_mp_SBM_polar_radar.bb | /lib/cpp -P -nostdinc -traditional-cpp > module_mp_SBM_polar_radar.f90
rm -f module_mp_SBM_polar_radar.G module_mp_SBM_polar_radar.bb
time /data1/sw/local/mpich/bin/mpif90 -f90=ifort -o module_mp_SBM_polar_radar.o -c -O3 -ip -fp-model precise -w -ftz -align all -fno-alias -FR -convert big_endian    -I../dyn_em -I../dyn_nmm  -I/data1/home/marcos/WRF_old/new/WRF/external/esmf_time_f90  -I/data1/home/marcos/WRF_old/new/WRF/main -I/data1/home/marcos/WRF_old/new/WRF/external/io_netcdf -I/data1/home/marcos/WRF_old/new/WRF/external/io_int -I/data1/home/marcos/WRF_old/new/WRF/frame -I/data1/home/marcos/WRF_old/new/WRF/share -I/data1/home/marcos/WRF_old/new/WRF/phys -I/data1/home/marcos/WRF_old/new/WRF/wrftladj -I/data1/home/marcos/WRF_old/new/WRF/chem -I/data1/home/marcos/WRF_old/new/WRF/inc -I/home/marcos/libs/netcdf/include  -real-size `expr 8 \* 4` -i4  module_mp_SBM_polar_radar.f90
rm -f module_mp_full_sbm.o
sed -e "s/^\!.*'.*//" -e "s/^ *\!.*'.*//" module_mp_full_sbm.F > module_mp_full_sbm.G
/lib/cpp -P -nostdinc -I/data1/home/marcos/WRF_old/new/WRF/inc -DEM_CORE=1 -DNMM_CORE=0 -DNMM_MAX_DIM=2600 -DDA_CORE=0 -DWRFPLUS=0 -DIWORDSIZE=4 -DDWORDSIZE=8 -DRWORDSIZE=4 -DLWORDSIZE=4 -DNONSTANDARD_SYSTEM_FUNC  -DWRF_USE_CLM -DRPC_TYPES=1  -DDM_PARALLEL -DNETCDF -DLANDREAD_STUB=1 -DUSE_ALLOCATABLES -Dwrfmodel -DGRIB1 -DINTIO -DKEEP_INT_AROUND -DLIMIT_ARGS -DBUILD_RRTMG_FAST=0 -DBUILD_RRTMK=0 -DBUILD_SBM_FAST=1 -DSHOW_ALL_VARS_USED=0 -DCONFIG_BUF_LEN=65536 -DMAX_DOMAINS_F=21 -DMAX_HISTORY=25 -DNMM_NEST=0  -I. -traditional-cpp   module_mp_full_sbm.G  > module_mp_full_sbm.bb
/data1/home/marcos/WRF_old/new/WRF/tools/standard.exe module_mp_full_sbm.bb | /lib/cpp -P -nostdinc -traditional-cpp > module_mp_full_sbm.f90
rm -f module_mp_full_sbm.G module_mp_full_sbm.bb
time /data1/sw/local/mpich/bin/mpif90 -f90=ifort -o module_mp_full_sbm.o -c -O3 -ip -fp-model precise -w -ftz -align all -fno-alias -FR -convert big_endian    -I../dyn_em -I../dyn_nmm  -I/data1/home/marcos/WRF_old/new/WRF/external/esmf_time_f90  -I/data1/home/marcos/WRF_old/new/WRF/main -I/data1/home/marcos/WRF_old/new/WRF/external/io_netcdf -I/data1/home/marcos/WRF_old/new/WRF/external/io_int -I/data1/home/marcos/WRF_old/new/WRF/frame -I/data1/home/marcos/WRF_old/new/WRF/share -I/data1/home/marcos/WRF_old/new/WRF/phys -I/data1/home/marcos/WRF_old/new/WRF/wrftladj -I/data1/home/marcos/WRF_old/new/WRF/chem -I/data1/home/marcos/WRF_old/new/WRF/inc -I/home/marcos/libs/netcdf/include  -real-size `expr 8 \* 4` -i4  module_mp_full_sbm.f90
rm -f module_mp_fast_sbm.o
sed -e "s/^\!.*'.*//" -e "s/^ *\!.*'.*//" module_mp_fast_sbm.F > module_mp_fast_sbm.G
/lib/cpp -P -nostdinc -I/data1/home/marcos/WRF_old/new/WRF/inc -DEM_CORE=1 -DNMM_CORE=0 -DNMM_MAX_DIM=2600 -DDA_CORE=0 -DWRFPLUS=0 -DIWORDSIZE=4 -DDWORDSIZE=8 -DRWORDSIZE=4 -DLWORDSIZE=4 -DNONSTANDARD_SYSTEM_FUNC  -DWRF_USE_CLM -DRPC_TYPES=1  -DDM_PARALLEL -DNETCDF -DLANDREAD_STUB=1 -DUSE_ALLOCATABLES -Dwrfmodel -DGRIB1 -DINTIO -DKEEP_INT_AROUND -DLIMIT_ARGS -DBUILD_RRTMG_FAST=0 -DBUILD_RRTMK=0 -DBUILD_SBM_FAST=1 -DSHOW_ALL_VARS_USED=0 -DCONFIG_BUF_LEN=65536 -DMAX_DOMAINS_F=21 -DMAX_HISTORY=25 -DNMM_NEST=0  -I. -traditional-cpp   module_mp_fast_sbm.G  > module_mp_fast_sbm.bb
/data1/home/marcos/WRF_old/new/WRF/tools/standard.exe module_mp_fast_sbm.bb | /lib/cpp -P -nostdinc -traditional-cpp > module_mp_fast_sbm.f90
rm -f module_mp_fast_sbm.G module_mp_fast_sbm.bb
time /data1/sw/local/mpich/bin/mpif90 -f90=ifort -o module_mp_fast_sbm.o -c -O3 -ip -fp-model precise -w -ftz -align all -fno-alias -FR -convert big_endian    -I../dyn_em -I../dyn_nmm  -I/data1/home/marcos/WRF_old/new/WRF/external/esmf_time_f90  -I/data1/home/marcos/WRF_old/new/WRF/main -I/data1/home/marcos/WRF_old/new/WRF/external/io_netcdf -I/data1/home/marcos/WRF_old/new/WRF/external/io_int -I/data1/home/marcos/WRF_old/new/WRF/frame -I/data1/home/marcos/WRF_old/new/WRF/share -I/data1/home/marcos/WRF_old/new/WRF/phys -I/data1/home/marcos/WRF_old/new/WRF/wrftladj -I/data1/home/marcos/WRF_old/new/WRF/chem -I/data1/home/marcos/WRF_old/new/WRF/inc -I/home/marcos/libs/netcdf/include  -real-size `expr 8 \* 4` -i4  module_mp_fast_sbm.f90
rm -f module_ltng_lpi.o
sed -e "s/^\!.*'.*//" -e "s/^ *\!.*'.*//" module_ltng_lpi.F > module_ltng_lpi.G
/lib/cpp -P -nostdinc -I/data1/home/marcos/WRF_old/new/WRF/inc -DEM_CORE=1 -DNMM_CORE=0 -DNMM_MAX_DIM=2600 -DDA_CORE=0 -DWRFPLUS=0 -DIWORDSIZE=4 -DDWORDSIZE=8 -DRWORDSIZE=4 -DLWORDSIZE=4 -DNONSTANDARD_SYSTEM_FUNC  -DWRF_USE_CLM -DRPC_TYPES=1  -DDM_PARALLEL -DNETCDF -DLANDREAD_STUB=1 -DUSE_ALLOCATABLES -Dwrfmodel -DGRIB1 -DINTIO -DKEEP_INT_AROUND -DLIMIT_ARGS -DBUILD_RRTMG_FAST=0 -DBUILD_RRTMK=0 -DBUILD_SBM_FAST=1 -DSHOW_ALL_VARS_USED=0 -DCONFIG_BUF_LEN=65536 -DMAX_DOMAINS_F=21 -DMAX_HISTORY=25 -DNMM_NEST=0  -I. -traditional-cpp   module_ltng_lpi.G  > module_ltng_lpi.bb
/data1/home/marcos/WRF_old/new/WRF/tools/standard.exe module_ltng_lpi.bb | /lib/cpp -P -nostdinc -traditional-cpp > module_ltng_lpi.f90
rm -f module_ltng_lpi.G module_ltng_lpi.bb
time /data1/sw/local/mpich/bin/mpif90 -f90=ifort -o module_ltng_lpi.o -c -O3 -ip -fp-model precise -w -ftz -align all -fno-alias -FR -convert big_endian    -I../dyn_em -I../dyn_nmm  -I/data1/home/marcos/WRF_old/new/WRF/external/esmf_time_f90  -I/data1/home/marcos/WRF_old/new/WRF/main -I/data1/home/marcos/WRF_old/new/WRF/external/io_netcdf -I/data1/home/marcos/WRF_old/new/WRF/external/io_int -I/data1/home/marcos/WRF_old/new/WRF/frame -I/data1/home/marcos/WRF_old/new/WRF/share -I/data1/home/marcos/WRF_old/new/WRF/phys -I/data1/home/marcos/WRF_old/new/WRF/wrftladj -I/data1/home/marcos/WRF_old/new/WRF/chem -I/data1/home/marcos/WRF_old/new/WRF/inc -I/home/marcos/libs/netcdf/include  -real-size `expr 8 \* 4` -i4  module_ltng_lpi.f90
rm -f module_mp_gsfcgce.o
sed -e "s/^\!.*'.*//" -e "s/^ *\!.*'.*//" module_mp_gsfcgce.F > module_mp_gsfcgce.G
/lib/cpp -P -nostdinc -I/data1/home/marcos/WRF_old/new/WRF/inc -DEM_CORE=1 -DNMM_CORE=0 -DNMM_MAX_DIM=2600 -DDA_CORE=0 -DWRFPLUS=0 -DIWORDSIZE=4 -DDWORDSIZE=8 -DRWORDSIZE=4 -DLWORDSIZE=4 -DNONSTANDARD_SYSTEM_FUNC  -DWRF_USE_CLM -DRPC_TYPES=1  -DDM_PARALLEL -DNETCDF -DLANDREAD_STUB=1 -DUSE_ALLOCATABLES -Dwrfmodel -DGRIB1 -DINTIO -DKEEP_INT_AROUND -DLIMIT_ARGS -DBUILD_RRTMG_FAST=0 -DBUILD_RRTMK=0 -DBUILD_SBM_FAST=1 -DSHOW_ALL_VARS_USED=0 -DCONFIG_BUF_LEN=65536 -DMAX_DOMAINS_F=21 -DMAX_HISTORY=25 -DNMM_NEST=0  -I. -traditional-cpp   module_mp_gsfcgce.G  > module_mp_gsfcgce.bb
/data1/home/marcos/WRF_old/new/WRF/tools/standard.exe module_mp_gsfcgce.bb | /lib/cpp -P -nostdinc -traditional-cpp > module_mp_gsfcgce.f90
rm -f module_mp_gsfcgce.G module_mp_gsfcgce.bb
time /data1/sw/local/mpich/bin/mpif90 -f90=ifort -o module_mp_gsfcgce.o -c -O3 -ip -fp-model precise -w -ftz -align all -fno-alias -FR -convert big_endian    -I../dyn_em -I../dyn_nmm  -I/data1/home/marcos/WRF_old/new/WRF/external/esmf_time_f90  -I/data1/home/marcos/WRF_old/new/WRF/main -I/data1/home/marcos/WRF_old/new/WRF/external/io_netcdf -I/data1/home/marcos/WRF_old/new/WRF/external/io_int -I/data1/home/marcos/WRF_old/new/WRF/frame -I/data1/home/marcos/WRF_old/new/WRF/share -I/data1/home/marcos/WRF_old/new/WRF/phys -I/data1/home/marcos/WRF_old/new/WRF/wrftladj -I/data1/home/marcos/WRF_old/new/WRF/chem -I/data1/home/marcos/WRF_old/new/WRF/inc -I/home/marcos/libs/netcdf/include  -real-size `expr 8 \* 4` -i4  module_mp_gsfcgce.f90
rm -f module_mp_gsfcgce_4ice_nuwrf.o
sed -e "s/^\!.*'.*//" -e "s/^ *\!.*'.*//" module_mp_gsfcgce_4ice_nuwrf.F > module_mp_gsfcgce_4ice_nuwrf.G
/lib/cpp -P -nostdinc -I/data1/home/marcos/WRF_old/new/WRF/inc -DEM_CORE=1 -DNMM_CORE=0 -DNMM_MAX_DIM=2600 -DDA_CORE=0 -DWRFPLUS=0 -DIWORDSIZE=4 -DDWORDSIZE=8 -DRWORDSIZE=4 -DLWORDSIZE=4 -DNONSTANDARD_SYSTEM_FUNC  -DWRF_USE_CLM -DRPC_TYPES=1  -DDM_PARALLEL -DNETCDF -DLANDREAD_STUB=1 -DUSE_ALLOCATABLES -Dwrfmodel -DGRIB1 -DINTIO -DKEEP_INT_AROUND -DLIMIT_ARGS -DBUILD_RRTMG_FAST=0 -DBUILD_RRTMK=0 -DBUILD_SBM_FAST=1 -DSHOW_ALL_VARS_USED=0 -DCONFIG_BUF_LEN=65536 -DMAX_DOMAINS_F=21 -DMAX_HISTORY=25 -DNMM_NEST=0  -I. -traditional-cpp   module_mp_gsfcgce_4ice_nuwrf.G  > module_mp_gsfcgce_4ice_nuwrf.bb
/data1/home/marcos/WRF_old/new/WRF/tools/standard.exe module_mp_gsfcgce_4ice_nuwrf.bb | /lib/cpp -P -nostdinc -traditional-cpp > module_mp_gsfcgce_4ice_nuwrf.f90
rm -f module_mp_gsfcgce_4ice_nuwrf.G module_mp_gsfcgce_4ice_nuwrf.bb
time /data1/sw/local/mpich/bin/mpif90 -f90=ifort -o module_mp_gsfcgce_4ice_nuwrf.o -c -O3 -ip -fp-model precise -w -ftz -align all -fno-alias -FR -convert big_endian    -I../dyn_em -I../dyn_nmm  -I/data1/home/marcos/WRF_old/new/WRF/external/esmf_time_f90  -I/data1/home/marcos/WRF_old/new/WRF/main -I/data1/home/marcos/WRF_old/new/WRF/external/io_netcdf -I/data1/home/marcos/WRF_old/new/WRF/external/io_int -I/data1/home/marcos/WRF_old/new/WRF/frame -I/data1/home/marcos/WRF_old/new/WRF/share -I/data1/home/marcos/WRF_old/new/WRF/phys -I/data1/home/marcos/WRF_old/new/WRF/wrftladj -I/data1/home/marcos/WRF_old/new/WRF/chem -I/data1/home/marcos/WRF_old/new/WRF/inc -I/home/marcos/libs/netcdf/include  -real-size `expr 8 \* 4` -i4  module_mp_gsfcgce_4ice_nuwrf.f90
rm -f module_mp_morr_two_moment.o
sed -e "s/^\!.*'.*//" -e "s/^ *\!.*'.*//" module_mp_morr_two_moment.F > module_mp_morr_two_moment.G
/lib/cpp -P -nostdinc -I/data1/home/marcos/WRF_old/new/WRF/inc -DEM_CORE=1 -DNMM_CORE=0 -DNMM_MAX_DIM=2600 -DDA_CORE=0 -DWRFPLUS=0 -DIWORDSIZE=4 -DDWORDSIZE=8 -DRWORDSIZE=4 -DLWORDSIZE=4 -DNONSTANDARD_SYSTEM_FUNC  -DWRF_USE_CLM -DRPC_TYPES=1  -DDM_PARALLEL -DNETCDF -DLANDREAD_STUB=1 -DUSE_ALLOCATABLES -Dwrfmodel -DGRIB1 -DINTIO -DKEEP_INT_AROUND -DLIMIT_ARGS -DBUILD_RRTMG_FAST=0 -DBUILD_RRTMK=0 -DBUILD_SBM_FAST=1 -DSHOW_ALL_VARS_USED=0 -DCONFIG_BUF_LEN=65536 -DMAX_DOMAINS_F=21 -DMAX_HISTORY=25 -DNMM_NEST=0  -I. -traditional-cpp   module_mp_morr_two_moment.G  > module_mp_morr_two_moment.bb
/data1/home/marcos/WRF_old/new/WRF/tools/standard.exe module_mp_morr_two_moment.bb | /lib/cpp -P -nostdinc -traditional-cpp > module_mp_morr_two_moment.f90
rm -f module_mp_morr_two_moment.G module_mp_morr_two_moment.bb
time /data1/sw/local/mpich/bin/mpif90 -f90=ifort -o module_mp_morr_two_moment.o -c -O3 -ip -fp-model precise -w -ftz -align all -fno-alias -FR -convert big_endian    -I../dyn_em -I../dyn_nmm  -I/data1/home/marcos/WRF_old/new/WRF/external/esmf_time_f90  -I/data1/home/marcos/WRF_old/new/WRF/main -I/data1/home/marcos/WRF_old/new/WRF/external/io_netcdf -I/data1/home/marcos/WRF_old/new/WRF/external/io_int -I/data1/home/marcos/WRF_old/new/WRF/frame -I/data1/home/marcos/WRF_old/new/WRF/share -I/data1/home/marcos/WRF_old/new/WRF/phys -I/data1/home/marcos/WRF_old/new/WRF/wrftladj -I/data1/home/marcos/WRF_old/new/WRF/chem -I/data1/home/marcos/WRF_old/new/WRF/inc -I/home/marcos/libs/netcdf/include  -real-size `expr 8 \* 4` -i4  module_mp_morr_two_moment.f90
rm -f module_mp_p3.o
sed -e "s/^\!.*'.*//" -e "s/^ *\!.*'.*//" module_mp_p3.F > module_mp_p3.G
/lib/cpp -P -nostdinc -I/data1/home/marcos/WRF_old/new/WRF/inc -DEM_CORE=1 -DNMM_CORE=0 -DNMM_MAX_DIM=2600 -DDA_CORE=0 -DWRFPLUS=0 -DIWORDSIZE=4 -DDWORDSIZE=8 -DRWORDSIZE=4 -DLWORDSIZE=4 -DNONSTANDARD_SYSTEM_FUNC  -DWRF_USE_CLM -DRPC_TYPES=1  -DDM_PARALLEL -DNETCDF -DLANDREAD_STUB=1 -DUSE_ALLOCATABLES -Dwrfmodel -DGRIB1 -DINTIO -DKEEP_INT_AROUND -DLIMIT_ARGS -DBUILD_RRTMG_FAST=0 -DBUILD_RRTMK=0 -DBUILD_SBM_FAST=1 -DSHOW_ALL_VARS_USED=0 -DCONFIG_BUF_LEN=65536 -DMAX_DOMAINS_F=21 -DMAX_HISTORY=25 -DNMM_NEST=0  -I. -traditional-cpp   module_mp_p3.G  > module_mp_p3.bb
/data1/home/marcos/WRF_old/new/WRF/tools/standard.exe module_mp_p3.bb | /lib/cpp -P -nostdinc -traditional-cpp > module_mp_p3.f90
rm -f module_mp_p3.G module_mp_p3.bb
time /data1/sw/local/mpich/bin/mpif90 -f90=ifort -o module_mp_p3.o -c -O3 -ip -fp-model precise -w -ftz -align all -fno-alias -FR -convert big_endian    -I../dyn_em -I../dyn_nmm  -I/data1/home/marcos/WRF_old/new/WRF/external/esmf_time_f90  -I/data1/home/marcos/WRF_old/new/WRF/main -I/data1/home/marcos/WRF_old/new/WRF/external/io_netcdf -I/data1/home/marcos/WRF_old/new/WRF/external/io_int -I/data1/home/marcos/WRF_old/new/WRF/frame -I/data1/home/marcos/WRF_old/new/WRF/share -I/data1/home/marcos/WRF_old/new/WRF/phys -I/data1/home/marcos/WRF_old/new/WRF/wrftladj -I/data1/home/marcos/WRF_old/new/WRF/chem -I/data1/home/marcos/WRF_old/new/WRF/inc -I/home/marcos/libs/netcdf/include  -real-size `expr 8 \* 4` -i4  module_mp_p3.f90
rm -f module_mp_jensen_ishmael.o
sed -e "s/^\!.*'.*//" -e "s/^ *\!.*'.*//" module_mp_jensen_ishmael.F > module_mp_jensen_ishmael.G
/lib/cpp -P -nostdinc -I/data1/home/marcos/WRF_old/new/WRF/inc -DEM_CORE=1 -DNMM_CORE=0 -DNMM_MAX_DIM=2600 -DDA_CORE=0 -DWRFPLUS=0 -DIWORDSIZE=4 -DDWORDSIZE=8 -DRWORDSIZE=4 -DLWORDSIZE=4 -DNONSTANDARD_SYSTEM_FUNC  -DWRF_USE_CLM -DRPC_TYPES=1  -DDM_PARALLEL -DNETCDF -DLANDREAD_STUB=1 -DUSE_ALLOCATABLES -Dwrfmodel -DGRIB1 -DINTIO -DKEEP_INT_AROUND -DLIMIT_ARGS -DBUILD_RRTMG_FAST=0 -DBUILD_RRTMK=0 -DBUILD_SBM_FAST=1 -DSHOW_ALL_VARS_USED=0 -DCONFIG_BUF_LEN=65536 -DMAX_DOMAINS_F=21 -DMAX_HISTORY=25 -DNMM_NEST=0  -I. -traditional-cpp   module_mp_jensen_ishmael.G  > module_mp_jensen_ishmael.bb
/data1/home/marcos/WRF_old/new/WRF/tools/standard.exe module_mp_jensen_ishmael.bb | /lib/cpp -P -nostdinc -traditional-cpp > module_mp_jensen_ishmael.f90
rm -f module_mp_jensen_ishmael.G module_mp_jensen_ishmael.bb
time /data1/sw/local/mpich/bin/mpif90 -f90=ifort -o module_mp_jensen_ishmael.o -c -O3 -ip -fp-model precise -w -ftz -align all -fno-alias -FR -convert big_endian    -I../dyn_em -I../dyn_nmm  -I/data1/home/marcos/WRF_old/new/WRF/external/esmf_time_f90  -I/data1/home/marcos/WRF_old/new/WRF/main -I/data1/home/marcos/WRF_old/new/WRF/external/io_netcdf -I/data1/home/marcos/WRF_old/new/WRF/external/io_int -I/data1/home/marcos/WRF_old/new/WRF/frame -I/data1/home/marcos/WRF_old/new/WRF/share -I/data1/home/marcos/WRF_old/new/WRF/phys -I/data1/home/marcos/WRF_old/new/WRF/wrftladj -I/data1/home/marcos/WRF_old/new/WRF/chem -I/data1/home/marcos/WRF_old/new/WRF/inc -I/home/marcos/libs/netcdf/include  -real-size `expr 8 \* 4` -i4  module_mp_jensen_ishmael.f90
rm -f module_mp_morr_two_moment_aero.o
sed -e "s/^\!.*'.*//" -e "s/^ *\!.*'.*//" module_mp_morr_two_moment_aero.F > module_mp_morr_two_moment_aero.G
/lib/cpp -P -nostdinc -I/data1/home/marcos/WRF_old/new/WRF/inc -DEM_CORE=1 -DNMM_CORE=0 -DNMM_MAX_DIM=2600 -DDA_CORE=0 -DWRFPLUS=0 -DIWORDSIZE=4 -DDWORDSIZE=8 -DRWORDSIZE=4 -DLWORDSIZE=4 -DNONSTANDARD_SYSTEM_FUNC  -DWRF_USE_CLM -DRPC_TYPES=1  -DDM_PARALLEL -DNETCDF -DLANDREAD_STUB=1 -DUSE_ALLOCATABLES -Dwrfmodel -DGRIB1 -DINTIO -DKEEP_INT_AROUND -DLIMIT_ARGS -DBUILD_RRTMG_FAST=0 -DBUILD_RRTMK=0 -DBUILD_SBM_FAST=1 -DSHOW_ALL_VARS_USED=0 -DCONFIG_BUF_LEN=65536 -DMAX_DOMAINS_F=21 -DMAX_HISTORY=25 -DNMM_NEST=0  -I. -traditional-cpp   module_mp_morr_two_moment_aero.G  > module_mp_morr_two_moment_aero.bb
/data1/home/marcos/WRF_old/new/WRF/tools/standard.exe module_mp_morr_two_moment_aero.bb | /lib/cpp -P -nostdinc -traditional-cpp > module_mp_morr_two_moment_aero.f90
rm -f module_mp_morr_two_moment_aero.G module_mp_morr_two_moment_aero.bb
time /data1/sw/local/mpich/bin/mpif90 -f90=ifort -o module_mp_morr_two_moment_aero.o -c -O3 -ip -fp-model precise -w -ftz -align all -fno-alias -FR -convert big_endian    -I../dyn_em -I../dyn_nmm  -I/data1/home/marcos/WRF_old/new/WRF/external/esmf_time_f90  -I/data1/home/marcos/WRF_old/new/WRF/main -I/data1/home/marcos/WRF_old/new/WRF/external/io_netcdf -I/data1/home/marcos/WRF_old/new/WRF/external/io_int -I/data1/home/marcos/WRF_old/new/WRF/frame -I/data1/home/marcos/WRF_old/new/WRF/share -I/data1/home/marcos/WRF_old/new/WRF/phys -I/data1/home/marcos/WRF_old/new/WRF/wrftladj -I/data1/home/marcos/WRF_old/new/WRF/chem -I/data1/home/marcos/WRF_old/new/WRF/inc -I/home/marcos/libs/netcdf/include  -real-size `expr 8 \* 4` -i4  module_mp_morr_two_moment_aero.f90
rm -f module_mp_milbrandt2mom.o
sed -e "s/^\!.*'.*//" -e "s/^ *\!.*'.*//" module_mp_milbrandt2mom.F > module_mp_milbrandt2mom.G
/lib/cpp -P -nostdinc -I/data1/home/marcos/WRF_old/new/WRF/inc -DEM_CORE=1 -DNMM_CORE=0 -DNMM_MAX_DIM=2600 -DDA_CORE=0 -DWRFPLUS=0 -DIWORDSIZE=4 -DDWORDSIZE=8 -DRWORDSIZE=4 -DLWORDSIZE=4 -DNONSTANDARD_SYSTEM_FUNC  -DWRF_USE_CLM -DRPC_TYPES=1  -DDM_PARALLEL -DNETCDF -DLANDREAD_STUB=1 -DUSE_ALLOCATABLES -Dwrfmodel -DGRIB1 -DINTIO -DKEEP_INT_AROUND -DLIMIT_ARGS -DBUILD_RRTMG_FAST=0 -DBUILD_RRTMK=0 -DBUILD_SBM_FAST=1 -DSHOW_ALL_VARS_USED=0 -DCONFIG_BUF_LEN=65536 -DMAX_DOMAINS_F=21 -DMAX_HISTORY=25 -DNMM_NEST=0  -I. -traditional-cpp   module_mp_milbrandt2mom.G  > module_mp_milbrandt2mom.bb
/data1/home/marcos/WRF_old/new/WRF/tools/standard.exe module_mp_milbrandt2mom.bb | /lib/cpp -P -nostdinc -traditional-cpp > module_mp_milbrandt2mom.f90
rm -f module_mp_milbrandt2mom.G module_mp_milbrandt2mom.bb
time /data1/sw/local/mpich/bin/mpif90 -f90=ifort -o module_mp_milbrandt2mom.o -c -O3 -ip -fp-model precise -w -ftz -align all -fno-alias -FR -convert big_endian    -I../dyn_em -I../dyn_nmm  -I/data1/home/marcos/WRF_old/new/WRF/external/esmf_time_f90  -I/data1/home/marcos/WRF_old/new/WRF/main -I/data1/home/marcos/WRF_old/new/WRF/external/io_netcdf -I/data1/home/marcos/WRF_old/new/WRF/external/io_int -I/data1/home/marcos/WRF_old/new/WRF/frame -I/data1/home/marcos/WRF_old/new/WRF/share -I/data1/home/marcos/WRF_old/new/WRF/phys -I/data1/home/marcos/WRF_old/new/WRF/wrftladj -I/data1/home/marcos/WRF_old/new/WRF/chem -I/data1/home/marcos/WRF_old/new/WRF/inc -I/home/marcos/libs/netcdf/include  -real-size `expr 8 \* 4` -i4  module_mp_milbrandt2mom.f90
rm -f module_mp_nssl_2mom.o
sed -e "s/^\!.*'.*//" -e "s/^ *\!.*'.*//" module_mp_nssl_2mom.F > module_mp_nssl_2mom.G
/lib/cpp -P -nostdinc -I/data1/home/marcos/WRF_old/new/WRF/inc -DEM_CORE=1 -DNMM_CORE=0 -DNMM_MAX_DIM=2600 -DDA_CORE=0 -DWRFPLUS=0 -DIWORDSIZE=4 -DDWORDSIZE=8 -DRWORDSIZE=4 -DLWORDSIZE=4 -DNONSTANDARD_SYSTEM_FUNC  -DWRF_USE_CLM -DRPC_TYPES=1  -DDM_PARALLEL -DNETCDF -DLANDREAD_STUB=1 -DUSE_ALLOCATABLES -Dwrfmodel -DGRIB1 -DINTIO -DKEEP_INT_AROUND -DLIMIT_ARGS -DBUILD_RRTMG_FAST=0 -DBUILD_RRTMK=0 -DBUILD_SBM_FAST=1 -DSHOW_ALL_VARS_USED=0 -DCONFIG_BUF_LEN=65536 -DMAX_DOMAINS_F=21 -DMAX_HISTORY=25 -DNMM_NEST=0  -I. -traditional-cpp   module_mp_nssl_2mom.G  > module_mp_nssl_2mom.bb
/data1/home/marcos/WRF_old/new/WRF/tools/standard.exe module_mp_nssl_2mom.bb | /lib/cpp -P -nostdinc -traditional-cpp > module_mp_nssl_2mom.f90
rm -f module_mp_nssl_2mom.G module_mp_nssl_2mom.bb
time /data1/sw/local/mpich/bin/mpif90 -f90=ifort -o module_mp_nssl_2mom.o -c -O3 -ip -fp-model precise -w -ftz -align all -fno-alias -FR -convert big_endian    -I../dyn_em -I../dyn_nmm  -I/data1/home/marcos/WRF_old/new/WRF/external/esmf_time_f90  -I/data1/home/marcos/WRF_old/new/WRF/main -I/data1/home/marcos/WRF_old/new/WRF/external/io_netcdf -I/data1/home/marcos/WRF_old/new/WRF/external/io_int -I/data1/home/marcos/WRF_old/new/WRF/frame -I/data1/home/marcos/WRF_old/new/WRF/share -I/data1/home/marcos/WRF_old/new/WRF/phys -I/data1/home/marcos/WRF_old/new/WRF/wrftladj -I/data1/home/marcos/WRF_old/new/WRF/chem -I/data1/home/marcos/WRF_old/new/WRF/inc -I/home/marcos/libs/netcdf/include  -real-size `expr 8 \* 4` -i4  module_mp_nssl_2mom.f90
rm -f module_mp_wdm5.o
sed -e "s/^\!.*'.*//" -e "s/^ *\!.*'.*//" module_mp_wdm5.F > module_mp_wdm5.G
/lib/cpp -P -nostdinc -I/data1/home/marcos/WRF_old/new/WRF/inc -DEM_CORE=1 -DNMM_CORE=0 -DNMM_MAX_DIM=2600 -DDA_CORE=0 -DWRFPLUS=0 -DIWORDSIZE=4 -DDWORDSIZE=8 -DRWORDSIZE=4 -DLWORDSIZE=4 -DNONSTANDARD_SYSTEM_FUNC  -DWRF_USE_CLM -DRPC_TYPES=1  -DDM_PARALLEL -DNETCDF -DLANDREAD_STUB=1 -DUSE_ALLOCATABLES -Dwrfmodel -DGRIB1 -DINTIO -DKEEP_INT_AROUND -DLIMIT_ARGS -DBUILD_RRTMG_FAST=0 -DBUILD_RRTMK=0 -DBUILD_SBM_FAST=1 -DSHOW_ALL_VARS_USED=0 -DCONFIG_BUF_LEN=65536 -DMAX_DOMAINS_F=21 -DMAX_HISTORY=25 -DNMM_NEST=0  -I. -traditional-cpp   module_mp_wdm5.G  > module_mp_wdm5.bb
/data1/home/marcos/WRF_old/new/WRF/tools/standard.exe module_mp_wdm5.bb | /lib/cpp -P -nostdinc -traditional-cpp > module_mp_wdm5.f90
rm -f module_mp_wdm5.G module_mp_wdm5.bb
time /data1/sw/local/mpich/bin/mpif90 -f90=ifort -o module_mp_wdm5.o -c -O3 -ip -fp-model precise -w -ftz -align all -fno-alias -FR -convert big_endian    -I../dyn_em -I../dyn_nmm  -I/data1/home/marcos/WRF_old/new/WRF/external/esmf_time_f90  -I/data1/home/marcos/WRF_old/new/WRF/main -I/data1/home/marcos/WRF_old/new/WRF/external/io_netcdf -I/data1/home/marcos/WRF_old/new/WRF/external/io_int -I/data1/home/marcos/WRF_old/new/WRF/frame -I/data1/home/marcos/WRF_old/new/WRF/share -I/data1/home/marcos/WRF_old/new/WRF/phys -I/data1/home/marcos/WRF_old/new/WRF/wrftladj -I/data1/home/marcos/WRF_old/new/WRF/chem -I/data1/home/marcos/WRF_old/new/WRF/inc -I/home/marcos/libs/netcdf/include  -real-size `expr 8 \* 4` -i4  module_mp_wdm5.f90
rm -f module_mp_wdm6.o
sed -e "s/^\!.*'.*//" -e "s/^ *\!.*'.*//" module_mp_wdm6.F > module_mp_wdm6.G
/lib/cpp -P -nostdinc -I/data1/home/marcos/WRF_old/new/WRF/inc -DEM_CORE=1 -DNMM_CORE=0 -DNMM_MAX_DIM=2600 -DDA_CORE=0 -DWRFPLUS=0 -DIWORDSIZE=4 -DDWORDSIZE=8 -DRWORDSIZE=4 -DLWORDSIZE=4 -DNONSTANDARD_SYSTEM_FUNC  -DWRF_USE_CLM -DRPC_TYPES=1  -DDM_PARALLEL -DNETCDF -DLANDREAD_STUB=1 -DUSE_ALLOCATABLES -Dwrfmodel -DGRIB1 -DINTIO -DKEEP_INT_AROUND -DLIMIT_ARGS -DBUILD_RRTMG_FAST=0 -DBUILD_RRTMK=0 -DBUILD_SBM_FAST=1 -DSHOW_ALL_VARS_USED=0 -DCONFIG_BUF_LEN=65536 -DMAX_DOMAINS_F=21 -DMAX_HISTORY=25 -DNMM_NEST=0  -I. -traditional-cpp   module_mp_wdm6.G  > module_mp_wdm6.bb
/data1/home/marcos/WRF_old/new/WRF/tools/standard.exe module_mp_wdm6.bb | /lib/cpp -P -nostdinc -traditional-cpp > module_mp_wdm6.f90
rm -f module_mp_wdm6.G module_mp_wdm6.bb
time /data1/sw/local/mpich/bin/mpif90 -f90=ifort -o module_mp_wdm6.o -c -O3 -ip -fp-model precise -w -ftz -align all -fno-alias -FR -convert big_endian    -I../dyn_em -I../dyn_nmm  -I/data1/home/marcos/WRF_old/new/WRF/external/esmf_time_f90  -I/data1/home/marcos/WRF_old/new/WRF/main -I/data1/home/marcos/WRF_old/new/WRF/external/io_netcdf -I/data1/home/marcos/WRF_old/new/WRF/external/io_int -I/data1/home/marcos/WRF_old/new/WRF/frame -I/data1/home/marcos/WRF_old/new/WRF/share -I/data1/home/marcos/WRF_old/new/WRF/phys -I/data1/home/marcos/WRF_old/new/WRF/wrftladj -I/data1/home/marcos/WRF_old/new/WRF/chem -I/data1/home/marcos/WRF_old/new/WRF/inc -I/home/marcos/libs/netcdf/include  -real-size `expr 8 \* 4` -i4  module_mp_wdm6.f90
rm -f module_mp_wdm7.o
sed -e "s/^\!.*'.*//" -e "s/^ *\!.*'.*//" module_mp_wdm7.F > module_mp_wdm7.G
/lib/cpp -P -nostdinc -I/data1/home/marcos/WRF_old/new/WRF/inc -DEM_CORE=1 -DNMM_CORE=0 -DNMM_MAX_DIM=2600 -DDA_CORE=0 -DWRFPLUS=0 -DIWORDSIZE=4 -DDWORDSIZE=8 -DRWORDSIZE=4 -DLWORDSIZE=4 -DNONSTANDARD_SYSTEM_FUNC  -DWRF_USE_CLM -DRPC_TYPES=1  -DDM_PARALLEL -DNETCDF -DLANDREAD_STUB=1 -DUSE_ALLOCATABLES -Dwrfmodel -DGRIB1 -DINTIO -DKEEP_INT_AROUND -DLIMIT_ARGS -DBUILD_RRTMG_FAST=0 -DBUILD_RRTMK=0 -DBUILD_SBM_FAST=1 -DSHOW_ALL_VARS_USED=0 -DCONFIG_BUF_LEN=65536 -DMAX_DOMAINS_F=21 -DMAX_HISTORY=25 -DNMM_NEST=0  -I. -traditional-cpp   module_mp_wdm7.G  > module_mp_wdm7.bb
/data1/home/marcos/WRF_old/new/WRF/tools/standard.exe module_mp_wdm7.bb | /lib/cpp -P -nostdinc -traditional-cpp > module_mp_wdm7.f90
rm -f module_mp_wdm7.G module_mp_wdm7.bb
time /data1/sw/local/mpich/bin/mpif90 -f90=ifort -o module_mp_wdm7.o -c -O3 -ip -fp-model precise -w -ftz -align all -fno-alias -FR -convert big_endian    -I../dyn_em -I../dyn_nmm  -I/data1/home/marcos/WRF_old/new/WRF/external/esmf_time_f90  -I/data1/home/marcos/WRF_old/new/WRF/main -I/data1/home/marcos/WRF_old/new/WRF/external/io_netcdf -I/data1/home/marcos/WRF_old/new/WRF/external/io_int -I/data1/home/marcos/WRF_old/new/WRF/frame -I/data1/home/marcos/WRF_old/new/WRF/share -I/data1/home/marcos/WRF_old/new/WRF/phys -I/data1/home/marcos/WRF_old/new/WRF/wrftladj -I/data1/home/marcos/WRF_old/new/WRF/chem -I/data1/home/marcos/WRF_old/new/WRF/inc -I/home/marcos/libs/netcdf/include  -real-size `expr 8 \* 4` -i4  module_mp_wdm7.f90
rm -f module_sf_sfclay.o
sed -e "s/^\!.*'.*//" -e "s/^ *\!.*'.*//" module_sf_sfclay.F > module_sf_sfclay.G
/lib/cpp -P -nostdinc -I/data1/home/marcos/WRF_old/new/WRF/inc -DEM_CORE=1 -DNMM_CORE=0 -DNMM_MAX_DIM=2600 -DDA_CORE=0 -DWRFPLUS=0 -DIWORDSIZE=4 -DDWORDSIZE=8 -DRWORDSIZE=4 -DLWORDSIZE=4 -DNONSTANDARD_SYSTEM_FUNC  -DWRF_USE_CLM -DRPC_TYPES=1  -DDM_PARALLEL -DNETCDF -DLANDREAD_STUB=1 -DUSE_ALLOCATABLES -Dwrfmodel -DGRIB1 -DINTIO -DKEEP_INT_AROUND -DLIMIT_ARGS -DBUILD_RRTMG_FAST=0 -DBUILD_RRTMK=0 -DBUILD_SBM_FAST=1 -DSHOW_ALL_VARS_USED=0 -DCONFIG_BUF_LEN=65536 -DMAX_DOMAINS_F=21 -DMAX_HISTORY=25 -DNMM_NEST=0  -I. -traditional-cpp   module_sf_sfclay.G  > module_sf_sfclay.bb
/data1/home/marcos/WRF_old/new/WRF/tools/standard.exe module_sf_sfclay.bb | /lib/cpp -P -nostdinc -traditional-cpp > module_sf_sfclay.f90
rm -f module_sf_sfclay.G module_sf_sfclay.bb
time /data1/sw/local/mpich/bin/mpif90 -f90=ifort -o module_sf_sfclay.o -c -O3 -ip -fp-model precise -w -ftz -align all -fno-alias -FR -convert big_endian    -I../dyn_em -I../dyn_nmm  -I/data1/home/marcos/WRF_old/new/WRF/external/esmf_time_f90  -I/data1/home/marcos/WRF_old/new/WRF/main -I/data1/home/marcos/WRF_old/new/WRF/external/io_netcdf -I/data1/home/marcos/WRF_old/new/WRF/external/io_int -I/data1/home/marcos/WRF_old/new/WRF/frame -I/data1/home/marcos/WRF_old/new/WRF/share -I/data1/home/marcos/WRF_old/new/WRF/phys -I/data1/home/marcos/WRF_old/new/WRF/wrftladj -I/data1/home/marcos/WRF_old/new/WRF/chem -I/data1/home/marcos/WRF_old/new/WRF/inc -I/home/marcos/libs/netcdf/include  -real-size `expr 8 \* 4` -i4  module_sf_sfclay.f90
rm -f module_sf_sfclayrev.o
sed -e "s/^\!.*'.*//" -e "s/^ *\!.*'.*//" module_sf_sfclayrev.F > module_sf_sfclayrev.G
/lib/cpp -P -nostdinc -I/data1/home/marcos/WRF_old/new/WRF/inc -DEM_CORE=1 -DNMM_CORE=0 -DNMM_MAX_DIM=2600 -DDA_CORE=0 -DWRFPLUS=0 -DIWORDSIZE=4 -DDWORDSIZE=8 -DRWORDSIZE=4 -DLWORDSIZE=4 -DNONSTANDARD_SYSTEM_FUNC  -DWRF_USE_CLM -DRPC_TYPES=1  -DDM_PARALLEL -DNETCDF -DLANDREAD_STUB=1 -DUSE_ALLOCATABLES -Dwrfmodel -DGRIB1 -DINTIO -DKEEP_INT_AROUND -DLIMIT_ARGS -DBUILD_RRTMG_FAST=0 -DBUILD_RRTMK=0 -DBUILD_SBM_FAST=1 -DSHOW_ALL_VARS_USED=0 -DCONFIG_BUF_LEN=65536 -DMAX_DOMAINS_F=21 -DMAX_HISTORY=25 -DNMM_NEST=0  -I. -traditional-cpp   module_sf_sfclayrev.G  > module_sf_sfclayrev.bb
/data1/home/marcos/WRF_old/new/WRF/tools/standard.exe module_sf_sfclayrev.bb | /lib/cpp -P -nostdinc -traditional-cpp > module_sf_sfclayrev.f90
rm -f module_sf_sfclayrev.G module_sf_sfclayrev.bb
time /data1/sw/local/mpich/bin/mpif90 -f90=ifort -o module_sf_sfclayrev.o -c -O3 -ip -fp-model precise -w -ftz -align all -fno-alias -FR -convert big_endian    -I../dyn_em -I../dyn_nmm  -I/data1/home/marcos/WRF_old/new/WRF/external/esmf_time_f90  -I/data1/home/marcos/WRF_old/new/WRF/main -I/data1/home/marcos/WRF_old/new/WRF/external/io_netcdf -I/data1/home/marcos/WRF_old/new/WRF/external/io_int -I/data1/home/marcos/WRF_old/new/WRF/frame -I/data1/home/marcos/WRF_old/new/WRF/share -I/data1/home/marcos/WRF_old/new/WRF/phys -I/data1/home/marcos/WRF_old/new/WRF/wrftladj -I/data1/home/marcos/WRF_old/new/WRF/chem -I/data1/home/marcos/WRF_old/new/WRF/inc -I/home/marcos/libs/netcdf/include  -real-size `expr 8 \* 4` -i4  module_sf_sfclayrev.f90
rm -f module_progtm.o
sed -e "s/^\!.*'.*//" -e "s/^ *\!.*'.*//" module_progtm.F > module_progtm.G
/lib/cpp -P -nostdinc -I/data1/home/marcos/WRF_old/new/WRF/inc -DEM_CORE=1 -DNMM_CORE=0 -DNMM_MAX_DIM=2600 -DDA_CORE=0 -DWRFPLUS=0 -DIWORDSIZE=4 -DDWORDSIZE=8 -DRWORDSIZE=4 -DLWORDSIZE=4 -DNONSTANDARD_SYSTEM_FUNC  -DWRF_USE_CLM -DRPC_TYPES=1  -DDM_PARALLEL -DNETCDF -DLANDREAD_STUB=1 -DUSE_ALLOCATABLES -Dwrfmodel -DGRIB1 -DINTIO -DKEEP_INT_AROUND -DLIMIT_ARGS -DBUILD_RRTMG_FAST=0 -DBUILD_RRTMK=0 -DBUILD_SBM_FAST=1 -DSHOW_ALL_VARS_USED=0 -DCONFIG_BUF_LEN=65536 -DMAX_DOMAINS_F=21 -DMAX_HISTORY=25 -DNMM_NEST=0  -I. -traditional-cpp   module_progtm.G  > module_progtm.bb
/data1/home/marcos/WRF_old/new/WRF/tools/standard.exe module_progtm.bb | /lib/cpp -P -nostdinc -traditional-cpp > module_progtm.f90
rm -f module_progtm.G module_progtm.bb
time /data1/sw/local/mpich/bin/mpif90 -f90=ifort -o module_progtm.o -c -O3 -ip -fp-model precise -w -ftz -align all -fno-alias -FR -convert big_endian    -I../dyn_em -I../dyn_nmm  -I/data1/home/marcos/WRF_old/new/WRF/external/esmf_time_f90  -I/data1/home/marcos/WRF_old/new/WRF/main -I/data1/home/marcos/WRF_old/new/WRF/external/io_netcdf -I/data1/home/marcos/WRF_old/new/WRF/external/io_int -I/data1/home/marcos/WRF_old/new/WRF/frame -I/data1/home/marcos/WRF_old/new/WRF/share -I/data1/home/marcos/WRF_old/new/WRF/phys -I/data1/home/marcos/WRF_old/new/WRF/wrftladj -I/data1/home/marcos/WRF_old/new/WRF/chem -I/data1/home/marcos/WRF_old/new/WRF/inc -I/home/marcos/libs/netcdf/include  -real-size `expr 8 \* 4` -i4  module_progtm.f90
rm -f module_sf_exchcoef.o
sed -e "s/^\!.*'.*//" -e "s/^ *\!.*'.*//" module_sf_exchcoef.F > module_sf_exchcoef.G
/lib/cpp -P -nostdinc -I/data1/home/marcos/WRF_old/new/WRF/inc -DEM_CORE=1 -DNMM_CORE=0 -DNMM_MAX_DIM=2600 -DDA_CORE=0 -DWRFPLUS=0 -DIWORDSIZE=4 -DDWORDSIZE=8 -DRWORDSIZE=4 -DLWORDSIZE=4 -DNONSTANDARD_SYSTEM_FUNC  -DWRF_USE_CLM -DRPC_TYPES=1  -DDM_PARALLEL -DNETCDF -DLANDREAD_STUB=1 -DUSE_ALLOCATABLES -Dwrfmodel -DGRIB1 -DINTIO -DKEEP_INT_AROUND -DLIMIT_ARGS -DBUILD_RRTMG_FAST=0 -DBUILD_RRTMK=0 -DBUILD_SBM_FAST=1 -DSHOW_ALL_VARS_USED=0 -DCONFIG_BUF_LEN=65536 -DMAX_DOMAINS_F=21 -DMAX_HISTORY=25 -DNMM_NEST=0  -I. -traditional-cpp   module_sf_exchcoef.G  > module_sf_exchcoef.bb
/data1/home/marcos/WRF_old/new/WRF/tools/standard.exe module_sf_exchcoef.bb | /lib/cpp -P -nostdinc -traditional-cpp > module_sf_exchcoef.f90
rm -f module_sf_exchcoef.G module_sf_exchcoef.bb
time /data1/sw/local/mpich/bin/mpif90 -f90=ifort -o module_sf_exchcoef.o -c -O3 -ip -fp-model precise -w -ftz -align all -fno-alias -FR -convert big_endian    -I../dyn_em -I../dyn_nmm  -I/data1/home/marcos/WRF_old/new/WRF/external/esmf_time_f90  -I/data1/home/marcos/WRF_old/new/WRF/main -I/data1/home/marcos/WRF_old/new/WRF/external/io_netcdf -I/data1/home/marcos/WRF_old/new/WRF/external/io_int -I/data1/home/marcos/WRF_old/new/WRF/frame -I/data1/home/marcos/WRF_old/new/WRF/share -I/data1/home/marcos/WRF_old/new/WRF/phys -I/data1/home/marcos/WRF_old/new/WRF/wrftladj -I/data1/home/marcos/WRF_old/new/WRF/chem -I/data1/home/marcos/WRF_old/new/WRF/inc -I/home/marcos/libs/netcdf/include  -real-size `expr 8 \* 4` -i4  module_sf_exchcoef.f90
rm -f module_sf_slab.o
sed -e "s/^\!.*'.*//" -e "s/^ *\!.*'.*//" module_sf_slab.F > module_sf_slab.G
/lib/cpp -P -nostdinc -I/data1/home/marcos/WRF_old/new/WRF/inc -DEM_CORE=1 -DNMM_CORE=0 -DNMM_MAX_DIM=2600 -DDA_CORE=0 -DWRFPLUS=0 -DIWORDSIZE=4 -DDWORDSIZE=8 -DRWORDSIZE=4 -DLWORDSIZE=4 -DNONSTANDARD_SYSTEM_FUNC  -DWRF_USE_CLM -DRPC_TYPES=1  -DDM_PARALLEL -DNETCDF -DLANDREAD_STUB=1 -DUSE_ALLOCATABLES -Dwrfmodel -DGRIB1 -DINTIO -DKEEP_INT_AROUND -DLIMIT_ARGS -DBUILD_RRTMG_FAST=0 -DBUILD_RRTMK=0 -DBUILD_SBM_FAST=1 -DSHOW_ALL_VARS_USED=0 -DCONFIG_BUF_LEN=65536 -DMAX_DOMAINS_F=21 -DMAX_HISTORY=25 -DNMM_NEST=0  -I. -traditional-cpp   module_sf_slab.G  > module_sf_slab.bb
/data1/home/marcos/WRF_old/new/WRF/tools/standard.exe module_sf_slab.bb | /lib/cpp -P -nostdinc -traditional-cpp > module_sf_slab.f90
rm -f module_sf_slab.G module_sf_slab.bb
time /data1/sw/local/mpich/bin/mpif90 -f90=ifort -o module_sf_slab.o -c -O3 -ip -fp-model precise -w -ftz -align all -fno-alias -FR -convert big_endian    -I../dyn_em -I../dyn_nmm  -I/data1/home/marcos/WRF_old/new/WRF/external/esmf_time_f90  -I/data1/home/marcos/WRF_old/new/WRF/main -I/data1/home/marcos/WRF_old/new/WRF/external/io_netcdf -I/data1/home/marcos/WRF_old/new/WRF/external/io_int -I/data1/home/marcos/WRF_old/new/WRF/frame -I/data1/home/marcos/WRF_old/new/WRF/share -I/data1/home/marcos/WRF_old/new/WRF/phys -I/data1/home/marcos/WRF_old/new/WRF/wrftladj -I/data1/home/marcos/WRF_old/new/WRF/chem -I/data1/home/marcos/WRF_old/new/WRF/inc -I/home/marcos/libs/netcdf/include  -real-size `expr 8 \* 4` -i4  module_sf_slab.f90
rm -f module_sf_noahlsm.o
sed -e "s/^\!.*'.*//" -e "s/^ *\!.*'.*//" module_sf_noahlsm.F > module_sf_noahlsm.G
/lib/cpp -P -nostdinc -I/data1/home/marcos/WRF_old/new/WRF/inc -DEM_CORE=1 -DNMM_CORE=0 -DNMM_MAX_DIM=2600 -DDA_CORE=0 -DWRFPLUS=0 -DIWORDSIZE=4 -DDWORDSIZE=8 -DRWORDSIZE=4 -DLWORDSIZE=4 -DNONSTANDARD_SYSTEM_FUNC  -DWRF_USE_CLM -DRPC_TYPES=1  -DDM_PARALLEL -DNETCDF -DLANDREAD_STUB=1 -DUSE_ALLOCATABLES -Dwrfmodel -DGRIB1 -DINTIO -DKEEP_INT_AROUND -DLIMIT_ARGS -DBUILD_RRTMG_FAST=0 -DBUILD_RRTMK=0 -DBUILD_SBM_FAST=1 -DSHOW_ALL_VARS_USED=0 -DCONFIG_BUF_LEN=65536 -DMAX_DOMAINS_F=21 -DMAX_HISTORY=25 -DNMM_NEST=0  -I. -traditional-cpp   module_sf_noahlsm.G  > module_sf_noahlsm.bb
/data1/home/marcos/WRF_old/new/WRF/tools/standard.exe module_sf_noahlsm.bb | /lib/cpp -P -nostdinc -traditional-cpp > module_sf_noahlsm.f90
rm -f module_sf_noahlsm.G module_sf_noahlsm.bb
time /data1/sw/local/mpich/bin/mpif90 -f90=ifort -o module_sf_noahlsm.o -c -O3 -ip -fp-model precise -w -ftz -align all -fno-alias -FR -convert big_endian    -I../dyn_em -I../dyn_nmm  -I/data1/home/marcos/WRF_old/new/WRF/external/esmf_time_f90  -I/data1/home/marcos/WRF_old/new/WRF/main -I/data1/home/marcos/WRF_old/new/WRF/external/io_netcdf -I/data1/home/marcos/WRF_old/new/WRF/external/io_int -I/data1/home/marcos/WRF_old/new/WRF/frame -I/data1/home/marcos/WRF_old/new/WRF/share -I/data1/home/marcos/WRF_old/new/WRF/phys -I/data1/home/marcos/WRF_old/new/WRF/wrftladj -I/data1/home/marcos/WRF_old/new/WRF/chem -I/data1/home/marcos/WRF_old/new/WRF/inc -I/home/marcos/libs/netcdf/include  -real-size `expr 8 \* 4` -i4  module_sf_noahlsm.f90
rm -f module_sf_gecros.o
sed -e "s/^\!.*'.*//" -e "s/^ *\!.*'.*//" module_sf_gecros.F > module_sf_gecros.G
/lib/cpp -P -nostdinc -I/data1/home/marcos/WRF_old/new/WRF/inc -DEM_CORE=1 -DNMM_CORE=0 -DNMM_MAX_DIM=2600 -DDA_CORE=0 -DWRFPLUS=0 -DIWORDSIZE=4 -DDWORDSIZE=8 -DRWORDSIZE=4 -DLWORDSIZE=4 -DNONSTANDARD_SYSTEM_FUNC  -DWRF_USE_CLM -DRPC_TYPES=1  -DDM_PARALLEL -DNETCDF -DLANDREAD_STUB=1 -DUSE_ALLOCATABLES -Dwrfmodel -DGRIB1 -DINTIO -DKEEP_INT_AROUND -DLIMIT_ARGS -DBUILD_RRTMG_FAST=0 -DBUILD_RRTMK=0 -DBUILD_SBM_FAST=1 -DSHOW_ALL_VARS_USED=0 -DCONFIG_BUF_LEN=65536 -DMAX_DOMAINS_F=21 -DMAX_HISTORY=25 -DNMM_NEST=0  -I. -traditional-cpp   module_sf_gecros.G  > module_sf_gecros.bb
/data1/home/marcos/WRF_old/new/WRF/tools/standard.exe module_sf_gecros.bb | /lib/cpp -P -nostdinc -traditional-cpp > module_sf_gecros.f90
rm -f module_sf_gecros.G module_sf_gecros.bb
time /data1/sw/local/mpich/bin/mpif90 -f90=ifort -o module_sf_gecros.o -c -O3 -ip -fp-model precise -w -ftz -align all -fno-alias -FR -convert big_endian    -I../dyn_em -I../dyn_nmm  -I/data1/home/marcos/WRF_old/new/WRF/external/esmf_time_f90  -I/data1/home/marcos/WRF_old/new/WRF/main -I/data1/home/marcos/WRF_old/new/WRF/external/io_netcdf -I/data1/home/marcos/WRF_old/new/WRF/external/io_int -I/data1/home/marcos/WRF_old/new/WRF/frame -I/data1/home/marcos/WRF_old/new/WRF/share -I/data1/home/marcos/WRF_old/new/WRF/phys -I/data1/home/marcos/WRF_old/new/WRF/wrftladj -I/data1/home/marcos/WRF_old/new/WRF/chem -I/data1/home/marcos/WRF_old/new/WRF/inc -I/home/marcos/libs/netcdf/include  -real-size `expr 8 \* 4` -i4  module_sf_gecros.f90
rm -f module_sf_myjsfc.o
sed -e "s/^\!.*'.*//" -e "s/^ *\!.*'.*//" module_sf_myjsfc.F > module_sf_myjsfc.G
/lib/cpp -P -nostdinc -I/data1/home/marcos/WRF_old/new/WRF/inc -DEM_CORE=1 -DNMM_CORE=0 -DNMM_MAX_DIM=2600 -DDA_CORE=0 -DWRFPLUS=0 -DIWORDSIZE=4 -DDWORDSIZE=8 -DRWORDSIZE=4 -DLWORDSIZE=4 -DNONSTANDARD_SYSTEM_FUNC  -DWRF_USE_CLM -DRPC_TYPES=1  -DDM_PARALLEL -DNETCDF -DLANDREAD_STUB=1 -DUSE_ALLOCATABLES -Dwrfmodel -DGRIB1 -DINTIO -DKEEP_INT_AROUND -DLIMIT_ARGS -DBUILD_RRTMG_FAST=0 -DBUILD_RRTMK=0 -DBUILD_SBM_FAST=1 -DSHOW_ALL_VARS_USED=0 -DCONFIG_BUF_LEN=65536 -DMAX_DOMAINS_F=21 -DMAX_HISTORY=25 -DNMM_NEST=0  -I. -traditional-cpp   module_sf_myjsfc.G  > module_sf_myjsfc.bb
/data1/home/marcos/WRF_old/new/WRF/tools/standard.exe module_sf_myjsfc.bb | /lib/cpp -P -nostdinc -traditional-cpp > module_sf_myjsfc.f90
rm -f module_sf_myjsfc.G module_sf_myjsfc.bb
time /data1/sw/local/mpich/bin/mpif90 -f90=ifort -o module_sf_myjsfc.o -c -O3 -ip -fp-model precise -w -ftz -align all -fno-alias -FR -convert big_endian    -I../dyn_em -I../dyn_nmm  -I/data1/home/marcos/WRF_old/new/WRF/external/esmf_time_f90  -I/data1/home/marcos/WRF_old/new/WRF/main -I/data1/home/marcos/WRF_old/new/WRF/external/io_netcdf -I/data1/home/marcos/WRF_old/new/WRF/external/io_int -I/data1/home/marcos/WRF_old/new/WRF/frame -I/data1/home/marcos/WRF_old/new/WRF/share -I/data1/home/marcos/WRF_old/new/WRF/phys -I/data1/home/marcos/WRF_old/new/WRF/wrftladj -I/data1/home/marcos/WRF_old/new/WRF/chem -I/data1/home/marcos/WRF_old/new/WRF/inc -I/home/marcos/libs/netcdf/include  -real-size `expr 8 \* 4` -i4  module_sf_myjsfc.f90
rm -f module_data_gocart_dust.o
sed -e "s/^\!.*'.*//" -e "s/^ *\!.*'.*//" module_data_gocart_dust.F > module_data_gocart_dust.G
/lib/cpp -P -nostdinc -I/data1/home/marcos/WRF_old/new/WRF/inc -DEM_CORE=1 -DNMM_CORE=0 -DNMM_MAX_DIM=2600 -DDA_CORE=0 -DWRFPLUS=0 -DIWORDSIZE=4 -DDWORDSIZE=8 -DRWORDSIZE=4 -DLWORDSIZE=4 -DNONSTANDARD_SYSTEM_FUNC  -DWRF_USE_CLM -DRPC_TYPES=1  -DDM_PARALLEL -DNETCDF -DLANDREAD_STUB=1 -DUSE_ALLOCATABLES -Dwrfmodel -DGRIB1 -DINTIO -DKEEP_INT_AROUND -DLIMIT_ARGS -DBUILD_RRTMG_FAST=0 -DBUILD_RRTMK=0 -DBUILD_SBM_FAST=1 -DSHOW_ALL_VARS_USED=0 -DCONFIG_BUF_LEN=65536 -DMAX_DOMAINS_F=21 -DMAX_HISTORY=25 -DNMM_NEST=0  -I. -traditional-cpp   module_data_gocart_dust.G  > module_data_gocart_dust.bb
/data1/home/marcos/WRF_old/new/WRF/tools/standard.exe module_data_gocart_dust.bb | /lib/cpp -P -nostdinc -traditional-cpp > module_data_gocart_dust.f90
rm -f module_data_gocart_dust.G module_data_gocart_dust.bb
time /data1/sw/local/mpich/bin/mpif90 -f90=ifort -o module_data_gocart_dust.o -c -O3 -ip -fp-model precise -w -ftz -align all -fno-alias -FR -convert big_endian    -I../dyn_em -I../dyn_nmm  -I/data1/home/marcos/WRF_old/new/WRF/external/esmf_time_f90  -I/data1/home/marcos/WRF_old/new/WRF/main -I/data1/home/marcos/WRF_old/new/WRF/external/io_netcdf -I/data1/home/marcos/WRF_old/new/WRF/external/io_int -I/data1/home/marcos/WRF_old/new/WRF/frame -I/data1/home/marcos/WRF_old/new/WRF/share -I/data1/home/marcos/WRF_old/new/WRF/phys -I/data1/home/marcos/WRF_old/new/WRF/wrftladj -I/data1/home/marcos/WRF_old/new/WRF/chem -I/data1/home/marcos/WRF_old/new/WRF/inc -I/home/marcos/libs/netcdf/include  -real-size `expr 8 \* 4` -i4  module_data_gocart_dust.f90
rm -f module_sf_urban.o
sed -e "s/^\!.*'.*//" -e "s/^ *\!.*'.*//" module_sf_urban.F > module_sf_urban.G
/lib/cpp -P -nostdinc -I/data1/home/marcos/WRF_old/new/WRF/inc -DEM_CORE=1 -DNMM_CORE=0 -DNMM_MAX_DIM=2600 -DDA_CORE=0 -DWRFPLUS=0 -DIWORDSIZE=4 -DDWORDSIZE=8 -DRWORDSIZE=4 -DLWORDSIZE=4 -DNONSTANDARD_SYSTEM_FUNC  -DWRF_USE_CLM -DRPC_TYPES=1  -DDM_PARALLEL -DNETCDF -DLANDREAD_STUB=1 -DUSE_ALLOCATABLES -Dwrfmodel -DGRIB1 -DINTIO -DKEEP_INT_AROUND -DLIMIT_ARGS -DBUILD_RRTMG_FAST=0 -DBUILD_RRTMK=0 -DBUILD_SBM_FAST=1 -DSHOW_ALL_VARS_USED=0 -DCONFIG_BUF_LEN=65536 -DMAX_DOMAINS_F=21 -DMAX_HISTORY=25 -DNMM_NEST=0  -I. -traditional-cpp   module_sf_urban.G  > module_sf_urban.bb
/data1/home/marcos/WRF_old/new/WRF/tools/standard.exe module_sf_urban.bb | /lib/cpp -P -nostdinc -traditional-cpp > module_sf_urban.f90
rm -f module_sf_urban.G module_sf_urban.bb
time /data1/sw/local/mpich/bin/mpif90 -f90=ifort -o module_sf_urban.o -c -O3 -ip -fp-model precise -w -ftz -align all -fno-alias -FR -convert big_endian    -I../dyn_em -I../dyn_nmm  -I/data1/home/marcos/WRF_old/new/WRF/external/esmf_time_f90  -I/data1/home/marcos/WRF_old/new/WRF/main -I/data1/home/marcos/WRF_old/new/WRF/external/io_netcdf -I/data1/home/marcos/WRF_old/new/WRF/external/io_int -I/data1/home/marcos/WRF_old/new/WRF/frame -I/data1/home/marcos/WRF_old/new/WRF/share -I/data1/home/marcos/WRF_old/new/WRF/phys -I/data1/home/marcos/WRF_old/new/WRF/wrftladj -I/data1/home/marcos/WRF_old/new/WRF/chem -I/data1/home/marcos/WRF_old/new/WRF/inc -I/home/marcos/libs/netcdf/include  -real-size `expr 8 \* 4` -i4  module_sf_urban.f90
rm -f module_sf_bem.o
sed -e "s/^\!.*'.*//" -e "s/^ *\!.*'.*//" module_sf_bem.F > module_sf_bem.G
/lib/cpp -P -nostdinc -I/data1/home/marcos/WRF_old/new/WRF/inc -DEM_CORE=1 -DNMM_CORE=0 -DNMM_MAX_DIM=2600 -DDA_CORE=0 -DWRFPLUS=0 -DIWORDSIZE=4 -DDWORDSIZE=8 -DRWORDSIZE=4 -DLWORDSIZE=4 -DNONSTANDARD_SYSTEM_FUNC  -DWRF_USE_CLM -DRPC_TYPES=1  -DDM_PARALLEL -DNETCDF -DLANDREAD_STUB=1 -DUSE_ALLOCATABLES -Dwrfmodel -DGRIB1 -DINTIO -DKEEP_INT_AROUND -DLIMIT_ARGS -DBUILD_RRTMG_FAST=0 -DBUILD_RRTMK=0 -DBUILD_SBM_FAST=1 -DSHOW_ALL_VARS_USED=0 -DCONFIG_BUF_LEN=65536 -DMAX_DOMAINS_F=21 -DMAX_HISTORY=25 -DNMM_NEST=0  -I. -traditional-cpp   module_sf_bem.G  > module_sf_bem.bb
/data1/home/marcos/WRF_old/new/WRF/tools/standard.exe module_sf_bem.bb | /lib/cpp -P -nostdinc -traditional-cpp > module_sf_bem.f90
rm -f module_sf_bem.G module_sf_bem.bb
time /data1/sw/local/mpich/bin/mpif90 -f90=ifort -o module_sf_bem.o -c -O3 -ip -fp-model precise -w -ftz -align all -fno-alias -FR -convert big_endian    -I../dyn_em -I../dyn_nmm  -I/data1/home/marcos/WRF_old/new/WRF/external/esmf_time_f90  -I/data1/home/marcos/WRF_old/new/WRF/main -I/data1/home/marcos/WRF_old/new/WRF/external/io_netcdf -I/data1/home/marcos/WRF_old/new/WRF/external/io_int -I/data1/home/marcos/WRF_old/new/WRF/frame -I/data1/home/marcos/WRF_old/new/WRF/share -I/data1/home/marcos/WRF_old/new/WRF/phys -I/data1/home/marcos/WRF_old/new/WRF/wrftladj -I/data1/home/marcos/WRF_old/new/WRF/chem -I/data1/home/marcos/WRF_old/new/WRF/inc -I/home/marcos/libs/netcdf/include  -real-size `expr 8 \* 4` -i4  module_sf_bem.f90
rm -f module_sf_ssib.o
sed -e "s/^\!.*'.*//" -e "s/^ *\!.*'.*//" module_sf_ssib.F > module_sf_ssib.G
/lib/cpp -P -nostdinc -I/data1/home/marcos/WRF_old/new/WRF/inc -DEM_CORE=1 -DNMM_CORE=0 -DNMM_MAX_DIM=2600 -DDA_CORE=0 -DWRFPLUS=0 -DIWORDSIZE=4 -DDWORDSIZE=8 -DRWORDSIZE=4 -DLWORDSIZE=4 -DNONSTANDARD_SYSTEM_FUNC  -DWRF_USE_CLM -DRPC_TYPES=1  -DDM_PARALLEL -DNETCDF -DLANDREAD_STUB=1 -DUSE_ALLOCATABLES -Dwrfmodel -DGRIB1 -DINTIO -DKEEP_INT_AROUND -DLIMIT_ARGS -DBUILD_RRTMG_FAST=0 -DBUILD_RRTMK=0 -DBUILD_SBM_FAST=1 -DSHOW_ALL_VARS_USED=0 -DCONFIG_BUF_LEN=65536 -DMAX_DOMAINS_F=21 -DMAX_HISTORY=25 -DNMM_NEST=0  -I. -traditional-cpp   module_sf_ssib.G  > module_sf_ssib.bb
/data1/home/marcos/WRF_old/new/WRF/tools/standard.exe module_sf_ssib.bb | /lib/cpp -P -nostdinc -traditional-cpp > module_sf_ssib.f90
rm -f module_sf_ssib.G module_sf_ssib.bb
time /data1/sw/local/mpich/bin/mpif90 -f90=ifort -o module_sf_ssib.o -c -O3 -ip -fp-model precise -w -ftz -align all -fno-alias -FR -convert big_endian    -I../dyn_em -I../dyn_nmm  -I/data1/home/marcos/WRF_old/new/WRF/external/esmf_time_f90  -I/data1/home/marcos/WRF_old/new/WRF/main -I/data1/home/marcos/WRF_old/new/WRF/external/io_netcdf -I/data1/home/marcos/WRF_old/new/WRF/external/io_int -I/data1/home/marcos/WRF_old/new/WRF/frame -I/data1/home/marcos/WRF_old/new/WRF/share -I/data1/home/marcos/WRF_old/new/WRF/phys -I/data1/home/marcos/WRF_old/new/WRF/wrftladj -I/data1/home/marcos/WRF_old/new/WRF/chem -I/data1/home/marcos/WRF_old/new/WRF/inc -I/home/marcos/libs/netcdf/include  -real-size `expr 8 \* 4` -i4  module_sf_ssib.f90
rm -f module_sf_noah_seaice.o
sed -e "s/^\!.*'.*//" -e "s/^ *\!.*'.*//" module_sf_noah_seaice.F > module_sf_noah_seaice.G
/lib/cpp -P -nostdinc -I/data1/home/marcos/WRF_old/new/WRF/inc -DEM_CORE=1 -DNMM_CORE=0 -DNMM_MAX_DIM=2600 -DDA_CORE=0 -DWRFPLUS=0 -DIWORDSIZE=4 -DDWORDSIZE=8 -DRWORDSIZE=4 -DLWORDSIZE=4 -DNONSTANDARD_SYSTEM_FUNC  -DWRF_USE_CLM -DRPC_TYPES=1  -DDM_PARALLEL -DNETCDF -DLANDREAD_STUB=1 -DUSE_ALLOCATABLES -Dwrfmodel -DGRIB1 -DINTIO -DKEEP_INT_AROUND -DLIMIT_ARGS -DBUILD_RRTMG_FAST=0 -DBUILD_RRTMK=0 -DBUILD_SBM_FAST=1 -DSHOW_ALL_VARS_USED=0 -DCONFIG_BUF_LEN=65536 -DMAX_DOMAINS_F=21 -DMAX_HISTORY=25 -DNMM_NEST=0  -I. -traditional-cpp   module_sf_noah_seaice.G  > module_sf_noah_seaice.bb
/data1/home/marcos/WRF_old/new/WRF/tools/standard.exe module_sf_noah_seaice.bb | /lib/cpp -P -nostdinc -traditional-cpp > module_sf_noah_seaice.f90
rm -f module_sf_noah_seaice.G module_sf_noah_seaice.bb
time /data1/sw/local/mpich/bin/mpif90 -f90=ifort -o module_sf_noah_seaice.o -c -O3 -ip -fp-model precise -w -ftz -align all -fno-alias -FR -convert big_endian    -I../dyn_em -I../dyn_nmm  -I/data1/home/marcos/WRF_old/new/WRF/external/esmf_time_f90  -I/data1/home/marcos/WRF_old/new/WRF/main -I/data1/home/marcos/WRF_old/new/WRF/external/io_netcdf -I/data1/home/marcos/WRF_old/new/WRF/external/io_int -I/data1/home/marcos/WRF_old/new/WRF/frame -I/data1/home/marcos/WRF_old/new/WRF/share -I/data1/home/marcos/WRF_old/new/WRF/phys -I/data1/home/marcos/WRF_old/new/WRF/wrftladj -I/data1/home/marcos/WRF_old/new/WRF/chem -I/data1/home/marcos/WRF_old/new/WRF/inc -I/home/marcos/libs/netcdf/include  -real-size `expr 8 \* 4` -i4  module_sf_noah_seaice.f90
rm -f module_sf_noahmp_glacier.o
sed -e "s/^\!.*'.*//" -e "s/^ *\!.*'.*//" module_sf_noahmp_glacier.F > module_sf_noahmp_glacier.G
/lib/cpp -P -nostdinc -I/data1/home/marcos/WRF_old/new/WRF/inc -DEM_CORE=1 -DNMM_CORE=0 -DNMM_MAX_DIM=2600 -DDA_CORE=0 -DWRFPLUS=0 -DIWORDSIZE=4 -DDWORDSIZE=8 -DRWORDSIZE=4 -DLWORDSIZE=4 -DNONSTANDARD_SYSTEM_FUNC  -DWRF_USE_CLM -DRPC_TYPES=1  -DDM_PARALLEL -DNETCDF -DLANDREAD_STUB=1 -DUSE_ALLOCATABLES -Dwrfmodel -DGRIB1 -DINTIO -DKEEP_INT_AROUND -DLIMIT_ARGS -DBUILD_RRTMG_FAST=0 -DBUILD_RRTMK=0 -DBUILD_SBM_FAST=1 -DSHOW_ALL_VARS_USED=0 -DCONFIG_BUF_LEN=65536 -DMAX_DOMAINS_F=21 -DMAX_HISTORY=25 -DNMM_NEST=0  -I. -traditional-cpp   module_sf_noahmp_glacier.G  > module_sf_noahmp_glacier.bb
/data1/home/marcos/WRF_old/new/WRF/tools/standard.exe module_sf_noahmp_glacier.bb | /lib/cpp -P -nostdinc -traditional-cpp > module_sf_noahmp_glacier.f90
rm -f module_sf_noahmp_glacier.G module_sf_noahmp_glacier.bb
time /data1/sw/local/mpich/bin/mpif90 -f90=ifort -o module_sf_noahmp_glacier.o -c -O3 -ip -fp-model precise -w -ftz -align all -fno-alias -FR -convert big_endian    -I../dyn_em -I../dyn_nmm  -I/data1/home/marcos/WRF_old/new/WRF/external/esmf_time_f90  -I/data1/home/marcos/WRF_old/new/WRF/main -I/data1/home/marcos/WRF_old/new/WRF/external/io_netcdf -I/data1/home/marcos/WRF_old/new/WRF/external/io_int -I/data1/home/marcos/WRF_old/new/WRF/frame -I/data1/home/marcos/WRF_old/new/WRF/share -I/data1/home/marcos/WRF_old/new/WRF/phys -I/data1/home/marcos/WRF_old/new/WRF/wrftladj -I/data1/home/marcos/WRF_old/new/WRF/chem -I/data1/home/marcos/WRF_old/new/WRF/inc -I/home/marcos/libs/netcdf/include  -real-size `expr 8 \* 4` -i4  module_sf_noahmp_glacier.f90
rm -f module_sf_pxlsm_data.o
sed -e "s/^\!.*'.*//" -e "s/^ *\!.*'.*//" module_sf_pxlsm_data.F > module_sf_pxlsm_data.G
/lib/cpp -P -nostdinc -I/data1/home/marcos/WRF_old/new/WRF/inc -DEM_CORE=1 -DNMM_CORE=0 -DNMM_MAX_DIM=2600 -DDA_CORE=0 -DWRFPLUS=0 -DIWORDSIZE=4 -DDWORDSIZE=8 -DRWORDSIZE=4 -DLWORDSIZE=4 -DNONSTANDARD_SYSTEM_FUNC  -DWRF_USE_CLM -DRPC_TYPES=1  -DDM_PARALLEL -DNETCDF -DLANDREAD_STUB=1 -DUSE_ALLOCATABLES -Dwrfmodel -DGRIB1 -DINTIO -DKEEP_INT_AROUND -DLIMIT_ARGS -DBUILD_RRTMG_FAST=0 -DBUILD_RRTMK=0 -DBUILD_SBM_FAST=1 -DSHOW_ALL_VARS_USED=0 -DCONFIG_BUF_LEN=65536 -DMAX_DOMAINS_F=21 -DMAX_HISTORY=25 -DNMM_NEST=0  -I. -traditional-cpp   module_sf_pxlsm_data.G  > module_sf_pxlsm_data.bb
/data1/home/marcos/WRF_old/new/WRF/tools/standard.exe module_sf_pxlsm_data.bb | /lib/cpp -P -nostdinc -traditional-cpp > module_sf_pxlsm_data.f90
rm -f module_sf_pxlsm_data.G module_sf_pxlsm_data.bb
time /data1/sw/local/mpich/bin/mpif90 -f90=ifort -o module_sf_pxlsm_data.o -c -O3 -ip -fp-model precise -w -ftz -align all -fno-alias -FR -convert big_endian    -I../dyn_em -I../dyn_nmm  -I/data1/home/marcos/WRF_old/new/WRF/external/esmf_time_f90  -I/data1/home/marcos/WRF_old/new/WRF/main -I/data1/home/marcos/WRF_old/new/WRF/external/io_netcdf -I/data1/home/marcos/WRF_old/new/WRF/external/io_int -I/data1/home/marcos/WRF_old/new/WRF/frame -I/data1/home/marcos/WRF_old/new/WRF/share -I/data1/home/marcos/WRF_old/new/WRF/phys -I/data1/home/marcos/WRF_old/new/WRF/wrftladj -I/data1/home/marcos/WRF_old/new/WRF/chem -I/data1/home/marcos/WRF_old/new/WRF/inc -I/home/marcos/libs/netcdf/include  -real-size `expr 8 \* 4` -i4  module_sf_pxlsm_data.f90
rm -f module_sf_ruclsm.o
/data1/home/marcos/WRF_old/new/WRF/tools/standard.exe module_sf_ruclsm.F > module_sf_ruclsm.b 
/lib/cpp -P -nostdinc -I/data1/home/marcos/WRF_old/new/WRF/inc -DEM_CORE=1 -DNMM_CORE=0 -DNMM_MAX_DIM=2600 -DDA_CORE=0 -DWRFPLUS=0 -DIWORDSIZE=4 -DDWORDSIZE=8 -DRWORDSIZE=4 -DLWORDSIZE=4 -DNONSTANDARD_SYSTEM_FUNC  -DWRF_USE_CLM -DRPC_TYPES=1  -DDM_PARALLEL -DNETCDF -DLANDREAD_STUB=1 -DUSE_ALLOCATABLES -Dwrfmodel -DGRIB1 -DINTIO -DKEEP_INT_AROUND -DLIMIT_ARGS -DBUILD_RRTMG_FAST=0 -DBUILD_RRTMK=0 -DBUILD_SBM_FAST=1 -DSHOW_ALL_VARS_USED=0 -DCONFIG_BUF_LEN=65536 -DMAX_DOMAINS_F=21 -DMAX_HISTORY=25 -DNMM_NEST=0  -I. -traditional-cpp   module_sf_ruclsm.b  > module_sf_ruclsm.f90
rm -f module_sf_ruclsm.b
if fgrep -iq '!$OMP' module_sf_ruclsm.f90 ; then \
          echo COMPILING module_sf_ruclsm.F WITH OMP ; \
          if [ -n "" ] ; then echo COMPILING module_sf_ruclsm.F WITH OMP ; fi ; \
	  time /data1/sw/local/mpich/bin/mpif90 -f90=ifort -c -real-size `expr 8 \* 4` -i4 -O3 -ip -fp-model precise -w -ftz -align all -fno-alias -FR -convert big_endian   -I../dyn_em -I../dyn_nmm  -I/data1/home/marcos/WRF_old/new/WRF/external/esmf_time_f90  -I/data1/home/marcos/WRF_old/new/WRF/main -I/data1/home/marcos/WRF_old/new/WRF/external/io_netcdf -I/data1/home/marcos/WRF_old/new/WRF/external/io_int -I/data1/home/marcos/WRF_old/new/WRF/frame -I/data1/home/marcos/WRF_old/new/WRF/share -I/data1/home/marcos/WRF_old/new/WRF/phys -I/data1/home/marcos/WRF_old/new/WRF/wrftladj -I/data1/home/marcos/WRF_old/new/WRF/chem -I/data1/home/marcos/WRF_old/new/WRF/inc -I/home/marcos/libs/netcdf/include    module_sf_ruclsm.f90 ; \
        else \
          if [ -n "" ] ; then echo COMPILING module_sf_ruclsm.F WITHOUT OMP ; fi ; \
	  time /data1/sw/local/mpich/bin/mpif90 -f90=ifort -c -real-size `expr 8 \* 4` -i4 -O3 -ip -fp-model precise -w -ftz -align all -fno-alias -FR -convert big_endian   -I../dyn_em -I../dyn_nmm  -I/data1/home/marcos/WRF_old/new/WRF/external/esmf_time_f90  -I/data1/home/marcos/WRF_old/new/WRF/main -I/data1/home/marcos/WRF_old/new/WRF/external/io_netcdf -I/data1/home/marcos/WRF_old/new/WRF/external/io_int -I/data1/home/marcos/WRF_old/new/WRF/frame -I/data1/home/marcos/WRF_old/new/WRF/share -I/data1/home/marcos/WRF_old/new/WRF/phys -I/data1/home/marcos/WRF_old/new/WRF/wrftladj -I/data1/home/marcos/WRF_old/new/WRF/chem -I/data1/home/marcos/WRF_old/new/WRF/inc -I/home/marcos/libs/netcdf/include   module_sf_ruclsm.f90 ; \
        fi
rm -f module_sf_sfcdiags.o
sed -e "s/^\!.*'.*//" -e "s/^ *\!.*'.*//" module_sf_sfcdiags.F > module_sf_sfcdiags.G
/lib/cpp -P -nostdinc -I/data1/home/marcos/WRF_old/new/WRF/inc -DEM_CORE=1 -DNMM_CORE=0 -DNMM_MAX_DIM=2600 -DDA_CORE=0 -DWRFPLUS=0 -DIWORDSIZE=4 -DDWORDSIZE=8 -DRWORDSIZE=4 -DLWORDSIZE=4 -DNONSTANDARD_SYSTEM_FUNC  -DWRF_USE_CLM -DRPC_TYPES=1  -DDM_PARALLEL -DNETCDF -DLANDREAD_STUB=1 -DUSE_ALLOCATABLES -Dwrfmodel -DGRIB1 -DINTIO -DKEEP_INT_AROUND -DLIMIT_ARGS -DBUILD_RRTMG_FAST=0 -DBUILD_RRTMK=0 -DBUILD_SBM_FAST=1 -DSHOW_ALL_VARS_USED=0 -DCONFIG_BUF_LEN=65536 -DMAX_DOMAINS_F=21 -DMAX_HISTORY=25 -DNMM_NEST=0  -I. -traditional-cpp   module_sf_sfcdiags.G  > module_sf_sfcdiags.bb
/data1/home/marcos/WRF_old/new/WRF/tools/standard.exe module_sf_sfcdiags.bb | /lib/cpp -P -nostdinc -traditional-cpp > module_sf_sfcdiags.f90
rm -f module_sf_sfcdiags.G module_sf_sfcdiags.bb
time /data1/sw/local/mpich/bin/mpif90 -f90=ifort -o module_sf_sfcdiags.o -c -O3 -ip -fp-model precise -w -ftz -align all -fno-alias -FR -convert big_endian    -I../dyn_em -I../dyn_nmm  -I/data1/home/marcos/WRF_old/new/WRF/external/esmf_time_f90  -I/data1/home/marcos/WRF_old/new/WRF/main -I/data1/home/marcos/WRF_old/new/WRF/external/io_netcdf -I/data1/home/marcos/WRF_old/new/WRF/external/io_int -I/data1/home/marcos/WRF_old/new/WRF/frame -I/data1/home/marcos/WRF_old/new/WRF/share -I/data1/home/marcos/WRF_old/new/WRF/phys -I/data1/home/marcos/WRF_old/new/WRF/wrftladj -I/data1/home/marcos/WRF_old/new/WRF/chem -I/data1/home/marcos/WRF_old/new/WRF/inc -I/home/marcos/libs/netcdf/include  -real-size `expr 8 \* 4` -i4  module_sf_sfcdiags.f90
rm -f module_sf_sfcdiags_ruclsm.o
sed -e "s/^\!.*'.*//" -e "s/^ *\!.*'.*//" module_sf_sfcdiags_ruclsm.F > module_sf_sfcdiags_ruclsm.G
/lib/cpp -P -nostdinc -I/data1/home/marcos/WRF_old/new/WRF/inc -DEM_CORE=1 -DNMM_CORE=0 -DNMM_MAX_DIM=2600 -DDA_CORE=0 -DWRFPLUS=0 -DIWORDSIZE=4 -DDWORDSIZE=8 -DRWORDSIZE=4 -DLWORDSIZE=4 -DNONSTANDARD_SYSTEM_FUNC  -DWRF_USE_CLM -DRPC_TYPES=1  -DDM_PARALLEL -DNETCDF -DLANDREAD_STUB=1 -DUSE_ALLOCATABLES -Dwrfmodel -DGRIB1 -DINTIO -DKEEP_INT_AROUND -DLIMIT_ARGS -DBUILD_RRTMG_FAST=0 -DBUILD_RRTMK=0 -DBUILD_SBM_FAST=1 -DSHOW_ALL_VARS_USED=0 -DCONFIG_BUF_LEN=65536 -DMAX_DOMAINS_F=21 -DMAX_HISTORY=25 -DNMM_NEST=0  -I. -traditional-cpp   module_sf_sfcdiags_ruclsm.G  > module_sf_sfcdiags_ruclsm.bb
/data1/home/marcos/WRF_old/new/WRF/tools/standard.exe module_sf_sfcdiags_ruclsm.bb | /lib/cpp -P -nostdinc -traditional-cpp > module_sf_sfcdiags_ruclsm.f90
rm -f module_sf_sfcdiags_ruclsm.G module_sf_sfcdiags_ruclsm.bb
time /data1/sw/local/mpich/bin/mpif90 -f90=ifort -o module_sf_sfcdiags_ruclsm.o -c -O3 -ip -fp-model precise -w -ftz -align all -fno-alias -FR -convert big_endian    -I../dyn_em -I../dyn_nmm  -I/data1/home/marcos/WRF_old/new/WRF/external/esmf_time_f90  -I/data1/home/marcos/WRF_old/new/WRF/main -I/data1/home/marcos/WRF_old/new/WRF/external/io_netcdf -I/data1/home/marcos/WRF_old/new/WRF/external/io_int -I/data1/home/marcos/WRF_old/new/WRF/frame -I/data1/home/marcos/WRF_old/new/WRF/share -I/data1/home/marcos/WRF_old/new/WRF/phys -I/data1/home/marcos/WRF_old/new/WRF/wrftladj -I/data1/home/marcos/WRF_old/new/WRF/chem -I/data1/home/marcos/WRF_old/new/WRF/inc -I/home/marcos/libs/netcdf/include  -real-size `expr 8 \* 4` -i4  module_sf_sfcdiags_ruclsm.f90
rm -f module_sf_sstskin.o
sed -e "s/^\!.*'.*//" -e "s/^ *\!.*'.*//" module_sf_sstskin.F > module_sf_sstskin.G
/lib/cpp -P -nostdinc -I/data1/home/marcos/WRF_old/new/WRF/inc -DEM_CORE=1 -DNMM_CORE=0 -DNMM_MAX_DIM=2600 -DDA_CORE=0 -DWRFPLUS=0 -DIWORDSIZE=4 -DDWORDSIZE=8 -DRWORDSIZE=4 -DLWORDSIZE=4 -DNONSTANDARD_SYSTEM_FUNC  -DWRF_USE_CLM -DRPC_TYPES=1  -DDM_PARALLEL -DNETCDF -DLANDREAD_STUB=1 -DUSE_ALLOCATABLES -Dwrfmodel -DGRIB1 -DINTIO -DKEEP_INT_AROUND -DLIMIT_ARGS -DBUILD_RRTMG_FAST=0 -DBUILD_RRTMK=0 -DBUILD_SBM_FAST=1 -DSHOW_ALL_VARS_USED=0 -DCONFIG_BUF_LEN=65536 -DMAX_DOMAINS_F=21 -DMAX_HISTORY=25 -DNMM_NEST=0  -I. -traditional-cpp   module_sf_sstskin.G  > module_sf_sstskin.bb
/data1/home/marcos/WRF_old/new/WRF/tools/standard.exe module_sf_sstskin.bb | /lib/cpp -P -nostdinc -traditional-cpp > module_sf_sstskin.f90
rm -f module_sf_sstskin.G module_sf_sstskin.bb
time /data1/sw/local/mpich/bin/mpif90 -f90=ifort -o module_sf_sstskin.o -c -O3 -ip -fp-model precise -w -ftz -align all -fno-alias -FR -convert big_endian    -I../dyn_em -I../dyn_nmm  -I/data1/home/marcos/WRF_old/new/WRF/external/esmf_time_f90  -I/data1/home/marcos/WRF_old/new/WRF/main -I/data1/home/marcos/WRF_old/new/WRF/external/io_netcdf -I/data1/home/marcos/WRF_old/new/WRF/external/io_int -I/data1/home/marcos/WRF_old/new/WRF/frame -I/data1/home/marcos/WRF_old/new/WRF/share -I/data1/home/marcos/WRF_old/new/WRF/phys -I/data1/home/marcos/WRF_old/new/WRF/wrftladj -I/data1/home/marcos/WRF_old/new/WRF/chem -I/data1/home/marcos/WRF_old/new/WRF/inc -I/home/marcos/libs/netcdf/include  -real-size `expr 8 \* 4` -i4  module_sf_sstskin.f90
rm -f module_sf_tmnupdate.o
sed -e "s/^\!.*'.*//" -e "s/^ *\!.*'.*//" module_sf_tmnupdate.F > module_sf_tmnupdate.G
/lib/cpp -P -nostdinc -I/data1/home/marcos/WRF_old/new/WRF/inc -DEM_CORE=1 -DNMM_CORE=0 -DNMM_MAX_DIM=2600 -DDA_CORE=0 -DWRFPLUS=0 -DIWORDSIZE=4 -DDWORDSIZE=8 -DRWORDSIZE=4 -DLWORDSIZE=4 -DNONSTANDARD_SYSTEM_FUNC  -DWRF_USE_CLM -DRPC_TYPES=1  -DDM_PARALLEL -DNETCDF -DLANDREAD_STUB=1 -DUSE_ALLOCATABLES -Dwrfmodel -DGRIB1 -DINTIO -DKEEP_INT_AROUND -DLIMIT_ARGS -DBUILD_RRTMG_FAST=0 -DBUILD_RRTMK=0 -DBUILD_SBM_FAST=1 -DSHOW_ALL_VARS_USED=0 -DCONFIG_BUF_LEN=65536 -DMAX_DOMAINS_F=21 -DMAX_HISTORY=25 -DNMM_NEST=0  -I. -traditional-cpp   module_sf_tmnupdate.G  > module_sf_tmnupdate.bb
/data1/home/marcos/WRF_old/new/WRF/tools/standard.exe module_sf_tmnupdate.bb | /lib/cpp -P -nostdinc -traditional-cpp > module_sf_tmnupdate.f90
rm -f module_sf_tmnupdate.G module_sf_tmnupdate.bb
time /data1/sw/local/mpich/bin/mpif90 -f90=ifort -o module_sf_tmnupdate.o -c -O3 -ip -fp-model precise -w -ftz -align all -fno-alias -FR -convert big_endian    -I../dyn_em -I../dyn_nmm  -I/data1/home/marcos/WRF_old/new/WRF/external/esmf_time_f90  -I/data1/home/marcos/WRF_old/new/WRF/main -I/data1/home/marcos/WRF_old/new/WRF/external/io_netcdf -I/data1/home/marcos/WRF_old/new/WRF/external/io_int -I/data1/home/marcos/WRF_old/new/WRF/frame -I/data1/home/marcos/WRF_old/new/WRF/share -I/data1/home/marcos/WRF_old/new/WRF/phys -I/data1/home/marcos/WRF_old/new/WRF/wrftladj -I/data1/home/marcos/WRF_old/new/WRF/chem -I/data1/home/marcos/WRF_old/new/WRF/inc -I/home/marcos/libs/netcdf/include  -real-size `expr 8 \* 4` -i4  module_sf_tmnupdate.f90
rm -f module_sf_oml.o
sed -e "s/^\!.*'.*//" -e "s/^ *\!.*'.*//" module_sf_oml.F > module_sf_oml.G
/lib/cpp -P -nostdinc -I/data1/home/marcos/WRF_old/new/WRF/inc -DEM_CORE=1 -DNMM_CORE=0 -DNMM_MAX_DIM=2600 -DDA_CORE=0 -DWRFPLUS=0 -DIWORDSIZE=4 -DDWORDSIZE=8 -DRWORDSIZE=4 -DLWORDSIZE=4 -DNONSTANDARD_SYSTEM_FUNC  -DWRF_USE_CLM -DRPC_TYPES=1  -DDM_PARALLEL -DNETCDF -DLANDREAD_STUB=1 -DUSE_ALLOCATABLES -Dwrfmodel -DGRIB1 -DINTIO -DKEEP_INT_AROUND -DLIMIT_ARGS -DBUILD_RRTMG_FAST=0 -DBUILD_RRTMK=0 -DBUILD_SBM_FAST=1 -DSHOW_ALL_VARS_USED=0 -DCONFIG_BUF_LEN=65536 -DMAX_DOMAINS_F=21 -DMAX_HISTORY=25 -DNMM_NEST=0  -I. -traditional-cpp   module_sf_oml.G  > module_sf_oml.bb
/data1/home/marcos/WRF_old/new/WRF/tools/standard.exe module_sf_oml.bb | /lib/cpp -P -nostdinc -traditional-cpp > module_sf_oml.f90
rm -f module_sf_oml.G module_sf_oml.bb
time /data1/sw/local/mpich/bin/mpif90 -f90=ifort -o module_sf_oml.o -c -O3 -ip -fp-model precise -w -ftz -align all -fno-alias -FR -convert big_endian    -I../dyn_em -I../dyn_nmm  -I/data1/home/marcos/WRF_old/new/WRF/external/esmf_time_f90  -I/data1/home/marcos/WRF_old/new/WRF/main -I/data1/home/marcos/WRF_old/new/WRF/external/io_netcdf -I/data1/home/marcos/WRF_old/new/WRF/external/io_int -I/data1/home/marcos/WRF_old/new/WRF/frame -I/data1/home/marcos/WRF_old/new/WRF/share -I/data1/home/marcos/WRF_old/new/WRF/phys -I/data1/home/marcos/WRF_old/new/WRF/wrftladj -I/data1/home/marcos/WRF_old/new/WRF/chem -I/data1/home/marcos/WRF_old/new/WRF/inc -I/home/marcos/libs/netcdf/include  -real-size `expr 8 \* 4` -i4  module_sf_oml.f90
rm -f module_sf_3dpwp.o
sed -e "s/^\!.*'.*//" -e "s/^ *\!.*'.*//" module_sf_3dpwp.F > module_sf_3dpwp.G
/lib/cpp -P -nostdinc -I/data1/home/marcos/WRF_old/new/WRF/inc -DEM_CORE=1 -DNMM_CORE=0 -DNMM_MAX_DIM=2600 -DDA_CORE=0 -DWRFPLUS=0 -DIWORDSIZE=4 -DDWORDSIZE=8 -DRWORDSIZE=4 -DLWORDSIZE=4 -DNONSTANDARD_SYSTEM_FUNC  -DWRF_USE_CLM -DRPC_TYPES=1  -DDM_PARALLEL -DNETCDF -DLANDREAD_STUB=1 -DUSE_ALLOCATABLES -Dwrfmodel -DGRIB1 -DINTIO -DKEEP_INT_AROUND -DLIMIT_ARGS -DBUILD_RRTMG_FAST=0 -DBUILD_RRTMK=0 -DBUILD_SBM_FAST=1 -DSHOW_ALL_VARS_USED=0 -DCONFIG_BUF_LEN=65536 -DMAX_DOMAINS_F=21 -DMAX_HISTORY=25 -DNMM_NEST=0  -I. -traditional-cpp   module_sf_3dpwp.G  > module_sf_3dpwp.bb
/data1/home/marcos/WRF_old/new/WRF/tools/standard.exe module_sf_3dpwp.bb | /lib/cpp -P -nostdinc -traditional-cpp > module_sf_3dpwp.f90
rm -f module_sf_3dpwp.G module_sf_3dpwp.bb
time /data1/sw/local/mpich/bin/mpif90 -f90=ifort -o module_sf_3dpwp.o -c -O3 -ip -fp-model precise -w -ftz -align all -fno-alias -FR -convert big_endian    -I../dyn_em -I../dyn_nmm  -I/data1/home/marcos/WRF_old/new/WRF/external/esmf_time_f90  -I/data1/home/marcos/WRF_old/new/WRF/main -I/data1/home/marcos/WRF_old/new/WRF/external/io_netcdf -I/data1/home/marcos/WRF_old/new/WRF/external/io_int -I/data1/home/marcos/WRF_old/new/WRF/frame -I/data1/home/marcos/WRF_old/new/WRF/share -I/data1/home/marcos/WRF_old/new/WRF/phys -I/data1/home/marcos/WRF_old/new/WRF/wrftladj -I/data1/home/marcos/WRF_old/new/WRF/chem -I/data1/home/marcos/WRF_old/new/WRF/inc -I/home/marcos/libs/netcdf/include  -real-size `expr 8 \* 4` -i4  module_sf_3dpwp.f90
rm -f module_sf_qnsesfc.o
sed -e "s/^\!.*'.*//" -e "s/^ *\!.*'.*//" module_sf_qnsesfc.F > module_sf_qnsesfc.G
/lib/cpp -P -nostdinc -I/data1/home/marcos/WRF_old/new/WRF/inc -DEM_CORE=1 -DNMM_CORE=0 -DNMM_MAX_DIM=2600 -DDA_CORE=0 -DWRFPLUS=0 -DIWORDSIZE=4 -DDWORDSIZE=8 -DRWORDSIZE=4 -DLWORDSIZE=4 -DNONSTANDARD_SYSTEM_FUNC  -DWRF_USE_CLM -DRPC_TYPES=1  -DDM_PARALLEL -DNETCDF -DLANDREAD_STUB=1 -DUSE_ALLOCATABLES -Dwrfmodel -DGRIB1 -DINTIO -DKEEP_INT_AROUND -DLIMIT_ARGS -DBUILD_RRTMG_FAST=0 -DBUILD_RRTMK=0 -DBUILD_SBM_FAST=1 -DSHOW_ALL_VARS_USED=0 -DCONFIG_BUF_LEN=65536 -DMAX_DOMAINS_F=21 -DMAX_HISTORY=25 -DNMM_NEST=0  -I. -traditional-cpp   module_sf_qnsesfc.G  > module_sf_qnsesfc.bb
/data1/home/marcos/WRF_old/new/WRF/tools/standard.exe module_sf_qnsesfc.bb | /lib/cpp -P -nostdinc -traditional-cpp > module_sf_qnsesfc.f90
rm -f module_sf_qnsesfc.G module_sf_qnsesfc.bb
time /data1/sw/local/mpich/bin/mpif90 -f90=ifort -o module_sf_qnsesfc.o -c -O3 -ip -fp-model precise -w -ftz -align all -fno-alias -FR -convert big_endian    -I../dyn_em -I../dyn_nmm  -I/data1/home/marcos/WRF_old/new/WRF/external/esmf_time_f90  -I/data1/home/marcos/WRF_old/new/WRF/main -I/data1/home/marcos/WRF_old/new/WRF/external/io_netcdf -I/data1/home/marcos/WRF_old/new/WRF/external/io_int -I/data1/home/marcos/WRF_old/new/WRF/frame -I/data1/home/marcos/WRF_old/new/WRF/share -I/data1/home/marcos/WRF_old/new/WRF/phys -I/data1/home/marcos/WRF_old/new/WRF/wrftladj -I/data1/home/marcos/WRF_old/new/WRF/chem -I/data1/home/marcos/WRF_old/new/WRF/inc -I/home/marcos/libs/netcdf/include  -real-size `expr 8 \* 4` -i4  module_sf_qnsesfc.f90
rm -f module_sf_mynn.o
sed -e "s/^\!.*'.*//" -e "s/^ *\!.*'.*//" module_sf_mynn.F > module_sf_mynn.G
/lib/cpp -P -nostdinc -I/data1/home/marcos/WRF_old/new/WRF/inc -DEM_CORE=1 -DNMM_CORE=0 -DNMM_MAX_DIM=2600 -DDA_CORE=0 -DWRFPLUS=0 -DIWORDSIZE=4 -DDWORDSIZE=8 -DRWORDSIZE=4 -DLWORDSIZE=4 -DNONSTANDARD_SYSTEM_FUNC  -DWRF_USE_CLM -DRPC_TYPES=1  -DDM_PARALLEL -DNETCDF -DLANDREAD_STUB=1 -DUSE_ALLOCATABLES -Dwrfmodel -DGRIB1 -DINTIO -DKEEP_INT_AROUND -DLIMIT_ARGS -DBUILD_RRTMG_FAST=0 -DBUILD_RRTMK=0 -DBUILD_SBM_FAST=1 -DSHOW_ALL_VARS_USED=0 -DCONFIG_BUF_LEN=65536 -DMAX_DOMAINS_F=21 -DMAX_HISTORY=25 -DNMM_NEST=0  -I. -traditional-cpp   module_sf_mynn.G  > module_sf_mynn.bb
/data1/home/marcos/WRF_old/new/WRF/tools/standard.exe module_sf_mynn.bb | /lib/cpp -P -nostdinc -traditional-cpp > module_sf_mynn.f90
rm -f module_sf_mynn.G module_sf_mynn.bb
time /data1/sw/local/mpich/bin/mpif90 -f90=ifort -o module_sf_mynn.o -c -O3 -ip -fp-model precise -w -ftz -align all -fno-alias -FR -convert big_endian    -I../dyn_em -I../dyn_nmm  -I/data1/home/marcos/WRF_old/new/WRF/external/esmf_time_f90  -I/data1/home/marcos/WRF_old/new/WRF/main -I/data1/home/marcos/WRF_old/new/WRF/external/io_netcdf -I/data1/home/marcos/WRF_old/new/WRF/external/io_int -I/data1/home/marcos/WRF_old/new/WRF/frame -I/data1/home/marcos/WRF_old/new/WRF/share -I/data1/home/marcos/WRF_old/new/WRF/phys -I/data1/home/marcos/WRF_old/new/WRF/wrftladj -I/data1/home/marcos/WRF_old/new/WRF/chem -I/data1/home/marcos/WRF_old/new/WRF/inc -I/home/marcos/libs/netcdf/include  -real-size `expr 8 \* 4` -i4  module_sf_mynn.f90
rm -f module_sf_fogdes.o
sed -e "s/^\!.*'.*//" -e "s/^ *\!.*'.*//" module_sf_fogdes.F > module_sf_fogdes.G
/lib/cpp -P -nostdinc -I/data1/home/marcos/WRF_old/new/WRF/inc -DEM_CORE=1 -DNMM_CORE=0 -DNMM_MAX_DIM=2600 -DDA_CORE=0 -DWRFPLUS=0 -DIWORDSIZE=4 -DDWORDSIZE=8 -DRWORDSIZE=4 -DLWORDSIZE=4 -DNONSTANDARD_SYSTEM_FUNC  -DWRF_USE_CLM -DRPC_TYPES=1  -DDM_PARALLEL -DNETCDF -DLANDREAD_STUB=1 -DUSE_ALLOCATABLES -Dwrfmodel -DGRIB1 -DINTIO -DKEEP_INT_AROUND -DLIMIT_ARGS -DBUILD_RRTMG_FAST=0 -DBUILD_RRTMK=0 -DBUILD_SBM_FAST=1 -DSHOW_ALL_VARS_USED=0 -DCONFIG_BUF_LEN=65536 -DMAX_DOMAINS_F=21 -DMAX_HISTORY=25 -DNMM_NEST=0  -I. -traditional-cpp   module_sf_fogdes.G  > module_sf_fogdes.bb
/data1/home/marcos/WRF_old/new/WRF/tools/standard.exe module_sf_fogdes.bb | /lib/cpp -P -nostdinc -traditional-cpp > module_sf_fogdes.f90
rm -f module_sf_fogdes.G module_sf_fogdes.bb
time /data1/sw/local/mpich/bin/mpif90 -f90=ifort -o module_sf_fogdes.o -c -O3 -ip -fp-model precise -w -ftz -align all -fno-alias -FR -convert big_endian    -I../dyn_em -I../dyn_nmm  -I/data1/home/marcos/WRF_old/new/WRF/external/esmf_time_f90  -I/data1/home/marcos/WRF_old/new/WRF/main -I/data1/home/marcos/WRF_old/new/WRF/external/io_netcdf -I/data1/home/marcos/WRF_old/new/WRF/external/io_int -I/data1/home/marcos/WRF_old/new/WRF/frame -I/data1/home/marcos/WRF_old/new/WRF/share -I/data1/home/marcos/WRF_old/new/WRF/phys -I/data1/home/marcos/WRF_old/new/WRF/wrftladj -I/data1/home/marcos/WRF_old/new/WRF/chem -I/data1/home/marcos/WRF_old/new/WRF/inc -I/home/marcos/libs/netcdf/include  -real-size `expr 8 \* 4` -i4  module_sf_fogdes.f90
rm -f module_sf_pxsfclay.o
sed -e "s/^\!.*'.*//" -e "s/^ *\!.*'.*//" module_sf_pxsfclay.F > module_sf_pxsfclay.G
/lib/cpp -P -nostdinc -I/data1/home/marcos/WRF_old/new/WRF/inc -DEM_CORE=1 -DNMM_CORE=0 -DNMM_MAX_DIM=2600 -DDA_CORE=0 -DWRFPLUS=0 -DIWORDSIZE=4 -DDWORDSIZE=8 -DRWORDSIZE=4 -DLWORDSIZE=4 -DNONSTANDARD_SYSTEM_FUNC  -DWRF_USE_CLM -DRPC_TYPES=1  -DDM_PARALLEL -DNETCDF -DLANDREAD_STUB=1 -DUSE_ALLOCATABLES -Dwrfmodel -DGRIB1 -DINTIO -DKEEP_INT_AROUND -DLIMIT_ARGS -DBUILD_RRTMG_FAST=0 -DBUILD_RRTMK=0 -DBUILD_SBM_FAST=1 -DSHOW_ALL_VARS_USED=0 -DCONFIG_BUF_LEN=65536 -DMAX_DOMAINS_F=21 -DMAX_HISTORY=25 -DNMM_NEST=0  -I. -traditional-cpp   module_sf_pxsfclay.G  > module_sf_pxsfclay.bb
/data1/home/marcos/WRF_old/new/WRF/tools/standard.exe module_sf_pxsfclay.bb | /lib/cpp -P -nostdinc -traditional-cpp > module_sf_pxsfclay.f90
rm -f module_sf_pxsfclay.G module_sf_pxsfclay.bb
time /data1/sw/local/mpich/bin/mpif90 -f90=ifort -o module_sf_pxsfclay.o -c -O3 -ip -fp-model precise -w -ftz -align all -fno-alias -FR -convert big_endian    -I../dyn_em -I../dyn_nmm  -I/data1/home/marcos/WRF_old/new/WRF/external/esmf_time_f90  -I/data1/home/marcos/WRF_old/new/WRF/main -I/data1/home/marcos/WRF_old/new/WRF/external/io_netcdf -I/data1/home/marcos/WRF_old/new/WRF/external/io_int -I/data1/home/marcos/WRF_old/new/WRF/frame -I/data1/home/marcos/WRF_old/new/WRF/share -I/data1/home/marcos/WRF_old/new/WRF/phys -I/data1/home/marcos/WRF_old/new/WRF/wrftladj -I/data1/home/marcos/WRF_old/new/WRF/chem -I/data1/home/marcos/WRF_old/new/WRF/inc -I/home/marcos/libs/netcdf/include  -real-size `expr 8 \* 4` -i4  module_sf_pxsfclay.f90
rm -f module_sf_temfsfclay.o
sed -e "s/^\!.*'.*//" -e "s/^ *\!.*'.*//" module_sf_temfsfclay.F > module_sf_temfsfclay.G
/lib/cpp -P -nostdinc -I/data1/home/marcos/WRF_old/new/WRF/inc -DEM_CORE=1 -DNMM_CORE=0 -DNMM_MAX_DIM=2600 -DDA_CORE=0 -DWRFPLUS=0 -DIWORDSIZE=4 -DDWORDSIZE=8 -DRWORDSIZE=4 -DLWORDSIZE=4 -DNONSTANDARD_SYSTEM_FUNC  -DWRF_USE_CLM -DRPC_TYPES=1  -DDM_PARALLEL -DNETCDF -DLANDREAD_STUB=1 -DUSE_ALLOCATABLES -Dwrfmodel -DGRIB1 -DINTIO -DKEEP_INT_AROUND -DLIMIT_ARGS -DBUILD_RRTMG_FAST=0 -DBUILD_RRTMK=0 -DBUILD_SBM_FAST=1 -DSHOW_ALL_VARS_USED=0 -DCONFIG_BUF_LEN=65536 -DMAX_DOMAINS_F=21 -DMAX_HISTORY=25 -DNMM_NEST=0  -I. -traditional-cpp   module_sf_temfsfclay.G  > module_sf_temfsfclay.bb
/data1/home/marcos/WRF_old/new/WRF/tools/standard.exe module_sf_temfsfclay.bb | /lib/cpp -P -nostdinc -traditional-cpp > module_sf_temfsfclay.f90
rm -f module_sf_idealscmsfclay.o
sed -e "s/^\!.*'.*//" -e "s/^ *\!.*'.*//" module_sf_idealscmsfclay.F > module_sf_idealscmsfclay.G
rm -f module_sf_temfsfclay.G module_sf_temfsfclay.bb
/lib/cpp -P -nostdinc -I/data1/home/marcos/WRF_old/new/WRF/inc -DEM_CORE=1 -DNMM_CORE=0 -DNMM_MAX_DIM=2600 -DDA_CORE=0 -DWRFPLUS=0 -DIWORDSIZE=4 -DDWORDSIZE=8 -DRWORDSIZE=4 -DLWORDSIZE=4 -DNONSTANDARD_SYSTEM_FUNC  -DWRF_USE_CLM -DRPC_TYPES=1  -DDM_PARALLEL -DNETCDF -DLANDREAD_STUB=1 -DUSE_ALLOCATABLES -Dwrfmodel -DGRIB1 -DINTIO -DKEEP_INT_AROUND -DLIMIT_ARGS -DBUILD_RRTMG_FAST=0 -DBUILD_RRTMK=0 -DBUILD_SBM_FAST=1 -DSHOW_ALL_VARS_USED=0 -DCONFIG_BUF_LEN=65536 -DMAX_DOMAINS_F=21 -DMAX_HISTORY=25 -DNMM_NEST=0  -I. -traditional-cpp   module_sf_idealscmsfclay.G  > module_sf_idealscmsfclay.bb
time /data1/sw/local/mpich/bin/mpif90 -f90=ifort -o module_sf_temfsfclay.o -c -O3 -ip -fp-model precise -w -ftz -align all -fno-alias -FR -convert big_endian    -I../dyn_em -I../dyn_nmm  -I/data1/home/marcos/WRF_old/new/WRF/external/esmf_time_f90  -I/data1/home/marcos/WRF_old/new/WRF/main -I/data1/home/marcos/WRF_old/new/WRF/external/io_netcdf -I/data1/home/marcos/WRF_old/new/WRF/external/io_int -I/data1/home/marcos/WRF_old/new/WRF/frame -I/data1/home/marcos/WRF_old/new/WRF/share -I/data1/home/marcos/WRF_old/new/WRF/phys -I/data1/home/marcos/WRF_old/new/WRF/wrftladj -I/data1/home/marcos/WRF_old/new/WRF/chem -I/data1/home/marcos/WRF_old/new/WRF/inc -I/home/marcos/libs/netcdf/include  -real-size `expr 8 \* 4` -i4  module_sf_temfsfclay.f90
/data1/home/marcos/WRF_old/new/WRF/tools/standard.exe module_sf_idealscmsfclay.bb | /lib/cpp -P -nostdinc -traditional-cpp > module_sf_idealscmsfclay.f90
rm -f module_sf_idealscmsfclay.G module_sf_idealscmsfclay.bb
time /data1/sw/local/mpich/bin/mpif90 -f90=ifort -o module_sf_idealscmsfclay.o -c -O3 -ip -fp-model precise -w -ftz -align all -fno-alias -FR -convert big_endian    -I../dyn_em -I../dyn_nmm  -I/data1/home/marcos/WRF_old/new/WRF/external/esmf_time_f90  -I/data1/home/marcos/WRF_old/new/WRF/main -I/data1/home/marcos/WRF_old/new/WRF/external/io_netcdf -I/data1/home/marcos/WRF_old/new/WRF/external/io_int -I/data1/home/marcos/WRF_old/new/WRF/frame -I/data1/home/marcos/WRF_old/new/WRF/share -I/data1/home/marcos/WRF_old/new/WRF/phys -I/data1/home/marcos/WRF_old/new/WRF/wrftladj -I/data1/home/marcos/WRF_old/new/WRF/chem -I/data1/home/marcos/WRF_old/new/WRF/inc -I/home/marcos/libs/netcdf/include  -real-size `expr 8 \* 4` -i4  module_sf_idealscmsfclay.f90
rm -f module_sf_scmflux.o
sed -e "s/^\!.*'.*//" -e "s/^ *\!.*'.*//" module_sf_scmflux.F > module_sf_scmflux.G
/lib/cpp -P -nostdinc -I/data1/home/marcos/WRF_old/new/WRF/inc -DEM_CORE=1 -DNMM_CORE=0 -DNMM_MAX_DIM=2600 -DDA_CORE=0 -DWRFPLUS=0 -DIWORDSIZE=4 -DDWORDSIZE=8 -DRWORDSIZE=4 -DLWORDSIZE=4 -DNONSTANDARD_SYSTEM_FUNC  -DWRF_USE_CLM -DRPC_TYPES=1  -DDM_PARALLEL -DNETCDF -DLANDREAD_STUB=1 -DUSE_ALLOCATABLES -Dwrfmodel -DGRIB1 -DINTIO -DKEEP_INT_AROUND -DLIMIT_ARGS -DBUILD_RRTMG_FAST=0 -DBUILD_RRTMK=0 -DBUILD_SBM_FAST=1 -DSHOW_ALL_VARS_USED=0 -DCONFIG_BUF_LEN=65536 -DMAX_DOMAINS_F=21 -DMAX_HISTORY=25 -DNMM_NEST=0  -I. -traditional-cpp   module_sf_scmflux.G  > module_sf_scmflux.bb
/data1/home/marcos/WRF_old/new/WRF/tools/standard.exe module_sf_scmflux.bb | /lib/cpp -P -nostdinc -traditional-cpp > module_sf_scmflux.f90
rm -f module_sf_scmflux.G module_sf_scmflux.bb
time /data1/sw/local/mpich/bin/mpif90 -f90=ifort -o module_sf_scmflux.o -c -O3 -ip -fp-model precise -w -ftz -align all -fno-alias -FR -convert big_endian    -I../dyn_em -I../dyn_nmm  -I/data1/home/marcos/WRF_old/new/WRF/external/esmf_time_f90  -I/data1/home/marcos/WRF_old/new/WRF/main -I/data1/home/marcos/WRF_old/new/WRF/external/io_netcdf -I/data1/home/marcos/WRF_old/new/WRF/external/io_int -I/data1/home/marcos/WRF_old/new/WRF/frame -I/data1/home/marcos/WRF_old/new/WRF/share -I/data1/home/marcos/WRF_old/new/WRF/phys -I/data1/home/marcos/WRF_old/new/WRF/wrftladj -I/data1/home/marcos/WRF_old/new/WRF/chem -I/data1/home/marcos/WRF_old/new/WRF/inc -I/home/marcos/libs/netcdf/include  -real-size `expr 8 \* 4` -i4  module_sf_scmflux.f90
rm -f module_sf_scmskintemp.o
sed -e "s/^\!.*'.*//" -e "s/^ *\!.*'.*//" module_sf_scmskintemp.F > module_sf_scmskintemp.G
/lib/cpp -P -nostdinc -I/data1/home/marcos/WRF_old/new/WRF/inc -DEM_CORE=1 -DNMM_CORE=0 -DNMM_MAX_DIM=2600 -DDA_CORE=0 -DWRFPLUS=0 -DIWORDSIZE=4 -DDWORDSIZE=8 -DRWORDSIZE=4 -DLWORDSIZE=4 -DNONSTANDARD_SYSTEM_FUNC  -DWRF_USE_CLM -DRPC_TYPES=1  -DDM_PARALLEL -DNETCDF -DLANDREAD_STUB=1 -DUSE_ALLOCATABLES -Dwrfmodel -DGRIB1 -DINTIO -DKEEP_INT_AROUND -DLIMIT_ARGS -DBUILD_RRTMG_FAST=0 -DBUILD_RRTMK=0 -DBUILD_SBM_FAST=1 -DSHOW_ALL_VARS_USED=0 -DCONFIG_BUF_LEN=65536 -DMAX_DOMAINS_F=21 -DMAX_HISTORY=25 -DNMM_NEST=0  -I. -traditional-cpp   module_sf_scmskintemp.G  > module_sf_scmskintemp.bb
/data1/home/marcos/WRF_old/new/WRF/tools/standard.exe module_sf_scmskintemp.bb | /lib/cpp -P -nostdinc -traditional-cpp > module_sf_scmskintemp.f90
rm -f module_physics_addtendc.o
sed -e "s/^\!.*'.*//" -e "s/^ *\!.*'.*//" module_physics_addtendc.F > module_physics_addtendc.G
rm -f module_sf_scmskintemp.G module_sf_scmskintemp.bb
/lib/cpp -P -nostdinc -I/data1/home/marcos/WRF_old/new/WRF/inc -DEM_CORE=1 -DNMM_CORE=0 -DNMM_MAX_DIM=2600 -DDA_CORE=0 -DWRFPLUS=0 -DIWORDSIZE=4 -DDWORDSIZE=8 -DRWORDSIZE=4 -DLWORDSIZE=4 -DNONSTANDARD_SYSTEM_FUNC  -DWRF_USE_CLM -DRPC_TYPES=1  -DDM_PARALLEL -DNETCDF -DLANDREAD_STUB=1 -DUSE_ALLOCATABLES -Dwrfmodel -DGRIB1 -DINTIO -DKEEP_INT_AROUND -DLIMIT_ARGS -DBUILD_RRTMG_FAST=0 -DBUILD_RRTMK=0 -DBUILD_SBM_FAST=1 -DSHOW_ALL_VARS_USED=0 -DCONFIG_BUF_LEN=65536 -DMAX_DOMAINS_F=21 -DMAX_HISTORY=25 -DNMM_NEST=0  -I. -traditional-cpp   module_physics_addtendc.G  > module_physics_addtendc.bb
time /data1/sw/local/mpich/bin/mpif90 -f90=ifort -o module_sf_scmskintemp.o -c -O3 -ip -fp-model precise -w -ftz -align all -fno-alias -FR -convert big_endian    -I../dyn_em -I../dyn_nmm  -I/data1/home/marcos/WRF_old/new/WRF/external/esmf_time_f90  -I/data1/home/marcos/WRF_old/new/WRF/main -I/data1/home/marcos/WRF_old/new/WRF/external/io_netcdf -I/data1/home/marcos/WRF_old/new/WRF/external/io_int -I/data1/home/marcos/WRF_old/new/WRF/frame -I/data1/home/marcos/WRF_old/new/WRF/share -I/data1/home/marcos/WRF_old/new/WRF/phys -I/data1/home/marcos/WRF_old/new/WRF/wrftladj -I/data1/home/marcos/WRF_old/new/WRF/chem -I/data1/home/marcos/WRF_old/new/WRF/inc -I/home/marcos/libs/netcdf/include  -real-size `expr 8 \* 4` -i4  module_sf_scmskintemp.f90
/data1/home/marcos/WRF_old/new/WRF/tools/standard.exe module_physics_addtendc.bb | /lib/cpp -P -nostdinc -traditional-cpp > module_physics_addtendc.f90
rm -f module_physics_addtendc.G module_physics_addtendc.bb
time /data1/sw/local/mpich/bin/mpif90 -f90=ifort -o module_physics_addtendc.o -c -O3 -ip -fp-model precise -w -ftz -align all -fno-alias -FR -convert big_endian    -I../dyn_em -I../dyn_nmm  -I/data1/home/marcos/WRF_old/new/WRF/external/esmf_time_f90  -I/data1/home/marcos/WRF_old/new/WRF/main -I/data1/home/marcos/WRF_old/new/WRF/external/io_netcdf -I/data1/home/marcos/WRF_old/new/WRF/external/io_int -I/data1/home/marcos/WRF_old/new/WRF/frame -I/data1/home/marcos/WRF_old/new/WRF/share -I/data1/home/marcos/WRF_old/new/WRF/phys -I/data1/home/marcos/WRF_old/new/WRF/wrftladj -I/data1/home/marcos/WRF_old/new/WRF/chem -I/data1/home/marcos/WRF_old/new/WRF/inc -I/home/marcos/libs/netcdf/include  -real-size `expr 8 \* 4` -i4  module_physics_addtendc.f90
rm -f module_sf_lake.o
sed -e "s/^\!.*'.*//" -e "s/^ *\!.*'.*//" module_sf_lake.F > module_sf_lake.G
/lib/cpp -P -nostdinc -I/data1/home/marcos/WRF_old/new/WRF/inc -DEM_CORE=1 -DNMM_CORE=0 -DNMM_MAX_DIM=2600 -DDA_CORE=0 -DWRFPLUS=0 -DIWORDSIZE=4 -DDWORDSIZE=8 -DRWORDSIZE=4 -DLWORDSIZE=4 -DNONSTANDARD_SYSTEM_FUNC  -DWRF_USE_CLM -DRPC_TYPES=1  -DDM_PARALLEL -DNETCDF -DLANDREAD_STUB=1 -DUSE_ALLOCATABLES -Dwrfmodel -DGRIB1 -DINTIO -DKEEP_INT_AROUND -DLIMIT_ARGS -DBUILD_RRTMG_FAST=0 -DBUILD_RRTMK=0 -DBUILD_SBM_FAST=1 -DSHOW_ALL_VARS_USED=0 -DCONFIG_BUF_LEN=65536 -DMAX_DOMAINS_F=21 -DMAX_HISTORY=25 -DNMM_NEST=0  -I. -traditional-cpp   module_sf_lake.G  > module_sf_lake.bb
/data1/home/marcos/WRF_old/new/WRF/tools/standard.exe module_sf_lake.bb | /lib/cpp -P -nostdinc -traditional-cpp > module_sf_lake.f90
rm -f module_sf_lake.G module_sf_lake.bb
time /data1/sw/local/mpich/bin/mpif90 -f90=ifort -o module_sf_lake.o -c -O3 -ip -fp-model precise -w -ftz -align all -fno-alias -FR -convert big_endian    -I../dyn_em -I../dyn_nmm  -I/data1/home/marcos/WRF_old/new/WRF/external/esmf_time_f90  -I/data1/home/marcos/WRF_old/new/WRF/main -I/data1/home/marcos/WRF_old/new/WRF/external/io_netcdf -I/data1/home/marcos/WRF_old/new/WRF/external/io_int -I/data1/home/marcos/WRF_old/new/WRF/frame -I/data1/home/marcos/WRF_old/new/WRF/share -I/data1/home/marcos/WRF_old/new/WRF/phys -I/data1/home/marcos/WRF_old/new/WRF/wrftladj -I/data1/home/marcos/WRF_old/new/WRF/chem -I/data1/home/marcos/WRF_old/new/WRF/inc -I/home/marcos/libs/netcdf/include  -real-size `expr 8 \* 4` -i4  module_sf_lake.f90
rm -f module_fdda_psufddagd.o
sed -e "s/^\!.*'.*//" -e "s/^ *\!.*'.*//" module_fdda_psufddagd.F > module_fdda_psufddagd.G
/lib/cpp -P -nostdinc -I/data1/home/marcos/WRF_old/new/WRF/inc -DEM_CORE=1 -DNMM_CORE=0 -DNMM_MAX_DIM=2600 -DDA_CORE=0 -DWRFPLUS=0 -DIWORDSIZE=4 -DDWORDSIZE=8 -DRWORDSIZE=4 -DLWORDSIZE=4 -DNONSTANDARD_SYSTEM_FUNC  -DWRF_USE_CLM -DRPC_TYPES=1  -DDM_PARALLEL -DNETCDF -DLANDREAD_STUB=1 -DUSE_ALLOCATABLES -Dwrfmodel -DGRIB1 -DINTIO -DKEEP_INT_AROUND -DLIMIT_ARGS -DBUILD_RRTMG_FAST=0 -DBUILD_RRTMK=0 -DBUILD_SBM_FAST=1 -DSHOW_ALL_VARS_USED=0 -DCONFIG_BUF_LEN=65536 -DMAX_DOMAINS_F=21 -DMAX_HISTORY=25 -DNMM_NEST=0  -I. -traditional-cpp   module_fdda_psufddagd.G  > module_fdda_psufddagd.bb
/data1/home/marcos/WRF_old/new/WRF/tools/standard.exe module_fdda_psufddagd.bb | /lib/cpp -P -nostdinc -traditional-cpp > module_fdda_psufddagd.f90
rm -f module_fdda_psufddagd.G module_fdda_psufddagd.bb
time /data1/sw/local/mpich/bin/mpif90 -f90=ifort -o module_fdda_psufddagd.o -c -O3 -ip -fp-model precise -w -ftz -align all -fno-alias -FR -convert big_endian    -I../dyn_em -I../dyn_nmm  -I/data1/home/marcos/WRF_old/new/WRF/external/esmf_time_f90  -I/data1/home/marcos/WRF_old/new/WRF/main -I/data1/home/marcos/WRF_old/new/WRF/external/io_netcdf -I/data1/home/marcos/WRF_old/new/WRF/external/io_int -I/data1/home/marcos/WRF_old/new/WRF/frame -I/data1/home/marcos/WRF_old/new/WRF/share -I/data1/home/marcos/WRF_old/new/WRF/phys -I/data1/home/marcos/WRF_old/new/WRF/wrftladj -I/data1/home/marcos/WRF_old/new/WRF/chem -I/data1/home/marcos/WRF_old/new/WRF/inc -I/home/marcos/libs/netcdf/include  -real-size `expr 8 \* 4` -i4  module_fdda_psufddagd.f90
rm -f module_fdda_spnudging.o
sed -e "s/^\!.*'.*//" -e "s/^ *\!.*'.*//" module_fdda_spnudging.F > module_fdda_spnudging.G
/lib/cpp -P -nostdinc -I/data1/home/marcos/WRF_old/new/WRF/inc -DEM_CORE=1 -DNMM_CORE=0 -DNMM_MAX_DIM=2600 -DDA_CORE=0 -DWRFPLUS=0 -DIWORDSIZE=4 -DDWORDSIZE=8 -DRWORDSIZE=4 -DLWORDSIZE=4 -DNONSTANDARD_SYSTEM_FUNC  -DWRF_USE_CLM -DRPC_TYPES=1  -DDM_PARALLEL -DNETCDF -DLANDREAD_STUB=1 -DUSE_ALLOCATABLES -Dwrfmodel -DGRIB1 -DINTIO -DKEEP_INT_AROUND -DLIMIT_ARGS -DBUILD_RRTMG_FAST=0 -DBUILD_RRTMK=0 -DBUILD_SBM_FAST=1 -DSHOW_ALL_VARS_USED=0 -DCONFIG_BUF_LEN=65536 -DMAX_DOMAINS_F=21 -DMAX_HISTORY=25 -DNMM_NEST=0  -I. -traditional-cpp   module_fdda_spnudging.G  > module_fdda_spnudging.bb
/data1/home/marcos/WRF_old/new/WRF/tools/standard.exe module_fdda_spnudging.bb | /lib/cpp -P -nostdinc -traditional-cpp > module_fdda_spnudging.f90
rm -f module_fdda_spnudging.G module_fdda_spnudging.bb
time /data1/sw/local/mpich/bin/mpif90 -f90=ifort -o module_fdda_spnudging.o -c -O3 -ip -fp-model precise -w -ftz -align all -fno-alias -FR -convert big_endian    -I../dyn_em -I../dyn_nmm  -I/data1/home/marcos/WRF_old/new/WRF/external/esmf_time_f90  -I/data1/home/marcos/WRF_old/new/WRF/main -I/data1/home/marcos/WRF_old/new/WRF/external/io_netcdf -I/data1/home/marcos/WRF_old/new/WRF/external/io_int -I/data1/home/marcos/WRF_old/new/WRF/frame -I/data1/home/marcos/WRF_old/new/WRF/share -I/data1/home/marcos/WRF_old/new/WRF/phys -I/data1/home/marcos/WRF_old/new/WRF/wrftladj -I/data1/home/marcos/WRF_old/new/WRF/chem -I/data1/home/marcos/WRF_old/new/WRF/inc -I/home/marcos/libs/netcdf/include  -real-size `expr 8 \* 4` -i4  module_fdda_spnudging.f90
rm -f module_fddaobs_rtfdda.o
sed -e "s/^\!.*'.*//" -e "s/^ *\!.*'.*//" module_fddaobs_rtfdda.F > module_fddaobs_rtfdda.G
/lib/cpp -P -nostdinc -I/data1/home/marcos/WRF_old/new/WRF/inc -DEM_CORE=1 -DNMM_CORE=0 -DNMM_MAX_DIM=2600 -DDA_CORE=0 -DWRFPLUS=0 -DIWORDSIZE=4 -DDWORDSIZE=8 -DRWORDSIZE=4 -DLWORDSIZE=4 -DNONSTANDARD_SYSTEM_FUNC  -DWRF_USE_CLM -DRPC_TYPES=1  -DDM_PARALLEL -DNETCDF -DLANDREAD_STUB=1 -DUSE_ALLOCATABLES -Dwrfmodel -DGRIB1 -DINTIO -DKEEP_INT_AROUND -DLIMIT_ARGS -DBUILD_RRTMG_FAST=0 -DBUILD_RRTMK=0 -DBUILD_SBM_FAST=1 -DSHOW_ALL_VARS_USED=0 -DCONFIG_BUF_LEN=65536 -DMAX_DOMAINS_F=21 -DMAX_HISTORY=25 -DNMM_NEST=0  -I. -traditional-cpp   module_fddaobs_rtfdda.G  > module_fddaobs_rtfdda.bb
/data1/home/marcos/WRF_old/new/WRF/tools/standard.exe module_fddaobs_rtfdda.bb | /lib/cpp -P -nostdinc -traditional-cpp > module_fddaobs_rtfdda.f90
rm -f module_fddaobs_rtfdda.G module_fddaobs_rtfdda.bb
time /data1/sw/local/mpich/bin/mpif90 -f90=ifort -o module_fddaobs_rtfdda.o -c -O3 -ip -fp-model precise -w -ftz -align all -fno-alias -FR -convert big_endian    -I../dyn_em -I../dyn_nmm  -I/data1/home/marcos/WRF_old/new/WRF/external/esmf_time_f90  -I/data1/home/marcos/WRF_old/new/WRF/main -I/data1/home/marcos/WRF_old/new/WRF/external/io_netcdf -I/data1/home/marcos/WRF_old/new/WRF/external/io_int -I/data1/home/marcos/WRF_old/new/WRF/frame -I/data1/home/marcos/WRF_old/new/WRF/share -I/data1/home/marcos/WRF_old/new/WRF/phys -I/data1/home/marcos/WRF_old/new/WRF/wrftladj -I/data1/home/marcos/WRF_old/new/WRF/chem -I/data1/home/marcos/WRF_old/new/WRF/inc -I/home/marcos/libs/netcdf/include  -real-size `expr 8 \* 4` -i4  module_fddaobs_rtfdda.f90
rm -f module_wind_fitch.o
sed -e "s/^\!.*'.*//" -e "s/^ *\!.*'.*//" module_wind_fitch.F > module_wind_fitch.G
/lib/cpp -P -nostdinc -I/data1/home/marcos/WRF_old/new/WRF/inc -DEM_CORE=1 -DNMM_CORE=0 -DNMM_MAX_DIM=2600 -DDA_CORE=0 -DWRFPLUS=0 -DIWORDSIZE=4 -DDWORDSIZE=8 -DRWORDSIZE=4 -DLWORDSIZE=4 -DNONSTANDARD_SYSTEM_FUNC  -DWRF_USE_CLM -DRPC_TYPES=1  -DDM_PARALLEL -DNETCDF -DLANDREAD_STUB=1 -DUSE_ALLOCATABLES -Dwrfmodel -DGRIB1 -DINTIO -DKEEP_INT_AROUND -DLIMIT_ARGS -DBUILD_RRTMG_FAST=0 -DBUILD_RRTMK=0 -DBUILD_SBM_FAST=1 -DSHOW_ALL_VARS_USED=0 -DCONFIG_BUF_LEN=65536 -DMAX_DOMAINS_F=21 -DMAX_HISTORY=25 -DNMM_NEST=0  -I. -traditional-cpp   module_wind_fitch.G  > module_wind_fitch.bb
/data1/home/marcos/WRF_old/new/WRF/tools/standard.exe module_wind_fitch.bb | /lib/cpp -P -nostdinc -traditional-cpp > module_wind_fitch.f90
rm -f module_wind_fitch.G module_wind_fitch.bb
time /data1/sw/local/mpich/bin/mpif90 -f90=ifort -o module_wind_fitch.o -c -O3 -ip -fp-model precise -w -ftz -align all -fno-alias -FR -convert big_endian    -I../dyn_em -I../dyn_nmm  -I/data1/home/marcos/WRF_old/new/WRF/external/esmf_time_f90  -I/data1/home/marcos/WRF_old/new/WRF/main -I/data1/home/marcos/WRF_old/new/WRF/external/io_netcdf -I/data1/home/marcos/WRF_old/new/WRF/external/io_int -I/data1/home/marcos/WRF_old/new/WRF/frame -I/data1/home/marcos/WRF_old/new/WRF/share -I/data1/home/marcos/WRF_old/new/WRF/phys -I/data1/home/marcos/WRF_old/new/WRF/wrftladj -I/data1/home/marcos/WRF_old/new/WRF/chem -I/data1/home/marcos/WRF_old/new/WRF/inc -I/home/marcos/libs/netcdf/include  -real-size `expr 8 \* 4` -i4  module_wind_fitch.f90
rm -f module_dust_emis.o
sed -e "s/^\!.*'.*//" -e "s/^ *\!.*'.*//" module_dust_emis.F > module_dust_emis.G
/lib/cpp -P -nostdinc -I/data1/home/marcos/WRF_old/new/WRF/inc -DEM_CORE=1 -DNMM_CORE=0 -DNMM_MAX_DIM=2600 -DDA_CORE=0 -DWRFPLUS=0 -DIWORDSIZE=4 -DDWORDSIZE=8 -DRWORDSIZE=4 -DLWORDSIZE=4 -DNONSTANDARD_SYSTEM_FUNC  -DWRF_USE_CLM -DRPC_TYPES=1  -DDM_PARALLEL -DNETCDF -DLANDREAD_STUB=1 -DUSE_ALLOCATABLES -Dwrfmodel -DGRIB1 -DINTIO -DKEEP_INT_AROUND -DLIMIT_ARGS -DBUILD_RRTMG_FAST=0 -DBUILD_RRTMK=0 -DBUILD_SBM_FAST=1 -DSHOW_ALL_VARS_USED=0 -DCONFIG_BUF_LEN=65536 -DMAX_DOMAINS_F=21 -DMAX_HISTORY=25 -DNMM_NEST=0  -I. -traditional-cpp   module_dust_emis.G  > module_dust_emis.bb
/data1/home/marcos/WRF_old/new/WRF/tools/standard.exe module_dust_emis.bb | /lib/cpp -P -nostdinc -traditional-cpp > module_dust_emis.f90
rm -f module_dust_emis.G module_dust_emis.bb
time /data1/sw/local/mpich/bin/mpif90 -f90=ifort -o module_dust_emis.o -c -O3 -ip -fp-model precise -w -ftz -align all -fno-alias -FR -convert big_endian    -I../dyn_em -I../dyn_nmm  -I/data1/home/marcos/WRF_old/new/WRF/external/esmf_time_f90  -I/data1/home/marcos/WRF_old/new/WRF/main -I/data1/home/marcos/WRF_old/new/WRF/external/io_netcdf -I/data1/home/marcos/WRF_old/new/WRF/external/io_int -I/data1/home/marcos/WRF_old/new/WRF/frame -I/data1/home/marcos/WRF_old/new/WRF/share -I/data1/home/marcos/WRF_old/new/WRF/phys -I/data1/home/marcos/WRF_old/new/WRF/wrftladj -I/data1/home/marcos/WRF_old/new/WRF/chem -I/data1/home/marcos/WRF_old/new/WRF/inc -I/home/marcos/libs/netcdf/include  -real-size `expr 8 \* 4` -i4  module_dust_emis.f90
rm -f module_irrigation.o
sed -e "s/^\!.*'.*//" -e "s/^ *\!.*'.*//" module_irrigation.F > module_irrigation.G
/lib/cpp -P -nostdinc -I/data1/home/marcos/WRF_old/new/WRF/inc -DEM_CORE=1 -DNMM_CORE=0 -DNMM_MAX_DIM=2600 -DDA_CORE=0 -DWRFPLUS=0 -DIWORDSIZE=4 -DDWORDSIZE=8 -DRWORDSIZE=4 -DLWORDSIZE=4 -DNONSTANDARD_SYSTEM_FUNC  -DWRF_USE_CLM -DRPC_TYPES=1  -DDM_PARALLEL -DNETCDF -DLANDREAD_STUB=1 -DUSE_ALLOCATABLES -Dwrfmodel -DGRIB1 -DINTIO -DKEEP_INT_AROUND -DLIMIT_ARGS -DBUILD_RRTMG_FAST=0 -DBUILD_RRTMK=0 -DBUILD_SBM_FAST=1 -DSHOW_ALL_VARS_USED=0 -DCONFIG_BUF_LEN=65536 -DMAX_DOMAINS_F=21 -DMAX_HISTORY=25 -DNMM_NEST=0  -I. -traditional-cpp   module_irrigation.G  > module_irrigation.bb
/data1/home/marcos/WRF_old/new/WRF/tools/standard.exe module_irrigation.bb | /lib/cpp -P -nostdinc -traditional-cpp > module_irrigation.f90
rm -f module_irrigation.G module_irrigation.bb
time /data1/sw/local/mpich/bin/mpif90 -f90=ifort -o module_irrigation.o -c -O3 -ip -fp-model precise -w -ftz -align all -fno-alias -FR -convert big_endian    -I../dyn_em -I../dyn_nmm  -I/data1/home/marcos/WRF_old/new/WRF/external/esmf_time_f90  -I/data1/home/marcos/WRF_old/new/WRF/main -I/data1/home/marcos/WRF_old/new/WRF/external/io_netcdf -I/data1/home/marcos/WRF_old/new/WRF/external/io_int -I/data1/home/marcos/WRF_old/new/WRF/frame -I/data1/home/marcos/WRF_old/new/WRF/share -I/data1/home/marcos/WRF_old/new/WRF/phys -I/data1/home/marcos/WRF_old/new/WRF/wrftladj -I/data1/home/marcos/WRF_old/new/WRF/chem -I/data1/home/marcos/WRF_old/new/WRF/inc -I/home/marcos/libs/netcdf/include  -real-size `expr 8 \* 4` -i4  module_irrigation.f90
rm -f module_microphysics_zero_out.o
sed -e "s/^\!.*'.*//" -e "s/^ *\!.*'.*//" module_microphysics_zero_out.F > module_microphysics_zero_out.G
/lib/cpp -P -nostdinc -I/data1/home/marcos/WRF_old/new/WRF/inc -DEM_CORE=1 -DNMM_CORE=0 -DNMM_MAX_DIM=2600 -DDA_CORE=0 -DWRFPLUS=0 -DIWORDSIZE=4 -DDWORDSIZE=8 -DRWORDSIZE=4 -DLWORDSIZE=4 -DNONSTANDARD_SYSTEM_FUNC  -DWRF_USE_CLM -DRPC_TYPES=1  -DDM_PARALLEL -DNETCDF -DLANDREAD_STUB=1 -DUSE_ALLOCATABLES -Dwrfmodel -DGRIB1 -DINTIO -DKEEP_INT_AROUND -DLIMIT_ARGS -DBUILD_RRTMG_FAST=0 -DBUILD_RRTMK=0 -DBUILD_SBM_FAST=1 -DSHOW_ALL_VARS_USED=0 -DCONFIG_BUF_LEN=65536 -DMAX_DOMAINS_F=21 -DMAX_HISTORY=25 -DNMM_NEST=0  -I. -traditional-cpp   module_microphysics_zero_out.G  > module_microphysics_zero_out.bb
/data1/home/marcos/WRF_old/new/WRF/tools/standard.exe module_microphysics_zero_out.bb | /lib/cpp -P -nostdinc -traditional-cpp > module_microphysics_zero_out.f90
rm -f module_microphysics_zero_out.G module_microphysics_zero_out.bb
time /data1/sw/local/mpich/bin/mpif90 -f90=ifort -o module_microphysics_zero_out.o -c -O3 -ip -fp-model precise -w -ftz -align all -fno-alias -FR -convert big_endian    -I../dyn_em -I../dyn_nmm  -I/data1/home/marcos/WRF_old/new/WRF/external/esmf_time_f90  -I/data1/home/marcos/WRF_old/new/WRF/main -I/data1/home/marcos/WRF_old/new/WRF/external/io_netcdf -I/data1/home/marcos/WRF_old/new/WRF/external/io_int -I/data1/home/marcos/WRF_old/new/WRF/frame -I/data1/home/marcos/WRF_old/new/WRF/share -I/data1/home/marcos/WRF_old/new/WRF/phys -I/data1/home/marcos/WRF_old/new/WRF/wrftladj -I/data1/home/marcos/WRF_old/new/WRF/chem -I/data1/home/marcos/WRF_old/new/WRF/inc -I/home/marcos/libs/netcdf/include  -real-size `expr 8 \* 4` -i4  module_microphysics_zero_out.f90
rm -f module_ltng_crmpr92.o
sed -e "s/^\!.*'.*//" -e "s/^ *\!.*'.*//" module_ltng_crmpr92.F > module_ltng_crmpr92.G
/lib/cpp -P -nostdinc -I/data1/home/marcos/WRF_old/new/WRF/inc -DEM_CORE=1 -DNMM_CORE=0 -DNMM_MAX_DIM=2600 -DDA_CORE=0 -DWRFPLUS=0 -DIWORDSIZE=4 -DDWORDSIZE=8 -DRWORDSIZE=4 -DLWORDSIZE=4 -DNONSTANDARD_SYSTEM_FUNC  -DWRF_USE_CLM -DRPC_TYPES=1  -DDM_PARALLEL -DNETCDF -DLANDREAD_STUB=1 -DUSE_ALLOCATABLES -Dwrfmodel -DGRIB1 -DINTIO -DKEEP_INT_AROUND -DLIMIT_ARGS -DBUILD_RRTMG_FAST=0 -DBUILD_RRTMK=0 -DBUILD_SBM_FAST=1 -DSHOW_ALL_VARS_USED=0 -DCONFIG_BUF_LEN=65536 -DMAX_DOMAINS_F=21 -DMAX_HISTORY=25 -DNMM_NEST=0  -I. -traditional-cpp   module_ltng_crmpr92.G  > module_ltng_crmpr92.bb
/data1/home/marcos/WRF_old/new/WRF/tools/standard.exe module_ltng_crmpr92.bb | /lib/cpp -P -nostdinc -traditional-cpp > module_ltng_crmpr92.f90
rm -f module_ltng_crmpr92.G module_ltng_crmpr92.bb
time /data1/sw/local/mpich/bin/mpif90 -f90=ifort -o module_ltng_crmpr92.o -c -O3 -ip -fp-model precise -w -ftz -align all -fno-alias -FR -convert big_endian    -I../dyn_em -I../dyn_nmm  -I/data1/home/marcos/WRF_old/new/WRF/external/esmf_time_f90  -I/data1/home/marcos/WRF_old/new/WRF/main -I/data1/home/marcos/WRF_old/new/WRF/external/io_netcdf -I/data1/home/marcos/WRF_old/new/WRF/external/io_int -I/data1/home/marcos/WRF_old/new/WRF/frame -I/data1/home/marcos/WRF_old/new/WRF/share -I/data1/home/marcos/WRF_old/new/WRF/phys -I/data1/home/marcos/WRF_old/new/WRF/wrftladj -I/data1/home/marcos/WRF_old/new/WRF/chem -I/data1/home/marcos/WRF_old/new/WRF/inc -I/home/marcos/libs/netcdf/include  -real-size `expr 8 \* 4` -i4  module_ltng_crmpr92.f90
rm -f module_ltng_cpmpr92z.o
sed -e "s/^\!.*'.*//" -e "s/^ *\!.*'.*//" module_ltng_cpmpr92z.F > module_ltng_cpmpr92z.G
/lib/cpp -P -nostdinc -I/data1/home/marcos/WRF_old/new/WRF/inc -DEM_CORE=1 -DNMM_CORE=0 -DNMM_MAX_DIM=2600 -DDA_CORE=0 -DWRFPLUS=0 -DIWORDSIZE=4 -DDWORDSIZE=8 -DRWORDSIZE=4 -DLWORDSIZE=4 -DNONSTANDARD_SYSTEM_FUNC  -DWRF_USE_CLM -DRPC_TYPES=1  -DDM_PARALLEL -DNETCDF -DLANDREAD_STUB=1 -DUSE_ALLOCATABLES -Dwrfmodel -DGRIB1 -DINTIO -DKEEP_INT_AROUND -DLIMIT_ARGS -DBUILD_RRTMG_FAST=0 -DBUILD_RRTMK=0 -DBUILD_SBM_FAST=1 -DSHOW_ALL_VARS_USED=0 -DCONFIG_BUF_LEN=65536 -DMAX_DOMAINS_F=21 -DMAX_HISTORY=25 -DNMM_NEST=0  -I. -traditional-cpp   module_ltng_cpmpr92z.G  > module_ltng_cpmpr92z.bb
/data1/home/marcos/WRF_old/new/WRF/tools/standard.exe module_ltng_cpmpr92z.bb | /lib/cpp -P -nostdinc -traditional-cpp > module_ltng_cpmpr92z.f90
rm -f module_ltng_cpmpr92z.G module_ltng_cpmpr92z.bb
time /data1/sw/local/mpich/bin/mpif90 -f90=ifort -o module_ltng_cpmpr92z.o -c -O3 -ip -fp-model precise -w -ftz -align all -fno-alias -FR -convert big_endian    -I../dyn_em -I../dyn_nmm  -I/data1/home/marcos/WRF_old/new/WRF/external/esmf_time_f90  -I/data1/home/marcos/WRF_old/new/WRF/main -I/data1/home/marcos/WRF_old/new/WRF/external/io_netcdf -I/data1/home/marcos/WRF_old/new/WRF/external/io_int -I/data1/home/marcos/WRF_old/new/WRF/frame -I/data1/home/marcos/WRF_old/new/WRF/share -I/data1/home/marcos/WRF_old/new/WRF/phys -I/data1/home/marcos/WRF_old/new/WRF/wrftladj -I/data1/home/marcos/WRF_old/new/WRF/chem -I/data1/home/marcos/WRF_old/new/WRF/inc -I/home/marcos/libs/netcdf/include  -real-size `expr 8 \* 4` -i4  module_ltng_cpmpr92z.f90
rm -f module_ltng_iccg.o
sed -e "s/^\!.*'.*//" -e "s/^ *\!.*'.*//" module_ltng_iccg.F > module_ltng_iccg.G
/lib/cpp -P -nostdinc -I/data1/home/marcos/WRF_old/new/WRF/inc -DEM_CORE=1 -DNMM_CORE=0 -DNMM_MAX_DIM=2600 -DDA_CORE=0 -DWRFPLUS=0 -DIWORDSIZE=4 -DDWORDSIZE=8 -DRWORDSIZE=4 -DLWORDSIZE=4 -DNONSTANDARD_SYSTEM_FUNC  -DWRF_USE_CLM -DRPC_TYPES=1  -DDM_PARALLEL -DNETCDF -DLANDREAD_STUB=1 -DUSE_ALLOCATABLES -Dwrfmodel -DGRIB1 -DINTIO -DKEEP_INT_AROUND -DLIMIT_ARGS -DBUILD_RRTMG_FAST=0 -DBUILD_RRTMK=0 -DBUILD_SBM_FAST=1 -DSHOW_ALL_VARS_USED=0 -DCONFIG_BUF_LEN=65536 -DMAX_DOMAINS_F=21 -DMAX_HISTORY=25 -DNMM_NEST=0  -I. -traditional-cpp   module_ltng_iccg.G  > module_ltng_iccg.bb
/data1/home/marcos/WRF_old/new/WRF/tools/standard.exe module_ltng_iccg.bb | /lib/cpp -P -nostdinc -traditional-cpp > module_ltng_iccg.f90
rm -f module_ltng_iccg.G module_ltng_iccg.bb
time /data1/sw/local/mpich/bin/mpif90 -f90=ifort -o module_ltng_iccg.o -c -O3 -ip -fp-model precise -w -ftz -align all -fno-alias -FR -convert big_endian    -I../dyn_em -I../dyn_nmm  -I/data1/home/marcos/WRF_old/new/WRF/external/esmf_time_f90  -I/data1/home/marcos/WRF_old/new/WRF/main -I/data1/home/marcos/WRF_old/new/WRF/external/io_netcdf -I/data1/home/marcos/WRF_old/new/WRF/external/io_int -I/data1/home/marcos/WRF_old/new/WRF/frame -I/data1/home/marcos/WRF_old/new/WRF/share -I/data1/home/marcos/WRF_old/new/WRF/phys -I/data1/home/marcos/WRF_old/new/WRF/wrftladj -I/data1/home/marcos/WRF_old/new/WRF/chem -I/data1/home/marcos/WRF_old/new/WRF/inc -I/home/marcos/libs/netcdf/include  -real-size `expr 8 \* 4` -i4  module_ltng_iccg.f90
rm -f module_fddaobs_driver.o
sed -e "s/^\!.*'.*//" -e "s/^ *\!.*'.*//" module_fddaobs_driver.F > module_fddaobs_driver.G
/lib/cpp -P -nostdinc -I/data1/home/marcos/WRF_old/new/WRF/inc -DEM_CORE=1 -DNMM_CORE=0 -DNMM_MAX_DIM=2600 -DDA_CORE=0 -DWRFPLUS=0 -DIWORDSIZE=4 -DDWORDSIZE=8 -DRWORDSIZE=4 -DLWORDSIZE=4 -DNONSTANDARD_SYSTEM_FUNC  -DWRF_USE_CLM -DRPC_TYPES=1  -DDM_PARALLEL -DNETCDF -DLANDREAD_STUB=1 -DUSE_ALLOCATABLES -Dwrfmodel -DGRIB1 -DINTIO -DKEEP_INT_AROUND -DLIMIT_ARGS -DBUILD_RRTMG_FAST=0 -DBUILD_RRTMK=0 -DBUILD_SBM_FAST=1 -DSHOW_ALL_VARS_USED=0 -DCONFIG_BUF_LEN=65536 -DMAX_DOMAINS_F=21 -DMAX_HISTORY=25 -DNMM_NEST=0  -I. -traditional-cpp   module_fddaobs_driver.G  > module_fddaobs_driver.bb
/data1/home/marcos/WRF_old/new/WRF/tools/standard.exe module_fddaobs_driver.bb | /lib/cpp -P -nostdinc -traditional-cpp > module_fddaobs_driver.f90
rm -f module_fddaobs_driver.G module_fddaobs_driver.bb
time /data1/sw/local/mpich/bin/mpif90 -f90=ifort -o module_fddaobs_driver.o -c -O3 -ip -fp-model precise -w -ftz -align all -fno-alias -FR -convert big_endian    -I../dyn_em -I../dyn_nmm  -I/data1/home/marcos/WRF_old/new/WRF/external/esmf_time_f90  -I/data1/home/marcos/WRF_old/new/WRF/main -I/data1/home/marcos/WRF_old/new/WRF/external/io_netcdf -I/data1/home/marcos/WRF_old/new/WRF/external/io_int -I/data1/home/marcos/WRF_old/new/WRF/frame -I/data1/home/marcos/WRF_old/new/WRF/share -I/data1/home/marcos/WRF_old/new/WRF/phys -I/data1/home/marcos/WRF_old/new/WRF/wrftladj -I/data1/home/marcos/WRF_old/new/WRF/chem -I/data1/home/marcos/WRF_old/new/WRF/inc -I/home/marcos/libs/netcdf/include  -real-size `expr 8 \* 4` -i4  module_fddaobs_driver.f90
rm -f module_diag_misc.o
sed -e "s/^\!.*'.*//" -e "s/^ *\!.*'.*//" module_diag_misc.F > module_diag_misc.G
/lib/cpp -P -nostdinc -I/data1/home/marcos/WRF_old/new/WRF/inc -DEM_CORE=1 -DNMM_CORE=0 -DNMM_MAX_DIM=2600 -DDA_CORE=0 -DWRFPLUS=0 -DIWORDSIZE=4 -DDWORDSIZE=8 -DRWORDSIZE=4 -DLWORDSIZE=4 -DNONSTANDARD_SYSTEM_FUNC  -DWRF_USE_CLM -DRPC_TYPES=1  -DDM_PARALLEL -DNETCDF -DLANDREAD_STUB=1 -DUSE_ALLOCATABLES -Dwrfmodel -DGRIB1 -DINTIO -DKEEP_INT_AROUND -DLIMIT_ARGS -DBUILD_RRTMG_FAST=0 -DBUILD_RRTMK=0 -DBUILD_SBM_FAST=1 -DSHOW_ALL_VARS_USED=0 -DCONFIG_BUF_LEN=65536 -DMAX_DOMAINS_F=21 -DMAX_HISTORY=25 -DNMM_NEST=0  -I. -traditional-cpp   module_diag_misc.G  > module_diag_misc.bb
/data1/home/marcos/WRF_old/new/WRF/tools/standard.exe module_diag_misc.bb | /lib/cpp -P -nostdinc -traditional-cpp > module_diag_misc.f90
rm -f module_diag_misc.G module_diag_misc.bb
time /data1/sw/local/mpich/bin/mpif90 -f90=ifort -o module_diag_misc.o -c -O3 -ip -fp-model precise -w -ftz -align all -fno-alias -FR -convert big_endian    -I../dyn_em -I../dyn_nmm  -I/data1/home/marcos/WRF_old/new/WRF/external/esmf_time_f90  -I/data1/home/marcos/WRF_old/new/WRF/main -I/data1/home/marcos/WRF_old/new/WRF/external/io_netcdf -I/data1/home/marcos/WRF_old/new/WRF/external/io_int -I/data1/home/marcos/WRF_old/new/WRF/frame -I/data1/home/marcos/WRF_old/new/WRF/share -I/data1/home/marcos/WRF_old/new/WRF/phys -I/data1/home/marcos/WRF_old/new/WRF/wrftladj -I/data1/home/marcos/WRF_old/new/WRF/chem -I/data1/home/marcos/WRF_old/new/WRF/inc -I/home/marcos/libs/netcdf/include  -real-size `expr 8 \* 4` -i4  module_diag_misc.f90
rm -f module_diag_nwp.o
sed -e "s/^\!.*'.*//" -e "s/^ *\!.*'.*//" module_diag_nwp.F > module_diag_nwp.G
/lib/cpp -P -nostdinc -I/data1/home/marcos/WRF_old/new/WRF/inc -DEM_CORE=1 -DNMM_CORE=0 -DNMM_MAX_DIM=2600 -DDA_CORE=0 -DWRFPLUS=0 -DIWORDSIZE=4 -DDWORDSIZE=8 -DRWORDSIZE=4 -DLWORDSIZE=4 -DNONSTANDARD_SYSTEM_FUNC  -DWRF_USE_CLM -DRPC_TYPES=1  -DDM_PARALLEL -DNETCDF -DLANDREAD_STUB=1 -DUSE_ALLOCATABLES -Dwrfmodel -DGRIB1 -DINTIO -DKEEP_INT_AROUND -DLIMIT_ARGS -DBUILD_RRTMG_FAST=0 -DBUILD_RRTMK=0 -DBUILD_SBM_FAST=1 -DSHOW_ALL_VARS_USED=0 -DCONFIG_BUF_LEN=65536 -DMAX_DOMAINS_F=21 -DMAX_HISTORY=25 -DNMM_NEST=0  -I. -traditional-cpp   module_diag_nwp.G  > module_diag_nwp.bb
/data1/home/marcos/WRF_old/new/WRF/tools/standard.exe module_diag_nwp.bb | /lib/cpp -P -nostdinc -traditional-cpp > module_diag_nwp.f90
rm -f module_diag_nwp.G module_diag_nwp.bb
time /data1/sw/local/mpich/bin/mpif90 -f90=ifort -o module_diag_nwp.o -c -O3 -ip -fp-model precise -w -ftz -align all -fno-alias -FR -convert big_endian    -I../dyn_em -I../dyn_nmm  -I/data1/home/marcos/WRF_old/new/WRF/external/esmf_time_f90  -I/data1/home/marcos/WRF_old/new/WRF/main -I/data1/home/marcos/WRF_old/new/WRF/external/io_netcdf -I/data1/home/marcos/WRF_old/new/WRF/external/io_int -I/data1/home/marcos/WRF_old/new/WRF/frame -I/data1/home/marcos/WRF_old/new/WRF/share -I/data1/home/marcos/WRF_old/new/WRF/phys -I/data1/home/marcos/WRF_old/new/WRF/wrftladj -I/data1/home/marcos/WRF_old/new/WRF/chem -I/data1/home/marcos/WRF_old/new/WRF/inc -I/home/marcos/libs/netcdf/include  -real-size `expr 8 \* 4` -i4  module_diag_nwp.f90
rm -f module_diag_cl.o
sed -e "s/^\!.*'.*//" -e "s/^ *\!.*'.*//" module_diag_cl.F > module_diag_cl.G
/lib/cpp -P -nostdinc -I/data1/home/marcos/WRF_old/new/WRF/inc -DEM_CORE=1 -DNMM_CORE=0 -DNMM_MAX_DIM=2600 -DDA_CORE=0 -DWRFPLUS=0 -DIWORDSIZE=4 -DDWORDSIZE=8 -DRWORDSIZE=4 -DLWORDSIZE=4 -DNONSTANDARD_SYSTEM_FUNC  -DWRF_USE_CLM -DRPC_TYPES=1  -DDM_PARALLEL -DNETCDF -DLANDREAD_STUB=1 -DUSE_ALLOCATABLES -Dwrfmodel -DGRIB1 -DINTIO -DKEEP_INT_AROUND -DLIMIT_ARGS -DBUILD_RRTMG_FAST=0 -DBUILD_RRTMK=0 -DBUILD_SBM_FAST=1 -DSHOW_ALL_VARS_USED=0 -DCONFIG_BUF_LEN=65536 -DMAX_DOMAINS_F=21 -DMAX_HISTORY=25 -DNMM_NEST=0  -I. -traditional-cpp   module_diag_cl.G  > module_diag_cl.bb
/data1/home/marcos/WRF_old/new/WRF/tools/standard.exe module_diag_cl.bb | /lib/cpp -P -nostdinc -traditional-cpp > module_diag_cl.f90
rm -f module_diag_cl.G module_diag_cl.bb
time /data1/sw/local/mpich/bin/mpif90 -f90=ifort -o module_diag_cl.o -c -O3 -ip -fp-model precise -w -ftz -align all -fno-alias -FR -convert big_endian    -I../dyn_em -I../dyn_nmm  -I/data1/home/marcos/WRF_old/new/WRF/external/esmf_time_f90  -I/data1/home/marcos/WRF_old/new/WRF/main -I/data1/home/marcos/WRF_old/new/WRF/external/io_netcdf -I/data1/home/marcos/WRF_old/new/WRF/external/io_int -I/data1/home/marcos/WRF_old/new/WRF/frame -I/data1/home/marcos/WRF_old/new/WRF/share -I/data1/home/marcos/WRF_old/new/WRF/phys -I/data1/home/marcos/WRF_old/new/WRF/wrftladj -I/data1/home/marcos/WRF_old/new/WRF/chem -I/data1/home/marcos/WRF_old/new/WRF/inc -I/home/marcos/libs/netcdf/include  -real-size `expr 8 \* 4` -i4  module_diag_cl.f90
rm -f module_diag_pld.o
sed -e "s/^\!.*'.*//" -e "s/^ *\!.*'.*//" module_diag_pld.F > module_diag_pld.G
/lib/cpp -P -nostdinc -I/data1/home/marcos/WRF_old/new/WRF/inc -DEM_CORE=1 -DNMM_CORE=0 -DNMM_MAX_DIM=2600 -DDA_CORE=0 -DWRFPLUS=0 -DIWORDSIZE=4 -DDWORDSIZE=8 -DRWORDSIZE=4 -DLWORDSIZE=4 -DNONSTANDARD_SYSTEM_FUNC  -DWRF_USE_CLM -DRPC_TYPES=1  -DDM_PARALLEL -DNETCDF -DLANDREAD_STUB=1 -DUSE_ALLOCATABLES -Dwrfmodel -DGRIB1 -DINTIO -DKEEP_INT_AROUND -DLIMIT_ARGS -DBUILD_RRTMG_FAST=0 -DBUILD_RRTMK=0 -DBUILD_SBM_FAST=1 -DSHOW_ALL_VARS_USED=0 -DCONFIG_BUF_LEN=65536 -DMAX_DOMAINS_F=21 -DMAX_HISTORY=25 -DNMM_NEST=0  -I. -traditional-cpp   module_diag_pld.G  > module_diag_pld.bb
/data1/home/marcos/WRF_old/new/WRF/tools/standard.exe module_diag_pld.bb | /lib/cpp -P -nostdinc -traditional-cpp > module_diag_pld.f90
rm -f module_diag_pld.G module_diag_pld.bb
time /data1/sw/local/mpich/bin/mpif90 -f90=ifort -o module_diag_pld.o -c -O3 -ip -fp-model precise -w -ftz -align all -fno-alias -FR -convert big_endian    -I../dyn_em -I../dyn_nmm  -I/data1/home/marcos/WRF_old/new/WRF/external/esmf_time_f90  -I/data1/home/marcos/WRF_old/new/WRF/main -I/data1/home/marcos/WRF_old/new/WRF/external/io_netcdf -I/data1/home/marcos/WRF_old/new/WRF/external/io_int -I/data1/home/marcos/WRF_old/new/WRF/frame -I/data1/home/marcos/WRF_old/new/WRF/share -I/data1/home/marcos/WRF_old/new/WRF/phys -I/data1/home/marcos/WRF_old/new/WRF/wrftladj -I/data1/home/marcos/WRF_old/new/WRF/chem -I/data1/home/marcos/WRF_old/new/WRF/inc -I/home/marcos/libs/netcdf/include  -real-size `expr 8 \* 4` -i4  module_diag_pld.f90
rm -f module_diag_zld.o
sed -e "s/^\!.*'.*//" -e "s/^ *\!.*'.*//" module_diag_zld.F > module_diag_zld.G
/lib/cpp -P -nostdinc -I/data1/home/marcos/WRF_old/new/WRF/inc -DEM_CORE=1 -DNMM_CORE=0 -DNMM_MAX_DIM=2600 -DDA_CORE=0 -DWRFPLUS=0 -DIWORDSIZE=4 -DDWORDSIZE=8 -DRWORDSIZE=4 -DLWORDSIZE=4 -DNONSTANDARD_SYSTEM_FUNC  -DWRF_USE_CLM -DRPC_TYPES=1  -DDM_PARALLEL -DNETCDF -DLANDREAD_STUB=1 -DUSE_ALLOCATABLES -Dwrfmodel -DGRIB1 -DINTIO -DKEEP_INT_AROUND -DLIMIT_ARGS -DBUILD_RRTMG_FAST=0 -DBUILD_RRTMK=0 -DBUILD_SBM_FAST=1 -DSHOW_ALL_VARS_USED=0 -DCONFIG_BUF_LEN=65536 -DMAX_DOMAINS_F=21 -DMAX_HISTORY=25 -DNMM_NEST=0  -I. -traditional-cpp   module_diag_zld.G  > module_diag_zld.bb
/data1/home/marcos/WRF_old/new/WRF/tools/standard.exe module_diag_zld.bb | /lib/cpp -P -nostdinc -traditional-cpp > module_diag_zld.f90
rm -f module_diag_zld.G module_diag_zld.bb
time /data1/sw/local/mpich/bin/mpif90 -f90=ifort -o module_diag_zld.o -c -O3 -ip -fp-model precise -w -ftz -align all -fno-alias -FR -convert big_endian    -I../dyn_em -I../dyn_nmm  -I/data1/home/marcos/WRF_old/new/WRF/external/esmf_time_f90  -I/data1/home/marcos/WRF_old/new/WRF/main -I/data1/home/marcos/WRF_old/new/WRF/external/io_netcdf -I/data1/home/marcos/WRF_old/new/WRF/external/io_int -I/data1/home/marcos/WRF_old/new/WRF/frame -I/data1/home/marcos/WRF_old/new/WRF/share -I/data1/home/marcos/WRF_old/new/WRF/phys -I/data1/home/marcos/WRF_old/new/WRF/wrftladj -I/data1/home/marcos/WRF_old/new/WRF/chem -I/data1/home/marcos/WRF_old/new/WRF/inc -I/home/marcos/libs/netcdf/include  -real-size `expr 8 \* 4` -i4  module_diag_zld.f90
rm -f module_diag_functions.o
sed -e "s/^\!.*'.*//" -e "s/^ *\!.*'.*//" module_diag_functions.F > module_diag_functions.G
/lib/cpp -P -nostdinc -I/data1/home/marcos/WRF_old/new/WRF/inc -DEM_CORE=1 -DNMM_CORE=0 -DNMM_MAX_DIM=2600 -DDA_CORE=0 -DWRFPLUS=0 -DIWORDSIZE=4 -DDWORDSIZE=8 -DRWORDSIZE=4 -DLWORDSIZE=4 -DNONSTANDARD_SYSTEM_FUNC  -DWRF_USE_CLM -DRPC_TYPES=1  -DDM_PARALLEL -DNETCDF -DLANDREAD_STUB=1 -DUSE_ALLOCATABLES -Dwrfmodel -DGRIB1 -DINTIO -DKEEP_INT_AROUND -DLIMIT_ARGS -DBUILD_RRTMG_FAST=0 -DBUILD_RRTMK=0 -DBUILD_SBM_FAST=1 -DSHOW_ALL_VARS_USED=0 -DCONFIG_BUF_LEN=65536 -DMAX_DOMAINS_F=21 -DMAX_HISTORY=25 -DNMM_NEST=0  -I. -traditional-cpp   module_diag_functions.G  > module_diag_functions.bb
/data1/home/marcos/WRF_old/new/WRF/tools/standard.exe module_diag_functions.bb | /lib/cpp -P -nostdinc -traditional-cpp > module_diag_functions.f90
rm -f module_diag_functions.G module_diag_functions.bb
time /data1/sw/local/mpich/bin/mpif90 -f90=ifort -o module_diag_functions.o -c -O3 -ip -fp-model precise -w -ftz -align all -fno-alias -FR -convert big_endian    -I../dyn_em -I../dyn_nmm  -I/data1/home/marcos/WRF_old/new/WRF/external/esmf_time_f90  -I/data1/home/marcos/WRF_old/new/WRF/main -I/data1/home/marcos/WRF_old/new/WRF/external/io_netcdf -I/data1/home/marcos/WRF_old/new/WRF/external/io_int -I/data1/home/marcos/WRF_old/new/WRF/frame -I/data1/home/marcos/WRF_old/new/WRF/share -I/data1/home/marcos/WRF_old/new/WRF/phys -I/data1/home/marcos/WRF_old/new/WRF/wrftladj -I/data1/home/marcos/WRF_old/new/WRF/chem -I/data1/home/marcos/WRF_old/new/WRF/inc -I/home/marcos/libs/netcdf/include  -real-size `expr 8 \* 4` -i4  module_diag_functions.f90
rm -f module_diag_hailcast.o
sed -e "s/^\!.*'.*//" -e "s/^ *\!.*'.*//" module_diag_hailcast.F > module_diag_hailcast.G
/lib/cpp -P -nostdinc -I/data1/home/marcos/WRF_old/new/WRF/inc -DEM_CORE=1 -DNMM_CORE=0 -DNMM_MAX_DIM=2600 -DDA_CORE=0 -DWRFPLUS=0 -DIWORDSIZE=4 -DDWORDSIZE=8 -DRWORDSIZE=4 -DLWORDSIZE=4 -DNONSTANDARD_SYSTEM_FUNC  -DWRF_USE_CLM -DRPC_TYPES=1  -DDM_PARALLEL -DNETCDF -DLANDREAD_STUB=1 -DUSE_ALLOCATABLES -Dwrfmodel -DGRIB1 -DINTIO -DKEEP_INT_AROUND -DLIMIT_ARGS -DBUILD_RRTMG_FAST=0 -DBUILD_RRTMK=0 -DBUILD_SBM_FAST=1 -DSHOW_ALL_VARS_USED=0 -DCONFIG_BUF_LEN=65536 -DMAX_DOMAINS_F=21 -DMAX_HISTORY=25 -DNMM_NEST=0  -I. -traditional-cpp   module_diag_hailcast.G  > module_diag_hailcast.bb
/data1/home/marcos/WRF_old/new/WRF/tools/standard.exe module_diag_hailcast.bb | /lib/cpp -P -nostdinc -traditional-cpp > module_diag_hailcast.f90
rm -f module_diag_hailcast.G module_diag_hailcast.bb
time /data1/sw/local/mpich/bin/mpif90 -f90=ifort -o module_diag_hailcast.o -c -O3 -ip -fp-model precise -w -ftz -align all -fno-alias -FR -convert big_endian    -I../dyn_em -I../dyn_nmm  -I/data1/home/marcos/WRF_old/new/WRF/external/esmf_time_f90  -I/data1/home/marcos/WRF_old/new/WRF/main -I/data1/home/marcos/WRF_old/new/WRF/external/io_netcdf -I/data1/home/marcos/WRF_old/new/WRF/external/io_int -I/data1/home/marcos/WRF_old/new/WRF/frame -I/data1/home/marcos/WRF_old/new/WRF/share -I/data1/home/marcos/WRF_old/new/WRF/phys -I/data1/home/marcos/WRF_old/new/WRF/wrftladj -I/data1/home/marcos/WRF_old/new/WRF/chem -I/data1/home/marcos/WRF_old/new/WRF/inc -I/home/marcos/libs/netcdf/include  -real-size `expr 8 \* 4` -i4  module_diag_hailcast.f90
rm -f module_diag_solar.o
sed -e "s/^\!.*'.*//" -e "s/^ *\!.*'.*//" module_diag_solar.F > module_diag_solar.G
/lib/cpp -P -nostdinc -I/data1/home/marcos/WRF_old/new/WRF/inc -DEM_CORE=1 -DNMM_CORE=0 -DNMM_MAX_DIM=2600 -DDA_CORE=0 -DWRFPLUS=0 -DIWORDSIZE=4 -DDWORDSIZE=8 -DRWORDSIZE=4 -DLWORDSIZE=4 -DNONSTANDARD_SYSTEM_FUNC  -DWRF_USE_CLM -DRPC_TYPES=1  -DDM_PARALLEL -DNETCDF -DLANDREAD_STUB=1 -DUSE_ALLOCATABLES -Dwrfmodel -DGRIB1 -DINTIO -DKEEP_INT_AROUND -DLIMIT_ARGS -DBUILD_RRTMG_FAST=0 -DBUILD_RRTMK=0 -DBUILD_SBM_FAST=1 -DSHOW_ALL_VARS_USED=0 -DCONFIG_BUF_LEN=65536 -DMAX_DOMAINS_F=21 -DMAX_HISTORY=25 -DNMM_NEST=0  -I. -traditional-cpp   module_diag_solar.G  > module_diag_solar.bb
/data1/home/marcos/WRF_old/new/WRF/tools/standard.exe module_diag_solar.bb | /lib/cpp -P -nostdinc -traditional-cpp > module_diag_solar.f90
rm -f module_diag_solar.G module_diag_solar.bb
time /data1/sw/local/mpich/bin/mpif90 -f90=ifort -o module_diag_solar.o -c -O3 -ip -fp-model precise -w -ftz -align all -fno-alias -FR -convert big_endian    -I../dyn_em -I../dyn_nmm  -I/data1/home/marcos/WRF_old/new/WRF/external/esmf_time_f90  -I/data1/home/marcos/WRF_old/new/WRF/main -I/data1/home/marcos/WRF_old/new/WRF/external/io_netcdf -I/data1/home/marcos/WRF_old/new/WRF/external/io_int -I/data1/home/marcos/WRF_old/new/WRF/frame -I/data1/home/marcos/WRF_old/new/WRF/share -I/data1/home/marcos/WRF_old/new/WRF/phys -I/data1/home/marcos/WRF_old/new/WRF/wrftladj -I/data1/home/marcos/WRF_old/new/WRF/chem -I/data1/home/marcos/WRF_old/new/WRF/inc -I/home/marcos/libs/netcdf/include  -real-size `expr 8 \* 4` -i4  module_diag_solar.f90
rm -f module_fr_fire_util.o
sed -e "s/^\!.*'.*//" -e "s/^ *\!.*'.*//" module_fr_fire_util.F > module_fr_fire_util.G
/lib/cpp -P -nostdinc -I/data1/home/marcos/WRF_old/new/WRF/inc -DEM_CORE=1 -DNMM_CORE=0 -DNMM_MAX_DIM=2600 -DDA_CORE=0 -DWRFPLUS=0 -DIWORDSIZE=4 -DDWORDSIZE=8 -DRWORDSIZE=4 -DLWORDSIZE=4 -DNONSTANDARD_SYSTEM_FUNC  -DWRF_USE_CLM -DRPC_TYPES=1  -DDM_PARALLEL -DNETCDF -DLANDREAD_STUB=1 -DUSE_ALLOCATABLES -Dwrfmodel -DGRIB1 -DINTIO -DKEEP_INT_AROUND -DLIMIT_ARGS -DBUILD_RRTMG_FAST=0 -DBUILD_RRTMK=0 -DBUILD_SBM_FAST=1 -DSHOW_ALL_VARS_USED=0 -DCONFIG_BUF_LEN=65536 -DMAX_DOMAINS_F=21 -DMAX_HISTORY=25 -DNMM_NEST=0  -I. -traditional-cpp   module_fr_fire_util.G  > module_fr_fire_util.bb
/data1/home/marcos/WRF_old/new/WRF/tools/standard.exe module_fr_fire_util.bb | /lib/cpp -P -nostdinc -traditional-cpp > module_fr_fire_util.f90
rm -f module_fr_fire_util.G module_fr_fire_util.bb
time /data1/sw/local/mpich/bin/mpif90 -f90=ifort -o module_fr_fire_util.o -c -O3 -ip -fp-model precise -w -ftz -align all -fno-alias -FR -convert big_endian    -I../dyn_em -I../dyn_nmm  -I/data1/home/marcos/WRF_old/new/WRF/external/esmf_time_f90  -I/data1/home/marcos/WRF_old/new/WRF/main -I/data1/home/marcos/WRF_old/new/WRF/external/io_netcdf -I/data1/home/marcos/WRF_old/new/WRF/external/io_int -I/data1/home/marcos/WRF_old/new/WRF/frame -I/data1/home/marcos/WRF_old/new/WRF/share -I/data1/home/marcos/WRF_old/new/WRF/phys -I/data1/home/marcos/WRF_old/new/WRF/wrftladj -I/data1/home/marcos/WRF_old/new/WRF/chem -I/data1/home/marcos/WRF_old/new/WRF/inc -I/home/marcos/libs/netcdf/include  -real-size `expr 8 \* 4` -i4  module_fr_fire_util.f90
rm -f module_cam_support.o
sed -e "s/^\!.*'.*//" -e "s/^ *\!.*'.*//" module_cam_support.F > module_cam_support.G
/lib/cpp -P -nostdinc -I/data1/home/marcos/WRF_old/new/WRF/inc -DEM_CORE=1 -DNMM_CORE=0 -DNMM_MAX_DIM=2600 -DDA_CORE=0 -DWRFPLUS=0 -DIWORDSIZE=4 -DDWORDSIZE=8 -DRWORDSIZE=4 -DLWORDSIZE=4 -DNONSTANDARD_SYSTEM_FUNC  -DWRF_USE_CLM -DRPC_TYPES=1  -DDM_PARALLEL -DNETCDF -DLANDREAD_STUB=1 -DUSE_ALLOCATABLES -Dwrfmodel -DGRIB1 -DINTIO -DKEEP_INT_AROUND -DLIMIT_ARGS -DBUILD_RRTMG_FAST=0 -DBUILD_RRTMK=0 -DBUILD_SBM_FAST=1 -DSHOW_ALL_VARS_USED=0 -DCONFIG_BUF_LEN=65536 -DMAX_DOMAINS_F=21 -DMAX_HISTORY=25 -DNMM_NEST=0  -I. -traditional-cpp   module_cam_support.G  > module_cam_support.bb
/data1/home/marcos/WRF_old/new/WRF/tools/standard.exe module_cam_support.bb | /lib/cpp -P -nostdinc -traditional-cpp > module_cam_support.f90
rm -f module_cam_support.G module_cam_support.bb
time /data1/sw/local/mpich/bin/mpif90 -f90=ifort -o module_cam_support.o -c -O3 -ip -fp-model precise -w -ftz -align all -fno-alias -FR -convert big_endian    -I../dyn_em -I../dyn_nmm  -I/data1/home/marcos/WRF_old/new/WRF/external/esmf_time_f90  -I/data1/home/marcos/WRF_old/new/WRF/main -I/data1/home/marcos/WRF_old/new/WRF/external/io_netcdf -I/data1/home/marcos/WRF_old/new/WRF/external/io_int -I/data1/home/marcos/WRF_old/new/WRF/frame -I/data1/home/marcos/WRF_old/new/WRF/share -I/data1/home/marcos/WRF_old/new/WRF/phys -I/data1/home/marcos/WRF_old/new/WRF/wrftladj -I/data1/home/marcos/WRF_old/new/WRF/chem -I/data1/home/marcos/WRF_old/new/WRF/inc -I/home/marcos/libs/netcdf/include  -real-size `expr 8 \* 4` -i4  module_cam_support.f90
rm -f module_cam_shr_const_mod.o
sed -e "s/^\!.*'.*//" -e "s/^ *\!.*'.*//" module_cam_shr_const_mod.F > module_cam_shr_const_mod.G
/lib/cpp -P -nostdinc -I/data1/home/marcos/WRF_old/new/WRF/inc -DEM_CORE=1 -DNMM_CORE=0 -DNMM_MAX_DIM=2600 -DDA_CORE=0 -DWRFPLUS=0 -DIWORDSIZE=4 -DDWORDSIZE=8 -DRWORDSIZE=4 -DLWORDSIZE=4 -DNONSTANDARD_SYSTEM_FUNC  -DWRF_USE_CLM -DRPC_TYPES=1  -DDM_PARALLEL -DNETCDF -DLANDREAD_STUB=1 -DUSE_ALLOCATABLES -Dwrfmodel -DGRIB1 -DINTIO -DKEEP_INT_AROUND -DLIMIT_ARGS -DBUILD_RRTMG_FAST=0 -DBUILD_RRTMK=0 -DBUILD_SBM_FAST=1 -DSHOW_ALL_VARS_USED=0 -DCONFIG_BUF_LEN=65536 -DMAX_DOMAINS_F=21 -DMAX_HISTORY=25 -DNMM_NEST=0  -I. -traditional-cpp   module_cam_shr_const_mod.G  > module_cam_shr_const_mod.bb
/data1/home/marcos/WRF_old/new/WRF/tools/standard.exe module_cam_shr_const_mod.bb | /lib/cpp -P -nostdinc -traditional-cpp > module_cam_shr_const_mod.f90
rm -f module_cam_shr_const_mod.G module_cam_shr_const_mod.bb
time /data1/sw/local/mpich/bin/mpif90 -f90=ifort -o module_cam_shr_const_mod.o -c -O3 -ip -fp-model precise -w -ftz -align all -fno-alias -FR -convert big_endian    -I../dyn_em -I../dyn_nmm  -I/data1/home/marcos/WRF_old/new/WRF/external/esmf_time_f90  -I/data1/home/marcos/WRF_old/new/WRF/main -I/data1/home/marcos/WRF_old/new/WRF/external/io_netcdf -I/data1/home/marcos/WRF_old/new/WRF/external/io_int -I/data1/home/marcos/WRF_old/new/WRF/frame -I/data1/home/marcos/WRF_old/new/WRF/share -I/data1/home/marcos/WRF_old/new/WRF/phys -I/data1/home/marcos/WRF_old/new/WRF/wrftladj -I/data1/home/marcos/WRF_old/new/WRF/chem -I/data1/home/marcos/WRF_old/new/WRF/inc -I/home/marcos/libs/netcdf/include  -real-size `expr 8 \* 4` -i4  module_cam_shr_const_mod.f90
rm -f module_cam_trb_mtn_stress.o
sed -e "s/^\!.*'.*//" -e "s/^ *\!.*'.*//" module_cam_trb_mtn_stress.F > module_cam_trb_mtn_stress.G
/lib/cpp -P -nostdinc -I/data1/home/marcos/WRF_old/new/WRF/inc -DEM_CORE=1 -DNMM_CORE=0 -DNMM_MAX_DIM=2600 -DDA_CORE=0 -DWRFPLUS=0 -DIWORDSIZE=4 -DDWORDSIZE=8 -DRWORDSIZE=4 -DLWORDSIZE=4 -DNONSTANDARD_SYSTEM_FUNC  -DWRF_USE_CLM -DRPC_TYPES=1  -DDM_PARALLEL -DNETCDF -DLANDREAD_STUB=1 -DUSE_ALLOCATABLES -Dwrfmodel -DGRIB1 -DINTIO -DKEEP_INT_AROUND -DLIMIT_ARGS -DBUILD_RRTMG_FAST=0 -DBUILD_RRTMK=0 -DBUILD_SBM_FAST=1 -DSHOW_ALL_VARS_USED=0 -DCONFIG_BUF_LEN=65536 -DMAX_DOMAINS_F=21 -DMAX_HISTORY=25 -DNMM_NEST=0  -I. -traditional-cpp   module_cam_trb_mtn_stress.G  > module_cam_trb_mtn_stress.bb
/data1/home/marcos/WRF_old/new/WRF/tools/standard.exe module_cam_trb_mtn_stress.bb | /lib/cpp -P -nostdinc -traditional-cpp > module_cam_trb_mtn_stress.f90
rm -f module_cam_trb_mtn_stress.G module_cam_trb_mtn_stress.bb
time /data1/sw/local/mpich/bin/mpif90 -f90=ifort -o module_cam_trb_mtn_stress.o -c -O3 -ip -fp-model precise -w -ftz -align all -fno-alias -FR -convert big_endian    -I../dyn_em -I../dyn_nmm  -I/data1/home/marcos/WRF_old/new/WRF/external/esmf_time_f90  -I/data1/home/marcos/WRF_old/new/WRF/main -I/data1/home/marcos/WRF_old/new/WRF/external/io_netcdf -I/data1/home/marcos/WRF_old/new/WRF/external/io_int -I/data1/home/marcos/WRF_old/new/WRF/frame -I/data1/home/marcos/WRF_old/new/WRF/share -I/data1/home/marcos/WRF_old/new/WRF/phys -I/data1/home/marcos/WRF_old/new/WRF/wrftladj -I/data1/home/marcos/WRF_old/new/WRF/chem -I/data1/home/marcos/WRF_old/new/WRF/inc -I/home/marcos/libs/netcdf/include  -real-size `expr 8 \* 4` -i4  module_cam_trb_mtn_stress.f90
rm -f module_cam_upper_bc.o
sed -e "s/^\!.*'.*//" -e "s/^ *\!.*'.*//" module_cam_upper_bc.F > module_cam_upper_bc.G
/lib/cpp -P -nostdinc -I/data1/home/marcos/WRF_old/new/WRF/inc -DEM_CORE=1 -DNMM_CORE=0 -DNMM_MAX_DIM=2600 -DDA_CORE=0 -DWRFPLUS=0 -DIWORDSIZE=4 -DDWORDSIZE=8 -DRWORDSIZE=4 -DLWORDSIZE=4 -DNONSTANDARD_SYSTEM_FUNC  -DWRF_USE_CLM -DRPC_TYPES=1  -DDM_PARALLEL -DNETCDF -DLANDREAD_STUB=1 -DUSE_ALLOCATABLES -Dwrfmodel -DGRIB1 -DINTIO -DKEEP_INT_AROUND -DLIMIT_ARGS -DBUILD_RRTMG_FAST=0 -DBUILD_RRTMK=0 -DBUILD_SBM_FAST=1 -DSHOW_ALL_VARS_USED=0 -DCONFIG_BUF_LEN=65536 -DMAX_DOMAINS_F=21 -DMAX_HISTORY=25 -DNMM_NEST=0  -I. -traditional-cpp   module_cam_upper_bc.G  > module_cam_upper_bc.bb
/data1/home/marcos/WRF_old/new/WRF/tools/standard.exe module_cam_upper_bc.bb | /lib/cpp -P -nostdinc -traditional-cpp > module_cam_upper_bc.f90
rm -f module_cam_upper_bc.G module_cam_upper_bc.bb
time /data1/sw/local/mpich/bin/mpif90 -f90=ifort -o module_cam_upper_bc.o -c -O3 -ip -fp-model precise -w -ftz -align all -fno-alias -FR -convert big_endian    -I../dyn_em -I../dyn_nmm  -I/data1/home/marcos/WRF_old/new/WRF/external/esmf_time_f90  -I/data1/home/marcos/WRF_old/new/WRF/main -I/data1/home/marcos/WRF_old/new/WRF/external/io_netcdf -I/data1/home/marcos/WRF_old/new/WRF/external/io_int -I/data1/home/marcos/WRF_old/new/WRF/frame -I/data1/home/marcos/WRF_old/new/WRF/share -I/data1/home/marcos/WRF_old/new/WRF/phys -I/data1/home/marcos/WRF_old/new/WRF/wrftladj -I/data1/home/marcos/WRF_old/new/WRF/chem -I/data1/home/marcos/WRF_old/new/WRF/inc -I/home/marcos/libs/netcdf/include  -real-size `expr 8 \* 4` -i4  module_cam_upper_bc.f90
rm -f module_cam_bl_diffusion_solver.o
sed -e "s/^\!.*'.*//" -e "s/^ *\!.*'.*//" module_cam_bl_diffusion_solver.F > module_cam_bl_diffusion_solver.G
/lib/cpp -P -nostdinc -I/data1/home/marcos/WRF_old/new/WRF/inc -DEM_CORE=1 -DNMM_CORE=0 -DNMM_MAX_DIM=2600 -DDA_CORE=0 -DWRFPLUS=0 -DIWORDSIZE=4 -DDWORDSIZE=8 -DRWORDSIZE=4 -DLWORDSIZE=4 -DNONSTANDARD_SYSTEM_FUNC  -DWRF_USE_CLM -DRPC_TYPES=1  -DDM_PARALLEL -DNETCDF -DLANDREAD_STUB=1 -DUSE_ALLOCATABLES -Dwrfmodel -DGRIB1 -DINTIO -DKEEP_INT_AROUND -DLIMIT_ARGS -DBUILD_RRTMG_FAST=0 -DBUILD_RRTMK=0 -DBUILD_SBM_FAST=1 -DSHOW_ALL_VARS_USED=0 -DCONFIG_BUF_LEN=65536 -DMAX_DOMAINS_F=21 -DMAX_HISTORY=25 -DNMM_NEST=0  -I. -traditional-cpp   module_cam_bl_diffusion_solver.G  > module_cam_bl_diffusion_solver.bb
/data1/home/marcos/WRF_old/new/WRF/tools/standard.exe module_cam_bl_diffusion_solver.bb | /lib/cpp -P -nostdinc -traditional-cpp > module_cam_bl_diffusion_solver.f90
rm -f module_cam_bl_diffusion_solver.G module_cam_bl_diffusion_solver.bb
time /data1/sw/local/mpich/bin/mpif90 -f90=ifort -o module_cam_bl_diffusion_solver.o -c -O3 -ip -fp-model precise -w -ftz -align all -fno-alias -FR -convert big_endian    -I../dyn_em -I../dyn_nmm  -I/data1/home/marcos/WRF_old/new/WRF/external/esmf_time_f90  -I/data1/home/marcos/WRF_old/new/WRF/main -I/data1/home/marcos/WRF_old/new/WRF/external/io_netcdf -I/data1/home/marcos/WRF_old/new/WRF/external/io_int -I/data1/home/marcos/WRF_old/new/WRF/frame -I/data1/home/marcos/WRF_old/new/WRF/share -I/data1/home/marcos/WRF_old/new/WRF/phys -I/data1/home/marcos/WRF_old/new/WRF/wrftladj -I/data1/home/marcos/WRF_old/new/WRF/chem -I/data1/home/marcos/WRF_old/new/WRF/inc -I/home/marcos/libs/netcdf/include  -real-size `expr 8 \* 4` -i4  module_cam_bl_diffusion_solver.f90
rm -f module_cam_mp_radconstants.o
sed -e "s/^\!.*'.*//" -e "s/^ *\!.*'.*//" module_cam_mp_radconstants.F > module_cam_mp_radconstants.G
/lib/cpp -P -nostdinc -I/data1/home/marcos/WRF_old/new/WRF/inc -DEM_CORE=1 -DNMM_CORE=0 -DNMM_MAX_DIM=2600 -DDA_CORE=0 -DWRFPLUS=0 -DIWORDSIZE=4 -DDWORDSIZE=8 -DRWORDSIZE=4 -DLWORDSIZE=4 -DNONSTANDARD_SYSTEM_FUNC  -DWRF_USE_CLM -DRPC_TYPES=1  -DDM_PARALLEL -DNETCDF -DLANDREAD_STUB=1 -DUSE_ALLOCATABLES -Dwrfmodel -DGRIB1 -DINTIO -DKEEP_INT_AROUND -DLIMIT_ARGS -DBUILD_RRTMG_FAST=0 -DBUILD_RRTMK=0 -DBUILD_SBM_FAST=1 -DSHOW_ALL_VARS_USED=0 -DCONFIG_BUF_LEN=65536 -DMAX_DOMAINS_F=21 -DMAX_HISTORY=25 -DNMM_NEST=0  -I. -traditional-cpp   module_cam_mp_radconstants.G  > module_cam_mp_radconstants.bb
/data1/home/marcos/WRF_old/new/WRF/tools/standard.exe module_cam_mp_radconstants.bb | /lib/cpp -P -nostdinc -traditional-cpp > module_cam_mp_radconstants.f90
rm -f module_cam_mp_radconstants.G module_cam_mp_radconstants.bb
time /data1/sw/local/mpich/bin/mpif90 -f90=ifort -o module_cam_mp_radconstants.o -c -O3 -ip -fp-model precise -w -ftz -align all -fno-alias -FR -convert big_endian    -I../dyn_em -I../dyn_nmm  -I/data1/home/marcos/WRF_old/new/WRF/external/esmf_time_f90  -I/data1/home/marcos/WRF_old/new/WRF/main -I/data1/home/marcos/WRF_old/new/WRF/external/io_netcdf -I/data1/home/marcos/WRF_old/new/WRF/external/io_int -I/data1/home/marcos/WRF_old/new/WRF/frame -I/data1/home/marcos/WRF_old/new/WRF/share -I/data1/home/marcos/WRF_old/new/WRF/phys -I/data1/home/marcos/WRF_old/new/WRF/wrftladj -I/data1/home/marcos/WRF_old/new/WRF/chem -I/data1/home/marcos/WRF_old/new/WRF/inc -I/home/marcos/libs/netcdf/include  -real-size `expr 8 \* 4` -i4  module_cam_mp_radconstants.f90
rm -f module_cam_mp_qneg3.o
sed -e "s/^\!.*'.*//" -e "s/^ *\!.*'.*//" module_cam_mp_qneg3.F > module_cam_mp_qneg3.G
/lib/cpp -P -nostdinc -I/data1/home/marcos/WRF_old/new/WRF/inc -DEM_CORE=1 -DNMM_CORE=0 -DNMM_MAX_DIM=2600 -DDA_CORE=0 -DWRFPLUS=0 -DIWORDSIZE=4 -DDWORDSIZE=8 -DRWORDSIZE=4 -DLWORDSIZE=4 -DNONSTANDARD_SYSTEM_FUNC  -DWRF_USE_CLM -DRPC_TYPES=1  -DDM_PARALLEL -DNETCDF -DLANDREAD_STUB=1 -DUSE_ALLOCATABLES -Dwrfmodel -DGRIB1 -DINTIO -DKEEP_INT_AROUND -DLIMIT_ARGS -DBUILD_RRTMG_FAST=0 -DBUILD_RRTMK=0 -DBUILD_SBM_FAST=1 -DSHOW_ALL_VARS_USED=0 -DCONFIG_BUF_LEN=65536 -DMAX_DOMAINS_F=21 -DMAX_HISTORY=25 -DNMM_NEST=0  -I. -traditional-cpp   module_cam_mp_qneg3.G  > module_cam_mp_qneg3.bb
/data1/home/marcos/WRF_old/new/WRF/tools/standard.exe module_cam_mp_qneg3.bb | /lib/cpp -P -nostdinc -traditional-cpp > module_cam_mp_qneg3.f90
rm -f module_cam_mp_qneg3.G module_cam_mp_qneg3.bb
time /data1/sw/local/mpich/bin/mpif90 -f90=ifort -o module_cam_mp_qneg3.o -c -O3 -ip -fp-model precise -w -ftz -align all -fno-alias -FR -convert big_endian    -I../dyn_em -I../dyn_nmm  -I/data1/home/marcos/WRF_old/new/WRF/external/esmf_time_f90  -I/data1/home/marcos/WRF_old/new/WRF/main -I/data1/home/marcos/WRF_old/new/WRF/external/io_netcdf -I/data1/home/marcos/WRF_old/new/WRF/external/io_int -I/data1/home/marcos/WRF_old/new/WRF/frame -I/data1/home/marcos/WRF_old/new/WRF/share -I/data1/home/marcos/WRF_old/new/WRF/phys -I/data1/home/marcos/WRF_old/new/WRF/wrftladj -I/data1/home/marcos/WRF_old/new/WRF/chem -I/data1/home/marcos/WRF_old/new/WRF/inc -I/home/marcos/libs/netcdf/include  -real-size `expr 8 \* 4` -i4  module_cam_mp_qneg3.f90
rm -f module_cam_infnan.o
sed -e "s/^\!.*'.*//" -e "s/^ *\!.*'.*//" module_cam_infnan.F > module_cam_infnan.G
/lib/cpp -P -nostdinc -I/data1/home/marcos/WRF_old/new/WRF/inc -DEM_CORE=1 -DNMM_CORE=0 -DNMM_MAX_DIM=2600 -DDA_CORE=0 -DWRFPLUS=0 -DIWORDSIZE=4 -DDWORDSIZE=8 -DRWORDSIZE=4 -DLWORDSIZE=4 -DNONSTANDARD_SYSTEM_FUNC  -DWRF_USE_CLM -DRPC_TYPES=1  -DDM_PARALLEL -DNETCDF -DLANDREAD_STUB=1 -DUSE_ALLOCATABLES -Dwrfmodel -DGRIB1 -DINTIO -DKEEP_INT_AROUND -DLIMIT_ARGS -DBUILD_RRTMG_FAST=0 -DBUILD_RRTMK=0 -DBUILD_SBM_FAST=1 -DSHOW_ALL_VARS_USED=0 -DCONFIG_BUF_LEN=65536 -DMAX_DOMAINS_F=21 -DMAX_HISTORY=25 -DNMM_NEST=0  -I. -traditional-cpp   module_cam_infnan.G  > module_cam_infnan.bb
/data1/home/marcos/WRF_old/new/WRF/tools/standard.exe module_cam_infnan.bb | /lib/cpp -P -nostdinc -traditional-cpp > module_cam_infnan.f90
rm -f module_cam_infnan.G module_cam_infnan.bb
time /data1/sw/local/mpich/bin/mpif90 -f90=ifort -o module_cam_infnan.o -c -O3 -ip -fp-model precise -w -ftz -align all -fno-alias -FR -convert big_endian    -I../dyn_em -I../dyn_nmm  -I/data1/home/marcos/WRF_old/new/WRF/external/esmf_time_f90  -I/data1/home/marcos/WRF_old/new/WRF/main -I/data1/home/marcos/WRF_old/new/WRF/external/io_netcdf -I/data1/home/marcos/WRF_old/new/WRF/external/io_int -I/data1/home/marcos/WRF_old/new/WRF/frame -I/data1/home/marcos/WRF_old/new/WRF/share -I/data1/home/marcos/WRF_old/new/WRF/phys -I/data1/home/marcos/WRF_old/new/WRF/wrftladj -I/data1/home/marcos/WRF_old/new/WRF/chem -I/data1/home/marcos/WRF_old/new/WRF/inc -I/home/marcos/libs/netcdf/include  -real-size `expr 8 \* 4` -i4  module_cam_infnan.f90
rm -f module_gfs_physcons.o
sed -e "s/^\!.*'.*//" -e "s/^ *\!.*'.*//" module_gfs_physcons.F > module_gfs_physcons.G
/lib/cpp -P -nostdinc -I/data1/home/marcos/WRF_old/new/WRF/inc -DEM_CORE=1 -DNMM_CORE=0 -DNMM_MAX_DIM=2600 -DDA_CORE=0 -DWRFPLUS=0 -DIWORDSIZE=4 -DDWORDSIZE=8 -DRWORDSIZE=4 -DLWORDSIZE=4 -DNONSTANDARD_SYSTEM_FUNC  -DWRF_USE_CLM -DRPC_TYPES=1  -DDM_PARALLEL -DNETCDF -DLANDREAD_STUB=1 -DUSE_ALLOCATABLES -Dwrfmodel -DGRIB1 -DINTIO -DKEEP_INT_AROUND -DLIMIT_ARGS -DBUILD_RRTMG_FAST=0 -DBUILD_RRTMK=0 -DBUILD_SBM_FAST=1 -DSHOW_ALL_VARS_USED=0 -DCONFIG_BUF_LEN=65536 -DMAX_DOMAINS_F=21 -DMAX_HISTORY=25 -DNMM_NEST=0  -I. -traditional-cpp   module_gfs_physcons.G  > module_gfs_physcons.bb
/data1/home/marcos/WRF_old/new/WRF/tools/standard.exe module_gfs_physcons.bb | /lib/cpp -P -nostdinc -traditional-cpp > module_gfs_physcons.f90
rm -f module_gfs_physcons.G module_gfs_physcons.bb
time /data1/sw/local/mpich/bin/mpif90 -f90=ifort -o module_gfs_physcons.o -c -O3 -ip -fp-model precise -w -ftz -align all -fno-alias -FR -convert big_endian    -I../dyn_em -I../dyn_nmm  -I/data1/home/marcos/WRF_old/new/WRF/external/esmf_time_f90  -I/data1/home/marcos/WRF_old/new/WRF/main -I/data1/home/marcos/WRF_old/new/WRF/external/io_netcdf -I/data1/home/marcos/WRF_old/new/WRF/external/io_int -I/data1/home/marcos/WRF_old/new/WRF/frame -I/data1/home/marcos/WRF_old/new/WRF/share -I/data1/home/marcos/WRF_old/new/WRF/phys -I/data1/home/marcos/WRF_old/new/WRF/wrftladj -I/data1/home/marcos/WRF_old/new/WRF/chem -I/data1/home/marcos/WRF_old/new/WRF/inc -I/home/marcos/libs/netcdf/include  -real-size `expr 8 \* 4` -i4  module_gfs_physcons.f90
rm -f module_bl_fogdes.o
sed -e "s/^\!.*'.*//" -e "s/^ *\!.*'.*//" module_bl_fogdes.F > module_bl_fogdes.G
/lib/cpp -P -nostdinc -I/data1/home/marcos/WRF_old/new/WRF/inc -DEM_CORE=1 -DNMM_CORE=0 -DNMM_MAX_DIM=2600 -DDA_CORE=0 -DWRFPLUS=0 -DIWORDSIZE=4 -DDWORDSIZE=8 -DRWORDSIZE=4 -DLWORDSIZE=4 -DNONSTANDARD_SYSTEM_FUNC  -DWRF_USE_CLM -DRPC_TYPES=1  -DDM_PARALLEL -DNETCDF -DLANDREAD_STUB=1 -DUSE_ALLOCATABLES -Dwrfmodel -DGRIB1 -DINTIO -DKEEP_INT_AROUND -DLIMIT_ARGS -DBUILD_RRTMG_FAST=0 -DBUILD_RRTMK=0 -DBUILD_SBM_FAST=1 -DSHOW_ALL_VARS_USED=0 -DCONFIG_BUF_LEN=65536 -DMAX_DOMAINS_F=21 -DMAX_HISTORY=25 -DNMM_NEST=0  -I. -traditional-cpp   module_bl_fogdes.G  > module_bl_fogdes.bb
/data1/home/marcos/WRF_old/new/WRF/tools/standard.exe module_bl_fogdes.bb | /lib/cpp -P -nostdinc -traditional-cpp > module_bl_fogdes.f90
rm -f module_bl_fogdes.G module_bl_fogdes.bb
time /data1/sw/local/mpich/bin/mpif90 -f90=ifort -o module_bl_fogdes.o -c -O3 -ip -fp-model precise -w -ftz -align all -fno-alias -FR -convert big_endian    -I../dyn_em -I../dyn_nmm  -I/data1/home/marcos/WRF_old/new/WRF/external/esmf_time_f90  -I/data1/home/marcos/WRF_old/new/WRF/main -I/data1/home/marcos/WRF_old/new/WRF/external/io_netcdf -I/data1/home/marcos/WRF_old/new/WRF/external/io_int -I/data1/home/marcos/WRF_old/new/WRF/frame -I/data1/home/marcos/WRF_old/new/WRF/share -I/data1/home/marcos/WRF_old/new/WRF/phys -I/data1/home/marcos/WRF_old/new/WRF/wrftladj -I/data1/home/marcos/WRF_old/new/WRF/chem -I/data1/home/marcos/WRF_old/new/WRF/inc -I/home/marcos/libs/netcdf/include  -real-size `expr 8 \* 4` -i4  module_bl_fogdes.f90
rm -f module_gfs_funcphys.o
sed -e "s/^\!.*'.*//" -e "s/^ *\!.*'.*//" module_gfs_funcphys.F > module_gfs_funcphys.G
/lib/cpp -P -nostdinc -I/data1/home/marcos/WRF_old/new/WRF/inc -DEM_CORE=1 -DNMM_CORE=0 -DNMM_MAX_DIM=2600 -DDA_CORE=0 -DWRFPLUS=0 -DIWORDSIZE=4 -DDWORDSIZE=8 -DRWORDSIZE=4 -DLWORDSIZE=4 -DNONSTANDARD_SYSTEM_FUNC  -DWRF_USE_CLM -DRPC_TYPES=1  -DDM_PARALLEL -DNETCDF -DLANDREAD_STUB=1 -DUSE_ALLOCATABLES -Dwrfmodel -DGRIB1 -DINTIO -DKEEP_INT_AROUND -DLIMIT_ARGS -DBUILD_RRTMG_FAST=0 -DBUILD_RRTMK=0 -DBUILD_SBM_FAST=1 -DSHOW_ALL_VARS_USED=0 -DCONFIG_BUF_LEN=65536 -DMAX_DOMAINS_F=21 -DMAX_HISTORY=25 -DNMM_NEST=0  -I. -traditional-cpp   module_gfs_funcphys.G  > module_gfs_funcphys.bb
/data1/home/marcos/WRF_old/new/WRF/tools/standard.exe module_gfs_funcphys.bb | /lib/cpp -P -nostdinc -traditional-cpp > module_gfs_funcphys.f90
rm -f module_gfs_funcphys.G module_gfs_funcphys.bb
time /data1/sw/local/mpich/bin/mpif90 -f90=ifort -o module_gfs_funcphys.o -c -O3 -ip -fp-model precise -w -ftz -align all -fno-alias -FR -convert big_endian    -I../dyn_em -I../dyn_nmm  -I/data1/home/marcos/WRF_old/new/WRF/external/esmf_time_f90  -I/data1/home/marcos/WRF_old/new/WRF/main -I/data1/home/marcos/WRF_old/new/WRF/external/io_netcdf -I/data1/home/marcos/WRF_old/new/WRF/external/io_int -I/data1/home/marcos/WRF_old/new/WRF/frame -I/data1/home/marcos/WRF_old/new/WRF/share -I/data1/home/marcos/WRF_old/new/WRF/phys -I/data1/home/marcos/WRF_old/new/WRF/wrftladj -I/data1/home/marcos/WRF_old/new/WRF/chem -I/data1/home/marcos/WRF_old/new/WRF/inc -I/home/marcos/libs/netcdf/include  -real-size `expr 8 \* 4` -i4  module_gfs_funcphys.f90
rm -f module_cu_gf_sh.o
sed -e "s/^\!.*'.*//" -e "s/^ *\!.*'.*//" module_cu_gf_sh.F > module_cu_gf_sh.G
/lib/cpp -P -nostdinc -I/data1/home/marcos/WRF_old/new/WRF/inc -DEM_CORE=1 -DNMM_CORE=0 -DNMM_MAX_DIM=2600 -DDA_CORE=0 -DWRFPLUS=0 -DIWORDSIZE=4 -DDWORDSIZE=8 -DRWORDSIZE=4 -DLWORDSIZE=4 -DNONSTANDARD_SYSTEM_FUNC  -DWRF_USE_CLM -DRPC_TYPES=1  -DDM_PARALLEL -DNETCDF -DLANDREAD_STUB=1 -DUSE_ALLOCATABLES -Dwrfmodel -DGRIB1 -DINTIO -DKEEP_INT_AROUND -DLIMIT_ARGS -DBUILD_RRTMG_FAST=0 -DBUILD_RRTMK=0 -DBUILD_SBM_FAST=1 -DSHOW_ALL_VARS_USED=0 -DCONFIG_BUF_LEN=65536 -DMAX_DOMAINS_F=21 -DMAX_HISTORY=25 -DNMM_NEST=0  -I. -traditional-cpp   module_cu_gf_sh.G  > module_cu_gf_sh.bb
/data1/home/marcos/WRF_old/new/WRF/tools/standard.exe module_cu_gf_sh.bb | /lib/cpp -P -nostdinc -traditional-cpp > module_cu_gf_sh.f90
rm -f module_cu_gf_sh.G module_cu_gf_sh.bb
time /data1/sw/local/mpich/bin/mpif90 -f90=ifort -o module_cu_gf_sh.o -c -O3 -ip -fp-model precise -w -ftz -align all -fno-alias -FR -convert big_endian    -I../dyn_em -I../dyn_nmm  -I/data1/home/marcos/WRF_old/new/WRF/external/esmf_time_f90  -I/data1/home/marcos/WRF_old/new/WRF/main -I/data1/home/marcos/WRF_old/new/WRF/external/io_netcdf -I/data1/home/marcos/WRF_old/new/WRF/external/io_int -I/data1/home/marcos/WRF_old/new/WRF/frame -I/data1/home/marcos/WRF_old/new/WRF/share -I/data1/home/marcos/WRF_old/new/WRF/phys -I/data1/home/marcos/WRF_old/new/WRF/wrftladj -I/data1/home/marcos/WRF_old/new/WRF/chem -I/data1/home/marcos/WRF_old/new/WRF/inc -I/home/marcos/libs/netcdf/include  -real-size `expr 8 \* 4` -i4  module_cu_gf_sh.f90
rm -f module_cu_sas.o
sed -e "s/^\!.*'.*//" -e "s/^ *\!.*'.*//" module_cu_sas.F > module_cu_sas.G
/lib/cpp -P -nostdinc -I/data1/home/marcos/WRF_old/new/WRF/inc -DEM_CORE=1 -DNMM_CORE=0 -DNMM_MAX_DIM=2600 -DDA_CORE=0 -DWRFPLUS=0 -DIWORDSIZE=4 -DDWORDSIZE=8 -DRWORDSIZE=4 -DLWORDSIZE=4 -DNONSTANDARD_SYSTEM_FUNC  -DWRF_USE_CLM -DRPC_TYPES=1  -DDM_PARALLEL -DNETCDF -DLANDREAD_STUB=1 -DUSE_ALLOCATABLES -Dwrfmodel -DGRIB1 -DINTIO -DKEEP_INT_AROUND -DLIMIT_ARGS -DBUILD_RRTMG_FAST=0 -DBUILD_RRTMK=0 -DBUILD_SBM_FAST=1 -DSHOW_ALL_VARS_USED=0 -DCONFIG_BUF_LEN=65536 -DMAX_DOMAINS_F=21 -DMAX_HISTORY=25 -DNMM_NEST=0  -I. -traditional-cpp   module_cu_sas.G  > module_cu_sas.bb
/data1/home/marcos/WRF_old/new/WRF/tools/standard.exe module_cu_sas.bb | /lib/cpp -P -nostdinc -traditional-cpp > module_cu_sas.f90
rm -f module_cu_sas.G module_cu_sas.bb
time /data1/sw/local/mpich/bin/mpif90 -f90=ifort -o module_cu_sas.o -c -O3 -ip -fp-model precise -w -ftz -align all -fno-alias -FR -convert big_endian    -I../dyn_em -I../dyn_nmm  -I/data1/home/marcos/WRF_old/new/WRF/external/esmf_time_f90  -I/data1/home/marcos/WRF_old/new/WRF/main -I/data1/home/marcos/WRF_old/new/WRF/external/io_netcdf -I/data1/home/marcos/WRF_old/new/WRF/external/io_int -I/data1/home/marcos/WRF_old/new/WRF/frame -I/data1/home/marcos/WRF_old/new/WRF/share -I/data1/home/marcos/WRF_old/new/WRF/phys -I/data1/home/marcos/WRF_old/new/WRF/wrftladj -I/data1/home/marcos/WRF_old/new/WRF/chem -I/data1/home/marcos/WRF_old/new/WRF/inc -I/home/marcos/libs/netcdf/include  -real-size `expr 8 \* 4` -i4  module_cu_sas.f90
rm -f module_cu_scalesas.o
sed -e "s/^\!.*'.*//" -e "s/^ *\!.*'.*//" module_cu_scalesas.F > module_cu_scalesas.G
/lib/cpp -P -nostdinc -I/data1/home/marcos/WRF_old/new/WRF/inc -DEM_CORE=1 -DNMM_CORE=0 -DNMM_MAX_DIM=2600 -DDA_CORE=0 -DWRFPLUS=0 -DIWORDSIZE=4 -DDWORDSIZE=8 -DRWORDSIZE=4 -DLWORDSIZE=4 -DNONSTANDARD_SYSTEM_FUNC  -DWRF_USE_CLM -DRPC_TYPES=1  -DDM_PARALLEL -DNETCDF -DLANDREAD_STUB=1 -DUSE_ALLOCATABLES -Dwrfmodel -DGRIB1 -DINTIO -DKEEP_INT_AROUND -DLIMIT_ARGS -DBUILD_RRTMG_FAST=0 -DBUILD_RRTMK=0 -DBUILD_SBM_FAST=1 -DSHOW_ALL_VARS_USED=0 -DCONFIG_BUF_LEN=65536 -DMAX_DOMAINS_F=21 -DMAX_HISTORY=25 -DNMM_NEST=0  -I. -traditional-cpp   module_cu_scalesas.G  > module_cu_scalesas.bb
/data1/home/marcos/WRF_old/new/WRF/tools/standard.exe module_cu_scalesas.bb | /lib/cpp -P -nostdinc -traditional-cpp > module_cu_scalesas.f90
rm -f module_cu_scalesas.G module_cu_scalesas.bb
time /data1/sw/local/mpich/bin/mpif90 -f90=ifort -o module_cu_scalesas.o -c -O3 -ip -fp-model precise -w -ftz -align all -fno-alias -FR -convert big_endian    -I../dyn_em -I../dyn_nmm  -I/data1/home/marcos/WRF_old/new/WRF/external/esmf_time_f90  -I/data1/home/marcos/WRF_old/new/WRF/main -I/data1/home/marcos/WRF_old/new/WRF/external/io_netcdf -I/data1/home/marcos/WRF_old/new/WRF/external/io_int -I/data1/home/marcos/WRF_old/new/WRF/frame -I/data1/home/marcos/WRF_old/new/WRF/share -I/data1/home/marcos/WRF_old/new/WRF/phys -I/data1/home/marcos/WRF_old/new/WRF/wrftladj -I/data1/home/marcos/WRF_old/new/WRF/chem -I/data1/home/marcos/WRF_old/new/WRF/inc -I/home/marcos/libs/netcdf/include  -real-size `expr 8 \* 4` -i4  module_cu_scalesas.f90
rm -f module_cu_osas.o
sed -e "s/^\!.*'.*//" -e "s/^ *\!.*'.*//" module_cu_osas.F > module_cu_osas.G
/lib/cpp -P -nostdinc -I/data1/home/marcos/WRF_old/new/WRF/inc -DEM_CORE=1 -DNMM_CORE=0 -DNMM_MAX_DIM=2600 -DDA_CORE=0 -DWRFPLUS=0 -DIWORDSIZE=4 -DDWORDSIZE=8 -DRWORDSIZE=4 -DLWORDSIZE=4 -DNONSTANDARD_SYSTEM_FUNC  -DWRF_USE_CLM -DRPC_TYPES=1  -DDM_PARALLEL -DNETCDF -DLANDREAD_STUB=1 -DUSE_ALLOCATABLES -Dwrfmodel -DGRIB1 -DINTIO -DKEEP_INT_AROUND -DLIMIT_ARGS -DBUILD_RRTMG_FAST=0 -DBUILD_RRTMK=0 -DBUILD_SBM_FAST=1 -DSHOW_ALL_VARS_USED=0 -DCONFIG_BUF_LEN=65536 -DMAX_DOMAINS_F=21 -DMAX_HISTORY=25 -DNMM_NEST=0  -I. -traditional-cpp   module_cu_osas.G  > module_cu_osas.bb
/data1/home/marcos/WRF_old/new/WRF/tools/standard.exe module_cu_osas.bb | /lib/cpp -P -nostdinc -traditional-cpp > module_cu_osas.f90
rm -f module_cu_osas.G module_cu_osas.bb
time /data1/sw/local/mpich/bin/mpif90 -f90=ifort -o module_cu_osas.o -c -O3 -ip -fp-model precise -w -ftz -align all -fno-alias -FR -convert big_endian    -I../dyn_em -I../dyn_nmm  -I/data1/home/marcos/WRF_old/new/WRF/external/esmf_time_f90  -I/data1/home/marcos/WRF_old/new/WRF/main -I/data1/home/marcos/WRF_old/new/WRF/external/io_netcdf -I/data1/home/marcos/WRF_old/new/WRF/external/io_int -I/data1/home/marcos/WRF_old/new/WRF/frame -I/data1/home/marcos/WRF_old/new/WRF/share -I/data1/home/marcos/WRF_old/new/WRF/phys -I/data1/home/marcos/WRF_old/new/WRF/wrftladj -I/data1/home/marcos/WRF_old/new/WRF/chem -I/data1/home/marcos/WRF_old/new/WRF/inc -I/home/marcos/libs/netcdf/include  -real-size `expr 8 \* 4` -i4  module_cu_osas.f90
rm -f module_ra_rrtm.o
sed -e "s/^\!.*'.*//" -e "s/^ *\!.*'.*//" module_ra_rrtm.F > module_ra_rrtm.G
/lib/cpp -P -nostdinc -I/data1/home/marcos/WRF_old/new/WRF/inc -DEM_CORE=1 -DNMM_CORE=0 -DNMM_MAX_DIM=2600 -DDA_CORE=0 -DWRFPLUS=0 -DIWORDSIZE=4 -DDWORDSIZE=8 -DRWORDSIZE=4 -DLWORDSIZE=4 -DNONSTANDARD_SYSTEM_FUNC  -DWRF_USE_CLM -DRPC_TYPES=1  -DDM_PARALLEL -DNETCDF -DLANDREAD_STUB=1 -DUSE_ALLOCATABLES -Dwrfmodel -DGRIB1 -DINTIO -DKEEP_INT_AROUND -DLIMIT_ARGS -DBUILD_RRTMG_FAST=0 -DBUILD_RRTMK=0 -DBUILD_SBM_FAST=1 -DSHOW_ALL_VARS_USED=0 -DCONFIG_BUF_LEN=65536 -DMAX_DOMAINS_F=21 -DMAX_HISTORY=25 -DNMM_NEST=0  -I. -traditional-cpp   module_ra_rrtm.G  > module_ra_rrtm.bb
/data1/home/marcos/WRF_old/new/WRF/tools/standard.exe module_ra_rrtm.bb | /lib/cpp -P -nostdinc -traditional-cpp > module_ra_rrtm.f90
rm -f module_ra_rrtm.G module_ra_rrtm.bb
time /data1/sw/local/mpich/bin/mpif90 -f90=ifort -o module_ra_rrtm.o -c -O3 -ip -fp-model precise -w -ftz -align all -fno-alias -FR -convert big_endian    -I../dyn_em -I../dyn_nmm  -I/data1/home/marcos/WRF_old/new/WRF/external/esmf_time_f90  -I/data1/home/marcos/WRF_old/new/WRF/main -I/data1/home/marcos/WRF_old/new/WRF/external/io_netcdf -I/data1/home/marcos/WRF_old/new/WRF/external/io_int -I/data1/home/marcos/WRF_old/new/WRF/frame -I/data1/home/marcos/WRF_old/new/WRF/share -I/data1/home/marcos/WRF_old/new/WRF/phys -I/data1/home/marcos/WRF_old/new/WRF/wrftladj -I/data1/home/marcos/WRF_old/new/WRF/chem -I/data1/home/marcos/WRF_old/new/WRF/inc -I/home/marcos/libs/netcdf/include  -real-size `expr 8 \* 4` -i4  module_ra_rrtm.f90
rm -f module_ra_rrtmg_lw.o
sed -e "s/^\!.*'.*//" -e "s/^ *\!.*'.*//" module_ra_rrtmg_lw.F > module_ra_rrtmg_lw.G
/lib/cpp -P -nostdinc -I/data1/home/marcos/WRF_old/new/WRF/inc -DEM_CORE=1 -DNMM_CORE=0 -DNMM_MAX_DIM=2600 -DDA_CORE=0 -DWRFPLUS=0 -DIWORDSIZE=4 -DDWORDSIZE=8 -DRWORDSIZE=4 -DLWORDSIZE=4 -DNONSTANDARD_SYSTEM_FUNC  -DWRF_USE_CLM -DRPC_TYPES=1  -DDM_PARALLEL -DNETCDF -DLANDREAD_STUB=1 -DUSE_ALLOCATABLES -Dwrfmodel -DGRIB1 -DINTIO -DKEEP_INT_AROUND -DLIMIT_ARGS -DBUILD_RRTMG_FAST=0 -DBUILD_RRTMK=0 -DBUILD_SBM_FAST=1 -DSHOW_ALL_VARS_USED=0 -DCONFIG_BUF_LEN=65536 -DMAX_DOMAINS_F=21 -DMAX_HISTORY=25 -DNMM_NEST=0  -I. -traditional-cpp   module_ra_rrtmg_lw.G  > module_ra_rrtmg_lw.bb
/data1/home/marcos/WRF_old/new/WRF/tools/standard.exe module_ra_rrtmg_lw.bb | /lib/cpp -P -nostdinc -traditional-cpp > module_ra_rrtmg_lw.f90
rm -f module_ra_rrtmg_lw.G module_ra_rrtmg_lw.bb
time /data1/sw/local/mpich/bin/mpif90 -f90=ifort -o module_ra_rrtmg_lw.o -c -O3 -ip -fp-model precise -w -ftz -align all -fno-alias -FR -convert big_endian    -I../dyn_em -I../dyn_nmm  -I/data1/home/marcos/WRF_old/new/WRF/external/esmf_time_f90  -I/data1/home/marcos/WRF_old/new/WRF/main -I/data1/home/marcos/WRF_old/new/WRF/external/io_netcdf -I/data1/home/marcos/WRF_old/new/WRF/external/io_int -I/data1/home/marcos/WRF_old/new/WRF/frame -I/data1/home/marcos/WRF_old/new/WRF/share -I/data1/home/marcos/WRF_old/new/WRF/phys -I/data1/home/marcos/WRF_old/new/WRF/wrftladj -I/data1/home/marcos/WRF_old/new/WRF/chem -I/data1/home/marcos/WRF_old/new/WRF/inc -I/home/marcos/libs/netcdf/include  -real-size `expr 8 \* 4` -i4  module_ra_rrtmg_lw.f90
rm -f module_ra_rrtmg_lwf.o
sed -e "s/^\!.*'.*//" -e "s/^ *\!.*'.*//" module_ra_rrtmg_lwf.F > module_ra_rrtmg_lwf.G
/lib/cpp -P -nostdinc -I/data1/home/marcos/WRF_old/new/WRF/inc -DEM_CORE=1 -DNMM_CORE=0 -DNMM_MAX_DIM=2600 -DDA_CORE=0 -DWRFPLUS=0 -DIWORDSIZE=4 -DDWORDSIZE=8 -DRWORDSIZE=4 -DLWORDSIZE=4 -DNONSTANDARD_SYSTEM_FUNC  -DWRF_USE_CLM -DRPC_TYPES=1  -DDM_PARALLEL -DNETCDF -DLANDREAD_STUB=1 -DUSE_ALLOCATABLES -Dwrfmodel -DGRIB1 -DINTIO -DKEEP_INT_AROUND -DLIMIT_ARGS -DBUILD_RRTMG_FAST=0 -DBUILD_RRTMK=0 -DBUILD_SBM_FAST=1 -DSHOW_ALL_VARS_USED=0 -DCONFIG_BUF_LEN=65536 -DMAX_DOMAINS_F=21 -DMAX_HISTORY=25 -DNMM_NEST=0  -I. -traditional-cpp   module_ra_rrtmg_lwf.G  > module_ra_rrtmg_lwf.bb
/data1/home/marcos/WRF_old/new/WRF/tools/standard.exe module_ra_rrtmg_lwf.bb | /lib/cpp -P -nostdinc -traditional-cpp > module_ra_rrtmg_lwf.f90
rm -f module_ra_rrtmg_lwf.G module_ra_rrtmg_lwf.bb
time /data1/sw/local/mpich/bin/mpif90 -f90=ifort -o module_ra_rrtmg_lwf.o -c -O3 -ip -fp-model precise -w -ftz -align all -fno-alias -FR -convert big_endian    -I../dyn_em -I../dyn_nmm  -I/data1/home/marcos/WRF_old/new/WRF/external/esmf_time_f90  -I/data1/home/marcos/WRF_old/new/WRF/main -I/data1/home/marcos/WRF_old/new/WRF/external/io_netcdf -I/data1/home/marcos/WRF_old/new/WRF/external/io_int -I/data1/home/marcos/WRF_old/new/WRF/frame -I/data1/home/marcos/WRF_old/new/WRF/share -I/data1/home/marcos/WRF_old/new/WRF/phys -I/data1/home/marcos/WRF_old/new/WRF/wrftladj -I/data1/home/marcos/WRF_old/new/WRF/chem -I/data1/home/marcos/WRF_old/new/WRF/inc -I/home/marcos/libs/netcdf/include  -real-size `expr 8 \* 4` -i4  module_ra_rrtmg_lwf.f90
rm -f module_ra_rrtmg_lwk.o
sed -e "s/^\!.*'.*//" -e "s/^ *\!.*'.*//" module_ra_rrtmg_lwk.F > module_ra_rrtmg_lwk.G
/lib/cpp -P -nostdinc -I/data1/home/marcos/WRF_old/new/WRF/inc -DEM_CORE=1 -DNMM_CORE=0 -DNMM_MAX_DIM=2600 -DDA_CORE=0 -DWRFPLUS=0 -DIWORDSIZE=4 -DDWORDSIZE=8 -DRWORDSIZE=4 -DLWORDSIZE=4 -DNONSTANDARD_SYSTEM_FUNC  -DWRF_USE_CLM -DRPC_TYPES=1  -DDM_PARALLEL -DNETCDF -DLANDREAD_STUB=1 -DUSE_ALLOCATABLES -Dwrfmodel -DGRIB1 -DINTIO -DKEEP_INT_AROUND -DLIMIT_ARGS -DBUILD_RRTMG_FAST=0 -DBUILD_RRTMK=0 -DBUILD_SBM_FAST=1 -DSHOW_ALL_VARS_USED=0 -DCONFIG_BUF_LEN=65536 -DMAX_DOMAINS_F=21 -DMAX_HISTORY=25 -DNMM_NEST=0  -I. -traditional-cpp   module_ra_rrtmg_lwk.G  > module_ra_rrtmg_lwk.bb
/data1/home/marcos/WRF_old/new/WRF/tools/standard.exe module_ra_rrtmg_lwk.bb | /lib/cpp -P -nostdinc -traditional-cpp > module_ra_rrtmg_lwk.f90
rm -f module_ra_rrtmg_lwk.G module_ra_rrtmg_lwk.bb
time /data1/sw/local/mpich/bin/mpif90 -f90=ifort -o module_ra_rrtmg_lwk.o -c -O3 -ip -fp-model precise -w -ftz -align all -fno-alias -FR -convert big_endian    -I../dyn_em -I../dyn_nmm  -I/data1/home/marcos/WRF_old/new/WRF/external/esmf_time_f90  -I/data1/home/marcos/WRF_old/new/WRF/main -I/data1/home/marcos/WRF_old/new/WRF/external/io_netcdf -I/data1/home/marcos/WRF_old/new/WRF/external/io_int -I/data1/home/marcos/WRF_old/new/WRF/frame -I/data1/home/marcos/WRF_old/new/WRF/share -I/data1/home/marcos/WRF_old/new/WRF/phys -I/data1/home/marcos/WRF_old/new/WRF/wrftladj -I/data1/home/marcos/WRF_old/new/WRF/chem -I/data1/home/marcos/WRF_old/new/WRF/inc -I/home/marcos/libs/netcdf/include  -real-size `expr 8 \* 4` -i4  module_ra_rrtmg_lwk.f90
rm -f module_ra_cam_support.o
sed -e "s/^\!.*'.*//" -e "s/^ *\!.*'.*//" module_ra_cam_support.F > module_ra_cam_support.G
/lib/cpp -P -nostdinc -I/data1/home/marcos/WRF_old/new/WRF/inc -DEM_CORE=1 -DNMM_CORE=0 -DNMM_MAX_DIM=2600 -DDA_CORE=0 -DWRFPLUS=0 -DIWORDSIZE=4 -DDWORDSIZE=8 -DRWORDSIZE=4 -DLWORDSIZE=4 -DNONSTANDARD_SYSTEM_FUNC  -DWRF_USE_CLM -DRPC_TYPES=1  -DDM_PARALLEL -DNETCDF -DLANDREAD_STUB=1 -DUSE_ALLOCATABLES -Dwrfmodel -DGRIB1 -DINTIO -DKEEP_INT_AROUND -DLIMIT_ARGS -DBUILD_RRTMG_FAST=0 -DBUILD_RRTMK=0 -DBUILD_SBM_FAST=1 -DSHOW_ALL_VARS_USED=0 -DCONFIG_BUF_LEN=65536 -DMAX_DOMAINS_F=21 -DMAX_HISTORY=25 -DNMM_NEST=0  -I. -traditional-cpp   module_ra_cam_support.G  > module_ra_cam_support.bb
/data1/home/marcos/WRF_old/new/WRF/tools/standard.exe module_ra_cam_support.bb | /lib/cpp -P -nostdinc -traditional-cpp > module_ra_cam_support.f90
rm -f module_ra_cam_support.G module_ra_cam_support.bb
time /data1/sw/local/mpich/bin/mpif90 -f90=ifort -o module_ra_cam_support.o -c -O3 -ip -fp-model precise -w -ftz -align all -fno-alias -FR -convert big_endian    -I../dyn_em -I../dyn_nmm  -I/data1/home/marcos/WRF_old/new/WRF/external/esmf_time_f90  -I/data1/home/marcos/WRF_old/new/WRF/main -I/data1/home/marcos/WRF_old/new/WRF/external/io_netcdf -I/data1/home/marcos/WRF_old/new/WRF/external/io_int -I/data1/home/marcos/WRF_old/new/WRF/frame -I/data1/home/marcos/WRF_old/new/WRF/share -I/data1/home/marcos/WRF_old/new/WRF/phys -I/data1/home/marcos/WRF_old/new/WRF/wrftladj -I/data1/home/marcos/WRF_old/new/WRF/chem -I/data1/home/marcos/WRF_old/new/WRF/inc -I/home/marcos/libs/netcdf/include  -real-size `expr 8 \* 4` -i4  module_ra_cam_support.f90
rm -f module_ra_gfdleta.o
sed -e "s/^\!.*'.*//" -e "s/^ *\!.*'.*//" module_ra_gfdleta.F > module_ra_gfdleta.G
/lib/cpp -P -nostdinc -I/data1/home/marcos/WRF_old/new/WRF/inc -DEM_CORE=1 -DNMM_CORE=0 -DNMM_MAX_DIM=2600 -DDA_CORE=0 -DWRFPLUS=0 -DIWORDSIZE=4 -DDWORDSIZE=8 -DRWORDSIZE=4 -DLWORDSIZE=4 -DNONSTANDARD_SYSTEM_FUNC  -DWRF_USE_CLM -DRPC_TYPES=1  -DDM_PARALLEL -DNETCDF -DLANDREAD_STUB=1 -DUSE_ALLOCATABLES -Dwrfmodel -DGRIB1 -DINTIO -DKEEP_INT_AROUND -DLIMIT_ARGS -DBUILD_RRTMG_FAST=0 -DBUILD_RRTMK=0 -DBUILD_SBM_FAST=1 -DSHOW_ALL_VARS_USED=0 -DCONFIG_BUF_LEN=65536 -DMAX_DOMAINS_F=21 -DMAX_HISTORY=25 -DNMM_NEST=0  -I. -traditional-cpp   module_ra_gfdleta.G  > module_ra_gfdleta.bb
/data1/home/marcos/WRF_old/new/WRF/tools/standard.exe module_ra_gfdleta.bb | /lib/cpp -P -nostdinc -traditional-cpp > module_ra_gfdleta.f90
rm -f module_ra_gfdleta.G module_ra_gfdleta.bb
time /data1/sw/local/mpich/bin/mpif90 -f90=ifort -o module_ra_gfdleta.o -c -O3 -ip -fp-model precise -w -ftz -align all -fno-alias -FR -convert big_endian    -I../dyn_em -I../dyn_nmm  -I/data1/home/marcos/WRF_old/new/WRF/external/esmf_time_f90  -I/data1/home/marcos/WRF_old/new/WRF/main -I/data1/home/marcos/WRF_old/new/WRF/external/io_netcdf -I/data1/home/marcos/WRF_old/new/WRF/external/io_int -I/data1/home/marcos/WRF_old/new/WRF/frame -I/data1/home/marcos/WRF_old/new/WRF/share -I/data1/home/marcos/WRF_old/new/WRF/phys -I/data1/home/marcos/WRF_old/new/WRF/wrftladj -I/data1/home/marcos/WRF_old/new/WRF/chem -I/data1/home/marcos/WRF_old/new/WRF/inc -I/home/marcos/libs/netcdf/include  -real-size `expr 8 \* 4` -i4  module_ra_gfdleta.f90
rm -f module_ra_HWRF.o
sed -e "s/^\!.*'.*//" -e "s/^ *\!.*'.*//" module_ra_HWRF.F > module_ra_HWRF.G
/lib/cpp -P -nostdinc -I/data1/home/marcos/WRF_old/new/WRF/inc -DEM_CORE=1 -DNMM_CORE=0 -DNMM_MAX_DIM=2600 -DDA_CORE=0 -DWRFPLUS=0 -DIWORDSIZE=4 -DDWORDSIZE=8 -DRWORDSIZE=4 -DLWORDSIZE=4 -DNONSTANDARD_SYSTEM_FUNC  -DWRF_USE_CLM -DRPC_TYPES=1  -DDM_PARALLEL -DNETCDF -DLANDREAD_STUB=1 -DUSE_ALLOCATABLES -Dwrfmodel -DGRIB1 -DINTIO -DKEEP_INT_AROUND -DLIMIT_ARGS -DBUILD_RRTMG_FAST=0 -DBUILD_RRTMK=0 -DBUILD_SBM_FAST=1 -DSHOW_ALL_VARS_USED=0 -DCONFIG_BUF_LEN=65536 -DMAX_DOMAINS_F=21 -DMAX_HISTORY=25 -DNMM_NEST=0  -I. -traditional-cpp   module_ra_HWRF.G  > module_ra_HWRF.bb
/data1/home/marcos/WRF_old/new/WRF/tools/standard.exe module_ra_HWRF.bb | /lib/cpp -P -nostdinc -traditional-cpp > module_ra_HWRF.f90
rm -f module_ra_HWRF.G module_ra_HWRF.bb
time /data1/sw/local/mpich/bin/mpif90 -f90=ifort -o module_ra_HWRF.o -c -O3 -ip -fp-model precise -w -ftz -align all -fno-alias -FR -convert big_endian    -I../dyn_em -I../dyn_nmm  -I/data1/home/marcos/WRF_old/new/WRF/external/esmf_time_f90  -I/data1/home/marcos/WRF_old/new/WRF/main -I/data1/home/marcos/WRF_old/new/WRF/external/io_netcdf -I/data1/home/marcos/WRF_old/new/WRF/external/io_int -I/data1/home/marcos/WRF_old/new/WRF/frame -I/data1/home/marcos/WRF_old/new/WRF/share -I/data1/home/marcos/WRF_old/new/WRF/phys -I/data1/home/marcos/WRF_old/new/WRF/wrftladj -I/data1/home/marcos/WRF_old/new/WRF/chem -I/data1/home/marcos/WRF_old/new/WRF/inc -I/home/marcos/libs/netcdf/include  -real-size `expr 8 \* 4` -i4  module_ra_HWRF.f90
rm -f module_mp_thompson.o
sed -e "s/^\!.*'.*//" -e "s/^ *\!.*'.*//" module_mp_thompson.F > module_mp_thompson.G
/lib/cpp -P -nostdinc -I/data1/home/marcos/WRF_old/new/WRF/inc -DEM_CORE=1 -DNMM_CORE=0 -DNMM_MAX_DIM=2600 -DDA_CORE=0 -DWRFPLUS=0 -DIWORDSIZE=4 -DDWORDSIZE=8 -DRWORDSIZE=4 -DLWORDSIZE=4 -DNONSTANDARD_SYSTEM_FUNC  -DWRF_USE_CLM -DRPC_TYPES=1  -DDM_PARALLEL -DNETCDF -DLANDREAD_STUB=1 -DUSE_ALLOCATABLES -Dwrfmodel -DGRIB1 -DINTIO -DKEEP_INT_AROUND -DLIMIT_ARGS -DBUILD_RRTMG_FAST=0 -DBUILD_RRTMK=0 -DBUILD_SBM_FAST=1 -DSHOW_ALL_VARS_USED=0 -DCONFIG_BUF_LEN=65536 -DMAX_DOMAINS_F=21 -DMAX_HISTORY=25 -DNMM_NEST=0  -I. -traditional-cpp   module_mp_thompson.G  > module_mp_thompson.bb
/data1/home/marcos/WRF_old/new/WRF/tools/standard.exe module_mp_thompson.bb | /lib/cpp -P -nostdinc -traditional-cpp > module_mp_thompson.f90
rm -f module_mp_thompson.G module_mp_thompson.bb
time /data1/sw/local/mpich/bin/mpif90 -f90=ifort -o module_mp_thompson.o -c -O3 -ip -fp-model precise -w -ftz -align all -fno-alias -FR -convert big_endian    -I../dyn_em -I../dyn_nmm  -I/data1/home/marcos/WRF_old/new/WRF/external/esmf_time_f90  -I/data1/home/marcos/WRF_old/new/WRF/main -I/data1/home/marcos/WRF_old/new/WRF/external/io_netcdf -I/data1/home/marcos/WRF_old/new/WRF/external/io_int -I/data1/home/marcos/WRF_old/new/WRF/frame -I/data1/home/marcos/WRF_old/new/WRF/share -I/data1/home/marcos/WRF_old/new/WRF/phys -I/data1/home/marcos/WRF_old/new/WRF/wrftladj -I/data1/home/marcos/WRF_old/new/WRF/chem -I/data1/home/marcos/WRF_old/new/WRF/inc -I/home/marcos/libs/netcdf/include  -real-size `expr 8 \* 4` -i4  module_mp_thompson.f90
rm -f module_sf_gfs.o
sed -e "s/^\!.*'.*//" -e "s/^ *\!.*'.*//" module_sf_gfs.F > module_sf_gfs.G
/lib/cpp -P -nostdinc -I/data1/home/marcos/WRF_old/new/WRF/inc -DEM_CORE=1 -DNMM_CORE=0 -DNMM_MAX_DIM=2600 -DDA_CORE=0 -DWRFPLUS=0 -DIWORDSIZE=4 -DDWORDSIZE=8 -DRWORDSIZE=4 -DLWORDSIZE=4 -DNONSTANDARD_SYSTEM_FUNC  -DWRF_USE_CLM -DRPC_TYPES=1  -DDM_PARALLEL -DNETCDF -DLANDREAD_STUB=1 -DUSE_ALLOCATABLES -Dwrfmodel -DGRIB1 -DINTIO -DKEEP_INT_AROUND -DLIMIT_ARGS -DBUILD_RRTMG_FAST=0 -DBUILD_RRTMK=0 -DBUILD_SBM_FAST=1 -DSHOW_ALL_VARS_USED=0 -DCONFIG_BUF_LEN=65536 -DMAX_DOMAINS_F=21 -DMAX_HISTORY=25 -DNMM_NEST=0  -I. -traditional-cpp   module_sf_gfs.G  > module_sf_gfs.bb
/data1/home/marcos/WRF_old/new/WRF/tools/standard.exe module_sf_gfs.bb | /lib/cpp -P -nostdinc -traditional-cpp > module_sf_gfs.f90
rm -f module_sf_gfs.G module_sf_gfs.bb
time /data1/sw/local/mpich/bin/mpif90 -f90=ifort -o module_sf_gfs.o -c -O3 -ip -fp-model precise -w -ftz -align all -fno-alias -FR -convert big_endian    -I../dyn_em -I../dyn_nmm  -I/data1/home/marcos/WRF_old/new/WRF/external/esmf_time_f90  -I/data1/home/marcos/WRF_old/new/WRF/main -I/data1/home/marcos/WRF_old/new/WRF/external/io_netcdf -I/data1/home/marcos/WRF_old/new/WRF/external/io_int -I/data1/home/marcos/WRF_old/new/WRF/frame -I/data1/home/marcos/WRF_old/new/WRF/share -I/data1/home/marcos/WRF_old/new/WRF/phys -I/data1/home/marcos/WRF_old/new/WRF/wrftladj -I/data1/home/marcos/WRF_old/new/WRF/chem -I/data1/home/marcos/WRF_old/new/WRF/inc -I/home/marcos/libs/netcdf/include  -real-size `expr 8 \* 4` -i4  module_sf_gfs.f90
rm -f module_sf_gfdl.o
sed -e "s/^\!.*'.*//" -e "s/^ *\!.*'.*//" module_sf_gfdl.F > module_sf_gfdl.G
/lib/cpp -P -nostdinc -I/data1/home/marcos/WRF_old/new/WRF/inc -DEM_CORE=1 -DNMM_CORE=0 -DNMM_MAX_DIM=2600 -DDA_CORE=0 -DWRFPLUS=0 -DIWORDSIZE=4 -DDWORDSIZE=8 -DRWORDSIZE=4 -DLWORDSIZE=4 -DNONSTANDARD_SYSTEM_FUNC  -DWRF_USE_CLM -DRPC_TYPES=1  -DDM_PARALLEL -DNETCDF -DLANDREAD_STUB=1 -DUSE_ALLOCATABLES -Dwrfmodel -DGRIB1 -DINTIO -DKEEP_INT_AROUND -DLIMIT_ARGS -DBUILD_RRTMG_FAST=0 -DBUILD_RRTMK=0 -DBUILD_SBM_FAST=1 -DSHOW_ALL_VARS_USED=0 -DCONFIG_BUF_LEN=65536 -DMAX_DOMAINS_F=21 -DMAX_HISTORY=25 -DNMM_NEST=0  -I. -traditional-cpp   module_sf_gfdl.G  > module_sf_gfdl.bb
/data1/home/marcos/WRF_old/new/WRF/tools/standard.exe module_sf_gfdl.bb | /lib/cpp -P -nostdinc -traditional-cpp > module_sf_gfdl.f90
rm -f module_sf_gfdl.G module_sf_gfdl.bb
time /data1/sw/local/mpich/bin/mpif90 -f90=ifort -o module_sf_gfdl.o -c -O3 -ip -fp-model precise -w -ftz -align all -fno-alias -FR -convert big_endian    -I../dyn_em -I../dyn_nmm  -I/data1/home/marcos/WRF_old/new/WRF/external/esmf_time_f90  -I/data1/home/marcos/WRF_old/new/WRF/main -I/data1/home/marcos/WRF_old/new/WRF/external/io_netcdf -I/data1/home/marcos/WRF_old/new/WRF/external/io_int -I/data1/home/marcos/WRF_old/new/WRF/frame -I/data1/home/marcos/WRF_old/new/WRF/share -I/data1/home/marcos/WRF_old/new/WRF/phys -I/data1/home/marcos/WRF_old/new/WRF/wrftladj -I/data1/home/marcos/WRF_old/new/WRF/chem -I/data1/home/marcos/WRF_old/new/WRF/inc -I/home/marcos/libs/netcdf/include  -real-size `expr 8 \* 4` -i4  module_sf_gfdl.f90
rm -f module_sf_noahmplsm.o
sed -e "s/^\!.*'.*//" -e "s/^ *\!.*'.*//" module_sf_noahmplsm.F > module_sf_noahmplsm.G
/lib/cpp -P -nostdinc -I/data1/home/marcos/WRF_old/new/WRF/inc -DEM_CORE=1 -DNMM_CORE=0 -DNMM_MAX_DIM=2600 -DDA_CORE=0 -DWRFPLUS=0 -DIWORDSIZE=4 -DDWORDSIZE=8 -DRWORDSIZE=4 -DLWORDSIZE=4 -DNONSTANDARD_SYSTEM_FUNC  -DWRF_USE_CLM -DRPC_TYPES=1  -DDM_PARALLEL -DNETCDF -DLANDREAD_STUB=1 -DUSE_ALLOCATABLES -Dwrfmodel -DGRIB1 -DINTIO -DKEEP_INT_AROUND -DLIMIT_ARGS -DBUILD_RRTMG_FAST=0 -DBUILD_RRTMK=0 -DBUILD_SBM_FAST=1 -DSHOW_ALL_VARS_USED=0 -DCONFIG_BUF_LEN=65536 -DMAX_DOMAINS_F=21 -DMAX_HISTORY=25 -DNMM_NEST=0  -I. -traditional-cpp   module_sf_noahmplsm.G  > module_sf_noahmplsm.bb
/data1/home/marcos/WRF_old/new/WRF/tools/standard.exe module_sf_noahmplsm.bb | /lib/cpp -P -nostdinc -traditional-cpp > module_sf_noahmplsm.f90
rm -f module_sf_noahmplsm.G module_sf_noahmplsm.bb
time /data1/sw/local/mpich/bin/mpif90 -f90=ifort -o module_sf_noahmplsm.o -c -O3 -ip -fp-model precise -w -ftz -align all -fno-alias -FR -convert big_endian    -I../dyn_em -I../dyn_nmm  -I/data1/home/marcos/WRF_old/new/WRF/external/esmf_time_f90  -I/data1/home/marcos/WRF_old/new/WRF/main -I/data1/home/marcos/WRF_old/new/WRF/external/io_netcdf -I/data1/home/marcos/WRF_old/new/WRF/external/io_int -I/data1/home/marcos/WRF_old/new/WRF/frame -I/data1/home/marcos/WRF_old/new/WRF/share -I/data1/home/marcos/WRF_old/new/WRF/phys -I/data1/home/marcos/WRF_old/new/WRF/wrftladj -I/data1/home/marcos/WRF_old/new/WRF/chem -I/data1/home/marcos/WRF_old/new/WRF/inc -I/home/marcos/libs/netcdf/include  -real-size `expr 8 \* 4` -i4  module_sf_noahmplsm.f90
rm -f module_sf_bep.o
sed -e "s/^\!.*'.*//" -e "s/^ *\!.*'.*//" module_sf_bep.F > module_sf_bep.G
/lib/cpp -P -nostdinc -I/data1/home/marcos/WRF_old/new/WRF/inc -DEM_CORE=1 -DNMM_CORE=0 -DNMM_MAX_DIM=2600 -DDA_CORE=0 -DWRFPLUS=0 -DIWORDSIZE=4 -DDWORDSIZE=8 -DRWORDSIZE=4 -DLWORDSIZE=4 -DNONSTANDARD_SYSTEM_FUNC  -DWRF_USE_CLM -DRPC_TYPES=1  -DDM_PARALLEL -DNETCDF -DLANDREAD_STUB=1 -DUSE_ALLOCATABLES -Dwrfmodel -DGRIB1 -DINTIO -DKEEP_INT_AROUND -DLIMIT_ARGS -DBUILD_RRTMG_FAST=0 -DBUILD_RRTMK=0 -DBUILD_SBM_FAST=1 -DSHOW_ALL_VARS_USED=0 -DCONFIG_BUF_LEN=65536 -DMAX_DOMAINS_F=21 -DMAX_HISTORY=25 -DNMM_NEST=0  -I. -traditional-cpp   module_sf_bep.G  > module_sf_bep.bb
/data1/home/marcos/WRF_old/new/WRF/tools/standard.exe module_sf_bep.bb | /lib/cpp -P -nostdinc -traditional-cpp > module_sf_bep.f90
rm -f module_sf_bep.G module_sf_bep.bb
time /data1/sw/local/mpich/bin/mpif90 -f90=ifort -o module_sf_bep.o -c -O3 -ip -fp-model precise -w -ftz -align all -fno-alias -FR -convert big_endian    -I../dyn_em -I../dyn_nmm  -I/data1/home/marcos/WRF_old/new/WRF/external/esmf_time_f90  -I/data1/home/marcos/WRF_old/new/WRF/main -I/data1/home/marcos/WRF_old/new/WRF/external/io_netcdf -I/data1/home/marcos/WRF_old/new/WRF/external/io_int -I/data1/home/marcos/WRF_old/new/WRF/frame -I/data1/home/marcos/WRF_old/new/WRF/share -I/data1/home/marcos/WRF_old/new/WRF/phys -I/data1/home/marcos/WRF_old/new/WRF/wrftladj -I/data1/home/marcos/WRF_old/new/WRF/chem -I/data1/home/marcos/WRF_old/new/WRF/inc -I/home/marcos/libs/netcdf/include  -real-size `expr 8 \* 4` -i4  module_sf_bep.f90
rm -f module_sf_bep_bem.o
sed -e "s/^\!.*'.*//" -e "s/^ *\!.*'.*//" module_sf_bep_bem.F > module_sf_bep_bem.G
/lib/cpp -P -nostdinc -I/data1/home/marcos/WRF_old/new/WRF/inc -DEM_CORE=1 -DNMM_CORE=0 -DNMM_MAX_DIM=2600 -DDA_CORE=0 -DWRFPLUS=0 -DIWORDSIZE=4 -DDWORDSIZE=8 -DRWORDSIZE=4 -DLWORDSIZE=4 -DNONSTANDARD_SYSTEM_FUNC  -DWRF_USE_CLM -DRPC_TYPES=1  -DDM_PARALLEL -DNETCDF -DLANDREAD_STUB=1 -DUSE_ALLOCATABLES -Dwrfmodel -DGRIB1 -DINTIO -DKEEP_INT_AROUND -DLIMIT_ARGS -DBUILD_RRTMG_FAST=0 -DBUILD_RRTMK=0 -DBUILD_SBM_FAST=1 -DSHOW_ALL_VARS_USED=0 -DCONFIG_BUF_LEN=65536 -DMAX_DOMAINS_F=21 -DMAX_HISTORY=25 -DNMM_NEST=0  -I. -traditional-cpp   module_sf_bep_bem.G  > module_sf_bep_bem.bb
/data1/home/marcos/WRF_old/new/WRF/tools/standard.exe module_sf_bep_bem.bb | /lib/cpp -P -nostdinc -traditional-cpp > module_sf_bep_bem.f90
rm -f module_sf_bep_bem.G module_sf_bep_bem.bb
time /data1/sw/local/mpich/bin/mpif90 -f90=ifort -o module_sf_bep_bem.o -c -O3 -ip -fp-model precise -w -ftz -align all -fno-alias -FR -convert big_endian    -I../dyn_em -I../dyn_nmm  -I/data1/home/marcos/WRF_old/new/WRF/external/esmf_time_f90  -I/data1/home/marcos/WRF_old/new/WRF/main -I/data1/home/marcos/WRF_old/new/WRF/external/io_netcdf -I/data1/home/marcos/WRF_old/new/WRF/external/io_int -I/data1/home/marcos/WRF_old/new/WRF/frame -I/data1/home/marcos/WRF_old/new/WRF/share -I/data1/home/marcos/WRF_old/new/WRF/phys -I/data1/home/marcos/WRF_old/new/WRF/wrftladj -I/data1/home/marcos/WRF_old/new/WRF/chem -I/data1/home/marcos/WRF_old/new/WRF/inc -I/home/marcos/libs/netcdf/include  -real-size `expr 8 \* 4` -i4  module_sf_bep_bem.f90
rm -f module_sf_clm.o
sed -e "s/^\!.*'.*//" -e "s/^ *\!.*'.*//" module_sf_clm.F > module_sf_clm.G
/lib/cpp -P -nostdinc -I/data1/home/marcos/WRF_old/new/WRF/inc -DEM_CORE=1 -DNMM_CORE=0 -DNMM_MAX_DIM=2600 -DDA_CORE=0 -DWRFPLUS=0 -DIWORDSIZE=4 -DDWORDSIZE=8 -DRWORDSIZE=4 -DLWORDSIZE=4 -DNONSTANDARD_SYSTEM_FUNC  -DWRF_USE_CLM -DRPC_TYPES=1  -DDM_PARALLEL -DNETCDF -DLANDREAD_STUB=1 -DUSE_ALLOCATABLES -Dwrfmodel -DGRIB1 -DINTIO -DKEEP_INT_AROUND -DLIMIT_ARGS -DBUILD_RRTMG_FAST=0 -DBUILD_RRTMK=0 -DBUILD_SBM_FAST=1 -DSHOW_ALL_VARS_USED=0 -DCONFIG_BUF_LEN=65536 -DMAX_DOMAINS_F=21 -DMAX_HISTORY=25 -DNMM_NEST=0  -I. -traditional-cpp   module_sf_clm.G  > module_sf_clm.bb
/data1/home/marcos/WRF_old/new/WRF/tools/standard.exe module_sf_clm.bb | /lib/cpp -P -nostdinc -traditional-cpp > module_sf_clm.f90
rm -f module_sf_clm.G module_sf_clm.bb
time /data1/sw/local/mpich/bin/mpif90 -f90=ifort -o module_sf_clm.o -c -O3 -ip -fp-model precise -w -ftz -align all -fno-alias -FR -convert big_endian    -I../dyn_em -I../dyn_nmm  -I/data1/home/marcos/WRF_old/new/WRF/external/esmf_time_f90  -I/data1/home/marcos/WRF_old/new/WRF/main -I/data1/home/marcos/WRF_old/new/WRF/external/io_netcdf -I/data1/home/marcos/WRF_old/new/WRF/external/io_int -I/data1/home/marcos/WRF_old/new/WRF/frame -I/data1/home/marcos/WRF_old/new/WRF/share -I/data1/home/marcos/WRF_old/new/WRF/phys -I/data1/home/marcos/WRF_old/new/WRF/wrftladj -I/data1/home/marcos/WRF_old/new/WRF/chem -I/data1/home/marcos/WRF_old/new/WRF/inc -I/home/marcos/libs/netcdf/include  -real-size `expr 8 \* 4` -i4  module_sf_clm.f90
rm -f module_sf_noah_seaice_drv.o
sed -e "s/^\!.*'.*//" -e "s/^ *\!.*'.*//" module_sf_noah_seaice_drv.F > module_sf_noah_seaice_drv.G
/lib/cpp -P -nostdinc -I/data1/home/marcos/WRF_old/new/WRF/inc -DEM_CORE=1 -DNMM_CORE=0 -DNMM_MAX_DIM=2600 -DDA_CORE=0 -DWRFPLUS=0 -DIWORDSIZE=4 -DDWORDSIZE=8 -DRWORDSIZE=4 -DLWORDSIZE=4 -DNONSTANDARD_SYSTEM_FUNC  -DWRF_USE_CLM -DRPC_TYPES=1  -DDM_PARALLEL -DNETCDF -DLANDREAD_STUB=1 -DUSE_ALLOCATABLES -Dwrfmodel -DGRIB1 -DINTIO -DKEEP_INT_AROUND -DLIMIT_ARGS -DBUILD_RRTMG_FAST=0 -DBUILD_RRTMK=0 -DBUILD_SBM_FAST=1 -DSHOW_ALL_VARS_USED=0 -DCONFIG_BUF_LEN=65536 -DMAX_DOMAINS_F=21 -DMAX_HISTORY=25 -DNMM_NEST=0  -I. -traditional-cpp   module_sf_noah_seaice_drv.G  > module_sf_noah_seaice_drv.bb
/data1/home/marcos/WRF_old/new/WRF/tools/standard.exe module_sf_noah_seaice_drv.bb | /lib/cpp -P -nostdinc -traditional-cpp > module_sf_noah_seaice_drv.f90
rm -f module_sf_noah_seaice_drv.G module_sf_noah_seaice_drv.bb
time /data1/sw/local/mpich/bin/mpif90 -f90=ifort -o module_sf_noah_seaice_drv.o -c -O3 -ip -fp-model precise -w -ftz -align all -fno-alias -FR -convert big_endian    -I../dyn_em -I../dyn_nmm  -I/data1/home/marcos/WRF_old/new/WRF/external/esmf_time_f90  -I/data1/home/marcos/WRF_old/new/WRF/main -I/data1/home/marcos/WRF_old/new/WRF/external/io_netcdf -I/data1/home/marcos/WRF_old/new/WRF/external/io_int -I/data1/home/marcos/WRF_old/new/WRF/frame -I/data1/home/marcos/WRF_old/new/WRF/share -I/data1/home/marcos/WRF_old/new/WRF/phys -I/data1/home/marcos/WRF_old/new/WRF/wrftladj -I/data1/home/marcos/WRF_old/new/WRF/chem -I/data1/home/marcos/WRF_old/new/WRF/inc -I/home/marcos/libs/netcdf/include  -real-size `expr 8 \* 4` -i4  module_sf_noah_seaice_drv.f90
rm -f module_sf_noahmp_groundwater.o
sed -e "s/^\!.*'.*//" -e "s/^ *\!.*'.*//" module_sf_noahmp_groundwater.F > module_sf_noahmp_groundwater.G
/lib/cpp -P -nostdinc -I/data1/home/marcos/WRF_old/new/WRF/inc -DEM_CORE=1 -DNMM_CORE=0 -DNMM_MAX_DIM=2600 -DDA_CORE=0 -DWRFPLUS=0 -DIWORDSIZE=4 -DDWORDSIZE=8 -DRWORDSIZE=4 -DLWORDSIZE=4 -DNONSTANDARD_SYSTEM_FUNC  -DWRF_USE_CLM -DRPC_TYPES=1  -DDM_PARALLEL -DNETCDF -DLANDREAD_STUB=1 -DUSE_ALLOCATABLES -Dwrfmodel -DGRIB1 -DINTIO -DKEEP_INT_AROUND -DLIMIT_ARGS -DBUILD_RRTMG_FAST=0 -DBUILD_RRTMK=0 -DBUILD_SBM_FAST=1 -DSHOW_ALL_VARS_USED=0 -DCONFIG_BUF_LEN=65536 -DMAX_DOMAINS_F=21 -DMAX_HISTORY=25 -DNMM_NEST=0  -I. -traditional-cpp   module_sf_noahmp_groundwater.G  > module_sf_noahmp_groundwater.bb
/data1/home/marcos/WRF_old/new/WRF/tools/standard.exe module_sf_noahmp_groundwater.bb | /lib/cpp -P -nostdinc -traditional-cpp > module_sf_noahmp_groundwater.f90
rm -f module_sf_noahmp_groundwater.G module_sf_noahmp_groundwater.bb
time /data1/sw/local/mpich/bin/mpif90 -f90=ifort -o module_sf_noahmp_groundwater.o -c -O3 -ip -fp-model precise -w -ftz -align all -fno-alias -FR -convert big_endian    -I../dyn_em -I../dyn_nmm  -I/data1/home/marcos/WRF_old/new/WRF/external/esmf_time_f90  -I/data1/home/marcos/WRF_old/new/WRF/main -I/data1/home/marcos/WRF_old/new/WRF/external/io_netcdf -I/data1/home/marcos/WRF_old/new/WRF/external/io_int -I/data1/home/marcos/WRF_old/new/WRF/frame -I/data1/home/marcos/WRF_old/new/WRF/share -I/data1/home/marcos/WRF_old/new/WRF/phys -I/data1/home/marcos/WRF_old/new/WRF/wrftladj -I/data1/home/marcos/WRF_old/new/WRF/chem -I/data1/home/marcos/WRF_old/new/WRF/inc -I/home/marcos/libs/netcdf/include  -real-size `expr 8 \* 4` -i4  module_sf_noahmp_groundwater.f90
rm -f module_sf_pxlsm.o
sed -e "s/^\!.*'.*//" -e "s/^ *\!.*'.*//" module_sf_pxlsm.F > module_sf_pxlsm.G
/lib/cpp -P -nostdinc -I/data1/home/marcos/WRF_old/new/WRF/inc -DEM_CORE=1 -DNMM_CORE=0 -DNMM_MAX_DIM=2600 -DDA_CORE=0 -DWRFPLUS=0 -DIWORDSIZE=4 -DDWORDSIZE=8 -DRWORDSIZE=4 -DLWORDSIZE=4 -DNONSTANDARD_SYSTEM_FUNC  -DWRF_USE_CLM -DRPC_TYPES=1  -DDM_PARALLEL -DNETCDF -DLANDREAD_STUB=1 -DUSE_ALLOCATABLES -Dwrfmodel -DGRIB1 -DINTIO -DKEEP_INT_AROUND -DLIMIT_ARGS -DBUILD_RRTMG_FAST=0 -DBUILD_RRTMK=0 -DBUILD_SBM_FAST=1 -DSHOW_ALL_VARS_USED=0 -DCONFIG_BUF_LEN=65536 -DMAX_DOMAINS_F=21 -DMAX_HISTORY=25 -DNMM_NEST=0  -I. -traditional-cpp   module_sf_pxlsm.G  > module_sf_pxlsm.bb
/data1/home/marcos/WRF_old/new/WRF/tools/standard.exe module_sf_pxlsm.bb | /lib/cpp -P -nostdinc -traditional-cpp > module_sf_pxlsm.f90
rm -f module_sf_pxlsm.G module_sf_pxlsm.bb
time /data1/sw/local/mpich/bin/mpif90 -f90=ifort -o module_sf_pxlsm.o -c -O3 -ip -fp-model precise -w -ftz -align all -fno-alias -FR -convert big_endian    -I../dyn_em -I../dyn_nmm  -I/data1/home/marcos/WRF_old/new/WRF/external/esmf_time_f90  -I/data1/home/marcos/WRF_old/new/WRF/main -I/data1/home/marcos/WRF_old/new/WRF/external/io_netcdf -I/data1/home/marcos/WRF_old/new/WRF/external/io_int -I/data1/home/marcos/WRF_old/new/WRF/frame -I/data1/home/marcos/WRF_old/new/WRF/share -I/data1/home/marcos/WRF_old/new/WRF/phys -I/data1/home/marcos/WRF_old/new/WRF/wrftladj -I/data1/home/marcos/WRF_old/new/WRF/chem -I/data1/home/marcos/WRF_old/new/WRF/inc -I/home/marcos/libs/netcdf/include  -real-size `expr 8 \* 4` -i4  module_sf_pxlsm.f90
rm -f module_sf_ocean_driver.o
sed -e "s/^\!.*'.*//" -e "s/^ *\!.*'.*//" module_sf_ocean_driver.F > module_sf_ocean_driver.G
/lib/cpp -P -nostdinc -I/data1/home/marcos/WRF_old/new/WRF/inc -DEM_CORE=1 -DNMM_CORE=0 -DNMM_MAX_DIM=2600 -DDA_CORE=0 -DWRFPLUS=0 -DIWORDSIZE=4 -DDWORDSIZE=8 -DRWORDSIZE=4 -DLWORDSIZE=4 -DNONSTANDARD_SYSTEM_FUNC  -DWRF_USE_CLM -DRPC_TYPES=1  -DDM_PARALLEL -DNETCDF -DLANDREAD_STUB=1 -DUSE_ALLOCATABLES -Dwrfmodel -DGRIB1 -DINTIO -DKEEP_INT_AROUND -DLIMIT_ARGS -DBUILD_RRTMG_FAST=0 -DBUILD_RRTMK=0 -DBUILD_SBM_FAST=1 -DSHOW_ALL_VARS_USED=0 -DCONFIG_BUF_LEN=65536 -DMAX_DOMAINS_F=21 -DMAX_HISTORY=25 -DNMM_NEST=0  -I. -traditional-cpp   module_sf_ocean_driver.G  > module_sf_ocean_driver.bb
/data1/home/marcos/WRF_old/new/WRF/tools/standard.exe module_sf_ocean_driver.bb | /lib/cpp -P -nostdinc -traditional-cpp > module_sf_ocean_driver.f90
rm -f module_sf_ocean_driver.G module_sf_ocean_driver.bb
time /data1/sw/local/mpich/bin/mpif90 -f90=ifort -o module_sf_ocean_driver.o -c -O3 -ip -fp-model precise -w -ftz -align all -fno-alias -FR -convert big_endian    -I../dyn_em -I../dyn_nmm  -I/data1/home/marcos/WRF_old/new/WRF/external/esmf_time_f90  -I/data1/home/marcos/WRF_old/new/WRF/main -I/data1/home/marcos/WRF_old/new/WRF/external/io_netcdf -I/data1/home/marcos/WRF_old/new/WRF/external/io_int -I/data1/home/marcos/WRF_old/new/WRF/frame -I/data1/home/marcos/WRF_old/new/WRF/share -I/data1/home/marcos/WRF_old/new/WRF/phys -I/data1/home/marcos/WRF_old/new/WRF/wrftladj -I/data1/home/marcos/WRF_old/new/WRF/chem -I/data1/home/marcos/WRF_old/new/WRF/inc -I/home/marcos/libs/netcdf/include  -real-size `expr 8 \* 4` -i4  module_sf_ocean_driver.f90
rm -f module_lightning_driver.o
sed -e "s/^\!.*'.*//" -e "s/^ *\!.*'.*//" module_lightning_driver.F > module_lightning_driver.G
/lib/cpp -P -nostdinc -I/data1/home/marcos/WRF_old/new/WRF/inc -DEM_CORE=1 -DNMM_CORE=0 -DNMM_MAX_DIM=2600 -DDA_CORE=0 -DWRFPLUS=0 -DIWORDSIZE=4 -DDWORDSIZE=8 -DRWORDSIZE=4 -DLWORDSIZE=4 -DNONSTANDARD_SYSTEM_FUNC  -DWRF_USE_CLM -DRPC_TYPES=1  -DDM_PARALLEL -DNETCDF -DLANDREAD_STUB=1 -DUSE_ALLOCATABLES -Dwrfmodel -DGRIB1 -DINTIO -DKEEP_INT_AROUND -DLIMIT_ARGS -DBUILD_RRTMG_FAST=0 -DBUILD_RRTMK=0 -DBUILD_SBM_FAST=1 -DSHOW_ALL_VARS_USED=0 -DCONFIG_BUF_LEN=65536 -DMAX_DOMAINS_F=21 -DMAX_HISTORY=25 -DNMM_NEST=0  -I. -traditional-cpp   module_lightning_driver.G  > module_lightning_driver.bb
/data1/home/marcos/WRF_old/new/WRF/tools/standard.exe module_lightning_driver.bb | /lib/cpp -P -nostdinc -traditional-cpp > module_lightning_driver.f90
rm -f module_lightning_driver.G module_lightning_driver.bb
time /data1/sw/local/mpich/bin/mpif90 -f90=ifort -o module_lightning_driver.o -c -O3 -ip -fp-model precise -w -ftz -align all -fno-alias -FR -convert big_endian    -I../dyn_em -I../dyn_nmm  -I/data1/home/marcos/WRF_old/new/WRF/external/esmf_time_f90  -I/data1/home/marcos/WRF_old/new/WRF/main -I/data1/home/marcos/WRF_old/new/WRF/external/io_netcdf -I/data1/home/marcos/WRF_old/new/WRF/external/io_int -I/data1/home/marcos/WRF_old/new/WRF/frame -I/data1/home/marcos/WRF_old/new/WRF/share -I/data1/home/marcos/WRF_old/new/WRF/phys -I/data1/home/marcos/WRF_old/new/WRF/wrftladj -I/data1/home/marcos/WRF_old/new/WRF/chem -I/data1/home/marcos/WRF_old/new/WRF/inc -I/home/marcos/libs/netcdf/include  -real-size `expr 8 \* 4` -i4  module_lightning_driver.f90
rm -f module_fddagd_driver.o
sed -e "s/^\!.*'.*//" -e "s/^ *\!.*'.*//" module_fddagd_driver.F > module_fddagd_driver.G
/lib/cpp -P -nostdinc -I/data1/home/marcos/WRF_old/new/WRF/inc -DEM_CORE=1 -DNMM_CORE=0 -DNMM_MAX_DIM=2600 -DDA_CORE=0 -DWRFPLUS=0 -DIWORDSIZE=4 -DDWORDSIZE=8 -DRWORDSIZE=4 -DLWORDSIZE=4 -DNONSTANDARD_SYSTEM_FUNC  -DWRF_USE_CLM -DRPC_TYPES=1  -DDM_PARALLEL -DNETCDF -DLANDREAD_STUB=1 -DUSE_ALLOCATABLES -Dwrfmodel -DGRIB1 -DINTIO -DKEEP_INT_AROUND -DLIMIT_ARGS -DBUILD_RRTMG_FAST=0 -DBUILD_RRTMK=0 -DBUILD_SBM_FAST=1 -DSHOW_ALL_VARS_USED=0 -DCONFIG_BUF_LEN=65536 -DMAX_DOMAINS_F=21 -DMAX_HISTORY=25 -DNMM_NEST=0  -I. -traditional-cpp   module_fddagd_driver.G  > module_fddagd_driver.bb
/data1/home/marcos/WRF_old/new/WRF/tools/standard.exe module_fddagd_driver.bb | /lib/cpp -P -nostdinc -traditional-cpp > module_fddagd_driver.f90
rm -f module_fddagd_driver.G module_fddagd_driver.bb
time /data1/sw/local/mpich/bin/mpif90 -f90=ifort -o module_fddagd_driver.o -c -O3 -ip -fp-model precise -w -ftz -align all -fno-alias -FR -convert big_endian    -I../dyn_em -I../dyn_nmm  -I/data1/home/marcos/WRF_old/new/WRF/external/esmf_time_f90  -I/data1/home/marcos/WRF_old/new/WRF/main -I/data1/home/marcos/WRF_old/new/WRF/external/io_netcdf -I/data1/home/marcos/WRF_old/new/WRF/external/io_int -I/data1/home/marcos/WRF_old/new/WRF/frame -I/data1/home/marcos/WRF_old/new/WRF/share -I/data1/home/marcos/WRF_old/new/WRF/phys -I/data1/home/marcos/WRF_old/new/WRF/wrftladj -I/data1/home/marcos/WRF_old/new/WRF/chem -I/data1/home/marcos/WRF_old/new/WRF/inc -I/home/marcos/libs/netcdf/include  -real-size `expr 8 \* 4` -i4  module_fddagd_driver.f90
rm -f module_diag_trad_fields.o
sed -e "s/^\!.*'.*//" -e "s/^ *\!.*'.*//" module_diag_trad_fields.F > module_diag_trad_fields.G
/lib/cpp -P -nostdinc -I/data1/home/marcos/WRF_old/new/WRF/inc -DEM_CORE=1 -DNMM_CORE=0 -DNMM_MAX_DIM=2600 -DDA_CORE=0 -DWRFPLUS=0 -DIWORDSIZE=4 -DDWORDSIZE=8 -DRWORDSIZE=4 -DLWORDSIZE=4 -DNONSTANDARD_SYSTEM_FUNC  -DWRF_USE_CLM -DRPC_TYPES=1  -DDM_PARALLEL -DNETCDF -DLANDREAD_STUB=1 -DUSE_ALLOCATABLES -Dwrfmodel -DGRIB1 -DINTIO -DKEEP_INT_AROUND -DLIMIT_ARGS -DBUILD_RRTMG_FAST=0 -DBUILD_RRTMK=0 -DBUILD_SBM_FAST=1 -DSHOW_ALL_VARS_USED=0 -DCONFIG_BUF_LEN=65536 -DMAX_DOMAINS_F=21 -DMAX_HISTORY=25 -DNMM_NEST=0  -I. -traditional-cpp   module_diag_trad_fields.G  > module_diag_trad_fields.bb
/data1/home/marcos/WRF_old/new/WRF/tools/standard.exe module_diag_trad_fields.bb | /lib/cpp -P -nostdinc -traditional-cpp > module_diag_trad_fields.f90
rm -f module_diag_trad_fields.G module_diag_trad_fields.bb
time /data1/sw/local/mpich/bin/mpif90 -f90=ifort -o module_diag_trad_fields.o -c -O3 -ip -fp-model precise -w -ftz -align all -fno-alias -FR -convert big_endian    -I../dyn_em -I../dyn_nmm  -I/data1/home/marcos/WRF_old/new/WRF/external/esmf_time_f90  -I/data1/home/marcos/WRF_old/new/WRF/main -I/data1/home/marcos/WRF_old/new/WRF/external/io_netcdf -I/data1/home/marcos/WRF_old/new/WRF/external/io_int -I/data1/home/marcos/WRF_old/new/WRF/frame -I/data1/home/marcos/WRF_old/new/WRF/share -I/data1/home/marcos/WRF_old/new/WRF/phys -I/data1/home/marcos/WRF_old/new/WRF/wrftladj -I/data1/home/marcos/WRF_old/new/WRF/chem -I/data1/home/marcos/WRF_old/new/WRF/inc -I/home/marcos/libs/netcdf/include  -real-size `expr 8 \* 4` -i4  module_diag_trad_fields.f90
rm -f module_diag_rasm.o
sed -e "s/^\!.*'.*//" -e "s/^ *\!.*'.*//" module_diag_rasm.F > module_diag_rasm.G
/lib/cpp -P -nostdinc -I/data1/home/marcos/WRF_old/new/WRF/inc -DEM_CORE=1 -DNMM_CORE=0 -DNMM_MAX_DIM=2600 -DDA_CORE=0 -DWRFPLUS=0 -DIWORDSIZE=4 -DDWORDSIZE=8 -DRWORDSIZE=4 -DLWORDSIZE=4 -DNONSTANDARD_SYSTEM_FUNC  -DWRF_USE_CLM -DRPC_TYPES=1  -DDM_PARALLEL -DNETCDF -DLANDREAD_STUB=1 -DUSE_ALLOCATABLES -Dwrfmodel -DGRIB1 -DINTIO -DKEEP_INT_AROUND -DLIMIT_ARGS -DBUILD_RRTMG_FAST=0 -DBUILD_RRTMK=0 -DBUILD_SBM_FAST=1 -DSHOW_ALL_VARS_USED=0 -DCONFIG_BUF_LEN=65536 -DMAX_DOMAINS_F=21 -DMAX_HISTORY=25 -DNMM_NEST=0  -I. -traditional-cpp   module_diag_rasm.G  > module_diag_rasm.bb
/data1/home/marcos/WRF_old/new/WRF/tools/standard.exe module_diag_rasm.bb | /lib/cpp -P -nostdinc -traditional-cpp > module_diag_rasm.f90
rm -f module_diag_rasm.G module_diag_rasm.bb
time /data1/sw/local/mpich/bin/mpif90 -f90=ifort -o module_diag_rasm.o -c -O3 -ip -fp-model precise -w -ftz -align all -fno-alias -FR -convert big_endian    -I../dyn_em -I../dyn_nmm  -I/data1/home/marcos/WRF_old/new/WRF/external/esmf_time_f90  -I/data1/home/marcos/WRF_old/new/WRF/main -I/data1/home/marcos/WRF_old/new/WRF/external/io_netcdf -I/data1/home/marcos/WRF_old/new/WRF/external/io_int -I/data1/home/marcos/WRF_old/new/WRF/frame -I/data1/home/marcos/WRF_old/new/WRF/share -I/data1/home/marcos/WRF_old/new/WRF/phys -I/data1/home/marcos/WRF_old/new/WRF/wrftladj -I/data1/home/marcos/WRF_old/new/WRF/chem -I/data1/home/marcos/WRF_old/new/WRF/inc -I/home/marcos/libs/netcdf/include  -real-size `expr 8 \* 4` -i4  module_diag_rasm.f90
rm -f module_fr_fire_phys.o
sed -e "s/^\!.*'.*//" -e "s/^ *\!.*'.*//" module_fr_fire_phys.F > module_fr_fire_phys.G
/lib/cpp -P -nostdinc -I/data1/home/marcos/WRF_old/new/WRF/inc -DEM_CORE=1 -DNMM_CORE=0 -DNMM_MAX_DIM=2600 -DDA_CORE=0 -DWRFPLUS=0 -DIWORDSIZE=4 -DDWORDSIZE=8 -DRWORDSIZE=4 -DLWORDSIZE=4 -DNONSTANDARD_SYSTEM_FUNC  -DWRF_USE_CLM -DRPC_TYPES=1  -DDM_PARALLEL -DNETCDF -DLANDREAD_STUB=1 -DUSE_ALLOCATABLES -Dwrfmodel -DGRIB1 -DINTIO -DKEEP_INT_AROUND -DLIMIT_ARGS -DBUILD_RRTMG_FAST=0 -DBUILD_RRTMK=0 -DBUILD_SBM_FAST=1 -DSHOW_ALL_VARS_USED=0 -DCONFIG_BUF_LEN=65536 -DMAX_DOMAINS_F=21 -DMAX_HISTORY=25 -DNMM_NEST=0  -I. -traditional-cpp   module_fr_fire_phys.G  > module_fr_fire_phys.bb
/data1/home/marcos/WRF_old/new/WRF/tools/standard.exe module_fr_fire_phys.bb | /lib/cpp -P -nostdinc -traditional-cpp > module_fr_fire_phys.f90
rm -f module_fr_fire_phys.G module_fr_fire_phys.bb
time /data1/sw/local/mpich/bin/mpif90 -f90=ifort -o module_fr_fire_phys.o -c -O3 -ip -fp-model precise -w -ftz -align all -fno-alias -FR -convert big_endian    -I../dyn_em -I../dyn_nmm  -I/data1/home/marcos/WRF_old/new/WRF/external/esmf_time_f90  -I/data1/home/marcos/WRF_old/new/WRF/main -I/data1/home/marcos/WRF_old/new/WRF/external/io_netcdf -I/data1/home/marcos/WRF_old/new/WRF/external/io_int -I/data1/home/marcos/WRF_old/new/WRF/frame -I/data1/home/marcos/WRF_old/new/WRF/share -I/data1/home/marcos/WRF_old/new/WRF/phys -I/data1/home/marcos/WRF_old/new/WRF/wrftladj -I/data1/home/marcos/WRF_old/new/WRF/chem -I/data1/home/marcos/WRF_old/new/WRF/inc -I/home/marcos/libs/netcdf/include  -real-size `expr 8 \* 4` -i4  module_fr_fire_phys.f90
rm -f module_fr_fire_atm.o
sed -e "s/^\!.*'.*//" -e "s/^ *\!.*'.*//" module_fr_fire_atm.F > module_fr_fire_atm.G
/lib/cpp -P -nostdinc -I/data1/home/marcos/WRF_old/new/WRF/inc -DEM_CORE=1 -DNMM_CORE=0 -DNMM_MAX_DIM=2600 -DDA_CORE=0 -DWRFPLUS=0 -DIWORDSIZE=4 -DDWORDSIZE=8 -DRWORDSIZE=4 -DLWORDSIZE=4 -DNONSTANDARD_SYSTEM_FUNC  -DWRF_USE_CLM -DRPC_TYPES=1  -DDM_PARALLEL -DNETCDF -DLANDREAD_STUB=1 -DUSE_ALLOCATABLES -Dwrfmodel -DGRIB1 -DINTIO -DKEEP_INT_AROUND -DLIMIT_ARGS -DBUILD_RRTMG_FAST=0 -DBUILD_RRTMK=0 -DBUILD_SBM_FAST=1 -DSHOW_ALL_VARS_USED=0 -DCONFIG_BUF_LEN=65536 -DMAX_DOMAINS_F=21 -DMAX_HISTORY=25 -DNMM_NEST=0  -I. -traditional-cpp   module_fr_fire_atm.G  > module_fr_fire_atm.bb
/data1/home/marcos/WRF_old/new/WRF/tools/standard.exe module_fr_fire_atm.bb | /lib/cpp -P -nostdinc -traditional-cpp > module_fr_fire_atm.f90
rm -f module_fr_fire_atm.G module_fr_fire_atm.bb
time /data1/sw/local/mpich/bin/mpif90 -f90=ifort -o module_fr_fire_atm.o -c -O3 -ip -fp-model precise -w -ftz -align all -fno-alias -FR -convert big_endian    -I../dyn_em -I../dyn_nmm  -I/data1/home/marcos/WRF_old/new/WRF/external/esmf_time_f90  -I/data1/home/marcos/WRF_old/new/WRF/main -I/data1/home/marcos/WRF_old/new/WRF/external/io_netcdf -I/data1/home/marcos/WRF_old/new/WRF/external/io_int -I/data1/home/marcos/WRF_old/new/WRF/frame -I/data1/home/marcos/WRF_old/new/WRF/share -I/data1/home/marcos/WRF_old/new/WRF/phys -I/data1/home/marcos/WRF_old/new/WRF/wrftladj -I/data1/home/marcos/WRF_old/new/WRF/chem -I/data1/home/marcos/WRF_old/new/WRF/inc -I/home/marcos/libs/netcdf/include  -real-size `expr 8 \* 4` -i4  module_fr_fire_atm.f90
rm -f module_cam_physconst.o
sed -e "s/^\!.*'.*//" -e "s/^ *\!.*'.*//" module_cam_physconst.F > module_cam_physconst.G
/lib/cpp -P -nostdinc -I/data1/home/marcos/WRF_old/new/WRF/inc -DEM_CORE=1 -DNMM_CORE=0 -DNMM_MAX_DIM=2600 -DDA_CORE=0 -DWRFPLUS=0 -DIWORDSIZE=4 -DDWORDSIZE=8 -DRWORDSIZE=4 -DLWORDSIZE=4 -DNONSTANDARD_SYSTEM_FUNC  -DWRF_USE_CLM -DRPC_TYPES=1  -DDM_PARALLEL -DNETCDF -DLANDREAD_STUB=1 -DUSE_ALLOCATABLES -Dwrfmodel -DGRIB1 -DINTIO -DKEEP_INT_AROUND -DLIMIT_ARGS -DBUILD_RRTMG_FAST=0 -DBUILD_RRTMK=0 -DBUILD_SBM_FAST=1 -DSHOW_ALL_VARS_USED=0 -DCONFIG_BUF_LEN=65536 -DMAX_DOMAINS_F=21 -DMAX_HISTORY=25 -DNMM_NEST=0  -I. -traditional-cpp   module_cam_physconst.G  > module_cam_physconst.bb
/data1/home/marcos/WRF_old/new/WRF/tools/standard.exe module_cam_physconst.bb | /lib/cpp -P -nostdinc -traditional-cpp > module_cam_physconst.f90
rm -f module_cam_physconst.G module_cam_physconst.bb
time /data1/sw/local/mpich/bin/mpif90 -f90=ifort -o module_cam_physconst.o -c -O3 -ip -fp-model precise -w -ftz -align all -fno-alias -FR -convert big_endian    -I../dyn_em -I../dyn_nmm  -I/data1/home/marcos/WRF_old/new/WRF/external/esmf_time_f90  -I/data1/home/marcos/WRF_old/new/WRF/main -I/data1/home/marcos/WRF_old/new/WRF/external/io_netcdf -I/data1/home/marcos/WRF_old/new/WRF/external/io_int -I/data1/home/marcos/WRF_old/new/WRF/frame -I/data1/home/marcos/WRF_old/new/WRF/share -I/data1/home/marcos/WRF_old/new/WRF/phys -I/data1/home/marcos/WRF_old/new/WRF/wrftladj -I/data1/home/marcos/WRF_old/new/WRF/chem -I/data1/home/marcos/WRF_old/new/WRF/inc -I/home/marcos/libs/netcdf/include  -real-size `expr 8 \* 4` -i4  module_cam_physconst.f90
rm -f module_cam_bl_eddy_diff.o
sed -e "s/^\!.*'.*//" -e "s/^ *\!.*'.*//" module_cam_bl_eddy_diff.F > module_cam_bl_eddy_diff.G
/lib/cpp -P -nostdinc -I/data1/home/marcos/WRF_old/new/WRF/inc -DEM_CORE=1 -DNMM_CORE=0 -DNMM_MAX_DIM=2600 -DDA_CORE=0 -DWRFPLUS=0 -DIWORDSIZE=4 -DDWORDSIZE=8 -DRWORDSIZE=4 -DLWORDSIZE=4 -DNONSTANDARD_SYSTEM_FUNC  -DWRF_USE_CLM -DRPC_TYPES=1  -DDM_PARALLEL -DNETCDF -DLANDREAD_STUB=1 -DUSE_ALLOCATABLES -Dwrfmodel -DGRIB1 -DINTIO -DKEEP_INT_AROUND -DLIMIT_ARGS -DBUILD_RRTMG_FAST=0 -DBUILD_RRTMK=0 -DBUILD_SBM_FAST=1 -DSHOW_ALL_VARS_USED=0 -DCONFIG_BUF_LEN=65536 -DMAX_DOMAINS_F=21 -DMAX_HISTORY=25 -DNMM_NEST=0  -I. -traditional-cpp   module_cam_bl_eddy_diff.G  > module_cam_bl_eddy_diff.bb
/data1/home/marcos/WRF_old/new/WRF/tools/standard.exe module_cam_bl_eddy_diff.bb | /lib/cpp -P -nostdinc -traditional-cpp > module_cam_bl_eddy_diff.f90
rm -f module_cam_bl_eddy_diff.G module_cam_bl_eddy_diff.bb
time /data1/sw/local/mpich/bin/mpif90 -f90=ifort -o module_cam_bl_eddy_diff.o -c -O3 -ip -fp-model precise -w -ftz -align all -fno-alias -FR -convert big_endian    -I../dyn_em -I../dyn_nmm  -I/data1/home/marcos/WRF_old/new/WRF/external/esmf_time_f90  -I/data1/home/marcos/WRF_old/new/WRF/main -I/data1/home/marcos/WRF_old/new/WRF/external/io_netcdf -I/data1/home/marcos/WRF_old/new/WRF/external/io_int -I/data1/home/marcos/WRF_old/new/WRF/frame -I/data1/home/marcos/WRF_old/new/WRF/share -I/data1/home/marcos/WRF_old/new/WRF/phys -I/data1/home/marcos/WRF_old/new/WRF/wrftladj -I/data1/home/marcos/WRF_old/new/WRF/chem -I/data1/home/marcos/WRF_old/new/WRF/inc -I/home/marcos/libs/netcdf/include  -real-size `expr 8 \* 4` -i4  module_cam_bl_eddy_diff.f90
rm -f module_data_cam_mam_aero.o
sed -e "s/^\!.*'.*//" -e "s/^ *\!.*'.*//" module_data_cam_mam_aero.F > module_data_cam_mam_aero.G
/lib/cpp -P -nostdinc -I/data1/home/marcos/WRF_old/new/WRF/inc -DEM_CORE=1 -DNMM_CORE=0 -DNMM_MAX_DIM=2600 -DDA_CORE=0 -DWRFPLUS=0 -DIWORDSIZE=4 -DDWORDSIZE=8 -DRWORDSIZE=4 -DLWORDSIZE=4 -DNONSTANDARD_SYSTEM_FUNC  -DWRF_USE_CLM -DRPC_TYPES=1  -DDM_PARALLEL -DNETCDF -DLANDREAD_STUB=1 -DUSE_ALLOCATABLES -Dwrfmodel -DGRIB1 -DINTIO -DKEEP_INT_AROUND -DLIMIT_ARGS -DBUILD_RRTMG_FAST=0 -DBUILD_RRTMK=0 -DBUILD_SBM_FAST=1 -DSHOW_ALL_VARS_USED=0 -DCONFIG_BUF_LEN=65536 -DMAX_DOMAINS_F=21 -DMAX_HISTORY=25 -DNMM_NEST=0  -I. -traditional-cpp   module_data_cam_mam_aero.G  > module_data_cam_mam_aero.bb
/data1/home/marcos/WRF_old/new/WRF/tools/standard.exe module_data_cam_mam_aero.bb | /lib/cpp -P -nostdinc -traditional-cpp > module_data_cam_mam_aero.f90
rm -f module_data_cam_mam_aero.G module_data_cam_mam_aero.bb
time /data1/sw/local/mpich/bin/mpif90 -f90=ifort -o module_data_cam_mam_aero.o -c -O3 -ip -fp-model precise -w -ftz -align all -fno-alias -FR -convert big_endian    -I../dyn_em -I../dyn_nmm  -I/data1/home/marcos/WRF_old/new/WRF/external/esmf_time_f90  -I/data1/home/marcos/WRF_old/new/WRF/main -I/data1/home/marcos/WRF_old/new/WRF/external/io_netcdf -I/data1/home/marcos/WRF_old/new/WRF/external/io_int -I/data1/home/marcos/WRF_old/new/WRF/frame -I/data1/home/marcos/WRF_old/new/WRF/share -I/data1/home/marcos/WRF_old/new/WRF/phys -I/data1/home/marcos/WRF_old/new/WRF/wrftladj -I/data1/home/marcos/WRF_old/new/WRF/chem -I/data1/home/marcos/WRF_old/new/WRF/inc -I/home/marcos/libs/netcdf/include  -real-size `expr 8 \* 4` -i4  module_data_cam_mam_aero.f90
rm -f module_cam_mp_conv_water.o
sed -e "s/^\!.*'.*//" -e "s/^ *\!.*'.*//" module_cam_mp_conv_water.F > module_cam_mp_conv_water.G
/lib/cpp -P -nostdinc -I/data1/home/marcos/WRF_old/new/WRF/inc -DEM_CORE=1 -DNMM_CORE=0 -DNMM_MAX_DIM=2600 -DDA_CORE=0 -DWRFPLUS=0 -DIWORDSIZE=4 -DDWORDSIZE=8 -DRWORDSIZE=4 -DLWORDSIZE=4 -DNONSTANDARD_SYSTEM_FUNC  -DWRF_USE_CLM -DRPC_TYPES=1  -DDM_PARALLEL -DNETCDF -DLANDREAD_STUB=1 -DUSE_ALLOCATABLES -Dwrfmodel -DGRIB1 -DINTIO -DKEEP_INT_AROUND -DLIMIT_ARGS -DBUILD_RRTMG_FAST=0 -DBUILD_RRTMK=0 -DBUILD_SBM_FAST=1 -DSHOW_ALL_VARS_USED=0 -DCONFIG_BUF_LEN=65536 -DMAX_DOMAINS_F=21 -DMAX_HISTORY=25 -DNMM_NEST=0  -I. -traditional-cpp   module_cam_mp_conv_water.G  > module_cam_mp_conv_water.bb
/data1/home/marcos/WRF_old/new/WRF/tools/standard.exe module_cam_mp_conv_water.bb | /lib/cpp -P -nostdinc -traditional-cpp > module_cam_mp_conv_water.f90
rm -f module_cam_mp_conv_water.G module_cam_mp_conv_water.bb
time /data1/sw/local/mpich/bin/mpif90 -f90=ifort -o module_cam_mp_conv_water.o -c -O3 -ip -fp-model precise -w -ftz -align all -fno-alias -FR -convert big_endian    -I../dyn_em -I../dyn_nmm  -I/data1/home/marcos/WRF_old/new/WRF/external/esmf_time_f90  -I/data1/home/marcos/WRF_old/new/WRF/main -I/data1/home/marcos/WRF_old/new/WRF/external/io_netcdf -I/data1/home/marcos/WRF_old/new/WRF/external/io_int -I/data1/home/marcos/WRF_old/new/WRF/frame -I/data1/home/marcos/WRF_old/new/WRF/share -I/data1/home/marcos/WRF_old/new/WRF/phys -I/data1/home/marcos/WRF_old/new/WRF/wrftladj -I/data1/home/marcos/WRF_old/new/WRF/chem -I/data1/home/marcos/WRF_old/new/WRF/inc -I/home/marcos/libs/netcdf/include  -real-size `expr 8 \* 4` -i4  module_cam_mp_conv_water.f90
rm -f module_data_cam_mam_asect.o
sed -e "s/^\!.*'.*//" -e "s/^ *\!.*'.*//" module_data_cam_mam_asect.F > module_data_cam_mam_asect.G
/lib/cpp -P -nostdinc -I/data1/home/marcos/WRF_old/new/WRF/inc -DEM_CORE=1 -DNMM_CORE=0 -DNMM_MAX_DIM=2600 -DDA_CORE=0 -DWRFPLUS=0 -DIWORDSIZE=4 -DDWORDSIZE=8 -DRWORDSIZE=4 -DLWORDSIZE=4 -DNONSTANDARD_SYSTEM_FUNC  -DWRF_USE_CLM -DRPC_TYPES=1  -DDM_PARALLEL -DNETCDF -DLANDREAD_STUB=1 -DUSE_ALLOCATABLES -Dwrfmodel -DGRIB1 -DINTIO -DKEEP_INT_AROUND -DLIMIT_ARGS -DBUILD_RRTMG_FAST=0 -DBUILD_RRTMK=0 -DBUILD_SBM_FAST=1 -DSHOW_ALL_VARS_USED=0 -DCONFIG_BUF_LEN=65536 -DMAX_DOMAINS_F=21 -DMAX_HISTORY=25 -DNMM_NEST=0  -I. -traditional-cpp   module_data_cam_mam_asect.G  > module_data_cam_mam_asect.bb
/data1/home/marcos/WRF_old/new/WRF/tools/standard.exe module_data_cam_mam_asect.bb | /lib/cpp -P -nostdinc -traditional-cpp > module_data_cam_mam_asect.f90
rm -f module_data_cam_mam_asect.G module_data_cam_mam_asect.bb
time /data1/sw/local/mpich/bin/mpif90 -f90=ifort -o module_data_cam_mam_asect.o -c -O3 -ip -fp-model precise -w -ftz -align all -fno-alias -FR -convert big_endian    -I../dyn_em -I../dyn_nmm  -I/data1/home/marcos/WRF_old/new/WRF/external/esmf_time_f90  -I/data1/home/marcos/WRF_old/new/WRF/main -I/data1/home/marcos/WRF_old/new/WRF/external/io_netcdf -I/data1/home/marcos/WRF_old/new/WRF/external/io_int -I/data1/home/marcos/WRF_old/new/WRF/frame -I/data1/home/marcos/WRF_old/new/WRF/share -I/data1/home/marcos/WRF_old/new/WRF/phys -I/data1/home/marcos/WRF_old/new/WRF/wrftladj -I/data1/home/marcos/WRF_old/new/WRF/chem -I/data1/home/marcos/WRF_old/new/WRF/inc -I/home/marcos/libs/netcdf/include  -real-size `expr 8 \* 4` -i4  module_data_cam_mam_asect.f90
rm -f module_bl_gfs.o
sed -e "s/^\!.*'.*//" -e "s/^ *\!.*'.*//" module_bl_gfs.F > module_bl_gfs.G
/lib/cpp -P -nostdinc -I/data1/home/marcos/WRF_old/new/WRF/inc -DEM_CORE=1 -DNMM_CORE=0 -DNMM_MAX_DIM=2600 -DDA_CORE=0 -DWRFPLUS=0 -DIWORDSIZE=4 -DDWORDSIZE=8 -DRWORDSIZE=4 -DLWORDSIZE=4 -DNONSTANDARD_SYSTEM_FUNC  -DWRF_USE_CLM -DRPC_TYPES=1  -DDM_PARALLEL -DNETCDF -DLANDREAD_STUB=1 -DUSE_ALLOCATABLES -Dwrfmodel -DGRIB1 -DINTIO -DKEEP_INT_AROUND -DLIMIT_ARGS -DBUILD_RRTMG_FAST=0 -DBUILD_RRTMK=0 -DBUILD_SBM_FAST=1 -DSHOW_ALL_VARS_USED=0 -DCONFIG_BUF_LEN=65536 -DMAX_DOMAINS_F=21 -DMAX_HISTORY=25 -DNMM_NEST=0  -I. -traditional-cpp   module_bl_gfs.G  > module_bl_gfs.bb
/data1/home/marcos/WRF_old/new/WRF/tools/standard.exe module_bl_gfs.bb | /lib/cpp -P -nostdinc -traditional-cpp > module_bl_gfs.f90
rm -f module_bl_gfs.G module_bl_gfs.bb
time /data1/sw/local/mpich/bin/mpif90 -f90=ifort -o module_bl_gfs.o -c -O3 -ip -fp-model precise -w -ftz -align all -fno-alias -FR -convert big_endian    -I../dyn_em -I../dyn_nmm  -I/data1/home/marcos/WRF_old/new/WRF/external/esmf_time_f90  -I/data1/home/marcos/WRF_old/new/WRF/main -I/data1/home/marcos/WRF_old/new/WRF/external/io_netcdf -I/data1/home/marcos/WRF_old/new/WRF/external/io_int -I/data1/home/marcos/WRF_old/new/WRF/frame -I/data1/home/marcos/WRF_old/new/WRF/share -I/data1/home/marcos/WRF_old/new/WRF/phys -I/data1/home/marcos/WRF_old/new/WRF/wrftladj -I/data1/home/marcos/WRF_old/new/WRF/chem -I/data1/home/marcos/WRF_old/new/WRF/inc -I/home/marcos/libs/netcdf/include  -real-size `expr 8 \* 4` -i4  module_bl_gfs.f90
rm -f module_bl_gfsedmf.o
sed -e "s/^\!.*'.*//" -e "s/^ *\!.*'.*//" module_bl_gfsedmf.F > module_bl_gfsedmf.G
/lib/cpp -P -nostdinc -I/data1/home/marcos/WRF_old/new/WRF/inc -DEM_CORE=1 -DNMM_CORE=0 -DNMM_MAX_DIM=2600 -DDA_CORE=0 -DWRFPLUS=0 -DIWORDSIZE=4 -DDWORDSIZE=8 -DRWORDSIZE=4 -DLWORDSIZE=4 -DNONSTANDARD_SYSTEM_FUNC  -DWRF_USE_CLM -DRPC_TYPES=1  -DDM_PARALLEL -DNETCDF -DLANDREAD_STUB=1 -DUSE_ALLOCATABLES -Dwrfmodel -DGRIB1 -DINTIO -DKEEP_INT_AROUND -DLIMIT_ARGS -DBUILD_RRTMG_FAST=0 -DBUILD_RRTMK=0 -DBUILD_SBM_FAST=1 -DSHOW_ALL_VARS_USED=0 -DCONFIG_BUF_LEN=65536 -DMAX_DOMAINS_F=21 -DMAX_HISTORY=25 -DNMM_NEST=0  -I. -traditional-cpp   module_bl_gfsedmf.G  > module_bl_gfsedmf.bb
/data1/home/marcos/WRF_old/new/WRF/tools/standard.exe module_bl_gfsedmf.bb | /lib/cpp -P -nostdinc -traditional-cpp > module_bl_gfsedmf.f90
rm -f module_bl_gfsedmf.G module_bl_gfsedmf.bb
time /data1/sw/local/mpich/bin/mpif90 -f90=ifort -o module_bl_gfsedmf.o -c -O3 -ip -fp-model precise -w -ftz -align all -fno-alias -FR -convert big_endian    -I../dyn_em -I../dyn_nmm  -I/data1/home/marcos/WRF_old/new/WRF/external/esmf_time_f90  -I/data1/home/marcos/WRF_old/new/WRF/main -I/data1/home/marcos/WRF_old/new/WRF/external/io_netcdf -I/data1/home/marcos/WRF_old/new/WRF/external/io_int -I/data1/home/marcos/WRF_old/new/WRF/frame -I/data1/home/marcos/WRF_old/new/WRF/share -I/data1/home/marcos/WRF_old/new/WRF/phys -I/data1/home/marcos/WRF_old/new/WRF/wrftladj -I/data1/home/marcos/WRF_old/new/WRF/chem -I/data1/home/marcos/WRF_old/new/WRF/inc -I/home/marcos/libs/netcdf/include  -real-size `expr 8 \* 4` -i4  module_bl_gfsedmf.f90
rm -f module_cu_tiedtke.o
sed -e "s/^\!.*'.*//" -e "s/^ *\!.*'.*//" module_cu_tiedtke.F > module_cu_tiedtke.G
/lib/cpp -P -nostdinc -I/data1/home/marcos/WRF_old/new/WRF/inc -DEM_CORE=1 -DNMM_CORE=0 -DNMM_MAX_DIM=2600 -DDA_CORE=0 -DWRFPLUS=0 -DIWORDSIZE=4 -DDWORDSIZE=8 -DRWORDSIZE=4 -DLWORDSIZE=4 -DNONSTANDARD_SYSTEM_FUNC  -DWRF_USE_CLM -DRPC_TYPES=1  -DDM_PARALLEL -DNETCDF -DLANDREAD_STUB=1 -DUSE_ALLOCATABLES -Dwrfmodel -DGRIB1 -DINTIO -DKEEP_INT_AROUND -DLIMIT_ARGS -DBUILD_RRTMG_FAST=0 -DBUILD_RRTMK=0 -DBUILD_SBM_FAST=1 -DSHOW_ALL_VARS_USED=0 -DCONFIG_BUF_LEN=65536 -DMAX_DOMAINS_F=21 -DMAX_HISTORY=25 -DNMM_NEST=0  -I. -traditional-cpp   module_cu_tiedtke.G  > module_cu_tiedtke.bb
/data1/home/marcos/WRF_old/new/WRF/tools/standard.exe module_cu_tiedtke.bb | /lib/cpp -P -nostdinc -traditional-cpp > module_cu_tiedtke.f90
rm -f module_cu_tiedtke.G module_cu_tiedtke.bb
time /data1/sw/local/mpich/bin/mpif90 -f90=ifort -o module_cu_tiedtke.o -c -O3 -ip -fp-model precise -w -ftz -align all -fno-alias -FR -convert big_endian    -I../dyn_em -I../dyn_nmm  -I/data1/home/marcos/WRF_old/new/WRF/external/esmf_time_f90  -I/data1/home/marcos/WRF_old/new/WRF/main -I/data1/home/marcos/WRF_old/new/WRF/external/io_netcdf -I/data1/home/marcos/WRF_old/new/WRF/external/io_int -I/data1/home/marcos/WRF_old/new/WRF/frame -I/data1/home/marcos/WRF_old/new/WRF/share -I/data1/home/marcos/WRF_old/new/WRF/phys -I/data1/home/marcos/WRF_old/new/WRF/wrftladj -I/data1/home/marcos/WRF_old/new/WRF/chem -I/data1/home/marcos/WRF_old/new/WRF/inc -I/home/marcos/libs/netcdf/include  -real-size `expr 8 \* 4` -i4  module_cu_tiedtke.f90
rm -f module_cu_gf_wrfdrv.o
sed -e "s/^\!.*'.*//" -e "s/^ *\!.*'.*//" module_cu_gf_wrfdrv.F > module_cu_gf_wrfdrv.G
/lib/cpp -P -nostdinc -I/data1/home/marcos/WRF_old/new/WRF/inc -DEM_CORE=1 -DNMM_CORE=0 -DNMM_MAX_DIM=2600 -DDA_CORE=0 -DWRFPLUS=0 -DIWORDSIZE=4 -DDWORDSIZE=8 -DRWORDSIZE=4 -DLWORDSIZE=4 -DNONSTANDARD_SYSTEM_FUNC  -DWRF_USE_CLM -DRPC_TYPES=1  -DDM_PARALLEL -DNETCDF -DLANDREAD_STUB=1 -DUSE_ALLOCATABLES -Dwrfmodel -DGRIB1 -DINTIO -DKEEP_INT_AROUND -DLIMIT_ARGS -DBUILD_RRTMG_FAST=0 -DBUILD_RRTMK=0 -DBUILD_SBM_FAST=1 -DSHOW_ALL_VARS_USED=0 -DCONFIG_BUF_LEN=65536 -DMAX_DOMAINS_F=21 -DMAX_HISTORY=25 -DNMM_NEST=0  -I. -traditional-cpp   module_cu_gf_wrfdrv.G  > module_cu_gf_wrfdrv.bb
/data1/home/marcos/WRF_old/new/WRF/tools/standard.exe module_cu_gf_wrfdrv.bb | /lib/cpp -P -nostdinc -traditional-cpp > module_cu_gf_wrfdrv.f90
rm -f module_cu_gf_wrfdrv.G module_cu_gf_wrfdrv.bb
time /data1/sw/local/mpich/bin/mpif90 -f90=ifort -o module_cu_gf_wrfdrv.o -c -O3 -ip -fp-model precise -w -ftz -align all -fno-alias -FR -convert big_endian    -I../dyn_em -I../dyn_nmm  -I/data1/home/marcos/WRF_old/new/WRF/external/esmf_time_f90  -I/data1/home/marcos/WRF_old/new/WRF/main -I/data1/home/marcos/WRF_old/new/WRF/external/io_netcdf -I/data1/home/marcos/WRF_old/new/WRF/external/io_int -I/data1/home/marcos/WRF_old/new/WRF/frame -I/data1/home/marcos/WRF_old/new/WRF/share -I/data1/home/marcos/WRF_old/new/WRF/phys -I/data1/home/marcos/WRF_old/new/WRF/wrftladj -I/data1/home/marcos/WRF_old/new/WRF/chem -I/data1/home/marcos/WRF_old/new/WRF/inc -I/home/marcos/libs/netcdf/include  -real-size `expr 8 \* 4` -i4  module_cu_gf_wrfdrv.f90
rm -f module_ra_rrtmg_sw.o
sed -e "s/^\!.*'.*//" -e "s/^ *\!.*'.*//" module_ra_rrtmg_sw.F > module_ra_rrtmg_sw.G
/lib/cpp -P -nostdinc -I/data1/home/marcos/WRF_old/new/WRF/inc -DEM_CORE=1 -DNMM_CORE=0 -DNMM_MAX_DIM=2600 -DDA_CORE=0 -DWRFPLUS=0 -DIWORDSIZE=4 -DDWORDSIZE=8 -DRWORDSIZE=4 -DLWORDSIZE=4 -DNONSTANDARD_SYSTEM_FUNC  -DWRF_USE_CLM -DRPC_TYPES=1  -DDM_PARALLEL -DNETCDF -DLANDREAD_STUB=1 -DUSE_ALLOCATABLES -Dwrfmodel -DGRIB1 -DINTIO -DKEEP_INT_AROUND -DLIMIT_ARGS -DBUILD_RRTMG_FAST=0 -DBUILD_RRTMK=0 -DBUILD_SBM_FAST=1 -DSHOW_ALL_VARS_USED=0 -DCONFIG_BUF_LEN=65536 -DMAX_DOMAINS_F=21 -DMAX_HISTORY=25 -DNMM_NEST=0  -I. -traditional-cpp   module_ra_rrtmg_sw.G  > module_ra_rrtmg_sw.bb
/data1/home/marcos/WRF_old/new/WRF/tools/standard.exe module_ra_rrtmg_sw.bb | /lib/cpp -P -nostdinc -traditional-cpp > module_ra_rrtmg_sw.f90
rm -f module_ra_rrtmg_sw.G module_ra_rrtmg_sw.bb
time /data1/sw/local/mpich/bin/mpif90 -f90=ifort -o module_ra_rrtmg_sw.o -c -O3 -ip -fp-model precise -w -ftz -align all -fno-alias -FR -convert big_endian    -I../dyn_em -I../dyn_nmm  -I/data1/home/marcos/WRF_old/new/WRF/external/esmf_time_f90  -I/data1/home/marcos/WRF_old/new/WRF/main -I/data1/home/marcos/WRF_old/new/WRF/external/io_netcdf -I/data1/home/marcos/WRF_old/new/WRF/external/io_int -I/data1/home/marcos/WRF_old/new/WRF/frame -I/data1/home/marcos/WRF_old/new/WRF/share -I/data1/home/marcos/WRF_old/new/WRF/phys -I/data1/home/marcos/WRF_old/new/WRF/wrftladj -I/data1/home/marcos/WRF_old/new/WRF/chem -I/data1/home/marcos/WRF_old/new/WRF/inc -I/home/marcos/libs/netcdf/include  -real-size `expr 8 \* 4` -i4  module_ra_rrtmg_sw.f90
rm -f module_ra_rrtmg_swf.o
sed -e "s/^\!.*'.*//" -e "s/^ *\!.*'.*//" module_ra_rrtmg_swf.F > module_ra_rrtmg_swf.G
/lib/cpp -P -nostdinc -I/data1/home/marcos/WRF_old/new/WRF/inc -DEM_CORE=1 -DNMM_CORE=0 -DNMM_MAX_DIM=2600 -DDA_CORE=0 -DWRFPLUS=0 -DIWORDSIZE=4 -DDWORDSIZE=8 -DRWORDSIZE=4 -DLWORDSIZE=4 -DNONSTANDARD_SYSTEM_FUNC  -DWRF_USE_CLM -DRPC_TYPES=1  -DDM_PARALLEL -DNETCDF -DLANDREAD_STUB=1 -DUSE_ALLOCATABLES -Dwrfmodel -DGRIB1 -DINTIO -DKEEP_INT_AROUND -DLIMIT_ARGS -DBUILD_RRTMG_FAST=0 -DBUILD_RRTMK=0 -DBUILD_SBM_FAST=1 -DSHOW_ALL_VARS_USED=0 -DCONFIG_BUF_LEN=65536 -DMAX_DOMAINS_F=21 -DMAX_HISTORY=25 -DNMM_NEST=0  -I. -traditional-cpp   module_ra_rrtmg_swf.G  > module_ra_rrtmg_swf.bb
/data1/home/marcos/WRF_old/new/WRF/tools/standard.exe module_ra_rrtmg_swf.bb | /lib/cpp -P -nostdinc -traditional-cpp > module_ra_rrtmg_swf.f90
rm -f module_ra_rrtmg_swf.G module_ra_rrtmg_swf.bb
time /data1/sw/local/mpich/bin/mpif90 -f90=ifort -o module_ra_rrtmg_swf.o -c -O3 -ip -fp-model precise -w -ftz -align all -fno-alias -FR -convert big_endian    -I../dyn_em -I../dyn_nmm  -I/data1/home/marcos/WRF_old/new/WRF/external/esmf_time_f90  -I/data1/home/marcos/WRF_old/new/WRF/main -I/data1/home/marcos/WRF_old/new/WRF/external/io_netcdf -I/data1/home/marcos/WRF_old/new/WRF/external/io_int -I/data1/home/marcos/WRF_old/new/WRF/frame -I/data1/home/marcos/WRF_old/new/WRF/share -I/data1/home/marcos/WRF_old/new/WRF/phys -I/data1/home/marcos/WRF_old/new/WRF/wrftladj -I/data1/home/marcos/WRF_old/new/WRF/chem -I/data1/home/marcos/WRF_old/new/WRF/inc -I/home/marcos/libs/netcdf/include  -real-size `expr 8 \* 4` -i4  module_ra_rrtmg_swf.f90
rm -f module_ra_rrtmg_swk.o
sed -e "s/^\!.*'.*//" -e "s/^ *\!.*'.*//" module_ra_rrtmg_swk.F > module_ra_rrtmg_swk.G
/lib/cpp -P -nostdinc -I/data1/home/marcos/WRF_old/new/WRF/inc -DEM_CORE=1 -DNMM_CORE=0 -DNMM_MAX_DIM=2600 -DDA_CORE=0 -DWRFPLUS=0 -DIWORDSIZE=4 -DDWORDSIZE=8 -DRWORDSIZE=4 -DLWORDSIZE=4 -DNONSTANDARD_SYSTEM_FUNC  -DWRF_USE_CLM -DRPC_TYPES=1  -DDM_PARALLEL -DNETCDF -DLANDREAD_STUB=1 -DUSE_ALLOCATABLES -Dwrfmodel -DGRIB1 -DINTIO -DKEEP_INT_AROUND -DLIMIT_ARGS -DBUILD_RRTMG_FAST=0 -DBUILD_RRTMK=0 -DBUILD_SBM_FAST=1 -DSHOW_ALL_VARS_USED=0 -DCONFIG_BUF_LEN=65536 -DMAX_DOMAINS_F=21 -DMAX_HISTORY=25 -DNMM_NEST=0  -I. -traditional-cpp   module_ra_rrtmg_swk.G  > module_ra_rrtmg_swk.bb
/data1/home/marcos/WRF_old/new/WRF/tools/standard.exe module_ra_rrtmg_swk.bb | /lib/cpp -P -nostdinc -traditional-cpp > module_ra_rrtmg_swk.f90
rm -f module_ra_rrtmg_swk.G module_ra_rrtmg_swk.bb
time /data1/sw/local/mpich/bin/mpif90 -f90=ifort -o module_ra_rrtmg_swk.o -c -O3 -ip -fp-model precise -w -ftz -align all -fno-alias -FR -convert big_endian    -I../dyn_em -I../dyn_nmm  -I/data1/home/marcos/WRF_old/new/WRF/external/esmf_time_f90  -I/data1/home/marcos/WRF_old/new/WRF/main -I/data1/home/marcos/WRF_old/new/WRF/external/io_netcdf -I/data1/home/marcos/WRF_old/new/WRF/external/io_int -I/data1/home/marcos/WRF_old/new/WRF/frame -I/data1/home/marcos/WRF_old/new/WRF/share -I/data1/home/marcos/WRF_old/new/WRF/phys -I/data1/home/marcos/WRF_old/new/WRF/wrftladj -I/data1/home/marcos/WRF_old/new/WRF/chem -I/data1/home/marcos/WRF_old/new/WRF/inc -I/home/marcos/libs/netcdf/include  -real-size `expr 8 \* 4` -i4  module_ra_rrtmg_swk.f90
rm -f module_ra_cam.o
sed -e "s/^\!.*'.*//" -e "s/^ *\!.*'.*//" module_ra_cam.F > module_ra_cam.G
/lib/cpp -P -nostdinc -I/data1/home/marcos/WRF_old/new/WRF/inc -DEM_CORE=1 -DNMM_CORE=0 -DNMM_MAX_DIM=2600 -DDA_CORE=0 -DWRFPLUS=0 -DIWORDSIZE=4 -DDWORDSIZE=8 -DRWORDSIZE=4 -DLWORDSIZE=4 -DNONSTANDARD_SYSTEM_FUNC  -DWRF_USE_CLM -DRPC_TYPES=1  -DDM_PARALLEL -DNETCDF -DLANDREAD_STUB=1 -DUSE_ALLOCATABLES -Dwrfmodel -DGRIB1 -DINTIO -DKEEP_INT_AROUND -DLIMIT_ARGS -DBUILD_RRTMG_FAST=0 -DBUILD_RRTMK=0 -DBUILD_SBM_FAST=1 -DSHOW_ALL_VARS_USED=0 -DCONFIG_BUF_LEN=65536 -DMAX_DOMAINS_F=21 -DMAX_HISTORY=25 -DNMM_NEST=0  -I. -traditional-cpp   module_ra_cam.G  > module_ra_cam.bb
/data1/home/marcos/WRF_old/new/WRF/tools/standard.exe module_ra_cam.bb | /lib/cpp -P -nostdinc -traditional-cpp > module_ra_cam.f90
rm -f module_ra_cam.G module_ra_cam.bb
time /data1/sw/local/mpich/bin/mpif90 -f90=ifort -o module_ra_cam.o -c -O3 -ip -fp-model precise -w -ftz -align all -fno-alias -FR -convert big_endian    -I../dyn_em -I../dyn_nmm  -I/data1/home/marcos/WRF_old/new/WRF/external/esmf_time_f90  -I/data1/home/marcos/WRF_old/new/WRF/main -I/data1/home/marcos/WRF_old/new/WRF/external/io_netcdf -I/data1/home/marcos/WRF_old/new/WRF/external/io_int -I/data1/home/marcos/WRF_old/new/WRF/frame -I/data1/home/marcos/WRF_old/new/WRF/share -I/data1/home/marcos/WRF_old/new/WRF/phys -I/data1/home/marcos/WRF_old/new/WRF/wrftladj -I/data1/home/marcos/WRF_old/new/WRF/chem -I/data1/home/marcos/WRF_old/new/WRF/inc -I/home/marcos/libs/netcdf/include  -real-size `expr 8 \* 4` -i4  module_ra_cam.f90
rm -f module_sf_noahlsm_glacial_only.o
sed -e "s/^\!.*'.*//" -e "s/^ *\!.*'.*//" module_sf_noahlsm_glacial_only.F > module_sf_noahlsm_glacial_only.G
/lib/cpp -P -nostdinc -I/data1/home/marcos/WRF_old/new/WRF/inc -DEM_CORE=1 -DNMM_CORE=0 -DNMM_MAX_DIM=2600 -DDA_CORE=0 -DWRFPLUS=0 -DIWORDSIZE=4 -DDWORDSIZE=8 -DRWORDSIZE=4 -DLWORDSIZE=4 -DNONSTANDARD_SYSTEM_FUNC  -DWRF_USE_CLM -DRPC_TYPES=1  -DDM_PARALLEL -DNETCDF -DLANDREAD_STUB=1 -DUSE_ALLOCATABLES -Dwrfmodel -DGRIB1 -DINTIO -DKEEP_INT_AROUND -DLIMIT_ARGS -DBUILD_RRTMG_FAST=0 -DBUILD_RRTMK=0 -DBUILD_SBM_FAST=1 -DSHOW_ALL_VARS_USED=0 -DCONFIG_BUF_LEN=65536 -DMAX_DOMAINS_F=21 -DMAX_HISTORY=25 -DNMM_NEST=0  -I. -traditional-cpp   module_sf_noahlsm_glacial_only.G  > module_sf_noahlsm_glacial_only.bb
/data1/home/marcos/WRF_old/new/WRF/tools/standard.exe module_sf_noahlsm_glacial_only.bb | /lib/cpp -P -nostdinc -traditional-cpp > module_sf_noahlsm_glacial_only.f90
rm -f module_sf_noahlsm_glacial_only.G module_sf_noahlsm_glacial_only.bb
time /data1/sw/local/mpich/bin/mpif90 -f90=ifort -o module_sf_noahlsm_glacial_only.o -c -O3 -ip -fp-model precise -w -ftz -align all -fno-alias -FR -convert big_endian    -I../dyn_em -I../dyn_nmm  -I/data1/home/marcos/WRF_old/new/WRF/external/esmf_time_f90  -I/data1/home/marcos/WRF_old/new/WRF/main -I/data1/home/marcos/WRF_old/new/WRF/external/io_netcdf -I/data1/home/marcos/WRF_old/new/WRF/external/io_int -I/data1/home/marcos/WRF_old/new/WRF/frame -I/data1/home/marcos/WRF_old/new/WRF/share -I/data1/home/marcos/WRF_old/new/WRF/phys -I/data1/home/marcos/WRF_old/new/WRF/wrftladj -I/data1/home/marcos/WRF_old/new/WRF/chem -I/data1/home/marcos/WRF_old/new/WRF/inc -I/home/marcos/libs/netcdf/include  -real-size `expr 8 \* 4` -i4  module_sf_noahlsm_glacial_only.f90
rm -f module_sf_noahmpdrv.o
sed -e "s/^\!.*'.*//" -e "s/^ *\!.*'.*//" module_sf_noahmpdrv.F > module_sf_noahmpdrv.G
/lib/cpp -P -nostdinc -I/data1/home/marcos/WRF_old/new/WRF/inc -DEM_CORE=1 -DNMM_CORE=0 -DNMM_MAX_DIM=2600 -DDA_CORE=0 -DWRFPLUS=0 -DIWORDSIZE=4 -DDWORDSIZE=8 -DRWORDSIZE=4 -DLWORDSIZE=4 -DNONSTANDARD_SYSTEM_FUNC  -DWRF_USE_CLM -DRPC_TYPES=1  -DDM_PARALLEL -DNETCDF -DLANDREAD_STUB=1 -DUSE_ALLOCATABLES -Dwrfmodel -DGRIB1 -DINTIO -DKEEP_INT_AROUND -DLIMIT_ARGS -DBUILD_RRTMG_FAST=0 -DBUILD_RRTMK=0 -DBUILD_SBM_FAST=1 -DSHOW_ALL_VARS_USED=0 -DCONFIG_BUF_LEN=65536 -DMAX_DOMAINS_F=21 -DMAX_HISTORY=25 -DNMM_NEST=0  -I. -traditional-cpp   module_sf_noahmpdrv.G  > module_sf_noahmpdrv.bb
/data1/home/marcos/WRF_old/new/WRF/tools/standard.exe module_sf_noahmpdrv.bb | /lib/cpp -P -nostdinc -traditional-cpp > module_sf_noahmpdrv.f90
rm -f module_sf_noahmpdrv.G module_sf_noahmpdrv.bb
time /data1/sw/local/mpich/bin/mpif90 -f90=ifort -o module_sf_noahmpdrv.o -c -O3 -ip -fp-model precise -w -ftz -align all -fno-alias -FR -convert big_endian    -I../dyn_em -I../dyn_nmm  -I/data1/home/marcos/WRF_old/new/WRF/external/esmf_time_f90  -I/data1/home/marcos/WRF_old/new/WRF/main -I/data1/home/marcos/WRF_old/new/WRF/external/io_netcdf -I/data1/home/marcos/WRF_old/new/WRF/external/io_int -I/data1/home/marcos/WRF_old/new/WRF/frame -I/data1/home/marcos/WRF_old/new/WRF/share -I/data1/home/marcos/WRF_old/new/WRF/phys -I/data1/home/marcos/WRF_old/new/WRF/wrftladj -I/data1/home/marcos/WRF_old/new/WRF/chem -I/data1/home/marcos/WRF_old/new/WRF/inc -I/home/marcos/libs/netcdf/include  -real-size `expr 8 \* 4` -i4  module_sf_noahmpdrv.f90
rm -f module_diag_afwa.o
sed -e "s/^\!.*'.*//" -e "s/^ *\!.*'.*//" module_diag_afwa.F > module_diag_afwa.G
/lib/cpp -P -nostdinc -I/data1/home/marcos/WRF_old/new/WRF/inc -DEM_CORE=1 -DNMM_CORE=0 -DNMM_MAX_DIM=2600 -DDA_CORE=0 -DWRFPLUS=0 -DIWORDSIZE=4 -DDWORDSIZE=8 -DRWORDSIZE=4 -DLWORDSIZE=4 -DNONSTANDARD_SYSTEM_FUNC  -DWRF_USE_CLM -DRPC_TYPES=1  -DDM_PARALLEL -DNETCDF -DLANDREAD_STUB=1 -DUSE_ALLOCATABLES -Dwrfmodel -DGRIB1 -DINTIO -DKEEP_INT_AROUND -DLIMIT_ARGS -DBUILD_RRTMG_FAST=0 -DBUILD_RRTMK=0 -DBUILD_SBM_FAST=1 -DSHOW_ALL_VARS_USED=0 -DCONFIG_BUF_LEN=65536 -DMAX_DOMAINS_F=21 -DMAX_HISTORY=25 -DNMM_NEST=0  -I. -traditional-cpp   module_diag_afwa.G  > module_diag_afwa.bb
/data1/home/marcos/WRF_old/new/WRF/tools/standard.exe module_diag_afwa.bb | /lib/cpp -P -nostdinc -traditional-cpp > module_diag_afwa.f90
rm -f module_diag_afwa.G module_diag_afwa.bb
time /data1/sw/local/mpich/bin/mpif90 -f90=ifort -o module_diag_afwa.o -c -O3 -ip -fp-model precise -w -ftz -align all -fno-alias -FR -convert big_endian    -I../dyn_em -I../dyn_nmm  -I/data1/home/marcos/WRF_old/new/WRF/external/esmf_time_f90  -I/data1/home/marcos/WRF_old/new/WRF/main -I/data1/home/marcos/WRF_old/new/WRF/external/io_netcdf -I/data1/home/marcos/WRF_old/new/WRF/external/io_int -I/data1/home/marcos/WRF_old/new/WRF/frame -I/data1/home/marcos/WRF_old/new/WRF/share -I/data1/home/marcos/WRF_old/new/WRF/phys -I/data1/home/marcos/WRF_old/new/WRF/wrftladj -I/data1/home/marcos/WRF_old/new/WRF/chem -I/data1/home/marcos/WRF_old/new/WRF/inc -I/home/marcos/libs/netcdf/include  -real-size `expr 8 \* 4` -i4  module_diag_afwa.f90
rm -f module_fr_fire_core.o
sed -e "s/^\!.*'.*//" -e "s/^ *\!.*'.*//" module_fr_fire_core.F > module_fr_fire_core.G
/lib/cpp -P -nostdinc -I/data1/home/marcos/WRF_old/new/WRF/inc -DEM_CORE=1 -DNMM_CORE=0 -DNMM_MAX_DIM=2600 -DDA_CORE=0 -DWRFPLUS=0 -DIWORDSIZE=4 -DDWORDSIZE=8 -DRWORDSIZE=4 -DLWORDSIZE=4 -DNONSTANDARD_SYSTEM_FUNC  -DWRF_USE_CLM -DRPC_TYPES=1  -DDM_PARALLEL -DNETCDF -DLANDREAD_STUB=1 -DUSE_ALLOCATABLES -Dwrfmodel -DGRIB1 -DINTIO -DKEEP_INT_AROUND -DLIMIT_ARGS -DBUILD_RRTMG_FAST=0 -DBUILD_RRTMK=0 -DBUILD_SBM_FAST=1 -DSHOW_ALL_VARS_USED=0 -DCONFIG_BUF_LEN=65536 -DMAX_DOMAINS_F=21 -DMAX_HISTORY=25 -DNMM_NEST=0  -I. -traditional-cpp   module_fr_fire_core.G  > module_fr_fire_core.bb
/data1/home/marcos/WRF_old/new/WRF/tools/standard.exe module_fr_fire_core.bb | /lib/cpp -P -nostdinc -traditional-cpp > module_fr_fire_core.f90
rm -f module_fr_fire_core.G module_fr_fire_core.bb
time /data1/sw/local/mpich/bin/mpif90 -f90=ifort -o module_fr_fire_core.o -c -O3 -ip -fp-model precise -w -ftz -align all -fno-alias -FR -convert big_endian    -I../dyn_em -I../dyn_nmm  -I/data1/home/marcos/WRF_old/new/WRF/external/esmf_time_f90  -I/data1/home/marcos/WRF_old/new/WRF/main -I/data1/home/marcos/WRF_old/new/WRF/external/io_netcdf -I/data1/home/marcos/WRF_old/new/WRF/external/io_int -I/data1/home/marcos/WRF_old/new/WRF/frame -I/data1/home/marcos/WRF_old/new/WRF/share -I/data1/home/marcos/WRF_old/new/WRF/phys -I/data1/home/marcos/WRF_old/new/WRF/wrftladj -I/data1/home/marcos/WRF_old/new/WRF/chem -I/data1/home/marcos/WRF_old/new/WRF/inc -I/home/marcos/libs/netcdf/include  -real-size `expr 8 \* 4` -i4  module_fr_fire_core.f90
rm -f module_cam_gffgch.o
sed -e "s/^\!.*'.*//" -e "s/^ *\!.*'.*//" module_cam_gffgch.F > module_cam_gffgch.G
/lib/cpp -P -nostdinc -I/data1/home/marcos/WRF_old/new/WRF/inc -DEM_CORE=1 -DNMM_CORE=0 -DNMM_MAX_DIM=2600 -DDA_CORE=0 -DWRFPLUS=0 -DIWORDSIZE=4 -DDWORDSIZE=8 -DRWORDSIZE=4 -DLWORDSIZE=4 -DNONSTANDARD_SYSTEM_FUNC  -DWRF_USE_CLM -DRPC_TYPES=1  -DDM_PARALLEL -DNETCDF -DLANDREAD_STUB=1 -DUSE_ALLOCATABLES -Dwrfmodel -DGRIB1 -DINTIO -DKEEP_INT_AROUND -DLIMIT_ARGS -DBUILD_RRTMG_FAST=0 -DBUILD_RRTMK=0 -DBUILD_SBM_FAST=1 -DSHOW_ALL_VARS_USED=0 -DCONFIG_BUF_LEN=65536 -DMAX_DOMAINS_F=21 -DMAX_HISTORY=25 -DNMM_NEST=0  -I. -traditional-cpp   module_cam_gffgch.G  > module_cam_gffgch.bb
/data1/home/marcos/WRF_old/new/WRF/tools/standard.exe module_cam_gffgch.bb | /lib/cpp -P -nostdinc -traditional-cpp > module_cam_gffgch.f90
rm -f module_cam_gffgch.G module_cam_gffgch.bb
time /data1/sw/local/mpich/bin/mpif90 -f90=ifort -o module_cam_gffgch.o -c -O3 -ip -fp-model precise -w -ftz -align all -fno-alias -FR -convert big_endian    -I../dyn_em -I../dyn_nmm  -I/data1/home/marcos/WRF_old/new/WRF/external/esmf_time_f90  -I/data1/home/marcos/WRF_old/new/WRF/main -I/data1/home/marcos/WRF_old/new/WRF/external/io_netcdf -I/data1/home/marcos/WRF_old/new/WRF/external/io_int -I/data1/home/marcos/WRF_old/new/WRF/frame -I/data1/home/marcos/WRF_old/new/WRF/share -I/data1/home/marcos/WRF_old/new/WRF/phys -I/data1/home/marcos/WRF_old/new/WRF/wrftladj -I/data1/home/marcos/WRF_old/new/WRF/chem -I/data1/home/marcos/WRF_old/new/WRF/inc -I/home/marcos/libs/netcdf/include  -real-size `expr 8 \* 4` -i4  module_cam_gffgch.f90
rm -f module_cam_constituents.o
sed -e "s/^\!.*'.*//" -e "s/^ *\!.*'.*//" module_cam_constituents.F > module_cam_constituents.G
/lib/cpp -P -nostdinc -I/data1/home/marcos/WRF_old/new/WRF/inc -DEM_CORE=1 -DNMM_CORE=0 -DNMM_MAX_DIM=2600 -DDA_CORE=0 -DWRFPLUS=0 -DIWORDSIZE=4 -DDWORDSIZE=8 -DRWORDSIZE=4 -DLWORDSIZE=4 -DNONSTANDARD_SYSTEM_FUNC  -DWRF_USE_CLM -DRPC_TYPES=1  -DDM_PARALLEL -DNETCDF -DLANDREAD_STUB=1 -DUSE_ALLOCATABLES -Dwrfmodel -DGRIB1 -DINTIO -DKEEP_INT_AROUND -DLIMIT_ARGS -DBUILD_RRTMG_FAST=0 -DBUILD_RRTMK=0 -DBUILD_SBM_FAST=1 -DSHOW_ALL_VARS_USED=0 -DCONFIG_BUF_LEN=65536 -DMAX_DOMAINS_F=21 -DMAX_HISTORY=25 -DNMM_NEST=0  -I. -traditional-cpp   module_cam_constituents.G  > module_cam_constituents.bb
/data1/home/marcos/WRF_old/new/WRF/tools/standard.exe module_cam_constituents.bb | /lib/cpp -P -nostdinc -traditional-cpp > module_cam_constituents.f90
rm -f module_cam_constituents.G module_cam_constituents.bb
time /data1/sw/local/mpich/bin/mpif90 -f90=ifort -o module_cam_constituents.o -c -O3 -ip -fp-model precise -w -ftz -align all -fno-alias -FR -convert big_endian    -I../dyn_em -I../dyn_nmm  -I/data1/home/marcos/WRF_old/new/WRF/external/esmf_time_f90  -I/data1/home/marcos/WRF_old/new/WRF/main -I/data1/home/marcos/WRF_old/new/WRF/external/io_netcdf -I/data1/home/marcos/WRF_old/new/WRF/external/io_int -I/data1/home/marcos/WRF_old/new/WRF/frame -I/data1/home/marcos/WRF_old/new/WRF/share -I/data1/home/marcos/WRF_old/new/WRF/phys -I/data1/home/marcos/WRF_old/new/WRF/wrftladj -I/data1/home/marcos/WRF_old/new/WRF/chem -I/data1/home/marcos/WRF_old/new/WRF/inc -I/home/marcos/libs/netcdf/include  -real-size `expr 8 \* 4` -i4  module_cam_constituents.f90
rm -f module_cam_mp_modal_aero_initialize_data_phys.o
sed -e "s/^\!.*'.*//" -e "s/^ *\!.*'.*//" module_cam_mp_modal_aero_initialize_data_phys.F > module_cam_mp_modal_aero_initialize_data_phys.G
/lib/cpp -P -nostdinc -I/data1/home/marcos/WRF_old/new/WRF/inc -DEM_CORE=1 -DNMM_CORE=0 -DNMM_MAX_DIM=2600 -DDA_CORE=0 -DWRFPLUS=0 -DIWORDSIZE=4 -DDWORDSIZE=8 -DRWORDSIZE=4 -DLWORDSIZE=4 -DNONSTANDARD_SYSTEM_FUNC  -DWRF_USE_CLM -DRPC_TYPES=1  -DDM_PARALLEL -DNETCDF -DLANDREAD_STUB=1 -DUSE_ALLOCATABLES -Dwrfmodel -DGRIB1 -DINTIO -DKEEP_INT_AROUND -DLIMIT_ARGS -DBUILD_RRTMG_FAST=0 -DBUILD_RRTMK=0 -DBUILD_SBM_FAST=1 -DSHOW_ALL_VARS_USED=0 -DCONFIG_BUF_LEN=65536 -DMAX_DOMAINS_F=21 -DMAX_HISTORY=25 -DNMM_NEST=0  -I. -traditional-cpp   module_cam_mp_modal_aero_initialize_data_phys.G  > module_cam_mp_modal_aero_initialize_data_phys.bb
/data1/home/marcos/WRF_old/new/WRF/tools/standard.exe module_cam_mp_modal_aero_initialize_data_phys.bb | /lib/cpp -P -nostdinc -traditional-cpp > module_cam_mp_modal_aero_initialize_data_phys.f90
rm -f module_cam_mp_modal_aero_initialize_data_phys.G module_cam_mp_modal_aero_initialize_data_phys.bb
time /data1/sw/local/mpich/bin/mpif90 -f90=ifort -o module_cam_mp_modal_aero_initialize_data_phys.o -c -O3 -ip -fp-model precise -w -ftz -align all -fno-alias -FR -convert big_endian    -I../dyn_em -I../dyn_nmm  -I/data1/home/marcos/WRF_old/new/WRF/external/esmf_time_f90  -I/data1/home/marcos/WRF_old/new/WRF/main -I/data1/home/marcos/WRF_old/new/WRF/external/io_netcdf -I/data1/home/marcos/WRF_old/new/WRF/external/io_int -I/data1/home/marcos/WRF_old/new/WRF/frame -I/data1/home/marcos/WRF_old/new/WRF/share -I/data1/home/marcos/WRF_old/new/WRF/phys -I/data1/home/marcos/WRF_old/new/WRF/wrftladj -I/data1/home/marcos/WRF_old/new/WRF/chem -I/data1/home/marcos/WRF_old/new/WRF/inc -I/home/marcos/libs/netcdf/include  -real-size `expr 8 \* 4` -i4  module_cam_mp_modal_aero_initialize_data_phys.f90
rm -f module_radiation_driver.o
sed -e "s/^\!.*'.*//" -e "s/^ *\!.*'.*//" module_radiation_driver.F > module_radiation_driver.G
/lib/cpp -P -nostdinc -I/data1/home/marcos/WRF_old/new/WRF/inc -DEM_CORE=1 -DNMM_CORE=0 -DNMM_MAX_DIM=2600 -DDA_CORE=0 -DWRFPLUS=0 -DIWORDSIZE=4 -DDWORDSIZE=8 -DRWORDSIZE=4 -DLWORDSIZE=4 -DNONSTANDARD_SYSTEM_FUNC  -DWRF_USE_CLM -DRPC_TYPES=1  -DDM_PARALLEL -DNETCDF -DLANDREAD_STUB=1 -DUSE_ALLOCATABLES -Dwrfmodel -DGRIB1 -DINTIO -DKEEP_INT_AROUND -DLIMIT_ARGS -DBUILD_RRTMG_FAST=0 -DBUILD_RRTMK=0 -DBUILD_SBM_FAST=1 -DSHOW_ALL_VARS_USED=0 -DCONFIG_BUF_LEN=65536 -DMAX_DOMAINS_F=21 -DMAX_HISTORY=25 -DNMM_NEST=0  -I. -traditional-cpp   module_radiation_driver.G  > module_radiation_driver.bb
/data1/home/marcos/WRF_old/new/WRF/tools/standard.exe module_radiation_driver.bb | /lib/cpp -P -nostdinc -traditional-cpp > module_radiation_driver.f90
rm -f module_radiation_driver.G module_radiation_driver.bb
time /data1/sw/local/mpich/bin/mpif90 -f90=ifort -o module_radiation_driver.o -c -O3 -ip -fp-model precise -w -ftz -align all -fno-alias -FR -convert big_endian    -I../dyn_em -I../dyn_nmm  -I/data1/home/marcos/WRF_old/new/WRF/external/esmf_time_f90  -I/data1/home/marcos/WRF_old/new/WRF/main -I/data1/home/marcos/WRF_old/new/WRF/external/io_netcdf -I/data1/home/marcos/WRF_old/new/WRF/external/io_int -I/data1/home/marcos/WRF_old/new/WRF/frame -I/data1/home/marcos/WRF_old/new/WRF/share -I/data1/home/marcos/WRF_old/new/WRF/phys -I/data1/home/marcos/WRF_old/new/WRF/wrftladj -I/data1/home/marcos/WRF_old/new/WRF/chem -I/data1/home/marcos/WRF_old/new/WRF/inc -I/home/marcos/libs/netcdf/include  -real-size `expr 8 \* 4` -i4  module_radiation_driver.f90
rm -f module_sf_noahdrv.o
sed -e "s/^\!.*'.*//" -e "s/^ *\!.*'.*//" module_sf_noahdrv.F > module_sf_noahdrv.G
/lib/cpp -P -nostdinc -I/data1/home/marcos/WRF_old/new/WRF/inc -DEM_CORE=1 -DNMM_CORE=0 -DNMM_MAX_DIM=2600 -DDA_CORE=0 -DWRFPLUS=0 -DIWORDSIZE=4 -DDWORDSIZE=8 -DRWORDSIZE=4 -DLWORDSIZE=4 -DNONSTANDARD_SYSTEM_FUNC  -DWRF_USE_CLM -DRPC_TYPES=1  -DDM_PARALLEL -DNETCDF -DLANDREAD_STUB=1 -DUSE_ALLOCATABLES -Dwrfmodel -DGRIB1 -DINTIO -DKEEP_INT_AROUND -DLIMIT_ARGS -DBUILD_RRTMG_FAST=0 -DBUILD_RRTMK=0 -DBUILD_SBM_FAST=1 -DSHOW_ALL_VARS_USED=0 -DCONFIG_BUF_LEN=65536 -DMAX_DOMAINS_F=21 -DMAX_HISTORY=25 -DNMM_NEST=0  -I. -traditional-cpp   module_sf_noahdrv.G  > module_sf_noahdrv.bb
/data1/home/marcos/WRF_old/new/WRF/tools/standard.exe module_sf_noahdrv.bb | /lib/cpp -P -nostdinc -traditional-cpp > module_sf_noahdrv.f90
rm -f module_sf_noahdrv.G module_sf_noahdrv.bb
time /data1/sw/local/mpich/bin/mpif90 -f90=ifort -o module_sf_noahdrv.o -c -O3 -ip -fp-model precise -w -ftz -align all -fno-alias -FR -convert big_endian    -I../dyn_em -I../dyn_nmm  -I/data1/home/marcos/WRF_old/new/WRF/external/esmf_time_f90  -I/data1/home/marcos/WRF_old/new/WRF/main -I/data1/home/marcos/WRF_old/new/WRF/external/io_netcdf -I/data1/home/marcos/WRF_old/new/WRF/external/io_int -I/data1/home/marcos/WRF_old/new/WRF/frame -I/data1/home/marcos/WRF_old/new/WRF/share -I/data1/home/marcos/WRF_old/new/WRF/phys -I/data1/home/marcos/WRF_old/new/WRF/wrftladj -I/data1/home/marcos/WRF_old/new/WRF/chem -I/data1/home/marcos/WRF_old/new/WRF/inc -I/home/marcos/libs/netcdf/include  -real-size `expr 8 \* 4` -i4  module_sf_noahdrv.f90
rm -f module_diagnostics_driver.o
sed -e "s/^\!.*'.*//" -e "s/^ *\!.*'.*//" module_diagnostics_driver.F > module_diagnostics_driver.G
/lib/cpp -P -nostdinc -I/data1/home/marcos/WRF_old/new/WRF/inc -DEM_CORE=1 -DNMM_CORE=0 -DNMM_MAX_DIM=2600 -DDA_CORE=0 -DWRFPLUS=0 -DIWORDSIZE=4 -DDWORDSIZE=8 -DRWORDSIZE=4 -DLWORDSIZE=4 -DNONSTANDARD_SYSTEM_FUNC  -DWRF_USE_CLM -DRPC_TYPES=1  -DDM_PARALLEL -DNETCDF -DLANDREAD_STUB=1 -DUSE_ALLOCATABLES -Dwrfmodel -DGRIB1 -DINTIO -DKEEP_INT_AROUND -DLIMIT_ARGS -DBUILD_RRTMG_FAST=0 -DBUILD_RRTMK=0 -DBUILD_SBM_FAST=1 -DSHOW_ALL_VARS_USED=0 -DCONFIG_BUF_LEN=65536 -DMAX_DOMAINS_F=21 -DMAX_HISTORY=25 -DNMM_NEST=0  -I. -traditional-cpp   module_diagnostics_driver.G  > module_diagnostics_driver.bb
/data1/home/marcos/WRF_old/new/WRF/tools/standard.exe module_diagnostics_driver.bb | /lib/cpp -P -nostdinc -traditional-cpp > module_diagnostics_driver.f90
rm -f module_diagnostics_driver.G module_diagnostics_driver.bb
time /data1/sw/local/mpich/bin/mpif90 -f90=ifort -o module_diagnostics_driver.o -c -O3 -ip -fp-model precise -w -ftz -align all -fno-alias -FR -convert big_endian    -I../dyn_em -I../dyn_nmm  -I/data1/home/marcos/WRF_old/new/WRF/external/esmf_time_f90  -I/data1/home/marcos/WRF_old/new/WRF/main -I/data1/home/marcos/WRF_old/new/WRF/external/io_netcdf -I/data1/home/marcos/WRF_old/new/WRF/external/io_int -I/data1/home/marcos/WRF_old/new/WRF/frame -I/data1/home/marcos/WRF_old/new/WRF/share -I/data1/home/marcos/WRF_old/new/WRF/phys -I/data1/home/marcos/WRF_old/new/WRF/wrftladj -I/data1/home/marcos/WRF_old/new/WRF/chem -I/data1/home/marcos/WRF_old/new/WRF/inc -I/home/marcos/libs/netcdf/include  -real-size `expr 8 \* 4` -i4  module_diagnostics_driver.f90
rm -f module_fr_fire_model.o
sed -e "s/^\!.*'.*//" -e "s/^ *\!.*'.*//" module_fr_fire_model.F > module_fr_fire_model.G
/lib/cpp -P -nostdinc -I/data1/home/marcos/WRF_old/new/WRF/inc -DEM_CORE=1 -DNMM_CORE=0 -DNMM_MAX_DIM=2600 -DDA_CORE=0 -DWRFPLUS=0 -DIWORDSIZE=4 -DDWORDSIZE=8 -DRWORDSIZE=4 -DLWORDSIZE=4 -DNONSTANDARD_SYSTEM_FUNC  -DWRF_USE_CLM -DRPC_TYPES=1  -DDM_PARALLEL -DNETCDF -DLANDREAD_STUB=1 -DUSE_ALLOCATABLES -Dwrfmodel -DGRIB1 -DINTIO -DKEEP_INT_AROUND -DLIMIT_ARGS -DBUILD_RRTMG_FAST=0 -DBUILD_RRTMK=0 -DBUILD_SBM_FAST=1 -DSHOW_ALL_VARS_USED=0 -DCONFIG_BUF_LEN=65536 -DMAX_DOMAINS_F=21 -DMAX_HISTORY=25 -DNMM_NEST=0  -I. -traditional-cpp   module_fr_fire_model.G  > module_fr_fire_model.bb
/data1/home/marcos/WRF_old/new/WRF/tools/standard.exe module_fr_fire_model.bb | /lib/cpp -P -nostdinc -traditional-cpp > module_fr_fire_model.f90
rm -f module_fr_fire_model.G module_fr_fire_model.bb
time /data1/sw/local/mpich/bin/mpif90 -f90=ifort -o module_fr_fire_model.o -c -O3 -ip -fp-model precise -w -ftz -align all -fno-alias -FR -convert big_endian    -I../dyn_em -I../dyn_nmm  -I/data1/home/marcos/WRF_old/new/WRF/external/esmf_time_f90  -I/data1/home/marcos/WRF_old/new/WRF/main -I/data1/home/marcos/WRF_old/new/WRF/external/io_netcdf -I/data1/home/marcos/WRF_old/new/WRF/external/io_int -I/data1/home/marcos/WRF_old/new/WRF/frame -I/data1/home/marcos/WRF_old/new/WRF/share -I/data1/home/marcos/WRF_old/new/WRF/phys -I/data1/home/marcos/WRF_old/new/WRF/wrftladj -I/data1/home/marcos/WRF_old/new/WRF/chem -I/data1/home/marcos/WRF_old/new/WRF/inc -I/home/marcos/libs/netcdf/include  -real-size `expr 8 \* 4` -i4  module_fr_fire_model.f90
rm -f module_cam_wv_saturation.o
sed -e "s/^\!.*'.*//" -e "s/^ *\!.*'.*//" module_cam_wv_saturation.F > module_cam_wv_saturation.G
/lib/cpp -P -nostdinc -I/data1/home/marcos/WRF_old/new/WRF/inc -DEM_CORE=1 -DNMM_CORE=0 -DNMM_MAX_DIM=2600 -DDA_CORE=0 -DWRFPLUS=0 -DIWORDSIZE=4 -DDWORDSIZE=8 -DRWORDSIZE=4 -DLWORDSIZE=4 -DNONSTANDARD_SYSTEM_FUNC  -DWRF_USE_CLM -DRPC_TYPES=1  -DDM_PARALLEL -DNETCDF -DLANDREAD_STUB=1 -DUSE_ALLOCATABLES -Dwrfmodel -DGRIB1 -DINTIO -DKEEP_INT_AROUND -DLIMIT_ARGS -DBUILD_RRTMG_FAST=0 -DBUILD_RRTMK=0 -DBUILD_SBM_FAST=1 -DSHOW_ALL_VARS_USED=0 -DCONFIG_BUF_LEN=65536 -DMAX_DOMAINS_F=21 -DMAX_HISTORY=25 -DNMM_NEST=0  -I. -traditional-cpp   module_cam_wv_saturation.G  > module_cam_wv_saturation.bb
/data1/home/marcos/WRF_old/new/WRF/tools/standard.exe module_cam_wv_saturation.bb | /lib/cpp -P -nostdinc -traditional-cpp > module_cam_wv_saturation.f90
rm -f module_cam_wv_saturation.G module_cam_wv_saturation.bb
time /data1/sw/local/mpich/bin/mpif90 -f90=ifort -o module_cam_wv_saturation.o -c -O3 -ip -fp-model precise -w -ftz -align all -fno-alias -FR -convert big_endian    -I../dyn_em -I../dyn_nmm  -I/data1/home/marcos/WRF_old/new/WRF/external/esmf_time_f90  -I/data1/home/marcos/WRF_old/new/WRF/main -I/data1/home/marcos/WRF_old/new/WRF/external/io_netcdf -I/data1/home/marcos/WRF_old/new/WRF/external/io_int -I/data1/home/marcos/WRF_old/new/WRF/frame -I/data1/home/marcos/WRF_old/new/WRF/share -I/data1/home/marcos/WRF_old/new/WRF/phys -I/data1/home/marcos/WRF_old/new/WRF/wrftladj -I/data1/home/marcos/WRF_old/new/WRF/chem -I/data1/home/marcos/WRF_old/new/WRF/inc -I/home/marcos/libs/netcdf/include  -real-size `expr 8 \* 4` -i4  module_cam_wv_saturation.f90
rm -f module_cam_molec_diff.o
sed -e "s/^\!.*'.*//" -e "s/^ *\!.*'.*//" module_cam_molec_diff.F > module_cam_molec_diff.G
/lib/cpp -P -nostdinc -I/data1/home/marcos/WRF_old/new/WRF/inc -DEM_CORE=1 -DNMM_CORE=0 -DNMM_MAX_DIM=2600 -DDA_CORE=0 -DWRFPLUS=0 -DIWORDSIZE=4 -DDWORDSIZE=8 -DRWORDSIZE=4 -DLWORDSIZE=4 -DNONSTANDARD_SYSTEM_FUNC  -DWRF_USE_CLM -DRPC_TYPES=1  -DDM_PARALLEL -DNETCDF -DLANDREAD_STUB=1 -DUSE_ALLOCATABLES -Dwrfmodel -DGRIB1 -DINTIO -DKEEP_INT_AROUND -DLIMIT_ARGS -DBUILD_RRTMG_FAST=0 -DBUILD_RRTMK=0 -DBUILD_SBM_FAST=1 -DSHOW_ALL_VARS_USED=0 -DCONFIG_BUF_LEN=65536 -DMAX_DOMAINS_F=21 -DMAX_HISTORY=25 -DNMM_NEST=0  -I. -traditional-cpp   module_cam_molec_diff.G  > module_cam_molec_diff.bb
/data1/home/marcos/WRF_old/new/WRF/tools/standard.exe module_cam_molec_diff.bb | /lib/cpp -P -nostdinc -traditional-cpp > module_cam_molec_diff.f90
rm -f module_cam_molec_diff.G module_cam_molec_diff.bb
time /data1/sw/local/mpich/bin/mpif90 -f90=ifort -o module_cam_molec_diff.o -c -O3 -ip -fp-model precise -w -ftz -align all -fno-alias -FR -convert big_endian    -I../dyn_em -I../dyn_nmm  -I/data1/home/marcos/WRF_old/new/WRF/external/esmf_time_f90  -I/data1/home/marcos/WRF_old/new/WRF/main -I/data1/home/marcos/WRF_old/new/WRF/external/io_netcdf -I/data1/home/marcos/WRF_old/new/WRF/external/io_int -I/data1/home/marcos/WRF_old/new/WRF/frame -I/data1/home/marcos/WRF_old/new/WRF/share -I/data1/home/marcos/WRF_old/new/WRF/phys -I/data1/home/marcos/WRF_old/new/WRF/wrftladj -I/data1/home/marcos/WRF_old/new/WRF/chem -I/data1/home/marcos/WRF_old/new/WRF/inc -I/home/marcos/libs/netcdf/include  -real-size `expr 8 \* 4` -i4  module_cam_molec_diff.f90
rm -f module_cam_mp_ndrop.o
sed -e "s/^\!.*'.*//" -e "s/^ *\!.*'.*//" module_cam_mp_ndrop.F > module_cam_mp_ndrop.G
/lib/cpp -P -nostdinc -I/data1/home/marcos/WRF_old/new/WRF/inc -DEM_CORE=1 -DNMM_CORE=0 -DNMM_MAX_DIM=2600 -DDA_CORE=0 -DWRFPLUS=0 -DIWORDSIZE=4 -DDWORDSIZE=8 -DRWORDSIZE=4 -DLWORDSIZE=4 -DNONSTANDARD_SYSTEM_FUNC  -DWRF_USE_CLM -DRPC_TYPES=1  -DDM_PARALLEL -DNETCDF -DLANDREAD_STUB=1 -DUSE_ALLOCATABLES -Dwrfmodel -DGRIB1 -DINTIO -DKEEP_INT_AROUND -DLIMIT_ARGS -DBUILD_RRTMG_FAST=0 -DBUILD_RRTMK=0 -DBUILD_SBM_FAST=1 -DSHOW_ALL_VARS_USED=0 -DCONFIG_BUF_LEN=65536 -DMAX_DOMAINS_F=21 -DMAX_HISTORY=25 -DNMM_NEST=0  -I. -traditional-cpp   module_cam_mp_ndrop.G  > module_cam_mp_ndrop.bb
/data1/home/marcos/WRF_old/new/WRF/tools/standard.exe module_cam_mp_ndrop.bb | /lib/cpp -P -nostdinc -traditional-cpp > module_cam_mp_ndrop.f90
rm -f module_cam_mp_ndrop.G module_cam_mp_ndrop.bb
time /data1/sw/local/mpich/bin/mpif90 -f90=ifort -o module_cam_mp_ndrop.o -c -O3 -ip -fp-model precise -w -ftz -align all -fno-alias -FR -convert big_endian    -I../dyn_em -I../dyn_nmm  -I/data1/home/marcos/WRF_old/new/WRF/external/esmf_time_f90  -I/data1/home/marcos/WRF_old/new/WRF/main -I/data1/home/marcos/WRF_old/new/WRF/external/io_netcdf -I/data1/home/marcos/WRF_old/new/WRF/external/io_int -I/data1/home/marcos/WRF_old/new/WRF/frame -I/data1/home/marcos/WRF_old/new/WRF/share -I/data1/home/marcos/WRF_old/new/WRF/phys -I/data1/home/marcos/WRF_old/new/WRF/wrftladj -I/data1/home/marcos/WRF_old/new/WRF/chem -I/data1/home/marcos/WRF_old/new/WRF/inc -I/home/marcos/libs/netcdf/include  -real-size `expr 8 \* 4` -i4  module_cam_mp_ndrop.f90
rm -f module_cam_mp_cldwat2m_micro.o
sed -e "s/^\!.*'.*//" -e "s/^ *\!.*'.*//" module_cam_mp_cldwat2m_micro.F > module_cam_mp_cldwat2m_micro.G
/lib/cpp -P -nostdinc -I/data1/home/marcos/WRF_old/new/WRF/inc -DEM_CORE=1 -DNMM_CORE=0 -DNMM_MAX_DIM=2600 -DDA_CORE=0 -DWRFPLUS=0 -DIWORDSIZE=4 -DDWORDSIZE=8 -DRWORDSIZE=4 -DLWORDSIZE=4 -DNONSTANDARD_SYSTEM_FUNC  -DWRF_USE_CLM -DRPC_TYPES=1  -DDM_PARALLEL -DNETCDF -DLANDREAD_STUB=1 -DUSE_ALLOCATABLES -Dwrfmodel -DGRIB1 -DINTIO -DKEEP_INT_AROUND -DLIMIT_ARGS -DBUILD_RRTMG_FAST=0 -DBUILD_RRTMK=0 -DBUILD_SBM_FAST=1 -DSHOW_ALL_VARS_USED=0 -DCONFIG_BUF_LEN=65536 -DMAX_DOMAINS_F=21 -DMAX_HISTORY=25 -DNMM_NEST=0  -I. -traditional-cpp   module_cam_mp_cldwat2m_micro.G  > module_cam_mp_cldwat2m_micro.bb
/data1/home/marcos/WRF_old/new/WRF/tools/standard.exe module_cam_mp_cldwat2m_micro.bb | /lib/cpp -P -nostdinc -traditional-cpp > module_cam_mp_cldwat2m_micro.f90
rm -f module_cam_mp_cldwat2m_micro.G module_cam_mp_cldwat2m_micro.bb
time /data1/sw/local/mpich/bin/mpif90 -f90=ifort -o module_cam_mp_cldwat2m_micro.o -c -O3 -ip -fp-model precise -w -ftz -align all -fno-alias -FR -convert big_endian    -I../dyn_em -I../dyn_nmm  -I/data1/home/marcos/WRF_old/new/WRF/external/esmf_time_f90  -I/data1/home/marcos/WRF_old/new/WRF/main -I/data1/home/marcos/WRF_old/new/WRF/external/io_netcdf -I/data1/home/marcos/WRF_old/new/WRF/external/io_int -I/data1/home/marcos/WRF_old/new/WRF/frame -I/data1/home/marcos/WRF_old/new/WRF/share -I/data1/home/marcos/WRF_old/new/WRF/phys -I/data1/home/marcos/WRF_old/new/WRF/wrftladj -I/data1/home/marcos/WRF_old/new/WRF/chem -I/data1/home/marcos/WRF_old/new/WRF/inc -I/home/marcos/libs/netcdf/include  -real-size `expr 8 \* 4` -i4  module_cam_mp_cldwat2m_micro.f90
rm -f module_mixactivate.o
sed -e "s/^\!.*'.*//" -e "s/^ *\!.*'.*//" module_mixactivate.F > module_mixactivate.G
/lib/cpp -P -nostdinc -I/data1/home/marcos/WRF_old/new/WRF/inc -DEM_CORE=1 -DNMM_CORE=0 -DNMM_MAX_DIM=2600 -DDA_CORE=0 -DWRFPLUS=0 -DIWORDSIZE=4 -DDWORDSIZE=8 -DRWORDSIZE=4 -DLWORDSIZE=4 -DNONSTANDARD_SYSTEM_FUNC  -DWRF_USE_CLM -DRPC_TYPES=1  -DDM_PARALLEL -DNETCDF -DLANDREAD_STUB=1 -DUSE_ALLOCATABLES -Dwrfmodel -DGRIB1 -DINTIO -DKEEP_INT_AROUND -DLIMIT_ARGS -DBUILD_RRTMG_FAST=0 -DBUILD_RRTMK=0 -DBUILD_SBM_FAST=1 -DSHOW_ALL_VARS_USED=0 -DCONFIG_BUF_LEN=65536 -DMAX_DOMAINS_F=21 -DMAX_HISTORY=25 -DNMM_NEST=0  -I. -traditional-cpp   module_mixactivate.G  > module_mixactivate.bb
/data1/home/marcos/WRF_old/new/WRF/tools/standard.exe module_mixactivate.bb | /lib/cpp -P -nostdinc -traditional-cpp > module_mixactivate.f90
rm -f module_mixactivate.G module_mixactivate.bb
time /data1/sw/local/mpich/bin/mpif90 -f90=ifort -o module_mixactivate.o -c -O3 -ip -fp-model precise -w -ftz -align all -fno-alias -FR -convert big_endian    -I../dyn_em -I../dyn_nmm  -I/data1/home/marcos/WRF_old/new/WRF/external/esmf_time_f90  -I/data1/home/marcos/WRF_old/new/WRF/main -I/data1/home/marcos/WRF_old/new/WRF/external/io_netcdf -I/data1/home/marcos/WRF_old/new/WRF/external/io_int -I/data1/home/marcos/WRF_old/new/WRF/frame -I/data1/home/marcos/WRF_old/new/WRF/share -I/data1/home/marcos/WRF_old/new/WRF/phys -I/data1/home/marcos/WRF_old/new/WRF/wrftladj -I/data1/home/marcos/WRF_old/new/WRF/chem -I/data1/home/marcos/WRF_old/new/WRF/inc -I/home/marcos/libs/netcdf/include  -real-size `expr 8 \* 4` -i4  module_mixactivate.f90
rm -f module_fr_fire_driver.o
sed -e "s/^\!.*'.*//" -e "s/^ *\!.*'.*//" module_fr_fire_driver.F > module_fr_fire_driver.G
/lib/cpp -P -nostdinc -I/data1/home/marcos/WRF_old/new/WRF/inc -DEM_CORE=1 -DNMM_CORE=0 -DNMM_MAX_DIM=2600 -DDA_CORE=0 -DWRFPLUS=0 -DIWORDSIZE=4 -DDWORDSIZE=8 -DRWORDSIZE=4 -DLWORDSIZE=4 -DNONSTANDARD_SYSTEM_FUNC  -DWRF_USE_CLM -DRPC_TYPES=1  -DDM_PARALLEL -DNETCDF -DLANDREAD_STUB=1 -DUSE_ALLOCATABLES -Dwrfmodel -DGRIB1 -DINTIO -DKEEP_INT_AROUND -DLIMIT_ARGS -DBUILD_RRTMG_FAST=0 -DBUILD_RRTMK=0 -DBUILD_SBM_FAST=1 -DSHOW_ALL_VARS_USED=0 -DCONFIG_BUF_LEN=65536 -DMAX_DOMAINS_F=21 -DMAX_HISTORY=25 -DNMM_NEST=0  -I. -traditional-cpp   module_fr_fire_driver.G  > module_fr_fire_driver.bb
/data1/home/marcos/WRF_old/new/WRF/tools/standard.exe module_fr_fire_driver.bb | /lib/cpp -P -nostdinc -traditional-cpp > module_fr_fire_driver.f90
rm -f module_fr_fire_driver.G module_fr_fire_driver.bb
time /data1/sw/local/mpich/bin/mpif90 -f90=ifort -o module_fr_fire_driver.o -c -O3 -ip -fp-model precise -w -ftz -align all -fno-alias -FR -convert big_endian    -I../dyn_em -I../dyn_nmm  -I/data1/home/marcos/WRF_old/new/WRF/external/esmf_time_f90  -I/data1/home/marcos/WRF_old/new/WRF/main -I/data1/home/marcos/WRF_old/new/WRF/external/io_netcdf -I/data1/home/marcos/WRF_old/new/WRF/external/io_int -I/data1/home/marcos/WRF_old/new/WRF/frame -I/data1/home/marcos/WRF_old/new/WRF/share -I/data1/home/marcos/WRF_old/new/WRF/phys -I/data1/home/marcos/WRF_old/new/WRF/wrftladj -I/data1/home/marcos/WRF_old/new/WRF/chem -I/data1/home/marcos/WRF_old/new/WRF/inc -I/home/marcos/libs/netcdf/include  -real-size `expr 8 \* 4` -i4  module_fr_fire_driver.f90
rm -f module_cam_cldwat.o
sed -e "s/^\!.*'.*//" -e "s/^ *\!.*'.*//" module_cam_cldwat.F > module_cam_cldwat.G
/lib/cpp -P -nostdinc -I/data1/home/marcos/WRF_old/new/WRF/inc -DEM_CORE=1 -DNMM_CORE=0 -DNMM_MAX_DIM=2600 -DDA_CORE=0 -DWRFPLUS=0 -DIWORDSIZE=4 -DDWORDSIZE=8 -DRWORDSIZE=4 -DLWORDSIZE=4 -DNONSTANDARD_SYSTEM_FUNC  -DWRF_USE_CLM -DRPC_TYPES=1  -DDM_PARALLEL -DNETCDF -DLANDREAD_STUB=1 -DUSE_ALLOCATABLES -Dwrfmodel -DGRIB1 -DINTIO -DKEEP_INT_AROUND -DLIMIT_ARGS -DBUILD_RRTMG_FAST=0 -DBUILD_RRTMK=0 -DBUILD_SBM_FAST=1 -DSHOW_ALL_VARS_USED=0 -DCONFIG_BUF_LEN=65536 -DMAX_DOMAINS_F=21 -DMAX_HISTORY=25 -DNMM_NEST=0  -I. -traditional-cpp   module_cam_cldwat.G  > module_cam_cldwat.bb
/data1/home/marcos/WRF_old/new/WRF/tools/standard.exe module_cam_cldwat.bb | /lib/cpp -P -nostdinc -traditional-cpp > module_cam_cldwat.f90
rm -f module_cam_cldwat.G module_cam_cldwat.bb
time /data1/sw/local/mpich/bin/mpif90 -f90=ifort -o module_cam_cldwat.o -c -O3 -ip -fp-model precise -w -ftz -align all -fno-alias -FR -convert big_endian    -I../dyn_em -I../dyn_nmm  -I/data1/home/marcos/WRF_old/new/WRF/external/esmf_time_f90  -I/data1/home/marcos/WRF_old/new/WRF/main -I/data1/home/marcos/WRF_old/new/WRF/external/io_netcdf -I/data1/home/marcos/WRF_old/new/WRF/external/io_int -I/data1/home/marcos/WRF_old/new/WRF/frame -I/data1/home/marcos/WRF_old/new/WRF/share -I/data1/home/marcos/WRF_old/new/WRF/phys -I/data1/home/marcos/WRF_old/new/WRF/wrftladj -I/data1/home/marcos/WRF_old/new/WRF/chem -I/data1/home/marcos/WRF_old/new/WRF/inc -I/home/marcos/libs/netcdf/include  -real-size `expr 8 \* 4` -i4  module_cam_cldwat.f90
rm -f module_cam_esinti.o
sed -e "s/^\!.*'.*//" -e "s/^ *\!.*'.*//" module_cam_esinti.F > module_cam_esinti.G
/lib/cpp -P -nostdinc -I/data1/home/marcos/WRF_old/new/WRF/inc -DEM_CORE=1 -DNMM_CORE=0 -DNMM_MAX_DIM=2600 -DDA_CORE=0 -DWRFPLUS=0 -DIWORDSIZE=4 -DDWORDSIZE=8 -DRWORDSIZE=4 -DLWORDSIZE=4 -DNONSTANDARD_SYSTEM_FUNC  -DWRF_USE_CLM -DRPC_TYPES=1  -DDM_PARALLEL -DNETCDF -DLANDREAD_STUB=1 -DUSE_ALLOCATABLES -Dwrfmodel -DGRIB1 -DINTIO -DKEEP_INT_AROUND -DLIMIT_ARGS -DBUILD_RRTMG_FAST=0 -DBUILD_RRTMK=0 -DBUILD_SBM_FAST=1 -DSHOW_ALL_VARS_USED=0 -DCONFIG_BUF_LEN=65536 -DMAX_DOMAINS_F=21 -DMAX_HISTORY=25 -DNMM_NEST=0  -I. -traditional-cpp   module_cam_esinti.G  > module_cam_esinti.bb
/data1/home/marcos/WRF_old/new/WRF/tools/standard.exe module_cam_esinti.bb | /lib/cpp -P -nostdinc -traditional-cpp > module_cam_esinti.f90
rm -f module_cam_esinti.G module_cam_esinti.bb
time /data1/sw/local/mpich/bin/mpif90 -f90=ifort -o module_cam_esinti.o -c -O3 -ip -fp-model precise -w -ftz -align all -fno-alias -FR -convert big_endian    -I../dyn_em -I../dyn_nmm  -I/data1/home/marcos/WRF_old/new/WRF/external/esmf_time_f90  -I/data1/home/marcos/WRF_old/new/WRF/main -I/data1/home/marcos/WRF_old/new/WRF/external/io_netcdf -I/data1/home/marcos/WRF_old/new/WRF/external/io_int -I/data1/home/marcos/WRF_old/new/WRF/frame -I/data1/home/marcos/WRF_old/new/WRF/share -I/data1/home/marcos/WRF_old/new/WRF/phys -I/data1/home/marcos/WRF_old/new/WRF/wrftladj -I/data1/home/marcos/WRF_old/new/WRF/chem -I/data1/home/marcos/WRF_old/new/WRF/inc -I/home/marcos/libs/netcdf/include  -real-size `expr 8 \* 4` -i4  module_cam_esinti.f90
rm -f module_cam_mp_microp_aero.o
sed -e "s/^\!.*'.*//" -e "s/^ *\!.*'.*//" module_cam_mp_microp_aero.F > module_cam_mp_microp_aero.G
/lib/cpp -P -nostdinc -I/data1/home/marcos/WRF_old/new/WRF/inc -DEM_CORE=1 -DNMM_CORE=0 -DNMM_MAX_DIM=2600 -DDA_CORE=0 -DWRFPLUS=0 -DIWORDSIZE=4 -DDWORDSIZE=8 -DRWORDSIZE=4 -DLWORDSIZE=4 -DNONSTANDARD_SYSTEM_FUNC  -DWRF_USE_CLM -DRPC_TYPES=1  -DDM_PARALLEL -DNETCDF -DLANDREAD_STUB=1 -DUSE_ALLOCATABLES -Dwrfmodel -DGRIB1 -DINTIO -DKEEP_INT_AROUND -DLIMIT_ARGS -DBUILD_RRTMG_FAST=0 -DBUILD_RRTMK=0 -DBUILD_SBM_FAST=1 -DSHOW_ALL_VARS_USED=0 -DCONFIG_BUF_LEN=65536 -DMAX_DOMAINS_F=21 -DMAX_HISTORY=25 -DNMM_NEST=0  -I. -traditional-cpp   module_cam_mp_microp_aero.G  > module_cam_mp_microp_aero.bb
/data1/home/marcos/WRF_old/new/WRF/tools/standard.exe module_cam_mp_microp_aero.bb | /lib/cpp -P -nostdinc -traditional-cpp > module_cam_mp_microp_aero.f90
rm -f module_cam_mp_microp_aero.G module_cam_mp_microp_aero.bb
time /data1/sw/local/mpich/bin/mpif90 -f90=ifort -o module_cam_mp_microp_aero.o -c -O3 -ip -fp-model precise -w -ftz -align all -fno-alias -FR -convert big_endian    -I../dyn_em -I../dyn_nmm  -I/data1/home/marcos/WRF_old/new/WRF/external/esmf_time_f90  -I/data1/home/marcos/WRF_old/new/WRF/main -I/data1/home/marcos/WRF_old/new/WRF/external/io_netcdf -I/data1/home/marcos/WRF_old/new/WRF/external/io_int -I/data1/home/marcos/WRF_old/new/WRF/frame -I/data1/home/marcos/WRF_old/new/WRF/share -I/data1/home/marcos/WRF_old/new/WRF/phys -I/data1/home/marcos/WRF_old/new/WRF/wrftladj -I/data1/home/marcos/WRF_old/new/WRF/chem -I/data1/home/marcos/WRF_old/new/WRF/inc -I/home/marcos/libs/netcdf/include  -real-size `expr 8 \* 4` -i4  module_cam_mp_microp_aero.f90
rm -f module_bl_camuwpbl_driver.o
sed -e "s/^\!.*'.*//" -e "s/^ *\!.*'.*//" module_bl_camuwpbl_driver.F > module_bl_camuwpbl_driver.G
/lib/cpp -P -nostdinc -I/data1/home/marcos/WRF_old/new/WRF/inc -DEM_CORE=1 -DNMM_CORE=0 -DNMM_MAX_DIM=2600 -DDA_CORE=0 -DWRFPLUS=0 -DIWORDSIZE=4 -DDWORDSIZE=8 -DRWORDSIZE=4 -DLWORDSIZE=4 -DNONSTANDARD_SYSTEM_FUNC  -DWRF_USE_CLM -DRPC_TYPES=1  -DDM_PARALLEL -DNETCDF -DLANDREAD_STUB=1 -DUSE_ALLOCATABLES -Dwrfmodel -DGRIB1 -DINTIO -DKEEP_INT_AROUND -DLIMIT_ARGS -DBUILD_RRTMG_FAST=0 -DBUILD_RRTMK=0 -DBUILD_SBM_FAST=1 -DSHOW_ALL_VARS_USED=0 -DCONFIG_BUF_LEN=65536 -DMAX_DOMAINS_F=21 -DMAX_HISTORY=25 -DNMM_NEST=0  -I. -traditional-cpp   module_bl_camuwpbl_driver.G  > module_bl_camuwpbl_driver.bb
/data1/home/marcos/WRF_old/new/WRF/tools/standard.exe module_bl_camuwpbl_driver.bb | /lib/cpp -P -nostdinc -traditional-cpp > module_bl_camuwpbl_driver.f90
rm -f module_bl_camuwpbl_driver.G module_bl_camuwpbl_driver.bb
time /data1/sw/local/mpich/bin/mpif90 -f90=ifort -o module_bl_camuwpbl_driver.o -c -O3 -ip -fp-model precise -w -ftz -align all -fno-alias -FR -convert big_endian    -I../dyn_em -I../dyn_nmm  -I/data1/home/marcos/WRF_old/new/WRF/external/esmf_time_f90  -I/data1/home/marcos/WRF_old/new/WRF/main -I/data1/home/marcos/WRF_old/new/WRF/external/io_netcdf -I/data1/home/marcos/WRF_old/new/WRF/external/io_int -I/data1/home/marcos/WRF_old/new/WRF/frame -I/data1/home/marcos/WRF_old/new/WRF/share -I/data1/home/marcos/WRF_old/new/WRF/phys -I/data1/home/marcos/WRF_old/new/WRF/wrftladj -I/data1/home/marcos/WRF_old/new/WRF/chem -I/data1/home/marcos/WRF_old/new/WRF/inc -I/home/marcos/libs/netcdf/include  -real-size `expr 8 \* 4` -i4  module_bl_camuwpbl_driver.f90
rm -f module_mp_cammgmp_driver.o
sed -e "s/^\!.*'.*//" -e "s/^ *\!.*'.*//" module_mp_cammgmp_driver.F > module_mp_cammgmp_driver.G
/lib/cpp -P -nostdinc -I/data1/home/marcos/WRF_old/new/WRF/inc -DEM_CORE=1 -DNMM_CORE=0 -DNMM_MAX_DIM=2600 -DDA_CORE=0 -DWRFPLUS=0 -DIWORDSIZE=4 -DDWORDSIZE=8 -DRWORDSIZE=4 -DLWORDSIZE=4 -DNONSTANDARD_SYSTEM_FUNC  -DWRF_USE_CLM -DRPC_TYPES=1  -DDM_PARALLEL -DNETCDF -DLANDREAD_STUB=1 -DUSE_ALLOCATABLES -Dwrfmodel -DGRIB1 -DINTIO -DKEEP_INT_AROUND -DLIMIT_ARGS -DBUILD_RRTMG_FAST=0 -DBUILD_RRTMK=0 -DBUILD_SBM_FAST=1 -DSHOW_ALL_VARS_USED=0 -DCONFIG_BUF_LEN=65536 -DMAX_DOMAINS_F=21 -DMAX_HISTORY=25 -DNMM_NEST=0  -I. -traditional-cpp   module_mp_cammgmp_driver.G  > module_mp_cammgmp_driver.bb
/data1/home/marcos/WRF_old/new/WRF/tools/standard.exe module_mp_cammgmp_driver.bb | /lib/cpp -P -nostdinc -traditional-cpp > module_mp_cammgmp_driver.f90
rm -f module_mp_cammgmp_driver.G module_mp_cammgmp_driver.bb
time /data1/sw/local/mpich/bin/mpif90 -f90=ifort -o module_mp_cammgmp_driver.o -c -O3 -ip -fp-model precise -w -ftz -align all -fno-alias -FR -convert big_endian    -I../dyn_em -I../dyn_nmm  -I/data1/home/marcos/WRF_old/new/WRF/external/esmf_time_f90  -I/data1/home/marcos/WRF_old/new/WRF/main -I/data1/home/marcos/WRF_old/new/WRF/external/io_netcdf -I/data1/home/marcos/WRF_old/new/WRF/external/io_int -I/data1/home/marcos/WRF_old/new/WRF/frame -I/data1/home/marcos/WRF_old/new/WRF/share -I/data1/home/marcos/WRF_old/new/WRF/phys -I/data1/home/marcos/WRF_old/new/WRF/wrftladj -I/data1/home/marcos/WRF_old/new/WRF/chem -I/data1/home/marcos/WRF_old/new/WRF/inc -I/home/marcos/libs/netcdf/include  -real-size `expr 8 \* 4` -i4  module_mp_cammgmp_driver.f90
rm -f module_shcu_camuwshcu.o
sed -e "s/^\!.*'.*//" -e "s/^ *\!.*'.*//" module_shcu_camuwshcu.F > module_shcu_camuwshcu.G
/lib/cpp -P -nostdinc -I/data1/home/marcos/WRF_old/new/WRF/inc -DEM_CORE=1 -DNMM_CORE=0 -DNMM_MAX_DIM=2600 -DDA_CORE=0 -DWRFPLUS=0 -DIWORDSIZE=4 -DDWORDSIZE=8 -DRWORDSIZE=4 -DLWORDSIZE=4 -DNONSTANDARD_SYSTEM_FUNC  -DWRF_USE_CLM -DRPC_TYPES=1  -DDM_PARALLEL -DNETCDF -DLANDREAD_STUB=1 -DUSE_ALLOCATABLES -Dwrfmodel -DGRIB1 -DINTIO -DKEEP_INT_AROUND -DLIMIT_ARGS -DBUILD_RRTMG_FAST=0 -DBUILD_RRTMK=0 -DBUILD_SBM_FAST=1 -DSHOW_ALL_VARS_USED=0 -DCONFIG_BUF_LEN=65536 -DMAX_DOMAINS_F=21 -DMAX_HISTORY=25 -DNMM_NEST=0  -I. -traditional-cpp   module_shcu_camuwshcu.G  > module_shcu_camuwshcu.bb
/data1/home/marcos/WRF_old/new/WRF/tools/standard.exe module_shcu_camuwshcu.bb | /lib/cpp -P -nostdinc -traditional-cpp > module_shcu_camuwshcu.f90
rm -f module_shcu_camuwshcu.G module_shcu_camuwshcu.bb
time /data1/sw/local/mpich/bin/mpif90 -f90=ifort -o module_shcu_camuwshcu.o -c -O3 -ip -fp-model precise -w -ftz -align all -fno-alias -FR -convert big_endian    -I../dyn_em -I../dyn_nmm  -I/data1/home/marcos/WRF_old/new/WRF/external/esmf_time_f90  -I/data1/home/marcos/WRF_old/new/WRF/main -I/data1/home/marcos/WRF_old/new/WRF/external/io_netcdf -I/data1/home/marcos/WRF_old/new/WRF/external/io_int -I/data1/home/marcos/WRF_old/new/WRF/frame -I/data1/home/marcos/WRF_old/new/WRF/share -I/data1/home/marcos/WRF_old/new/WRF/phys -I/data1/home/marcos/WRF_old/new/WRF/wrftladj -I/data1/home/marcos/WRF_old/new/WRF/chem -I/data1/home/marcos/WRF_old/new/WRF/inc -I/home/marcos/libs/netcdf/include  -real-size `expr 8 \* 4` -i4  module_shcu_camuwshcu.f90
rm -f module_cu_camzm.o
sed -e "s/^\!.*'.*//" -e "s/^ *\!.*'.*//" module_cu_camzm.F > module_cu_camzm.G
/lib/cpp -P -nostdinc -I/data1/home/marcos/WRF_old/new/WRF/inc -DEM_CORE=1 -DNMM_CORE=0 -DNMM_MAX_DIM=2600 -DDA_CORE=0 -DWRFPLUS=0 -DIWORDSIZE=4 -DDWORDSIZE=8 -DRWORDSIZE=4 -DLWORDSIZE=4 -DNONSTANDARD_SYSTEM_FUNC  -DWRF_USE_CLM -DRPC_TYPES=1  -DDM_PARALLEL -DNETCDF -DLANDREAD_STUB=1 -DUSE_ALLOCATABLES -Dwrfmodel -DGRIB1 -DINTIO -DKEEP_INT_AROUND -DLIMIT_ARGS -DBUILD_RRTMG_FAST=0 -DBUILD_RRTMK=0 -DBUILD_SBM_FAST=1 -DSHOW_ALL_VARS_USED=0 -DCONFIG_BUF_LEN=65536 -DMAX_DOMAINS_F=21 -DMAX_HISTORY=25 -DNMM_NEST=0  -I. -traditional-cpp   module_cu_camzm.G  > module_cu_camzm.bb
/data1/home/marcos/WRF_old/new/WRF/tools/standard.exe module_cu_camzm.bb | /lib/cpp -P -nostdinc -traditional-cpp > module_cu_camzm.f90
rm -f module_cu_camzm.G module_cu_camzm.bb
time /data1/sw/local/mpich/bin/mpif90 -f90=ifort -o module_cu_camzm.o -c -O3 -ip -fp-model precise -w -ftz -align all -fno-alias -FR -convert big_endian    -I../dyn_em -I../dyn_nmm  -I/data1/home/marcos/WRF_old/new/WRF/external/esmf_time_f90  -I/data1/home/marcos/WRF_old/new/WRF/main -I/data1/home/marcos/WRF_old/new/WRF/external/io_netcdf -I/data1/home/marcos/WRF_old/new/WRF/external/io_int -I/data1/home/marcos/WRF_old/new/WRF/frame -I/data1/home/marcos/WRF_old/new/WRF/share -I/data1/home/marcos/WRF_old/new/WRF/phys -I/data1/home/marcos/WRF_old/new/WRF/wrftladj -I/data1/home/marcos/WRF_old/new/WRF/chem -I/data1/home/marcos/WRF_old/new/WRF/inc -I/home/marcos/libs/netcdf/include  -real-size `expr 8 \* 4` -i4  module_cu_camzm.f90
rm -f module_cu_kfcup.o
sed -e "s/^\!.*'.*//" -e "s/^ *\!.*'.*//" module_cu_kfcup.F > module_cu_kfcup.G
/lib/cpp -P -nostdinc -I/data1/home/marcos/WRF_old/new/WRF/inc -DEM_CORE=1 -DNMM_CORE=0 -DNMM_MAX_DIM=2600 -DDA_CORE=0 -DWRFPLUS=0 -DIWORDSIZE=4 -DDWORDSIZE=8 -DRWORDSIZE=4 -DLWORDSIZE=4 -DNONSTANDARD_SYSTEM_FUNC  -DWRF_USE_CLM -DRPC_TYPES=1  -DDM_PARALLEL -DNETCDF -DLANDREAD_STUB=1 -DUSE_ALLOCATABLES -Dwrfmodel -DGRIB1 -DINTIO -DKEEP_INT_AROUND -DLIMIT_ARGS -DBUILD_RRTMG_FAST=0 -DBUILD_RRTMK=0 -DBUILD_SBM_FAST=1 -DSHOW_ALL_VARS_USED=0 -DCONFIG_BUF_LEN=65536 -DMAX_DOMAINS_F=21 -DMAX_HISTORY=25 -DNMM_NEST=0  -I. -traditional-cpp   module_cu_kfcup.G  > module_cu_kfcup.bb
/data1/home/marcos/WRF_old/new/WRF/tools/standard.exe module_cu_kfcup.bb | /lib/cpp -P -nostdinc -traditional-cpp > module_cu_kfcup.f90
rm -f module_cu_kfcup.G module_cu_kfcup.bb
time /data1/sw/local/mpich/bin/mpif90 -f90=ifort -o module_cu_kfcup.o -c -O3 -ip -fp-model precise -w -ftz -align all -fno-alias -FR -convert big_endian    -I../dyn_em -I../dyn_nmm  -I/data1/home/marcos/WRF_old/new/WRF/external/esmf_time_f90  -I/data1/home/marcos/WRF_old/new/WRF/main -I/data1/home/marcos/WRF_old/new/WRF/external/io_netcdf -I/data1/home/marcos/WRF_old/new/WRF/external/io_int -I/data1/home/marcos/WRF_old/new/WRF/frame -I/data1/home/marcos/WRF_old/new/WRF/share -I/data1/home/marcos/WRF_old/new/WRF/phys -I/data1/home/marcos/WRF_old/new/WRF/wrftladj -I/data1/home/marcos/WRF_old/new/WRF/chem -I/data1/home/marcos/WRF_old/new/WRF/inc -I/home/marcos/libs/netcdf/include  -real-size `expr 8 \* 4` -i4  module_cu_kfcup.f90
rm -f module_pbl_driver.o
sed -e "s/^\!.*'.*//" -e "s/^ *\!.*'.*//" module_pbl_driver.F > module_pbl_driver.G
/lib/cpp -P -nostdinc -I/data1/home/marcos/WRF_old/new/WRF/inc -DEM_CORE=1 -DNMM_CORE=0 -DNMM_MAX_DIM=2600 -DDA_CORE=0 -DWRFPLUS=0 -DIWORDSIZE=4 -DDWORDSIZE=8 -DRWORDSIZE=4 -DLWORDSIZE=4 -DNONSTANDARD_SYSTEM_FUNC  -DWRF_USE_CLM -DRPC_TYPES=1  -DDM_PARALLEL -DNETCDF -DLANDREAD_STUB=1 -DUSE_ALLOCATABLES -Dwrfmodel -DGRIB1 -DINTIO -DKEEP_INT_AROUND -DLIMIT_ARGS -DBUILD_RRTMG_FAST=0 -DBUILD_RRTMK=0 -DBUILD_SBM_FAST=1 -DSHOW_ALL_VARS_USED=0 -DCONFIG_BUF_LEN=65536 -DMAX_DOMAINS_F=21 -DMAX_HISTORY=25 -DNMM_NEST=0  -I. -traditional-cpp   module_pbl_driver.G  > module_pbl_driver.bb
/data1/home/marcos/WRF_old/new/WRF/tools/standard.exe module_pbl_driver.bb | /lib/cpp -P -nostdinc -traditional-cpp > module_pbl_driver.f90
rm -f module_pbl_driver.G module_pbl_driver.bb
time /data1/sw/local/mpich/bin/mpif90 -f90=ifort -o module_pbl_driver.o -c -O3 -ip -fp-model precise -w -ftz -align all -fno-alias -FR -convert big_endian    -I../dyn_em -I../dyn_nmm  -I/data1/home/marcos/WRF_old/new/WRF/external/esmf_time_f90  -I/data1/home/marcos/WRF_old/new/WRF/main -I/data1/home/marcos/WRF_old/new/WRF/external/io_netcdf -I/data1/home/marcos/WRF_old/new/WRF/external/io_int -I/data1/home/marcos/WRF_old/new/WRF/frame -I/data1/home/marcos/WRF_old/new/WRF/share -I/data1/home/marcos/WRF_old/new/WRF/phys -I/data1/home/marcos/WRF_old/new/WRF/wrftladj -I/data1/home/marcos/WRF_old/new/WRF/chem -I/data1/home/marcos/WRF_old/new/WRF/inc -I/home/marcos/libs/netcdf/include  -real-size `expr 8 \* 4` -i4  module_pbl_driver.f90
rm -f module_microphysics_driver.o
sed -e "s/^\!.*'.*//" -e "s/^ *\!.*'.*//" module_microphysics_driver.F > module_microphysics_driver.G
/lib/cpp -P -nostdinc -I/data1/home/marcos/WRF_old/new/WRF/inc -DEM_CORE=1 -DNMM_CORE=0 -DNMM_MAX_DIM=2600 -DDA_CORE=0 -DWRFPLUS=0 -DIWORDSIZE=4 -DDWORDSIZE=8 -DRWORDSIZE=4 -DLWORDSIZE=4 -DNONSTANDARD_SYSTEM_FUNC  -DWRF_USE_CLM -DRPC_TYPES=1  -DDM_PARALLEL -DNETCDF -DLANDREAD_STUB=1 -DUSE_ALLOCATABLES -Dwrfmodel -DGRIB1 -DINTIO -DKEEP_INT_AROUND -DLIMIT_ARGS -DBUILD_RRTMG_FAST=0 -DBUILD_RRTMK=0 -DBUILD_SBM_FAST=1 -DSHOW_ALL_VARS_USED=0 -DCONFIG_BUF_LEN=65536 -DMAX_DOMAINS_F=21 -DMAX_HISTORY=25 -DNMM_NEST=0  -I. -traditional-cpp   module_microphysics_driver.G  > module_microphysics_driver.bb
/data1/home/marcos/WRF_old/new/WRF/tools/standard.exe module_microphysics_driver.bb | /lib/cpp -P -nostdinc -traditional-cpp > module_microphysics_driver.f90
rm -f module_microphysics_driver.G module_microphysics_driver.bb
time /data1/sw/local/mpich/bin/mpif90 -f90=ifort -o module_microphysics_driver.o -c -O3 -ip -fp-model precise -w -ftz -align all -fno-alias -FR -convert big_endian    -I../dyn_em -I../dyn_nmm  -I/data1/home/marcos/WRF_old/new/WRF/external/esmf_time_f90  -I/data1/home/marcos/WRF_old/new/WRF/main -I/data1/home/marcos/WRF_old/new/WRF/external/io_netcdf -I/data1/home/marcos/WRF_old/new/WRF/external/io_int -I/data1/home/marcos/WRF_old/new/WRF/frame -I/data1/home/marcos/WRF_old/new/WRF/share -I/data1/home/marcos/WRF_old/new/WRF/phys -I/data1/home/marcos/WRF_old/new/WRF/wrftladj -I/data1/home/marcos/WRF_old/new/WRF/chem -I/data1/home/marcos/WRF_old/new/WRF/inc -I/home/marcos/libs/netcdf/include  -real-size `expr 8 \* 4` -i4  module_microphysics_driver.f90
rm -f module_fr_fire_driver_wrf.o
sed -e "s/^\!.*'.*//" -e "s/^ *\!.*'.*//" module_fr_fire_driver_wrf.F > module_fr_fire_driver_wrf.G
/lib/cpp -P -nostdinc -I/data1/home/marcos/WRF_old/new/WRF/inc -DEM_CORE=1 -DNMM_CORE=0 -DNMM_MAX_DIM=2600 -DDA_CORE=0 -DWRFPLUS=0 -DIWORDSIZE=4 -DDWORDSIZE=8 -DRWORDSIZE=4 -DLWORDSIZE=4 -DNONSTANDARD_SYSTEM_FUNC  -DWRF_USE_CLM -DRPC_TYPES=1  -DDM_PARALLEL -DNETCDF -DLANDREAD_STUB=1 -DUSE_ALLOCATABLES -Dwrfmodel -DGRIB1 -DINTIO -DKEEP_INT_AROUND -DLIMIT_ARGS -DBUILD_RRTMG_FAST=0 -DBUILD_RRTMK=0 -DBUILD_SBM_FAST=1 -DSHOW_ALL_VARS_USED=0 -DCONFIG_BUF_LEN=65536 -DMAX_DOMAINS_F=21 -DMAX_HISTORY=25 -DNMM_NEST=0  -I. -traditional-cpp   module_fr_fire_driver_wrf.G  > module_fr_fire_driver_wrf.bb
/data1/home/marcos/WRF_old/new/WRF/tools/standard.exe module_fr_fire_driver_wrf.bb | /lib/cpp -P -nostdinc -traditional-cpp > module_fr_fire_driver_wrf.f90
rm -f module_fr_fire_driver_wrf.G module_fr_fire_driver_wrf.bb
time /data1/sw/local/mpich/bin/mpif90 -f90=ifort -o module_fr_fire_driver_wrf.o -c -O3 -ip -fp-model precise -w -ftz -align all -fno-alias -FR -convert big_endian    -I../dyn_em -I../dyn_nmm  -I/data1/home/marcos/WRF_old/new/WRF/external/esmf_time_f90  -I/data1/home/marcos/WRF_old/new/WRF/main -I/data1/home/marcos/WRF_old/new/WRF/external/io_netcdf -I/data1/home/marcos/WRF_old/new/WRF/external/io_int -I/data1/home/marcos/WRF_old/new/WRF/frame -I/data1/home/marcos/WRF_old/new/WRF/share -I/data1/home/marcos/WRF_old/new/WRF/phys -I/data1/home/marcos/WRF_old/new/WRF/wrftladj -I/data1/home/marcos/WRF_old/new/WRF/chem -I/data1/home/marcos/WRF_old/new/WRF/inc -I/home/marcos/libs/netcdf/include  -real-size `expr 8 \* 4` -i4  module_fr_fire_driver_wrf.f90
rm -f module_shcu_camuwshcu_driver.o
sed -e "s/^\!.*'.*//" -e "s/^ *\!.*'.*//" module_shcu_camuwshcu_driver.F > module_shcu_camuwshcu_driver.G
/lib/cpp -P -nostdinc -I/data1/home/marcos/WRF_old/new/WRF/inc -DEM_CORE=1 -DNMM_CORE=0 -DNMM_MAX_DIM=2600 -DDA_CORE=0 -DWRFPLUS=0 -DIWORDSIZE=4 -DDWORDSIZE=8 -DRWORDSIZE=4 -DLWORDSIZE=4 -DNONSTANDARD_SYSTEM_FUNC  -DWRF_USE_CLM -DRPC_TYPES=1  -DDM_PARALLEL -DNETCDF -DLANDREAD_STUB=1 -DUSE_ALLOCATABLES -Dwrfmodel -DGRIB1 -DINTIO -DKEEP_INT_AROUND -DLIMIT_ARGS -DBUILD_RRTMG_FAST=0 -DBUILD_RRTMK=0 -DBUILD_SBM_FAST=1 -DSHOW_ALL_VARS_USED=0 -DCONFIG_BUF_LEN=65536 -DMAX_DOMAINS_F=21 -DMAX_HISTORY=25 -DNMM_NEST=0  -I. -traditional-cpp   module_shcu_camuwshcu_driver.G  > module_shcu_camuwshcu_driver.bb
/data1/home/marcos/WRF_old/new/WRF/tools/standard.exe module_shcu_camuwshcu_driver.bb | /lib/cpp -P -nostdinc -traditional-cpp > module_shcu_camuwshcu_driver.f90
rm -f module_shcu_camuwshcu_driver.G module_shcu_camuwshcu_driver.bb
time /data1/sw/local/mpich/bin/mpif90 -f90=ifort -o module_shcu_camuwshcu_driver.o -c -O3 -ip -fp-model precise -w -ftz -align all -fno-alias -FR -convert big_endian    -I../dyn_em -I../dyn_nmm  -I/data1/home/marcos/WRF_old/new/WRF/external/esmf_time_f90  -I/data1/home/marcos/WRF_old/new/WRF/main -I/data1/home/marcos/WRF_old/new/WRF/external/io_netcdf -I/data1/home/marcos/WRF_old/new/WRF/external/io_int -I/data1/home/marcos/WRF_old/new/WRF/frame -I/data1/home/marcos/WRF_old/new/WRF/share -I/data1/home/marcos/WRF_old/new/WRF/phys -I/data1/home/marcos/WRF_old/new/WRF/wrftladj -I/data1/home/marcos/WRF_old/new/WRF/chem -I/data1/home/marcos/WRF_old/new/WRF/inc -I/home/marcos/libs/netcdf/include  -real-size `expr 8 \* 4` -i4  module_shcu_camuwshcu_driver.f90
rm -f module_cu_camzm_driver.o
sed -e "s/^\!.*'.*//" -e "s/^ *\!.*'.*//" module_cu_camzm_driver.F > module_cu_camzm_driver.G
/lib/cpp -P -nostdinc -I/data1/home/marcos/WRF_old/new/WRF/inc -DEM_CORE=1 -DNMM_CORE=0 -DNMM_MAX_DIM=2600 -DDA_CORE=0 -DWRFPLUS=0 -DIWORDSIZE=4 -DDWORDSIZE=8 -DRWORDSIZE=4 -DLWORDSIZE=4 -DNONSTANDARD_SYSTEM_FUNC  -DWRF_USE_CLM -DRPC_TYPES=1  -DDM_PARALLEL -DNETCDF -DLANDREAD_STUB=1 -DUSE_ALLOCATABLES -Dwrfmodel -DGRIB1 -DINTIO -DKEEP_INT_AROUND -DLIMIT_ARGS -DBUILD_RRTMG_FAST=0 -DBUILD_RRTMK=0 -DBUILD_SBM_FAST=1 -DSHOW_ALL_VARS_USED=0 -DCONFIG_BUF_LEN=65536 -DMAX_DOMAINS_F=21 -DMAX_HISTORY=25 -DNMM_NEST=0  -I. -traditional-cpp   module_cu_camzm_driver.G  > module_cu_camzm_driver.bb
/data1/home/marcos/WRF_old/new/WRF/tools/standard.exe module_cu_camzm_driver.bb | /lib/cpp -P -nostdinc -traditional-cpp > module_cu_camzm_driver.f90
rm -f module_cu_camzm_driver.G module_cu_camzm_driver.bb
time /data1/sw/local/mpich/bin/mpif90 -f90=ifort -o module_cu_camzm_driver.o -c -O3 -ip -fp-model precise -w -ftz -align all -fno-alias -FR -convert big_endian    -I../dyn_em -I../dyn_nmm  -I/data1/home/marcos/WRF_old/new/WRF/external/esmf_time_f90  -I/data1/home/marcos/WRF_old/new/WRF/main -I/data1/home/marcos/WRF_old/new/WRF/external/io_netcdf -I/data1/home/marcos/WRF_old/new/WRF/external/io_int -I/data1/home/marcos/WRF_old/new/WRF/frame -I/data1/home/marcos/WRF_old/new/WRF/share -I/data1/home/marcos/WRF_old/new/WRF/phys -I/data1/home/marcos/WRF_old/new/WRF/wrftladj -I/data1/home/marcos/WRF_old/new/WRF/chem -I/data1/home/marcos/WRF_old/new/WRF/inc -I/home/marcos/libs/netcdf/include  -real-size `expr 8 \* 4` -i4  module_cu_camzm_driver.f90
rm -f module_shallowcu_driver.o
sed -e "s/^\!.*'.*//" -e "s/^ *\!.*'.*//" module_shallowcu_driver.F > module_shallowcu_driver.G
/lib/cpp -P -nostdinc -I/data1/home/marcos/WRF_old/new/WRF/inc -DEM_CORE=1 -DNMM_CORE=0 -DNMM_MAX_DIM=2600 -DDA_CORE=0 -DWRFPLUS=0 -DIWORDSIZE=4 -DDWORDSIZE=8 -DRWORDSIZE=4 -DLWORDSIZE=4 -DNONSTANDARD_SYSTEM_FUNC  -DWRF_USE_CLM -DRPC_TYPES=1  -DDM_PARALLEL -DNETCDF -DLANDREAD_STUB=1 -DUSE_ALLOCATABLES -Dwrfmodel -DGRIB1 -DINTIO -DKEEP_INT_AROUND -DLIMIT_ARGS -DBUILD_RRTMG_FAST=0 -DBUILD_RRTMK=0 -DBUILD_SBM_FAST=1 -DSHOW_ALL_VARS_USED=0 -DCONFIG_BUF_LEN=65536 -DMAX_DOMAINS_F=21 -DMAX_HISTORY=25 -DNMM_NEST=0  -I. -traditional-cpp   module_shallowcu_driver.G  > module_shallowcu_driver.bb
/data1/home/marcos/WRF_old/new/WRF/tools/standard.exe module_shallowcu_driver.bb | /lib/cpp -P -nostdinc -traditional-cpp > module_shallowcu_driver.f90
rm -f module_shallowcu_driver.G module_shallowcu_driver.bb
time /data1/sw/local/mpich/bin/mpif90 -f90=ifort -o module_shallowcu_driver.o -c -O3 -ip -fp-model precise -w -ftz -align all -fno-alias -FR -convert big_endian    -I../dyn_em -I../dyn_nmm  -I/data1/home/marcos/WRF_old/new/WRF/external/esmf_time_f90  -I/data1/home/marcos/WRF_old/new/WRF/main -I/data1/home/marcos/WRF_old/new/WRF/external/io_netcdf -I/data1/home/marcos/WRF_old/new/WRF/external/io_int -I/data1/home/marcos/WRF_old/new/WRF/frame -I/data1/home/marcos/WRF_old/new/WRF/share -I/data1/home/marcos/WRF_old/new/WRF/phys -I/data1/home/marcos/WRF_old/new/WRF/wrftladj -I/data1/home/marcos/WRF_old/new/WRF/chem -I/data1/home/marcos/WRF_old/new/WRF/inc -I/home/marcos/libs/netcdf/include  -real-size `expr 8 \* 4` -i4  module_shallowcu_driver.f90
rm -f module_cumulus_driver.o
sed -e "s/^\!.*'.*//" -e "s/^ *\!.*'.*//" module_cumulus_driver.F > module_cumulus_driver.G
/lib/cpp -P -nostdinc -I/data1/home/marcos/WRF_old/new/WRF/inc -DEM_CORE=1 -DNMM_CORE=0 -DNMM_MAX_DIM=2600 -DDA_CORE=0 -DWRFPLUS=0 -DIWORDSIZE=4 -DDWORDSIZE=8 -DRWORDSIZE=4 -DLWORDSIZE=4 -DNONSTANDARD_SYSTEM_FUNC  -DWRF_USE_CLM -DRPC_TYPES=1  -DDM_PARALLEL -DNETCDF -DLANDREAD_STUB=1 -DUSE_ALLOCATABLES -Dwrfmodel -DGRIB1 -DINTIO -DKEEP_INT_AROUND -DLIMIT_ARGS -DBUILD_RRTMG_FAST=0 -DBUILD_RRTMK=0 -DBUILD_SBM_FAST=1 -DSHOW_ALL_VARS_USED=0 -DCONFIG_BUF_LEN=65536 -DMAX_DOMAINS_F=21 -DMAX_HISTORY=25 -DNMM_NEST=0  -I. -traditional-cpp   module_cumulus_driver.G  > module_cumulus_driver.bb
/data1/home/marcos/WRF_old/new/WRF/tools/standard.exe module_cumulus_driver.bb | /lib/cpp -P -nostdinc -traditional-cpp > module_cumulus_driver.f90
rm -f module_cumulus_driver.G module_cumulus_driver.bb
time /data1/sw/local/mpich/bin/mpif90 -f90=ifort -o module_cumulus_driver.o -c -O3 -ip -fp-model precise -w -ftz -align all -fno-alias -FR -convert big_endian    -I../dyn_em -I../dyn_nmm  -I/data1/home/marcos/WRF_old/new/WRF/external/esmf_time_f90  -I/data1/home/marcos/WRF_old/new/WRF/main -I/data1/home/marcos/WRF_old/new/WRF/external/io_netcdf -I/data1/home/marcos/WRF_old/new/WRF/external/io_int -I/data1/home/marcos/WRF_old/new/WRF/frame -I/data1/home/marcos/WRF_old/new/WRF/share -I/data1/home/marcos/WRF_old/new/WRF/phys -I/data1/home/marcos/WRF_old/new/WRF/wrftladj -I/data1/home/marcos/WRF_old/new/WRF/chem -I/data1/home/marcos/WRF_old/new/WRF/inc -I/home/marcos/libs/netcdf/include  -real-size `expr 8 \* 4` -i4  module_cumulus_driver.f90
rm -f module_physics_init.o
rm -f module_surface_driver.o
/lib/cpp -P -nostdinc -I/data1/home/marcos/WRF_old/new/WRF/inc -DEM_CORE=1 -DNMM_CORE=0 -DNMM_MAX_DIM=2600 -DDA_CORE=0 -DWRFPLUS=0 -DIWORDSIZE=4 -DDWORDSIZE=8 -DRWORDSIZE=4 -DLWORDSIZE=4 -DNONSTANDARD_SYSTEM_FUNC  -DWRF_USE_CLM -DRPC_TYPES=1  -DDM_PARALLEL -DNETCDF -DLANDREAD_STUB=1 -DUSE_ALLOCATABLES -Dwrfmodel -DGRIB1 -DINTIO -DKEEP_INT_AROUND -DLIMIT_ARGS -DBUILD_RRTMG_FAST=0 -DBUILD_RRTMK=0 -DBUILD_SBM_FAST=1 -DSHOW_ALL_VARS_USED=0 -DCONFIG_BUF_LEN=65536 -DMAX_DOMAINS_F=21 -DMAX_HISTORY=25 -DNMM_NEST=0  -I. -traditional-cpp   module_physics_init.F  > module_physics_init.bb
sed -e "s/^\!.*'.*//" -e "s/^ *\!.*'.*//" module_surface_driver.F > module_surface_driver.G
/data1/home/marcos/WRF_old/new/WRF/tools/standard.exe module_physics_init.bb | /lib/cpp -P -nostdinc -traditional-cpp > module_physics_init.f90
/lib/cpp -P -nostdinc -I/data1/home/marcos/WRF_old/new/WRF/inc -DEM_CORE=1 -DNMM_CORE=0 -DNMM_MAX_DIM=2600 -DDA_CORE=0 -DWRFPLUS=0 -DIWORDSIZE=4 -DDWORDSIZE=8 -DRWORDSIZE=4 -DLWORDSIZE=4 -DNONSTANDARD_SYSTEM_FUNC  -DWRF_USE_CLM -DRPC_TYPES=1  -DDM_PARALLEL -DNETCDF -DLANDREAD_STUB=1 -DUSE_ALLOCATABLES -Dwrfmodel -DGRIB1 -DINTIO -DKEEP_INT_AROUND -DLIMIT_ARGS -DBUILD_RRTMG_FAST=0 -DBUILD_RRTMK=0 -DBUILD_SBM_FAST=1 -DSHOW_ALL_VARS_USED=0 -DCONFIG_BUF_LEN=65536 -DMAX_DOMAINS_F=21 -DMAX_HISTORY=25 -DNMM_NEST=0  -I. -traditional-cpp   module_surface_driver.G  > module_surface_driver.bb
/data1/home/marcos/WRF_old/new/WRF/tools/standard.exe module_surface_driver.bb | /lib/cpp -P -nostdinc -traditional-cpp > module_surface_driver.f90
rm -f module_physics_init.b module_physics_init.bb
time /data1/sw/local/mpich/bin/mpif90 -f90=ifort -c -real-size `expr 8 \* 4` -i4  -O0 -fno-inline -no-ip -ip -fp-model precise -w -ftz -align all -fno-alias -FR -convert big_endian   -I../dyn_em -I../dyn_nmm  -I/data1/home/marcos/WRF_old/new/WRF/external/esmf_time_f90  -I/data1/home/marcos/WRF_old/new/WRF/main -I/data1/home/marcos/WRF_old/new/WRF/external/io_netcdf -I/data1/home/marcos/WRF_old/new/WRF/external/io_int -I/data1/home/marcos/WRF_old/new/WRF/frame -I/data1/home/marcos/WRF_old/new/WRF/share -I/data1/home/marcos/WRF_old/new/WRF/phys -I/data1/home/marcos/WRF_old/new/WRF/wrftladj -I/data1/home/marcos/WRF_old/new/WRF/chem -I/data1/home/marcos/WRF_old/new/WRF/inc -I/home/marcos/libs/netcdf/include  module_physics_init.f90
rm -f module_surface_driver.G module_surface_driver.bb
time /data1/sw/local/mpich/bin/mpif90 -f90=ifort -o module_surface_driver.o -c -O3 -ip -fp-model precise -w -ftz -align all -fno-alias -FR -convert big_endian    -I../dyn_em -I../dyn_nmm  -I/data1/home/marcos/WRF_old/new/WRF/external/esmf_time_f90  -I/data1/home/marcos/WRF_old/new/WRF/main -I/data1/home/marcos/WRF_old/new/WRF/external/io_netcdf -I/data1/home/marcos/WRF_old/new/WRF/external/io_int -I/data1/home/marcos/WRF_old/new/WRF/frame -I/data1/home/marcos/WRF_old/new/WRF/share -I/data1/home/marcos/WRF_old/new/WRF/phys -I/data1/home/marcos/WRF_old/new/WRF/wrftladj -I/data1/home/marcos/WRF_old/new/WRF/chem -I/data1/home/marcos/WRF_old/new/WRF/inc -I/home/marcos/libs/netcdf/include  -real-size `expr 8 \* 4` -i4  module_surface_driver.f90
make[3]: Leaving directory `/data1/home/marcos/WRF_old/new/WRF/phys'
make[2]: Leaving directory `/data1/home/marcos/WRF_old/new/WRF/phys'
make[1]: Leaving directory `/data1/home/marcos/WRF_old/new/WRF'
if [ 0  -eq 1 ]    ; then make -i -r MODULE_DIRS="-I../dyn_em -I../dyn_nmm  -I/data1/home/marcos/WRF_old/new/WRF/external/esmf_time_f90  -I/data1/home/marcos/WRF_old/new/WRF/main -I/data1/home/marcos/WRF_old/new/WRF/external/io_netcdf -I/data1/home/marcos/WRF_old/new/WRF/external/io_int -I/data1/home/marcos/WRF_old/new/WRF/frame -I/data1/home/marcos/WRF_old/new/WRF/share -I/data1/home/marcos/WRF_old/new/WRF/phys -I/data1/home/marcos/WRF_old/new/WRF/wrftladj -I/data1/home/marcos/WRF_old/new/WRF/chem -I/data1/home/marcos/WRF_old/new/WRF/inc -I/home/marcos/libs/netcdf/include " chemics ; fi
if [ 1 -eq 1 ]    ; then make -i -r MODULE_DIRS="-I../dyn_em -I../dyn_nmm  -I/data1/home/marcos/WRF_old/new/WRF/external/esmf_time_f90  -I/data1/home/marcos/WRF_old/new/WRF/main -I/data1/home/marcos/WRF_old/new/WRF/external/io_netcdf -I/data1/home/marcos/WRF_old/new/WRF/external/io_int -I/data1/home/marcos/WRF_old/new/WRF/frame -I/data1/home/marcos/WRF_old/new/WRF/share -I/data1/home/marcos/WRF_old/new/WRF/phys -I/data1/home/marcos/WRF_old/new/WRF/wrftladj -I/data1/home/marcos/WRF_old/new/WRF/chem -I/data1/home/marcos/WRF_old/new/WRF/inc -I/home/marcos/libs/netcdf/include " em_core ; fi
make[1]: Entering directory `/data1/home/marcos/WRF_old/new/WRF'
--------------------------------------
if [ 0  -eq 0 ] ; then \
		CF= ; \
	else \
		CF="../chem/module_aerosols_sorgam.o ../chem/module_gocart_aerosols.o ../chem/module_mosaic_driver.o ../chem/module_input_tracer.o ../chem/module_aerosols_soa_vbs.o" ; \
	fi
( cd dyn_em ; make -i -r -j 2 CF="" )
make[2]: Entering directory `/data1/home/marcos/WRF_old/new/WRF/dyn_em'
rm -f module_advect_em.o
rm -f module_big_step_utilities_em.o
sed -e "s/^\!.*'.*//" -e "s/^ *\!.*'.*//" module_advect_em.F > module_advect_em.G
sed -e "s/^\!.*'.*//" -e "s/^ *\!.*'.*//" module_big_step_utilities_em.F > module_big_step_utilities_em.G
/lib/cpp -P -nostdinc -I/data1/home/marcos/WRF_old/new/WRF/inc -DEM_CORE=1 -DNMM_CORE=0 -DNMM_MAX_DIM=2600 -DDA_CORE=0 -DWRFPLUS=0 -DIWORDSIZE=4 -DDWORDSIZE=8 -DRWORDSIZE=4 -DLWORDSIZE=4 -DNONSTANDARD_SYSTEM_FUNC  -DWRF_USE_CLM -DRPC_TYPES=1  -DDM_PARALLEL -DNETCDF -DLANDREAD_STUB=1 -DUSE_ALLOCATABLES -Dwrfmodel -DGRIB1 -DINTIO -DKEEP_INT_AROUND -DLIMIT_ARGS -DBUILD_RRTMG_FAST=0 -DBUILD_RRTMK=0 -DBUILD_SBM_FAST=1 -DSHOW_ALL_VARS_USED=0 -DCONFIG_BUF_LEN=65536 -DMAX_DOMAINS_F=21 -DMAX_HISTORY=25 -DNMM_NEST=0  -I. -traditional-cpp   module_big_step_utilities_em.G  > module_big_step_utilities_em.bb
/lib/cpp -P -nostdinc -I/data1/home/marcos/WRF_old/new/WRF/inc -DEM_CORE=1 -DNMM_CORE=0 -DNMM_MAX_DIM=2600 -DDA_CORE=0 -DWRFPLUS=0 -DIWORDSIZE=4 -DDWORDSIZE=8 -DRWORDSIZE=4 -DLWORDSIZE=4 -DNONSTANDARD_SYSTEM_FUNC  -DWRF_USE_CLM -DRPC_TYPES=1  -DDM_PARALLEL -DNETCDF -DLANDREAD_STUB=1 -DUSE_ALLOCATABLES -Dwrfmodel -DGRIB1 -DINTIO -DKEEP_INT_AROUND -DLIMIT_ARGS -DBUILD_RRTMG_FAST=0 -DBUILD_RRTMK=0 -DBUILD_SBM_FAST=1 -DSHOW_ALL_VARS_USED=0 -DCONFIG_BUF_LEN=65536 -DMAX_DOMAINS_F=21 -DMAX_HISTORY=25 -DNMM_NEST=0  -I. -traditional-cpp   module_advect_em.G  > module_advect_em.bb
/data1/home/marcos/WRF_old/new/WRF/tools/standard.exe module_big_step_utilities_em.bb | /lib/cpp -P -nostdinc -traditional-cpp > module_big_step_utilities_em.f90
/data1/home/marcos/WRF_old/new/WRF/tools/standard.exe module_advect_em.bb | /lib/cpp -P -nostdinc -traditional-cpp > module_advect_em.f90
rm -f module_big_step_utilities_em.G module_big_step_utilities_em.bb
time /data1/sw/local/mpich/bin/mpif90 -f90=ifort -o module_big_step_utilities_em.o -c -O3 -ip -fp-model precise -w -ftz -align all -fno-alias -FR -convert big_endian    -I../dyn_em -I../dyn_nmm  -I/data1/home/marcos/WRF_old/new/WRF/external/esmf_time_f90  -I/data1/home/marcos/WRF_old/new/WRF/main -I/data1/home/marcos/WRF_old/new/WRF/external/io_netcdf -I/data1/home/marcos/WRF_old/new/WRF/external/io_int -I/data1/home/marcos/WRF_old/new/WRF/frame -I/data1/home/marcos/WRF_old/new/WRF/share -I/data1/home/marcos/WRF_old/new/WRF/phys -I/data1/home/marcos/WRF_old/new/WRF/wrftladj -I/data1/home/marcos/WRF_old/new/WRF/chem -I/data1/home/marcos/WRF_old/new/WRF/inc -I/home/marcos/libs/netcdf/include  -real-size `expr 8 \* 4` -i4  module_big_step_utilities_em.f90
rm -f module_advect_em.G module_advect_em.bb
time /data1/sw/local/mpich/bin/mpif90 -f90=ifort -o module_advect_em.o -c -O3 -ip -fp-model precise -w -ftz -align all -fno-alias -FR -convert big_endian    -I../dyn_em -I../dyn_nmm  -I/data1/home/marcos/WRF_old/new/WRF/external/esmf_time_f90  -I/data1/home/marcos/WRF_old/new/WRF/main -I/data1/home/marcos/WRF_old/new/WRF/external/io_netcdf -I/data1/home/marcos/WRF_old/new/WRF/external/io_int -I/data1/home/marcos/WRF_old/new/WRF/frame -I/data1/home/marcos/WRF_old/new/WRF/share -I/data1/home/marcos/WRF_old/new/WRF/phys -I/data1/home/marcos/WRF_old/new/WRF/wrftladj -I/data1/home/marcos/WRF_old/new/WRF/chem -I/data1/home/marcos/WRF_old/new/WRF/inc -I/home/marcos/libs/netcdf/include  -real-size `expr 8 \* 4` -i4  module_advect_em.f90
rm -f module_small_step_em.o
sed -e "s/^\!.*'.*//" -e "s/^ *\!.*'.*//" module_small_step_em.F > module_small_step_em.G
/lib/cpp -P -nostdinc -I/data1/home/marcos/WRF_old/new/WRF/inc -DEM_CORE=1 -DNMM_CORE=0 -DNMM_MAX_DIM=2600 -DDA_CORE=0 -DWRFPLUS=0 -DIWORDSIZE=4 -DDWORDSIZE=8 -DRWORDSIZE=4 -DLWORDSIZE=4 -DNONSTANDARD_SYSTEM_FUNC  -DWRF_USE_CLM -DRPC_TYPES=1  -DDM_PARALLEL -DNETCDF -DLANDREAD_STUB=1 -DUSE_ALLOCATABLES -Dwrfmodel -DGRIB1 -DINTIO -DKEEP_INT_AROUND -DLIMIT_ARGS -DBUILD_RRTMG_FAST=0 -DBUILD_RRTMK=0 -DBUILD_SBM_FAST=1 -DSHOW_ALL_VARS_USED=0 -DCONFIG_BUF_LEN=65536 -DMAX_DOMAINS_F=21 -DMAX_HISTORY=25 -DNMM_NEST=0  -I. -traditional-cpp   module_small_step_em.G  > module_small_step_em.bb
/data1/home/marcos/WRF_old/new/WRF/tools/standard.exe module_small_step_em.bb | /lib/cpp -P -nostdinc -traditional-cpp > module_small_step_em.f90
rm -f module_small_step_em.G module_small_step_em.bb
time /data1/sw/local/mpich/bin/mpif90 -f90=ifort -o module_small_step_em.o -c -O3 -ip -fp-model precise -w -ftz -align all -fno-alias -FR -convert big_endian    -I../dyn_em -I../dyn_nmm  -I/data1/home/marcos/WRF_old/new/WRF/external/esmf_time_f90  -I/data1/home/marcos/WRF_old/new/WRF/main -I/data1/home/marcos/WRF_old/new/WRF/external/io_netcdf -I/data1/home/marcos/WRF_old/new/WRF/external/io_int -I/data1/home/marcos/WRF_old/new/WRF/frame -I/data1/home/marcos/WRF_old/new/WRF/share -I/data1/home/marcos/WRF_old/new/WRF/phys -I/data1/home/marcos/WRF_old/new/WRF/wrftladj -I/data1/home/marcos/WRF_old/new/WRF/chem -I/data1/home/marcos/WRF_old/new/WRF/inc -I/home/marcos/libs/netcdf/include  -real-size `expr 8 \* 4` -i4  module_small_step_em.f90
rm -f module_damping_em.o
sed -e "s/^\!.*'.*//" -e "s/^ *\!.*'.*//" module_damping_em.F > module_damping_em.G
/lib/cpp -P -nostdinc -I/data1/home/marcos/WRF_old/new/WRF/inc -DEM_CORE=1 -DNMM_CORE=0 -DNMM_MAX_DIM=2600 -DDA_CORE=0 -DWRFPLUS=0 -DIWORDSIZE=4 -DDWORDSIZE=8 -DRWORDSIZE=4 -DLWORDSIZE=4 -DNONSTANDARD_SYSTEM_FUNC  -DWRF_USE_CLM -DRPC_TYPES=1  -DDM_PARALLEL -DNETCDF -DLANDREAD_STUB=1 -DUSE_ALLOCATABLES -Dwrfmodel -DGRIB1 -DINTIO -DKEEP_INT_AROUND -DLIMIT_ARGS -DBUILD_RRTMG_FAST=0 -DBUILD_RRTMK=0 -DBUILD_SBM_FAST=1 -DSHOW_ALL_VARS_USED=0 -DCONFIG_BUF_LEN=65536 -DMAX_DOMAINS_F=21 -DMAX_HISTORY=25 -DNMM_NEST=0  -I. -traditional-cpp   module_damping_em.G  > module_damping_em.bb
/data1/home/marcos/WRF_old/new/WRF/tools/standard.exe module_damping_em.bb | /lib/cpp -P -nostdinc -traditional-cpp > module_damping_em.f90
rm -f module_damping_em.G module_damping_em.bb
time /data1/sw/local/mpich/bin/mpif90 -f90=ifort -o module_damping_em.o -c -O3 -ip -fp-model precise -w -ftz -align all -fno-alias -FR -convert big_endian    -I../dyn_em -I../dyn_nmm  -I/data1/home/marcos/WRF_old/new/WRF/external/esmf_time_f90  -I/data1/home/marcos/WRF_old/new/WRF/main -I/data1/home/marcos/WRF_old/new/WRF/external/io_netcdf -I/data1/home/marcos/WRF_old/new/WRF/external/io_int -I/data1/home/marcos/WRF_old/new/WRF/frame -I/data1/home/marcos/WRF_old/new/WRF/share -I/data1/home/marcos/WRF_old/new/WRF/phys -I/data1/home/marcos/WRF_old/new/WRF/wrftladj -I/data1/home/marcos/WRF_old/new/WRF/chem -I/data1/home/marcos/WRF_old/new/WRF/inc -I/home/marcos/libs/netcdf/include  -real-size `expr 8 \* 4` -i4  module_damping_em.f90
rm -f module_solvedebug_em.o
sed -e "s/^\!.*'.*//" -e "s/^ *\!.*'.*//" module_solvedebug_em.F > module_solvedebug_em.G
/lib/cpp -P -nostdinc -I/data1/home/marcos/WRF_old/new/WRF/inc -DEM_CORE=1 -DNMM_CORE=0 -DNMM_MAX_DIM=2600 -DDA_CORE=0 -DWRFPLUS=0 -DIWORDSIZE=4 -DDWORDSIZE=8 -DRWORDSIZE=4 -DLWORDSIZE=4 -DNONSTANDARD_SYSTEM_FUNC  -DWRF_USE_CLM -DRPC_TYPES=1  -DDM_PARALLEL -DNETCDF -DLANDREAD_STUB=1 -DUSE_ALLOCATABLES -Dwrfmodel -DGRIB1 -DINTIO -DKEEP_INT_AROUND -DLIMIT_ARGS -DBUILD_RRTMG_FAST=0 -DBUILD_RRTMK=0 -DBUILD_SBM_FAST=1 -DSHOW_ALL_VARS_USED=0 -DCONFIG_BUF_LEN=65536 -DMAX_DOMAINS_F=21 -DMAX_HISTORY=25 -DNMM_NEST=0  -I. -traditional-cpp   module_solvedebug_em.G  > module_solvedebug_em.bb
/data1/home/marcos/WRF_old/new/WRF/tools/standard.exe module_solvedebug_em.bb | /lib/cpp -P -nostdinc -traditional-cpp > module_solvedebug_em.f90
rm -f module_solvedebug_em.G module_solvedebug_em.bb
time /data1/sw/local/mpich/bin/mpif90 -f90=ifort -o module_solvedebug_em.o -c -O3 -ip -fp-model precise -w -ftz -align all -fno-alias -FR -convert big_endian    -I../dyn_em -I../dyn_nmm  -I/data1/home/marcos/WRF_old/new/WRF/external/esmf_time_f90  -I/data1/home/marcos/WRF_old/new/WRF/main -I/data1/home/marcos/WRF_old/new/WRF/external/io_netcdf -I/data1/home/marcos/WRF_old/new/WRF/external/io_int -I/data1/home/marcos/WRF_old/new/WRF/frame -I/data1/home/marcos/WRF_old/new/WRF/share -I/data1/home/marcos/WRF_old/new/WRF/phys -I/data1/home/marcos/WRF_old/new/WRF/wrftladj -I/data1/home/marcos/WRF_old/new/WRF/chem -I/data1/home/marcos/WRF_old/new/WRF/inc -I/home/marcos/libs/netcdf/include  -real-size `expr 8 \* 4` -i4  module_solvedebug_em.f90
rm -f module_bc_em.o
sed -e "s/^\!.*'.*//" -e "s/^ *\!.*'.*//" module_bc_em.F > module_bc_em.G
/lib/cpp -P -nostdinc -I/data1/home/marcos/WRF_old/new/WRF/inc -DEM_CORE=1 -DNMM_CORE=0 -DNMM_MAX_DIM=2600 -DDA_CORE=0 -DWRFPLUS=0 -DIWORDSIZE=4 -DDWORDSIZE=8 -DRWORDSIZE=4 -DLWORDSIZE=4 -DNONSTANDARD_SYSTEM_FUNC  -DWRF_USE_CLM -DRPC_TYPES=1  -DDM_PARALLEL -DNETCDF -DLANDREAD_STUB=1 -DUSE_ALLOCATABLES -Dwrfmodel -DGRIB1 -DINTIO -DKEEP_INT_AROUND -DLIMIT_ARGS -DBUILD_RRTMG_FAST=0 -DBUILD_RRTMK=0 -DBUILD_SBM_FAST=1 -DSHOW_ALL_VARS_USED=0 -DCONFIG_BUF_LEN=65536 -DMAX_DOMAINS_F=21 -DMAX_HISTORY=25 -DNMM_NEST=0  -I. -traditional-cpp   module_bc_em.G  > module_bc_em.bb
/data1/home/marcos/WRF_old/new/WRF/tools/standard.exe module_bc_em.bb | /lib/cpp -P -nostdinc -traditional-cpp > module_bc_em.f90
rm -f module_bc_em.G module_bc_em.bb
time /data1/sw/local/mpich/bin/mpif90 -f90=ifort -o module_bc_em.o -c -O3 -ip -fp-model precise -w -ftz -align all -fno-alias -FR -convert big_endian    -I../dyn_em -I../dyn_nmm  -I/data1/home/marcos/WRF_old/new/WRF/external/esmf_time_f90  -I/data1/home/marcos/WRF_old/new/WRF/main -I/data1/home/marcos/WRF_old/new/WRF/external/io_netcdf -I/data1/home/marcos/WRF_old/new/WRF/external/io_int -I/data1/home/marcos/WRF_old/new/WRF/frame -I/data1/home/marcos/WRF_old/new/WRF/share -I/data1/home/marcos/WRF_old/new/WRF/phys -I/data1/home/marcos/WRF_old/new/WRF/wrftladj -I/data1/home/marcos/WRF_old/new/WRF/chem -I/data1/home/marcos/WRF_old/new/WRF/inc -I/home/marcos/libs/netcdf/include  -real-size `expr 8 \* 4` -i4  module_bc_em.f90
rm -f module_init_utilities.o
sed -e "s/^\!.*'.*//" -e "s/^ *\!.*'.*//" module_init_utilities.F > module_init_utilities.G
/lib/cpp -P -nostdinc -I/data1/home/marcos/WRF_old/new/WRF/inc -DEM_CORE=1 -DNMM_CORE=0 -DNMM_MAX_DIM=2600 -DDA_CORE=0 -DWRFPLUS=0 -DIWORDSIZE=4 -DDWORDSIZE=8 -DRWORDSIZE=4 -DLWORDSIZE=4 -DNONSTANDARD_SYSTEM_FUNC  -DWRF_USE_CLM -DRPC_TYPES=1  -DDM_PARALLEL -DNETCDF -DLANDREAD_STUB=1 -DUSE_ALLOCATABLES -Dwrfmodel -DGRIB1 -DINTIO -DKEEP_INT_AROUND -DLIMIT_ARGS -DBUILD_RRTMG_FAST=0 -DBUILD_RRTMK=0 -DBUILD_SBM_FAST=1 -DSHOW_ALL_VARS_USED=0 -DCONFIG_BUF_LEN=65536 -DMAX_DOMAINS_F=21 -DMAX_HISTORY=25 -DNMM_NEST=0  -I. -traditional-cpp   module_init_utilities.G  > module_init_utilities.bb
/data1/home/marcos/WRF_old/new/WRF/tools/standard.exe module_init_utilities.bb | /lib/cpp -P -nostdinc -traditional-cpp > module_init_utilities.f90
rm -f module_init_utilities.G module_init_utilities.bb
time /data1/sw/local/mpich/bin/mpif90 -f90=ifort -o module_init_utilities.o -c -O3 -ip -fp-model precise -w -ftz -align all -fno-alias -FR -convert big_endian    -I../dyn_em -I../dyn_nmm  -I/data1/home/marcos/WRF_old/new/WRF/external/esmf_time_f90  -I/data1/home/marcos/WRF_old/new/WRF/main -I/data1/home/marcos/WRF_old/new/WRF/external/io_netcdf -I/data1/home/marcos/WRF_old/new/WRF/external/io_int -I/data1/home/marcos/WRF_old/new/WRF/frame -I/data1/home/marcos/WRF_old/new/WRF/share -I/data1/home/marcos/WRF_old/new/WRF/phys -I/data1/home/marcos/WRF_old/new/WRF/wrftladj -I/data1/home/marcos/WRF_old/new/WRF/chem -I/data1/home/marcos/WRF_old/new/WRF/inc -I/home/marcos/libs/netcdf/include  -real-size `expr 8 \* 4` -i4  module_init_utilities.f90
rm -f module_wps_io_arw.o
/data1/home/marcos/WRF_old/new/WRF/tools/standard.exe module_wps_io_arw.F > module_wps_io_arw.b 
/lib/cpp -P -nostdinc -I/data1/home/marcos/WRF_old/new/WRF/inc -DEM_CORE=1 -DNMM_CORE=0 -DNMM_MAX_DIM=2600 -DDA_CORE=0 -DWRFPLUS=0 -DIWORDSIZE=4 -DDWORDSIZE=8 -DRWORDSIZE=4 -DLWORDSIZE=4 -DNONSTANDARD_SYSTEM_FUNC  -DWRF_USE_CLM -DRPC_TYPES=1  -DDM_PARALLEL -DNETCDF -DLANDREAD_STUB=1 -DUSE_ALLOCATABLES -Dwrfmodel -DGRIB1 -DINTIO -DKEEP_INT_AROUND -DLIMIT_ARGS -DBUILD_RRTMG_FAST=0 -DBUILD_RRTMK=0 -DBUILD_SBM_FAST=1 -DSHOW_ALL_VARS_USED=0 -DCONFIG_BUF_LEN=65536 -DMAX_DOMAINS_F=21 -DMAX_HISTORY=25 -DNMM_NEST=0  -I. -traditional-cpp   module_wps_io_arw.b  > module_wps_io_arw.f90
rm -f module_wps_io_arw.b
if fgrep -iq '!$OMP' module_wps_io_arw.f90 ; then \
          if [ -n "" ] ; then echo COMPILING module_wps_io_arw.F WITH OMP ; fi ; \
	  time /data1/sw/local/mpich/bin/mpif90 -f90=ifort -c -real-size `expr 8 \* 4` -i4 -O0 -fno-inline -no-ip -ip -fp-model precise -w -ftz -align all -fno-alias -FR -convert big_endian   -I../dyn_em -I../dyn_nmm  -I/data1/home/marcos/WRF_old/new/WRF/external/esmf_time_f90  -I/data1/home/marcos/WRF_old/new/WRF/main -I/data1/home/marcos/WRF_old/new/WRF/external/io_netcdf -I/data1/home/marcos/WRF_old/new/WRF/external/io_int -I/data1/home/marcos/WRF_old/new/WRF/frame -I/data1/home/marcos/WRF_old/new/WRF/share -I/data1/home/marcos/WRF_old/new/WRF/phys -I/data1/home/marcos/WRF_old/new/WRF/wrftladj -I/data1/home/marcos/WRF_old/new/WRF/chem -I/data1/home/marcos/WRF_old/new/WRF/inc -I/home/marcos/libs/netcdf/include    module_wps_io_arw.f90 ; \
        else \
          if [ -n "" ] ; then echo COMPILING module_wps_io_arw.F WITHOUT OMP ; fi ; \
	  time /data1/sw/local/mpich/bin/mpif90 -f90=ifort -c -real-size `expr 8 \* 4` -i4 -O0 -fno-inline -no-ip -ip -fp-model precise -w -ftz -align all -fno-alias -FR -convert big_endian   -I../dyn_em -I../dyn_nmm  -I/data1/home/marcos/WRF_old/new/WRF/external/esmf_time_f90  -I/data1/home/marcos/WRF_old/new/WRF/main -I/data1/home/marcos/WRF_old/new/WRF/external/io_netcdf -I/data1/home/marcos/WRF_old/new/WRF/external/io_int -I/data1/home/marcos/WRF_old/new/WRF/frame -I/data1/home/marcos/WRF_old/new/WRF/share -I/data1/home/marcos/WRF_old/new/WRF/phys -I/data1/home/marcos/WRF_old/new/WRF/wrftladj -I/data1/home/marcos/WRF_old/new/WRF/chem -I/data1/home/marcos/WRF_old/new/WRF/inc -I/home/marcos/libs/netcdf/include   module_wps_io_arw.f90 ; \
        fi
rm -f module_polarfft.o
sed -e "s/^\!.*'.*//" -e "s/^ *\!.*'.*//" module_polarfft.F > module_polarfft.G
/lib/cpp -P -nostdinc -I/data1/home/marcos/WRF_old/new/WRF/inc -DEM_CORE=1 -DNMM_CORE=0 -DNMM_MAX_DIM=2600 -DDA_CORE=0 -DWRFPLUS=0 -DIWORDSIZE=4 -DDWORDSIZE=8 -DRWORDSIZE=4 -DLWORDSIZE=4 -DNONSTANDARD_SYSTEM_FUNC  -DWRF_USE_CLM -DRPC_TYPES=1  -DDM_PARALLEL -DNETCDF -DLANDREAD_STUB=1 -DUSE_ALLOCATABLES -Dwrfmodel -DGRIB1 -DINTIO -DKEEP_INT_AROUND -DLIMIT_ARGS -DBUILD_RRTMG_FAST=0 -DBUILD_RRTMK=0 -DBUILD_SBM_FAST=1 -DSHOW_ALL_VARS_USED=0 -DCONFIG_BUF_LEN=65536 -DMAX_DOMAINS_F=21 -DMAX_HISTORY=25 -DNMM_NEST=0  -I. -traditional-cpp   module_polarfft.G  > module_polarfft.bb
/data1/home/marcos/WRF_old/new/WRF/tools/standard.exe module_polarfft.bb | /lib/cpp -P -nostdinc -traditional-cpp > module_polarfft.f90
rm -f module_polarfft.G module_polarfft.bb
time /data1/sw/local/mpich/bin/mpif90 -f90=ifort -o module_polarfft.o -c -O3 -ip -fp-model precise -w -ftz -align all -fno-alias -FR -convert big_endian    -I../dyn_em -I../dyn_nmm  -I/data1/home/marcos/WRF_old/new/WRF/external/esmf_time_f90  -I/data1/home/marcos/WRF_old/new/WRF/main -I/data1/home/marcos/WRF_old/new/WRF/external/io_netcdf -I/data1/home/marcos/WRF_old/new/WRF/external/io_int -I/data1/home/marcos/WRF_old/new/WRF/frame -I/data1/home/marcos/WRF_old/new/WRF/share -I/data1/home/marcos/WRF_old/new/WRF/phys -I/data1/home/marcos/WRF_old/new/WRF/wrftladj -I/data1/home/marcos/WRF_old/new/WRF/chem -I/data1/home/marcos/WRF_old/new/WRF/inc -I/home/marcos/libs/netcdf/include  -real-size `expr 8 \* 4` -i4  module_polarfft.f90
rm -f module_force_scm.o
sed -e "s/^\!.*'.*//" -e "s/^ *\!.*'.*//" module_force_scm.F > module_force_scm.G
/lib/cpp -P -nostdinc -I/data1/home/marcos/WRF_old/new/WRF/inc -DEM_CORE=1 -DNMM_CORE=0 -DNMM_MAX_DIM=2600 -DDA_CORE=0 -DWRFPLUS=0 -DIWORDSIZE=4 -DDWORDSIZE=8 -DRWORDSIZE=4 -DLWORDSIZE=4 -DNONSTANDARD_SYSTEM_FUNC  -DWRF_USE_CLM -DRPC_TYPES=1  -DDM_PARALLEL -DNETCDF -DLANDREAD_STUB=1 -DUSE_ALLOCATABLES -Dwrfmodel -DGRIB1 -DINTIO -DKEEP_INT_AROUND -DLIMIT_ARGS -DBUILD_RRTMG_FAST=0 -DBUILD_RRTMK=0 -DBUILD_SBM_FAST=1 -DSHOW_ALL_VARS_USED=0 -DCONFIG_BUF_LEN=65536 -DMAX_DOMAINS_F=21 -DMAX_HISTORY=25 -DNMM_NEST=0  -I. -traditional-cpp   module_force_scm.G  > module_force_scm.bb
/data1/home/marcos/WRF_old/new/WRF/tools/standard.exe module_force_scm.bb | /lib/cpp -P -nostdinc -traditional-cpp > module_force_scm.f90
rm -f module_force_scm.G module_force_scm.bb
time /data1/sw/local/mpich/bin/mpif90 -f90=ifort -o module_force_scm.o -c -O3 -ip -fp-model precise -w -ftz -align all -fno-alias -FR -convert big_endian    -I../dyn_em -I../dyn_nmm  -I/data1/home/marcos/WRF_old/new/WRF/external/esmf_time_f90  -I/data1/home/marcos/WRF_old/new/WRF/main -I/data1/home/marcos/WRF_old/new/WRF/external/io_netcdf -I/data1/home/marcos/WRF_old/new/WRF/external/io_int -I/data1/home/marcos/WRF_old/new/WRF/frame -I/data1/home/marcos/WRF_old/new/WRF/share -I/data1/home/marcos/WRF_old/new/WRF/phys -I/data1/home/marcos/WRF_old/new/WRF/wrftladj -I/data1/home/marcos/WRF_old/new/WRF/chem -I/data1/home/marcos/WRF_old/new/WRF/inc -I/home/marcos/libs/netcdf/include  -real-size `expr 8 \* 4` -i4  module_force_scm.f90
rm -f module_convtrans_prep.o
sed -e "s/^\!.*'.*//" -e "s/^ *\!.*'.*//" module_convtrans_prep.F > module_convtrans_prep.G
/lib/cpp -P -nostdinc -I/data1/home/marcos/WRF_old/new/WRF/inc -DEM_CORE=1 -DNMM_CORE=0 -DNMM_MAX_DIM=2600 -DDA_CORE=0 -DWRFPLUS=0 -DIWORDSIZE=4 -DDWORDSIZE=8 -DRWORDSIZE=4 -DLWORDSIZE=4 -DNONSTANDARD_SYSTEM_FUNC  -DWRF_USE_CLM -DRPC_TYPES=1  -DDM_PARALLEL -DNETCDF -DLANDREAD_STUB=1 -DUSE_ALLOCATABLES -Dwrfmodel -DGRIB1 -DINTIO -DKEEP_INT_AROUND -DLIMIT_ARGS -DBUILD_RRTMG_FAST=0 -DBUILD_RRTMK=0 -DBUILD_SBM_FAST=1 -DSHOW_ALL_VARS_USED=0 -DCONFIG_BUF_LEN=65536 -DMAX_DOMAINS_F=21 -DMAX_HISTORY=25 -DNMM_NEST=0  -I. -traditional-cpp   module_convtrans_prep.G  > module_convtrans_prep.bb
/data1/home/marcos/WRF_old/new/WRF/tools/standard.exe module_convtrans_prep.bb | /lib/cpp -P -nostdinc -traditional-cpp > module_convtrans_prep.f90
rm -f module_convtrans_prep.G module_convtrans_prep.bb
time /data1/sw/local/mpich/bin/mpif90 -f90=ifort -o module_convtrans_prep.o -c -O3 -ip -fp-model precise -w -ftz -align all -fno-alias -FR -convert big_endian    -I../dyn_em -I../dyn_nmm  -I/data1/home/marcos/WRF_old/new/WRF/external/esmf_time_f90  -I/data1/home/marcos/WRF_old/new/WRF/main -I/data1/home/marcos/WRF_old/new/WRF/external/io_netcdf -I/data1/home/marcos/WRF_old/new/WRF/external/io_int -I/data1/home/marcos/WRF_old/new/WRF/frame -I/data1/home/marcos/WRF_old/new/WRF/share -I/data1/home/marcos/WRF_old/new/WRF/phys -I/data1/home/marcos/WRF_old/new/WRF/wrftladj -I/data1/home/marcos/WRF_old/new/WRF/chem -I/data1/home/marcos/WRF_old/new/WRF/inc -I/home/marcos/libs/netcdf/include  -real-size `expr 8 \* 4` -i4  module_convtrans_prep.f90
rm -f module_stoch.o
sed -e "s/^\!.*'.*//" -e "s/^ *\!.*'.*//" module_stoch.F > module_stoch.G
/lib/cpp -P -nostdinc -I/data1/home/marcos/WRF_old/new/WRF/inc -DEM_CORE=1 -DNMM_CORE=0 -DNMM_MAX_DIM=2600 -DDA_CORE=0 -DWRFPLUS=0 -DIWORDSIZE=4 -DDWORDSIZE=8 -DRWORDSIZE=4 -DLWORDSIZE=4 -DNONSTANDARD_SYSTEM_FUNC  -DWRF_USE_CLM -DRPC_TYPES=1  -DDM_PARALLEL -DNETCDF -DLANDREAD_STUB=1 -DUSE_ALLOCATABLES -Dwrfmodel -DGRIB1 -DINTIO -DKEEP_INT_AROUND -DLIMIT_ARGS -DBUILD_RRTMG_FAST=0 -DBUILD_RRTMK=0 -DBUILD_SBM_FAST=1 -DSHOW_ALL_VARS_USED=0 -DCONFIG_BUF_LEN=65536 -DMAX_DOMAINS_F=21 -DMAX_HISTORY=25 -DNMM_NEST=0  -I. -traditional-cpp   module_stoch.G  > module_stoch.bb
/data1/home/marcos/WRF_old/new/WRF/tools/standard.exe module_stoch.bb | /lib/cpp -P -nostdinc -traditional-cpp > module_stoch.f90
rm -f module_stoch.G module_stoch.bb
time /data1/sw/local/mpich/bin/mpif90 -f90=ifort -o module_stoch.o -c -O3 -ip -fp-model precise -w -ftz -align all -fno-alias -FR -convert big_endian    -I../dyn_em -I../dyn_nmm  -I/data1/home/marcos/WRF_old/new/WRF/external/esmf_time_f90  -I/data1/home/marcos/WRF_old/new/WRF/main -I/data1/home/marcos/WRF_old/new/WRF/external/io_netcdf -I/data1/home/marcos/WRF_old/new/WRF/external/io_int -I/data1/home/marcos/WRF_old/new/WRF/frame -I/data1/home/marcos/WRF_old/new/WRF/share -I/data1/home/marcos/WRF_old/new/WRF/phys -I/data1/home/marcos/WRF_old/new/WRF/wrftladj -I/data1/home/marcos/WRF_old/new/WRF/chem -I/data1/home/marcos/WRF_old/new/WRF/inc -I/home/marcos/libs/netcdf/include  -real-size `expr 8 \* 4` -i4  module_stoch.f90
rm -f module_sfs_nba.o
sed -e "s/^\!.*'.*//" -e "s/^ *\!.*'.*//" module_sfs_nba.F > module_sfs_nba.G
/lib/cpp -P -nostdinc -I/data1/home/marcos/WRF_old/new/WRF/inc -DEM_CORE=1 -DNMM_CORE=0 -DNMM_MAX_DIM=2600 -DDA_CORE=0 -DWRFPLUS=0 -DIWORDSIZE=4 -DDWORDSIZE=8 -DRWORDSIZE=4 -DLWORDSIZE=4 -DNONSTANDARD_SYSTEM_FUNC  -DWRF_USE_CLM -DRPC_TYPES=1  -DDM_PARALLEL -DNETCDF -DLANDREAD_STUB=1 -DUSE_ALLOCATABLES -Dwrfmodel -DGRIB1 -DINTIO -DKEEP_INT_AROUND -DLIMIT_ARGS -DBUILD_RRTMG_FAST=0 -DBUILD_RRTMK=0 -DBUILD_SBM_FAST=1 -DSHOW_ALL_VARS_USED=0 -DCONFIG_BUF_LEN=65536 -DMAX_DOMAINS_F=21 -DMAX_HISTORY=25 -DNMM_NEST=0  -I. -traditional-cpp   module_sfs_nba.G  > module_sfs_nba.bb
/data1/home/marcos/WRF_old/new/WRF/tools/standard.exe module_sfs_nba.bb | /lib/cpp -P -nostdinc -traditional-cpp > module_sfs_nba.f90
rm -f module_sfs_nba.G module_sfs_nba.bb
time /data1/sw/local/mpich/bin/mpif90 -f90=ifort -o module_sfs_nba.o -c -O3 -ip -fp-model precise -w -ftz -align all -fno-alias -FR -convert big_endian    -I../dyn_em -I../dyn_nmm  -I/data1/home/marcos/WRF_old/new/WRF/external/esmf_time_f90  -I/data1/home/marcos/WRF_old/new/WRF/main -I/data1/home/marcos/WRF_old/new/WRF/external/io_netcdf -I/data1/home/marcos/WRF_old/new/WRF/external/io_int -I/data1/home/marcos/WRF_old/new/WRF/frame -I/data1/home/marcos/WRF_old/new/WRF/share -I/data1/home/marcos/WRF_old/new/WRF/phys -I/data1/home/marcos/WRF_old/new/WRF/wrftladj -I/data1/home/marcos/WRF_old/new/WRF/chem -I/data1/home/marcos/WRF_old/new/WRF/inc -I/home/marcos/libs/netcdf/include  -real-size `expr 8 \* 4` -i4  module_sfs_nba.f90
rm -f module_avgflx_em.o
sed -e "s/^\!.*'.*//" -e "s/^ *\!.*'.*//" module_avgflx_em.F > module_avgflx_em.G
/lib/cpp -P -nostdinc -I/data1/home/marcos/WRF_old/new/WRF/inc -DEM_CORE=1 -DNMM_CORE=0 -DNMM_MAX_DIM=2600 -DDA_CORE=0 -DWRFPLUS=0 -DIWORDSIZE=4 -DDWORDSIZE=8 -DRWORDSIZE=4 -DLWORDSIZE=4 -DNONSTANDARD_SYSTEM_FUNC  -DWRF_USE_CLM -DRPC_TYPES=1  -DDM_PARALLEL -DNETCDF -DLANDREAD_STUB=1 -DUSE_ALLOCATABLES -Dwrfmodel -DGRIB1 -DINTIO -DKEEP_INT_AROUND -DLIMIT_ARGS -DBUILD_RRTMG_FAST=0 -DBUILD_RRTMK=0 -DBUILD_SBM_FAST=1 -DSHOW_ALL_VARS_USED=0 -DCONFIG_BUF_LEN=65536 -DMAX_DOMAINS_F=21 -DMAX_HISTORY=25 -DNMM_NEST=0  -I. -traditional-cpp   module_avgflx_em.G  > module_avgflx_em.bb
/data1/home/marcos/WRF_old/new/WRF/tools/standard.exe module_avgflx_em.bb | /lib/cpp -P -nostdinc -traditional-cpp > module_avgflx_em.f90
rm -f module_avgflx_em.G module_avgflx_em.bb
time /data1/sw/local/mpich/bin/mpif90 -f90=ifort -o module_avgflx_em.o -c -O3 -ip -fp-model precise -w -ftz -align all -fno-alias -FR -convert big_endian    -I../dyn_em -I../dyn_nmm  -I/data1/home/marcos/WRF_old/new/WRF/external/esmf_time_f90  -I/data1/home/marcos/WRF_old/new/WRF/main -I/data1/home/marcos/WRF_old/new/WRF/external/io_netcdf -I/data1/home/marcos/WRF_old/new/WRF/external/io_int -I/data1/home/marcos/WRF_old/new/WRF/frame -I/data1/home/marcos/WRF_old/new/WRF/share -I/data1/home/marcos/WRF_old/new/WRF/phys -I/data1/home/marcos/WRF_old/new/WRF/wrftladj -I/data1/home/marcos/WRF_old/new/WRF/chem -I/data1/home/marcos/WRF_old/new/WRF/inc -I/home/marcos/libs/netcdf/include  -real-size `expr 8 \* 4` -i4  module_avgflx_em.f90
rm -f module_after_all_rk_steps.o
sed -e "s/^\!.*'.*//" -e "s/^ *\!.*'.*//" module_after_all_rk_steps.F > module_after_all_rk_steps.G
/lib/cpp -P -nostdinc -I/data1/home/marcos/WRF_old/new/WRF/inc -DEM_CORE=1 -DNMM_CORE=0 -DNMM_MAX_DIM=2600 -DDA_CORE=0 -DWRFPLUS=0 -DIWORDSIZE=4 -DDWORDSIZE=8 -DRWORDSIZE=4 -DLWORDSIZE=4 -DNONSTANDARD_SYSTEM_FUNC  -DWRF_USE_CLM -DRPC_TYPES=1  -DDM_PARALLEL -DNETCDF -DLANDREAD_STUB=1 -DUSE_ALLOCATABLES -Dwrfmodel -DGRIB1 -DINTIO -DKEEP_INT_AROUND -DLIMIT_ARGS -DBUILD_RRTMG_FAST=0 -DBUILD_RRTMK=0 -DBUILD_SBM_FAST=1 -DSHOW_ALL_VARS_USED=0 -DCONFIG_BUF_LEN=65536 -DMAX_DOMAINS_F=21 -DMAX_HISTORY=25 -DNMM_NEST=0  -I. -traditional-cpp   module_after_all_rk_steps.G  > module_after_all_rk_steps.bb
/data1/home/marcos/WRF_old/new/WRF/tools/standard.exe module_after_all_rk_steps.bb | /lib/cpp -P -nostdinc -traditional-cpp > module_after_all_rk_steps.f90
rm -f module_after_all_rk_steps.G module_after_all_rk_steps.bb
time /data1/sw/local/mpich/bin/mpif90 -f90=ifort -o module_after_all_rk_steps.o -c -O3 -ip -fp-model precise -w -ftz -align all -fno-alias -FR -convert big_endian    -I../dyn_em -I../dyn_nmm  -I/data1/home/marcos/WRF_old/new/WRF/external/esmf_time_f90  -I/data1/home/marcos/WRF_old/new/WRF/main -I/data1/home/marcos/WRF_old/new/WRF/external/io_netcdf -I/data1/home/marcos/WRF_old/new/WRF/external/io_int -I/data1/home/marcos/WRF_old/new/WRF/frame -I/data1/home/marcos/WRF_old/new/WRF/share -I/data1/home/marcos/WRF_old/new/WRF/phys -I/data1/home/marcos/WRF_old/new/WRF/wrftladj -I/data1/home/marcos/WRF_old/new/WRF/chem -I/data1/home/marcos/WRF_old/new/WRF/inc -I/home/marcos/libs/netcdf/include  -real-size `expr 8 \* 4` -i4  module_after_all_rk_steps.f90
rm -f init_modules_em.o
/data1/home/marcos/WRF_old/new/WRF/tools/standard.exe init_modules_em.F > init_modules_em.b 
/lib/cpp -P -nostdinc -I/data1/home/marcos/WRF_old/new/WRF/inc -DEM_CORE=1 -DNMM_CORE=0 -DNMM_MAX_DIM=2600 -DDA_CORE=0 -DWRFPLUS=0 -DIWORDSIZE=4 -DDWORDSIZE=8 -DRWORDSIZE=4 -DLWORDSIZE=4 -DNONSTANDARD_SYSTEM_FUNC  -DWRF_USE_CLM -DRPC_TYPES=1  -DDM_PARALLEL -DNETCDF -DLANDREAD_STUB=1 -DUSE_ALLOCATABLES -Dwrfmodel -DGRIB1 -DINTIO -DKEEP_INT_AROUND -DLIMIT_ARGS -DBUILD_RRTMG_FAST=0 -DBUILD_RRTMK=0 -DBUILD_SBM_FAST=1 -DSHOW_ALL_VARS_USED=0 -DCONFIG_BUF_LEN=65536 -DMAX_DOMAINS_F=21 -DMAX_HISTORY=25 -DNMM_NEST=0  -I. -traditional-cpp   init_modules_em.b  > init_modules_em.f90
rm -f init_modules_em.b
if fgrep -iq '!$OMP' init_modules_em.f90 ; then \
          if [ -n "" ] ; then echo COMPILING init_modules_em.F WITH OMP ; fi ; \
	  time /data1/sw/local/mpich/bin/mpif90 -f90=ifort -c -real-size `expr 8 \* 4` -i4 -O0 -fno-inline -no-ip -ip -fp-model precise -w -ftz -align all -fno-alias -FR -convert big_endian   -I../dyn_em -I../dyn_nmm  -I/data1/home/marcos/WRF_old/new/WRF/external/esmf_time_f90  -I/data1/home/marcos/WRF_old/new/WRF/main -I/data1/home/marcos/WRF_old/new/WRF/external/io_netcdf -I/data1/home/marcos/WRF_old/new/WRF/external/io_int -I/data1/home/marcos/WRF_old/new/WRF/frame -I/data1/home/marcos/WRF_old/new/WRF/share -I/data1/home/marcos/WRF_old/new/WRF/phys -I/data1/home/marcos/WRF_old/new/WRF/wrftladj -I/data1/home/marcos/WRF_old/new/WRF/chem -I/data1/home/marcos/WRF_old/new/WRF/inc -I/home/marcos/libs/netcdf/include    init_modules_em.f90 ; \
        else \
          if [ -n "" ] ; then echo COMPILING init_modules_em.F WITHOUT OMP ; fi ; \
	  time /data1/sw/local/mpich/bin/mpif90 -f90=ifort -c -real-size `expr 8 \* 4` -i4 -O0 -fno-inline -no-ip -ip -fp-model precise -w -ftz -align all -fno-alias -FR -convert big_endian   -I../dyn_em -I../dyn_nmm  -I/data1/home/marcos/WRF_old/new/WRF/external/esmf_time_f90  -I/data1/home/marcos/WRF_old/new/WRF/main -I/data1/home/marcos/WRF_old/new/WRF/external/io_netcdf -I/data1/home/marcos/WRF_old/new/WRF/external/io_int -I/data1/home/marcos/WRF_old/new/WRF/frame -I/data1/home/marcos/WRF_old/new/WRF/share -I/data1/home/marcos/WRF_old/new/WRF/phys -I/data1/home/marcos/WRF_old/new/WRF/wrftladj -I/data1/home/marcos/WRF_old/new/WRF/chem -I/data1/home/marcos/WRF_old/new/WRF/inc -I/home/marcos/libs/netcdf/include   init_modules_em.f90 ; \
        fi
rm -f start_em.o
sed -e "s/^\!.*'.*//" -e "s/^ *\!.*'.*//" start_em.F > start_em.G
/lib/cpp -P -nostdinc -I/data1/home/marcos/WRF_old/new/WRF/inc -DEM_CORE=1 -DNMM_CORE=0 -DNMM_MAX_DIM=2600 -DDA_CORE=0 -DWRFPLUS=0 -DIWORDSIZE=4 -DDWORDSIZE=8 -DRWORDSIZE=4 -DLWORDSIZE=4 -DNONSTANDARD_SYSTEM_FUNC  -DWRF_USE_CLM -DRPC_TYPES=1  -DDM_PARALLEL -DNETCDF -DLANDREAD_STUB=1 -DUSE_ALLOCATABLES -Dwrfmodel -DGRIB1 -DINTIO -DKEEP_INT_AROUND -DLIMIT_ARGS -DBUILD_RRTMG_FAST=0 -DBUILD_RRTMK=0 -DBUILD_SBM_FAST=1 -DSHOW_ALL_VARS_USED=0 -DCONFIG_BUF_LEN=65536 -DMAX_DOMAINS_F=21 -DMAX_HISTORY=25 -DNMM_NEST=0  -I. -traditional-cpp   start_em.G  > start_em.bb
/data1/home/marcos/WRF_old/new/WRF/tools/standard.exe start_em.bb | /lib/cpp -P -nostdinc -traditional-cpp > start_em.f90
rm -f start_em.G start_em.bb
time /data1/sw/local/mpich/bin/mpif90 -f90=ifort -o start_em.o -c -O3 -ip -fp-model precise -w -ftz -align all -fno-alias -FR -convert big_endian    -I../dyn_em -I../dyn_nmm  -I/data1/home/marcos/WRF_old/new/WRF/external/esmf_time_f90  -I/data1/home/marcos/WRF_old/new/WRF/main -I/data1/home/marcos/WRF_old/new/WRF/external/io_netcdf -I/data1/home/marcos/WRF_old/new/WRF/external/io_int -I/data1/home/marcos/WRF_old/new/WRF/frame -I/data1/home/marcos/WRF_old/new/WRF/share -I/data1/home/marcos/WRF_old/new/WRF/phys -I/data1/home/marcos/WRF_old/new/WRF/wrftladj -I/data1/home/marcos/WRF_old/new/WRF/chem -I/data1/home/marcos/WRF_old/new/WRF/inc -I/home/marcos/libs/netcdf/include  -real-size `expr 8 \* 4` -i4  start_em.f90
rm -f shift_domain_em.o
sed -e "s/^\!.*'.*//" -e "s/^ *\!.*'.*//" shift_domain_em.F > shift_domain_em.G
/lib/cpp -P -nostdinc -I/data1/home/marcos/WRF_old/new/WRF/inc -DEM_CORE=1 -DNMM_CORE=0 -DNMM_MAX_DIM=2600 -DDA_CORE=0 -DWRFPLUS=0 -DIWORDSIZE=4 -DDWORDSIZE=8 -DRWORDSIZE=4 -DLWORDSIZE=4 -DNONSTANDARD_SYSTEM_FUNC  -DWRF_USE_CLM -DRPC_TYPES=1  -DDM_PARALLEL -DNETCDF -DLANDREAD_STUB=1 -DUSE_ALLOCATABLES -Dwrfmodel -DGRIB1 -DINTIO -DKEEP_INT_AROUND -DLIMIT_ARGS -DBUILD_RRTMG_FAST=0 -DBUILD_RRTMK=0 -DBUILD_SBM_FAST=1 -DSHOW_ALL_VARS_USED=0 -DCONFIG_BUF_LEN=65536 -DMAX_DOMAINS_F=21 -DMAX_HISTORY=25 -DNMM_NEST=0  -I. -traditional-cpp   shift_domain_em.G  > shift_domain_em.bb
/data1/home/marcos/WRF_old/new/WRF/tools/standard.exe shift_domain_em.bb | /lib/cpp -P -nostdinc -traditional-cpp > shift_domain_em.f90
rm -f shift_domain_em.G shift_domain_em.bb
time /data1/sw/local/mpich/bin/mpif90 -f90=ifort -o shift_domain_em.o -c -O3 -ip -fp-model precise -w -ftz -align all -fno-alias -FR -convert big_endian    -I../dyn_em -I../dyn_nmm  -I/data1/home/marcos/WRF_old/new/WRF/external/esmf_time_f90  -I/data1/home/marcos/WRF_old/new/WRF/main -I/data1/home/marcos/WRF_old/new/WRF/external/io_netcdf -I/data1/home/marcos/WRF_old/new/WRF/external/io_int -I/data1/home/marcos/WRF_old/new/WRF/frame -I/data1/home/marcos/WRF_old/new/WRF/share -I/data1/home/marcos/WRF_old/new/WRF/phys -I/data1/home/marcos/WRF_old/new/WRF/wrftladj -I/data1/home/marcos/WRF_old/new/WRF/chem -I/data1/home/marcos/WRF_old/new/WRF/inc -I/home/marcos/libs/netcdf/include  -real-size `expr 8 \* 4` -i4  shift_domain_em.f90
rm -f couple_or_uncouple_em.o
sed -e "s/^\!.*'.*//" -e "s/^ *\!.*'.*//" couple_or_uncouple_em.F > couple_or_uncouple_em.G
/lib/cpp -P -nostdinc -I/data1/home/marcos/WRF_old/new/WRF/inc -DEM_CORE=1 -DNMM_CORE=0 -DNMM_MAX_DIM=2600 -DDA_CORE=0 -DWRFPLUS=0 -DIWORDSIZE=4 -DDWORDSIZE=8 -DRWORDSIZE=4 -DLWORDSIZE=4 -DNONSTANDARD_SYSTEM_FUNC  -DWRF_USE_CLM -DRPC_TYPES=1  -DDM_PARALLEL -DNETCDF -DLANDREAD_STUB=1 -DUSE_ALLOCATABLES -Dwrfmodel -DGRIB1 -DINTIO -DKEEP_INT_AROUND -DLIMIT_ARGS -DBUILD_RRTMG_FAST=0 -DBUILD_RRTMK=0 -DBUILD_SBM_FAST=1 -DSHOW_ALL_VARS_USED=0 -DCONFIG_BUF_LEN=65536 -DMAX_DOMAINS_F=21 -DMAX_HISTORY=25 -DNMM_NEST=0  -I. -traditional-cpp   couple_or_uncouple_em.G  > couple_or_uncouple_em.bb
/data1/home/marcos/WRF_old/new/WRF/tools/standard.exe couple_or_uncouple_em.bb | /lib/cpp -P -nostdinc -traditional-cpp > couple_or_uncouple_em.f90
rm -f couple_or_uncouple_em.G couple_or_uncouple_em.bb
time /data1/sw/local/mpich/bin/mpif90 -f90=ifort -o couple_or_uncouple_em.o -c -O3 -ip -fp-model precise -w -ftz -align all -fno-alias -FR -convert big_endian    -I../dyn_em -I../dyn_nmm  -I/data1/home/marcos/WRF_old/new/WRF/external/esmf_time_f90  -I/data1/home/marcos/WRF_old/new/WRF/main -I/data1/home/marcos/WRF_old/new/WRF/external/io_netcdf -I/data1/home/marcos/WRF_old/new/WRF/external/io_int -I/data1/home/marcos/WRF_old/new/WRF/frame -I/data1/home/marcos/WRF_old/new/WRF/share -I/data1/home/marcos/WRF_old/new/WRF/phys -I/data1/home/marcos/WRF_old/new/WRF/wrftladj -I/data1/home/marcos/WRF_old/new/WRF/chem -I/data1/home/marcos/WRF_old/new/WRF/inc -I/home/marcos/libs/netcdf/include  -real-size `expr 8 \* 4` -i4  couple_or_uncouple_em.f90
rm -f nest_init_utils.o
sed -e "s/^\!.*'.*//" -e "s/^ *\!.*'.*//" nest_init_utils.F > nest_init_utils.G
/lib/cpp -P -nostdinc -I/data1/home/marcos/WRF_old/new/WRF/inc -DEM_CORE=1 -DNMM_CORE=0 -DNMM_MAX_DIM=2600 -DDA_CORE=0 -DWRFPLUS=0 -DIWORDSIZE=4 -DDWORDSIZE=8 -DRWORDSIZE=4 -DLWORDSIZE=4 -DNONSTANDARD_SYSTEM_FUNC  -DWRF_USE_CLM -DRPC_TYPES=1  -DDM_PARALLEL -DNETCDF -DLANDREAD_STUB=1 -DUSE_ALLOCATABLES -Dwrfmodel -DGRIB1 -DINTIO -DKEEP_INT_AROUND -DLIMIT_ARGS -DBUILD_RRTMG_FAST=0 -DBUILD_RRTMK=0 -DBUILD_SBM_FAST=1 -DSHOW_ALL_VARS_USED=0 -DCONFIG_BUF_LEN=65536 -DMAX_DOMAINS_F=21 -DMAX_HISTORY=25 -DNMM_NEST=0  -I. -traditional-cpp   nest_init_utils.G  > nest_init_utils.bb
/data1/home/marcos/WRF_old/new/WRF/tools/standard.exe nest_init_utils.bb | /lib/cpp -P -nostdinc -traditional-cpp > nest_init_utils.f90
rm -f nest_init_utils.G nest_init_utils.bb
time /data1/sw/local/mpich/bin/mpif90 -f90=ifort -o nest_init_utils.o -c -O3 -ip -fp-model precise -w -ftz -align all -fno-alias -FR -convert big_endian    -I../dyn_em -I../dyn_nmm  -I/data1/home/marcos/WRF_old/new/WRF/external/esmf_time_f90  -I/data1/home/marcos/WRF_old/new/WRF/main -I/data1/home/marcos/WRF_old/new/WRF/external/io_netcdf -I/data1/home/marcos/WRF_old/new/WRF/external/io_int -I/data1/home/marcos/WRF_old/new/WRF/frame -I/data1/home/marcos/WRF_old/new/WRF/share -I/data1/home/marcos/WRF_old/new/WRF/phys -I/data1/home/marcos/WRF_old/new/WRF/wrftladj -I/data1/home/marcos/WRF_old/new/WRF/chem -I/data1/home/marcos/WRF_old/new/WRF/inc -I/home/marcos/libs/netcdf/include  -real-size `expr 8 \* 4` -i4  nest_init_utils.f90
rm -f adapt_timestep_em.o
sed -e "s/^\!.*'.*//" -e "s/^ *\!.*'.*//" adapt_timestep_em.F > adapt_timestep_em.G
/lib/cpp -P -nostdinc -I/data1/home/marcos/WRF_old/new/WRF/inc -DEM_CORE=1 -DNMM_CORE=0 -DNMM_MAX_DIM=2600 -DDA_CORE=0 -DWRFPLUS=0 -DIWORDSIZE=4 -DDWORDSIZE=8 -DRWORDSIZE=4 -DLWORDSIZE=4 -DNONSTANDARD_SYSTEM_FUNC  -DWRF_USE_CLM -DRPC_TYPES=1  -DDM_PARALLEL -DNETCDF -DLANDREAD_STUB=1 -DUSE_ALLOCATABLES -Dwrfmodel -DGRIB1 -DINTIO -DKEEP_INT_AROUND -DLIMIT_ARGS -DBUILD_RRTMG_FAST=0 -DBUILD_RRTMK=0 -DBUILD_SBM_FAST=1 -DSHOW_ALL_VARS_USED=0 -DCONFIG_BUF_LEN=65536 -DMAX_DOMAINS_F=21 -DMAX_HISTORY=25 -DNMM_NEST=0  -I. -traditional-cpp   adapt_timestep_em.G  > adapt_timestep_em.bb
/data1/home/marcos/WRF_old/new/WRF/tools/standard.exe adapt_timestep_em.bb | /lib/cpp -P -nostdinc -traditional-cpp > adapt_timestep_em.f90
rm -f adapt_timestep_em.G adapt_timestep_em.bb
time /data1/sw/local/mpich/bin/mpif90 -f90=ifort -o adapt_timestep_em.o -c -O3 -ip -fp-model precise -w -ftz -align all -fno-alias -FR -convert big_endian    -I../dyn_em -I../dyn_nmm  -I/data1/home/marcos/WRF_old/new/WRF/external/esmf_time_f90  -I/data1/home/marcos/WRF_old/new/WRF/main -I/data1/home/marcos/WRF_old/new/WRF/external/io_netcdf -I/data1/home/marcos/WRF_old/new/WRF/external/io_int -I/data1/home/marcos/WRF_old/new/WRF/frame -I/data1/home/marcos/WRF_old/new/WRF/share -I/data1/home/marcos/WRF_old/new/WRF/phys -I/data1/home/marcos/WRF_old/new/WRF/wrftladj -I/data1/home/marcos/WRF_old/new/WRF/chem -I/data1/home/marcos/WRF_old/new/WRF/inc -I/home/marcos/libs/netcdf/include  -real-size `expr 8 \* 4` -i4  adapt_timestep_em.f90
rm -f interp_domain_em.o
sed -e "s/^\!.*'.*//" -e "s/^ *\!.*'.*//" interp_domain_em.F > interp_domain_em.G
/lib/cpp -P -nostdinc -I/data1/home/marcos/WRF_old/new/WRF/inc -DEM_CORE=1 -DNMM_CORE=0 -DNMM_MAX_DIM=2600 -DDA_CORE=0 -DWRFPLUS=0 -DIWORDSIZE=4 -DDWORDSIZE=8 -DRWORDSIZE=4 -DLWORDSIZE=4 -DNONSTANDARD_SYSTEM_FUNC  -DWRF_USE_CLM -DRPC_TYPES=1  -DDM_PARALLEL -DNETCDF -DLANDREAD_STUB=1 -DUSE_ALLOCATABLES -Dwrfmodel -DGRIB1 -DINTIO -DKEEP_INT_AROUND -DLIMIT_ARGS -DBUILD_RRTMG_FAST=0 -DBUILD_RRTMK=0 -DBUILD_SBM_FAST=1 -DSHOW_ALL_VARS_USED=0 -DCONFIG_BUF_LEN=65536 -DMAX_DOMAINS_F=21 -DMAX_HISTORY=25 -DNMM_NEST=0  -I. -traditional-cpp   interp_domain_em.G  > interp_domain_em.bb
/data1/home/marcos/WRF_old/new/WRF/tools/standard.exe interp_domain_em.bb | /lib/cpp -P -nostdinc -traditional-cpp > interp_domain_em.f90
rm -f interp_domain_em.G interp_domain_em.bb
time /data1/sw/local/mpich/bin/mpif90 -f90=ifort -o interp_domain_em.o -c -O3 -ip -fp-model precise -w -ftz -align all -fno-alias -FR -convert big_endian    -I../dyn_em -I../dyn_nmm  -I/data1/home/marcos/WRF_old/new/WRF/external/esmf_time_f90  -I/data1/home/marcos/WRF_old/new/WRF/main -I/data1/home/marcos/WRF_old/new/WRF/external/io_netcdf -I/data1/home/marcos/WRF_old/new/WRF/external/io_int -I/data1/home/marcos/WRF_old/new/WRF/frame -I/data1/home/marcos/WRF_old/new/WRF/share -I/data1/home/marcos/WRF_old/new/WRF/phys -I/data1/home/marcos/WRF_old/new/WRF/wrftladj -I/data1/home/marcos/WRF_old/new/WRF/chem -I/data1/home/marcos/WRF_old/new/WRF/inc -I/home/marcos/libs/netcdf/include  -real-size `expr 8 \* 4` -i4  interp_domain_em.f90
rm -f module_diffusion_em.o
sed -e "s/^\!.*'.*//" -e "s/^ *\!.*'.*//" module_diffusion_em.F > module_diffusion_em.G
/lib/cpp -P -nostdinc -I/data1/home/marcos/WRF_old/new/WRF/inc -DEM_CORE=1 -DNMM_CORE=0 -DNMM_MAX_DIM=2600 -DDA_CORE=0 -DWRFPLUS=0 -DIWORDSIZE=4 -DDWORDSIZE=8 -DRWORDSIZE=4 -DLWORDSIZE=4 -DNONSTANDARD_SYSTEM_FUNC  -DWRF_USE_CLM -DRPC_TYPES=1  -DDM_PARALLEL -DNETCDF -DLANDREAD_STUB=1 -DUSE_ALLOCATABLES -Dwrfmodel -DGRIB1 -DINTIO -DKEEP_INT_AROUND -DLIMIT_ARGS -DBUILD_RRTMG_FAST=0 -DBUILD_RRTMK=0 -DBUILD_SBM_FAST=1 -DSHOW_ALL_VARS_USED=0 -DCONFIG_BUF_LEN=65536 -DMAX_DOMAINS_F=21 -DMAX_HISTORY=25 -DNMM_NEST=0  -I. -traditional-cpp   module_diffusion_em.G  > module_diffusion_em.bb
/data1/home/marcos/WRF_old/new/WRF/tools/standard.exe module_diffusion_em.bb | /lib/cpp -P -nostdinc -traditional-cpp > module_diffusion_em.f90
rm -f module_diffusion_em.G module_diffusion_em.bb
time /data1/sw/local/mpich/bin/mpif90 -f90=ifort -o module_diffusion_em.o -c -O3 -ip -fp-model precise -w -ftz -align all -fno-alias -FR -convert big_endian    -I../dyn_em -I../dyn_nmm  -I/data1/home/marcos/WRF_old/new/WRF/external/esmf_time_f90  -I/data1/home/marcos/WRF_old/new/WRF/main -I/data1/home/marcos/WRF_old/new/WRF/external/io_netcdf -I/data1/home/marcos/WRF_old/new/WRF/external/io_int -I/data1/home/marcos/WRF_old/new/WRF/frame -I/data1/home/marcos/WRF_old/new/WRF/share -I/data1/home/marcos/WRF_old/new/WRF/phys -I/data1/home/marcos/WRF_old/new/WRF/wrftladj -I/data1/home/marcos/WRF_old/new/WRF/chem -I/data1/home/marcos/WRF_old/new/WRF/inc -I/home/marcos/libs/netcdf/include  -real-size `expr 8 \* 4` -i4  module_diffusion_em.f90
rm -f module_sfs_driver.o
sed -e "s/^\!.*'.*//" -e "s/^ *\!.*'.*//" module_sfs_driver.F > module_sfs_driver.G
/lib/cpp -P -nostdinc -I/data1/home/marcos/WRF_old/new/WRF/inc -DEM_CORE=1 -DNMM_CORE=0 -DNMM_MAX_DIM=2600 -DDA_CORE=0 -DWRFPLUS=0 -DIWORDSIZE=4 -DDWORDSIZE=8 -DRWORDSIZE=4 -DLWORDSIZE=4 -DNONSTANDARD_SYSTEM_FUNC  -DWRF_USE_CLM -DRPC_TYPES=1  -DDM_PARALLEL -DNETCDF -DLANDREAD_STUB=1 -DUSE_ALLOCATABLES -Dwrfmodel -DGRIB1 -DINTIO -DKEEP_INT_AROUND -DLIMIT_ARGS -DBUILD_RRTMG_FAST=0 -DBUILD_RRTMK=0 -DBUILD_SBM_FAST=1 -DSHOW_ALL_VARS_USED=0 -DCONFIG_BUF_LEN=65536 -DMAX_DOMAINS_F=21 -DMAX_HISTORY=25 -DNMM_NEST=0  -I. -traditional-cpp   module_sfs_driver.G  > module_sfs_driver.bb
/data1/home/marcos/WRF_old/new/WRF/tools/standard.exe module_sfs_driver.bb | /lib/cpp -P -nostdinc -traditional-cpp > module_sfs_driver.f90
rm -f module_sfs_driver.G module_sfs_driver.bb
time /data1/sw/local/mpich/bin/mpif90 -f90=ifort -o module_sfs_driver.o -c -O3 -ip -fp-model precise -w -ftz -align all -fno-alias -FR -convert big_endian    -I../dyn_em -I../dyn_nmm  -I/data1/home/marcos/WRF_old/new/WRF/external/esmf_time_f90  -I/data1/home/marcos/WRF_old/new/WRF/main -I/data1/home/marcos/WRF_old/new/WRF/external/io_netcdf -I/data1/home/marcos/WRF_old/new/WRF/external/io_int -I/data1/home/marcos/WRF_old/new/WRF/frame -I/data1/home/marcos/WRF_old/new/WRF/share -I/data1/home/marcos/WRF_old/new/WRF/phys -I/data1/home/marcos/WRF_old/new/WRF/wrftladj -I/data1/home/marcos/WRF_old/new/WRF/chem -I/data1/home/marcos/WRF_old/new/WRF/inc -I/home/marcos/libs/netcdf/include  -real-size `expr 8 \* 4` -i4  module_sfs_driver.f90
rm -f module_em.o
sed -e "s/^\!.*'.*//" -e "s/^ *\!.*'.*//" module_em.F > module_em.G
/lib/cpp -P -nostdinc -I/data1/home/marcos/WRF_old/new/WRF/inc -DEM_CORE=1 -DNMM_CORE=0 -DNMM_MAX_DIM=2600 -DDA_CORE=0 -DWRFPLUS=0 -DIWORDSIZE=4 -DDWORDSIZE=8 -DRWORDSIZE=4 -DLWORDSIZE=4 -DNONSTANDARD_SYSTEM_FUNC  -DWRF_USE_CLM -DRPC_TYPES=1  -DDM_PARALLEL -DNETCDF -DLANDREAD_STUB=1 -DUSE_ALLOCATABLES -Dwrfmodel -DGRIB1 -DINTIO -DKEEP_INT_AROUND -DLIMIT_ARGS -DBUILD_RRTMG_FAST=0 -DBUILD_RRTMK=0 -DBUILD_SBM_FAST=1 -DSHOW_ALL_VARS_USED=0 -DCONFIG_BUF_LEN=65536 -DMAX_DOMAINS_F=21 -DMAX_HISTORY=25 -DNMM_NEST=0  -I. -traditional-cpp   module_em.G  > module_em.bb
/data1/home/marcos/WRF_old/new/WRF/tools/standard.exe module_em.bb | /lib/cpp -P -nostdinc -traditional-cpp > module_em.f90
rm -f module_em.G module_em.bb
time /data1/sw/local/mpich/bin/mpif90 -f90=ifort -o module_em.o -c -O3 -ip -fp-model precise -w -ftz -align all -fno-alias -FR -convert big_endian    -I../dyn_em -I../dyn_nmm  -I/data1/home/marcos/WRF_old/new/WRF/external/esmf_time_f90  -I/data1/home/marcos/WRF_old/new/WRF/main -I/data1/home/marcos/WRF_old/new/WRF/external/io_netcdf -I/data1/home/marcos/WRF_old/new/WRF/external/io_int -I/data1/home/marcos/WRF_old/new/WRF/frame -I/data1/home/marcos/WRF_old/new/WRF/share -I/data1/home/marcos/WRF_old/new/WRF/phys -I/data1/home/marcos/WRF_old/new/WRF/wrftladj -I/data1/home/marcos/WRF_old/new/WRF/chem -I/data1/home/marcos/WRF_old/new/WRF/inc -I/home/marcos/libs/netcdf/include  -real-size `expr 8 \* 4` -i4  module_em.f90
rm -f module_first_rk_step_part1.o
sed -e "s/^\!.*'.*//" -e "s/^ *\!.*'.*//" module_first_rk_step_part1.F > module_first_rk_step_part1.G
/lib/cpp -P -nostdinc -I/data1/home/marcos/WRF_old/new/WRF/inc -DEM_CORE=1 -DNMM_CORE=0 -DNMM_MAX_DIM=2600 -DDA_CORE=0 -DWRFPLUS=0 -DIWORDSIZE=4 -DDWORDSIZE=8 -DRWORDSIZE=4 -DLWORDSIZE=4 -DNONSTANDARD_SYSTEM_FUNC  -DWRF_USE_CLM -DRPC_TYPES=1  -DDM_PARALLEL -DNETCDF -DLANDREAD_STUB=1 -DUSE_ALLOCATABLES -Dwrfmodel -DGRIB1 -DINTIO -DKEEP_INT_AROUND -DLIMIT_ARGS -DBUILD_RRTMG_FAST=0 -DBUILD_RRTMK=0 -DBUILD_SBM_FAST=1 -DSHOW_ALL_VARS_USED=0 -DCONFIG_BUF_LEN=65536 -DMAX_DOMAINS_F=21 -DMAX_HISTORY=25 -DNMM_NEST=0  -I. -traditional-cpp   module_first_rk_step_part1.G  > module_first_rk_step_part1.bb
/data1/home/marcos/WRF_old/new/WRF/tools/standard.exe module_first_rk_step_part1.bb | /lib/cpp -P -nostdinc -traditional-cpp > module_first_rk_step_part1.f90
rm -f module_first_rk_step_part1.G module_first_rk_step_part1.bb
time /data1/sw/local/mpich/bin/mpif90 -f90=ifort -o module_first_rk_step_part1.o -c -O3 -ip -fp-model precise -w -ftz -align all -fno-alias -FR -convert big_endian    -I../dyn_em -I../dyn_nmm  -I/data1/home/marcos/WRF_old/new/WRF/external/esmf_time_f90  -I/data1/home/marcos/WRF_old/new/WRF/main -I/data1/home/marcos/WRF_old/new/WRF/external/io_netcdf -I/data1/home/marcos/WRF_old/new/WRF/external/io_int -I/data1/home/marcos/WRF_old/new/WRF/frame -I/data1/home/marcos/WRF_old/new/WRF/share -I/data1/home/marcos/WRF_old/new/WRF/phys -I/data1/home/marcos/WRF_old/new/WRF/wrftladj -I/data1/home/marcos/WRF_old/new/WRF/chem -I/data1/home/marcos/WRF_old/new/WRF/inc -I/home/marcos/libs/netcdf/include  -real-size `expr 8 \* 4` -i4  module_first_rk_step_part1.f90
rm -f module_first_rk_step_part2.o
sed -e "s/^\!.*'.*//" -e "s/^ *\!.*'.*//" module_first_rk_step_part2.F > module_first_rk_step_part2.G
/lib/cpp -P -nostdinc -I/data1/home/marcos/WRF_old/new/WRF/inc -DEM_CORE=1 -DNMM_CORE=0 -DNMM_MAX_DIM=2600 -DDA_CORE=0 -DWRFPLUS=0 -DIWORDSIZE=4 -DDWORDSIZE=8 -DRWORDSIZE=4 -DLWORDSIZE=4 -DNONSTANDARD_SYSTEM_FUNC  -DWRF_USE_CLM -DRPC_TYPES=1  -DDM_PARALLEL -DNETCDF -DLANDREAD_STUB=1 -DUSE_ALLOCATABLES -Dwrfmodel -DGRIB1 -DINTIO -DKEEP_INT_AROUND -DLIMIT_ARGS -DBUILD_RRTMG_FAST=0 -DBUILD_RRTMK=0 -DBUILD_SBM_FAST=1 -DSHOW_ALL_VARS_USED=0 -DCONFIG_BUF_LEN=65536 -DMAX_DOMAINS_F=21 -DMAX_HISTORY=25 -DNMM_NEST=0  -I. -traditional-cpp   module_first_rk_step_part2.G  > module_first_rk_step_part2.bb
/data1/home/marcos/WRF_old/new/WRF/tools/standard.exe module_first_rk_step_part2.bb | /lib/cpp -P -nostdinc -traditional-cpp > module_first_rk_step_part2.f90
rm -f module_first_rk_step_part2.G module_first_rk_step_part2.bb
time /data1/sw/local/mpich/bin/mpif90 -f90=ifort -o module_first_rk_step_part2.o -c -O3 -ip -fp-model precise -w -ftz -align all -fno-alias -FR -convert big_endian    -I../dyn_em -I../dyn_nmm  -I/data1/home/marcos/WRF_old/new/WRF/external/esmf_time_f90  -I/data1/home/marcos/WRF_old/new/WRF/main -I/data1/home/marcos/WRF_old/new/WRF/external/io_netcdf -I/data1/home/marcos/WRF_old/new/WRF/external/io_int -I/data1/home/marcos/WRF_old/new/WRF/frame -I/data1/home/marcos/WRF_old/new/WRF/share -I/data1/home/marcos/WRF_old/new/WRF/phys -I/data1/home/marcos/WRF_old/new/WRF/wrftladj -I/data1/home/marcos/WRF_old/new/WRF/chem -I/data1/home/marcos/WRF_old/new/WRF/inc -I/home/marcos/libs/netcdf/include  -real-size `expr 8 \* 4` -i4  module_first_rk_step_part2.f90
rm -f solve_em.o
sed -e "s/^\!.*'.*//" -e "s/^ *\!.*'.*//" solve_em.F > solve_em.G
/lib/cpp -P -nostdinc -I/data1/home/marcos/WRF_old/new/WRF/inc -DEM_CORE=1 -DNMM_CORE=0 -DNMM_MAX_DIM=2600 -DDA_CORE=0 -DWRFPLUS=0 -DIWORDSIZE=4 -DDWORDSIZE=8 -DRWORDSIZE=4 -DLWORDSIZE=4 -DNONSTANDARD_SYSTEM_FUNC  -DWRF_USE_CLM -DRPC_TYPES=1  -DDM_PARALLEL -DNETCDF -DLANDREAD_STUB=1 -DUSE_ALLOCATABLES -Dwrfmodel -DGRIB1 -DINTIO -DKEEP_INT_AROUND -DLIMIT_ARGS -DBUILD_RRTMG_FAST=0 -DBUILD_RRTMK=0 -DBUILD_SBM_FAST=1 -DSHOW_ALL_VARS_USED=0 -DCONFIG_BUF_LEN=65536 -DMAX_DOMAINS_F=21 -DMAX_HISTORY=25 -DNMM_NEST=0  -I. -traditional-cpp   solve_em.G  > solve_em.bb
/data1/home/marcos/WRF_old/new/WRF/tools/standard.exe solve_em.bb | /lib/cpp -P -nostdinc -traditional-cpp > solve_em.f90
rm -f solve_em.G solve_em.bb
time /data1/sw/local/mpich/bin/mpif90 -f90=ifort -o solve_em.o -c -O3 -ip -fp-model precise -w -ftz -align all -fno-alias -FR -convert big_endian    -I../dyn_em -I../dyn_nmm  -I/data1/home/marcos/WRF_old/new/WRF/external/esmf_time_f90  -I/data1/home/marcos/WRF_old/new/WRF/main -I/data1/home/marcos/WRF_old/new/WRF/external/io_netcdf -I/data1/home/marcos/WRF_old/new/WRF/external/io_int -I/data1/home/marcos/WRF_old/new/WRF/frame -I/data1/home/marcos/WRF_old/new/WRF/share -I/data1/home/marcos/WRF_old/new/WRF/phys -I/data1/home/marcos/WRF_old/new/WRF/wrftladj -I/data1/home/marcos/WRF_old/new/WRF/chem -I/data1/home/marcos/WRF_old/new/WRF/inc -I/home/marcos/libs/netcdf/include  -real-size `expr 8 \* 4` -i4  solve_em.f90
ar ru ../main/libwrflib.a module_advect_em.o module_diffusion_em.o module_small_step_em.o module_big_step_utilities_em.o module_em.o module_solvedebug_em.o module_bc_em.o module_init_utilities.o module_wps_io_arw.o module_damping_em.o module_polarfft.o module_force_scm.o module_first_rk_step_part1.o module_first_rk_step_part2.o module_avgflx_em.o module_sfs_nba.o module_convtrans_prep.o module_sfs_driver.o module_stoch.o module_after_all_rk_steps.o  init_modules_em.o solve_em.o start_em.o shift_domain_em.o couple_or_uncouple_em.o nest_init_utils.o adapt_timestep_em.o interp_domain_em.o
make[2]: Leaving directory `/data1/home/marcos/WRF_old/new/WRF/dyn_em'
make[1]: Leaving directory `/data1/home/marcos/WRF_old/new/WRF'
if [ 0 -eq 1 ]   ; then make -i -r MODULE_DIRS="-I../dyn_em -I../dyn_nmm  -I/data1/home/marcos/WRF_old/new/WRF/external/esmf_time_f90  -I/data1/home/marcos/WRF_old/new/WRF/main -I/data1/home/marcos/WRF_old/new/WRF/external/io_netcdf -I/data1/home/marcos/WRF_old/new/WRF/external/io_int -I/data1/home/marcos/WRF_old/new/WRF/frame -I/data1/home/marcos/WRF_old/new/WRF/share -I/data1/home/marcos/WRF_old/new/WRF/phys -I/data1/home/marcos/WRF_old/new/WRF/wrftladj -I/data1/home/marcos/WRF_old/new/WRF/chem -I/data1/home/marcos/WRF_old/new/WRF/inc -I/home/marcos/libs/netcdf/include " nmm_core ; fi
if [ 1 -eq 1 ]   ; then make -i -r MODULE_DIRS="-I../dyn_em -I../dyn_nmm  -I/data1/home/marcos/WRF_old/new/WRF/external/esmf_time_f90  -I/data1/home/marcos/WRF_old/new/WRF/main -I/data1/home/marcos/WRF_old/new/WRF/external/io_netcdf -I/data1/home/marcos/WRF_old/new/WRF/external/io_int -I/data1/home/marcos/WRF_old/new/WRF/frame -I/data1/home/marcos/WRF_old/new/WRF/share -I/data1/home/marcos/WRF_old/new/WRF/phys -I/data1/home/marcos/WRF_old/new/WRF/wrftladj -I/data1/home/marcos/WRF_old/new/WRF/chem -I/data1/home/marcos/WRF_old/new/WRF/inc -I/home/marcos/libs/netcdf/include " wrf_hydro ; fi
make[1]: Entering directory `/data1/home/marcos/WRF_old/new/WRF'
----------wrf_hydro-----------------------
if [ 1 -eq 1 ]   ; then (cd hydro/CPL/WRF_cpl; make -f Makefile.cpl) ; fi
make[2]: Entering directory `/data1/home/marcos/WRF_old/new/WRF/hydro/CPL/WRF_cpl'
(cd ../../; make -f Makefile.comm BASIC)
make[3]: Entering directory `/data1/home/marcos/WRF_old/new/WRF/hydro'
(cd utils     ; make -f Makefile)
make[4]: Entering directory `/data1/home/marcos/WRF_old/new/WRF/hydro/utils'
Utils Makefile:
mpif90 -fpp -DMPP_LAND -I ../Data_Rec -DHYDRO_D -DWRF_HYDRO       -o module_version.o -O2 -g -w -c -ftz -align all -fno-alias -fp-model precise -FR -convert big_endian -DNWM_VERSION=\"\" -DWRF_HYDRO_VERSION=\"v5.0.3\"  -I./ -I ../../MPP -I ../MPP -I ../mod -I/data1/sw/local/netcdf-4.1.3/include module_version.F

ar -r ../lib/libHYDRO.a module_version.o
cp *.mod ../mod
make[4]: Leaving directory `/data1/home/marcos/WRF_old/new/WRF/hydro/utils'
make -C Routing/Overland
make[4]: Entering directory `/data1/home/marcos/WRF_old/new/WRF/hydro/Routing/Overland'
#Build each sub module then build the module that depends on all sub modules	
mpif90 -fpp -DMPP_LAND -I ../Data_Rec -DHYDRO_D -DWRF_HYDRO       -O2 -g -w -c -ftz -align all -fno-alias -fp-model precise -FR -convert big_endian   -I/data1/sw/local/netcdf-4.1.3/include module_overland_control.F
mpif90 -fpp -DMPP_LAND -I ../Data_Rec -DHYDRO_D -DWRF_HYDRO       -O2 -g -w -c -ftz -align all -fno-alias -fp-model precise -FR -convert big_endian   -I/data1/sw/local/netcdf-4.1.3/include module_overland_streams_and_lakes.F
mpif90 -fpp -DMPP_LAND -I ../Data_Rec -DHYDRO_D -DWRF_HYDRO       -O2 -g -w -c -ftz -align all -fno-alias -fp-model precise -FR -convert big_endian   -I/data1/sw/local/netcdf-4.1.3/include module_overland_routing_properties.F
mpif90 -fpp -DMPP_LAND -I ../Data_Rec -DHYDRO_D -DWRF_HYDRO       -O2 -g -w -c -ftz -align all -fno-alias -fp-model precise -FR -convert big_endian   -I/data1/sw/local/netcdf-4.1.3/include module_overland_mass_balance.F
mpif90 -fpp -DMPP_LAND -I ../Data_Rec -DHYDRO_D -DWRF_HYDRO       -O2 -g -w -c -ftz -align all -fno-alias -fp-model precise -FR -convert big_endian   -I/data1/sw/local/netcdf-4.1.3/include module_overland.F
ar -r ../../lib/libHYDRO.a module_overland_control.o
ar -r ../../lib/libHYDRO.a module_overland_streams_and_lakes.o
ar -r ../../lib/libHYDRO.a module_overland_routing_properties.o
ar -r ../../lib/libHYDRO.a module_overland_mass_balance.o
ar -r ../../lib/libHYDRO.a module_overland.o
cp *.mod ../../mod
make[4]: Leaving directory `/data1/home/marcos/WRF_old/new/WRF/hydro/Routing/Overland'
(cd MPP     ; make -f Makefile)
make[4]: Entering directory `/data1/home/marcos/WRF_old/new/WRF/hydro/MPP'

rm -f CPL_WRF.o CPL_WRF.mod CPL_WRF.stb *~
mpif90 -fpp -DMPP_LAND -I ../Data_Rec -DHYDRO_D -DWRF_HYDRO       -I/data1/sw/local/netcdf-4.1.3/include -o CPL_WRF.o -O2 -g -w -c -ftz -align all -fno-alias -fp-model precise -FR -convert big_endian  -I./ -I ../../MPP -I ../MPP -I ../mod CPL_WRF.F
mpif90 -O2 -g -w -c -ftz -align all -fno-alias -fp-model precise -FR -convert big_endian  -c CPL_WRF.F
ar -r ../lib/libHYDRO.a CPL_WRF.o

rm -f mpp_land.o mpp_land.mod mpp_land.stb *~
mpif90 -O2 -g -w -c -ftz -align all -fno-alias -fp-model precise -FR -convert big_endian  -c mpp_land.F
ar -r ../lib/libHYDRO.a mpp_land.o

rm -f module_mpp_ReachLS.o module_mpp_ReachLS.mod module_mpp_ReachLS.stb *~
mpif90 -O2 -g -w -c -ftz -align all -fno-alias -fp-model precise -FR -convert big_endian  -c module_mpp_ReachLS.F
ar -r ../lib/libHYDRO.a module_mpp_ReachLS.o

rm -f module_mpp_GWBUCKET.o module_mpp_GWBUCKET.mod module_mpp_GWBUCKET.stb *~
mpif90 -O2 -g -w -c -ftz -align all -fno-alias -fp-model precise -FR -convert big_endian  -c module_mpp_GWBUCKET.F
ar -r ../lib/libHYDRO.a module_mpp_GWBUCKET.o
make[4]: Leaving directory `/data1/home/marcos/WRF_old/new/WRF/hydro/MPP'
(cd Data_Rec     ; make -f Makefile)
make[4]: Entering directory `/data1/home/marcos/WRF_old/new/WRF/hydro/Data_Rec'

mpif90 -fpp -DMPP_LAND -I ../Data_Rec -DHYDRO_D -DWRF_HYDRO       -I/data1/sw/local/netcdf-4.1.3/include -o module_namelist.o -O2 -g -w -c -ftz -align all -fno-alias -fp-model precise -FR -convert big_endian  -I./ -I ../../MPP -I ../MPP -I ../mod -I../mod module_namelist.F

ar -r ../lib/libHYDRO.a module_namelist.o
cp *.mod ../mod

mpif90 -fpp -DMPP_LAND -I ../Data_Rec -DHYDRO_D -DWRF_HYDRO       -I/data1/sw/local/netcdf-4.1.3/include -o module_RT_data.o -O2 -g -w -c -ftz -align all -fno-alias -fp-model precise -FR -convert big_endian  -I./ -I ../../MPP -I ../MPP -I ../mod -I../mod module_RT_data.F

ar -r ../lib/libHYDRO.a module_RT_data.o
cp *.mod ../mod

mpif90 -fpp -DMPP_LAND -I ../Data_Rec -DHYDRO_D -DWRF_HYDRO       -I/data1/sw/local/netcdf-4.1.3/include -o module_gw_gw2d_data.o -O2 -g -w -c -ftz -align all -fno-alias -fp-model precise -FR -convert big_endian  -I./ -I ../../MPP -I ../MPP -I ../mod -I../mod module_gw_gw2d_data.F

ar -r ../lib/libHYDRO.a module_gw_gw2d_data.o
cp *.mod ../mod
make[4]: Leaving directory `/data1/home/marcos/WRF_old/new/WRF/hydro/Data_Rec'
make -C Debug_Utilities/
make: Entering an unknown directory
make: Leaving an unknown directory
(cd Routing; make -f Makefile)
make[4]: Entering directory `/data1/home/marcos/WRF_old/new/WRF/hydro/Routing'
Routing Makefile:
mpif90 -fpp -DMPP_LAND -I ../Data_Rec -DHYDRO_D -DWRF_HYDRO       -o module_date_utilities_rt.o -O2 -g -w -c -ftz -align all -fno-alias -fp-model precise -FR -convert big_endian  -I./ -I ../../MPP -I ../MPP -I ../mod -I/data1/sw/local/netcdf-4.1.3/include module_date_utilities_rt.F

ar -r ../lib/libHYDRO.a module_date_utilities_rt.o
cp *.mod ../mod
Routing Makefile:
mpif90 -fpp -DMPP_LAND -I ../Data_Rec -DHYDRO_D -DWRF_HYDRO       -o ../Data_Rec/module_namelist.o -O2 -g -w -c -ftz -align all -fno-alias -fp-model precise -FR -convert big_endian  -I./ -I ../../MPP -I ../MPP -I ../mod -I/data1/sw/local/netcdf-4.1.3/include ../Data_Rec/module_namelist.F

ar -r ../lib/libHYDRO.a ../Data_Rec/module_namelist.o
cp *.mod ../mod
Routing Makefile:
mpif90 -fpp -DMPP_LAND -I ../Data_Rec -DHYDRO_D -DWRF_HYDRO       -o ../Data_Rec/module_RT_data.o -O2 -g -w -c -ftz -align all -fno-alias -fp-model precise -FR -convert big_endian  -I./ -I ../../MPP -I ../MPP -I ../mod -I/data1/sw/local/netcdf-4.1.3/include ../Data_Rec/module_RT_data.F

ar -r ../lib/libHYDRO.a ../Data_Rec/module_RT_data.o
cp *.mod ../mod
Routing Makefile:
mpif90 -fpp -DMPP_LAND -I ../Data_Rec -DHYDRO_D -DWRF_HYDRO       -o module_UDMAP.o -O2 -g -w -c -ftz -align all -fno-alias -fp-model precise -FR -convert big_endian  -I./ -I ../../MPP -I ../MPP -I ../mod -I/data1/sw/local/netcdf-4.1.3/include module_UDMAP.F

ar -r ../lib/libHYDRO.a module_UDMAP.o
cp *.mod ../mod
Routing Makefile:
mpif90 -fpp -DMPP_LAND -I ../Data_Rec -DHYDRO_D -DWRF_HYDRO       -o module_HYDRO_utils.o -O2 -g -w -c -ftz -align all -fno-alias -fp-model precise -FR -convert big_endian  -I./ -I ../../MPP -I ../MPP -I ../mod -I/data1/sw/local/netcdf-4.1.3/include module_HYDRO_utils.F

ar -r ../lib/libHYDRO.a module_HYDRO_utils.o
cp *.mod ../mod
Routing Makefile:
mpif90 -fpp -DMPP_LAND -I ../Data_Rec -DHYDRO_D -DWRF_HYDRO       -o module_noah_chan_param_init_rt.o -O2 -g -w -c -ftz -align all -fno-alias -fp-model precise -FR -convert big_endian  -I./ -I ../../MPP -I ../MPP -I ../mod -I/data1/sw/local/netcdf-4.1.3/include module_noah_chan_param_init_rt.F

ar -r ../lib/libHYDRO.a module_noah_chan_param_init_rt.o
cp *.mod ../mod
Routing Makefile:
mpif90 -fpp -DMPP_LAND -I ../Data_Rec -DHYDRO_D -DWRF_HYDRO       -o module_GW_baseflow.o -O2 -g -w -c -ftz -align all -fno-alias -fp-model precise -FR -convert big_endian  -I./ -I ../../MPP -I ../MPP -I ../mod -I/data1/sw/local/netcdf-4.1.3/include module_GW_baseflow.F

ar -r ../lib/libHYDRO.a module_GW_baseflow.o
cp *.mod ../mod
Routing Makefile:
mpif90 -fpp -DMPP_LAND -I ../Data_Rec -DHYDRO_D -DWRF_HYDRO       -o ../Data_Rec/module_gw_gw2d_data.o -O2 -g -w -c -ftz -align all -fno-alias -fp-model precise -FR -convert big_endian  -I./ -I ../../MPP -I ../MPP -I ../mod -I/data1/sw/local/netcdf-4.1.3/include ../Data_Rec/module_gw_gw2d_data.F

ar -r ../lib/libHYDRO.a ../Data_Rec/module_gw_gw2d_data.o
cp *.mod ../mod
Routing Makefile:
mpif90 -fpp -DMPP_LAND -I ../Data_Rec -DHYDRO_D -DWRF_HYDRO       -o module_HYDRO_io.o -O2 -g -w -c -ftz -align all -fno-alias -fp-model precise -FR -convert big_endian  -I./ -I ../../MPP -I ../MPP -I ../mod -I/data1/sw/local/netcdf-4.1.3/include module_HYDRO_io.F

ar -r ../lib/libHYDRO.a module_HYDRO_io.o
cp *.mod ../mod
Routing Makefile:
mpif90 -fpp -DMPP_LAND -I ../Data_Rec -DHYDRO_D -DWRF_HYDRO       -o module_gw_gw2d.o -O2 -g -w -c -ftz -align all -fno-alias -fp-model precise -FR -convert big_endian  -I./ -I ../../MPP -I ../MPP -I ../mod -I/data1/sw/local/netcdf-4.1.3/include module_gw_gw2d.F

ar -r ../lib/libHYDRO.a module_gw_gw2d.o
cp *.mod ../mod
Routing Makefile:
mpif90 -fpp -DMPP_LAND -I ../Data_Rec -DHYDRO_D -DWRF_HYDRO       -o module_RT.o -O2 -g -w -c -ftz -align all -fno-alias -fp-model precise -FR -convert big_endian  -I./ -I ../../MPP -I ../MPP -I ../mod -I/data1/sw/local/netcdf-4.1.3/include module_RT.F

ar -r ../lib/libHYDRO.a module_RT.o
cp *.mod ../mod
Routing Makefile:
mpif90 -fpp -DMPP_LAND -I ../Data_Rec -DHYDRO_D -DWRF_HYDRO       -o Noah_distr_routing.o -O2 -g -w -c -ftz -align all -fno-alias -fp-model precise -FR -convert big_endian  -I./ -I ../../MPP -I ../MPP -I ../mod -I/data1/sw/local/netcdf-4.1.3/include Noah_distr_routing.F

ar -r ../lib/libHYDRO.a Noah_distr_routing.o
cp *.mod ../mod
Routing Makefile:
mpif90 -fpp -DMPP_LAND -I ../Data_Rec -DHYDRO_D -DWRF_HYDRO       -o module_channel_routing.o -O2 -g -w -c -ftz -align all -fno-alias -fp-model precise -FR -convert big_endian  -I./ -I ../../MPP -I ../MPP -I ../mod -I/data1/sw/local/netcdf-4.1.3/include module_channel_routing.F

ar -r ../lib/libHYDRO.a module_channel_routing.o
cp *.mod ../mod
Routing Makefile:
mpif90 -fpp -DMPP_LAND -I ../Data_Rec -DHYDRO_D -DWRF_HYDRO       -o module_lsm_forcing.o -O2 -g -w -c -ftz -align all -fno-alias -fp-model precise -FR -convert big_endian  -I./ -I ../../MPP -I ../MPP -I ../mod -I/data1/sw/local/netcdf-4.1.3/include module_lsm_forcing.F

ar -r ../lib/libHYDRO.a module_lsm_forcing.o
cp *.mod ../mod
Routing Makefile:
mpif90 -fpp -DMPP_LAND -I ../Data_Rec -DHYDRO_D -DWRF_HYDRO       -o module_NWM_io_dict.o -O2 -g -w -c -ftz -align all -fno-alias -fp-model precise -FR -convert big_endian  -I./ -I ../../MPP -I ../MPP -I ../mod -I/data1/sw/local/netcdf-4.1.3/include module_NWM_io_dict.F

ar -r ../lib/libHYDRO.a module_NWM_io_dict.o
cp *.mod ../mod
Routing Makefile:
mpif90 -fpp -DMPP_LAND -I ../Data_Rec -DHYDRO_D -DWRF_HYDRO       -o module_NWM_io.o -O2 -g -w -c -ftz -align all -fno-alias -fp-model precise -FR -convert big_endian  -I./ -I ../../MPP -I ../MPP -I ../mod -I/data1/sw/local/netcdf-4.1.3/include module_NWM_io.F

ar -r ../lib/libHYDRO.a module_NWM_io.o
cp *.mod ../mod
Routing Makefile:
mpif90 -fpp -DMPP_LAND -I ../Data_Rec -DHYDRO_D -DWRF_HYDRO       -o module_reservoir_routing.o -O2 -g -w -c -ftz -align all -fno-alias -fp-model precise -FR -convert big_endian  -I./ -I ../../MPP -I ../MPP -I ../mod -I/data1/sw/local/netcdf-4.1.3/include module_reservoir_routing.F

ar -r ../lib/libHYDRO.a module_reservoir_routing.o
cp *.mod ../mod
make[4]: Leaving directory `/data1/home/marcos/WRF_old/new/WRF/hydro/Routing'
(cd HYDRO_drv;   make -f Makefile)
make[4]: Entering directory `/data1/home/marcos/WRF_old/new/WRF/hydro/HYDRO_drv'

mpif90 -fpp -DMPP_LAND -I ../Data_Rec -DHYDRO_D -DWRF_HYDRO       -o ../Data_Rec/module_namelist.o -O2 -g -w -c -ftz -align all -fno-alias -fp-model precise -FR -convert big_endian  -I./ -I ../../MPP -I ../MPP -I ../mod -I/data1/sw/local/netcdf-4.1.3/include -I../mod ../Data_Rec/module_namelist.F

ar -r ../lib/libHYDRO.a ../Data_Rec/module_namelist.o
cp *.mod ../mod

mpif90 -fpp -DMPP_LAND -I ../Data_Rec -DHYDRO_D -DWRF_HYDRO       -o ../Data_Rec/module_RT_data.o -O2 -g -w -c -ftz -align all -fno-alias -fp-model precise -FR -convert big_endian  -I./ -I ../../MPP -I ../MPP -I ../mod -I/data1/sw/local/netcdf-4.1.3/include -I../mod ../Data_Rec/module_RT_data.F

ar -r ../lib/libHYDRO.a ../Data_Rec/module_RT_data.o
cp *.mod ../mod

mpif90 -fpp -DMPP_LAND -I ../Data_Rec -DHYDRO_D -DWRF_HYDRO       -o ../Data_Rec/module_gw_gw2d_data.o -O2 -g -w -c -ftz -align all -fno-alias -fp-model precise -FR -convert big_endian  -I./ -I ../../MPP -I ../MPP -I ../mod -I/data1/sw/local/netcdf-4.1.3/include -I../mod ../Data_Rec/module_gw_gw2d_data.F

ar -r ../lib/libHYDRO.a ../Data_Rec/module_gw_gw2d_data.o
cp *.mod ../mod

mpif90 -fpp -DMPP_LAND -I ../Data_Rec -DHYDRO_D -DWRF_HYDRO       -o ../Routing/module_GW_baseflow.o -O2 -g -w -c -ftz -align all -fno-alias -fp-model precise -FR -convert big_endian  -I./ -I ../../MPP -I ../MPP -I ../mod -I/data1/sw/local/netcdf-4.1.3/include -I../mod ../Routing/module_GW_baseflow.F

ar -r ../lib/libHYDRO.a ../Routing/module_GW_baseflow.o
cp *.mod ../mod

mpif90 -fpp -DMPP_LAND -I ../Data_Rec -DHYDRO_D -DWRF_HYDRO       -o ../Routing/module_HYDRO_utils.o -O2 -g -w -c -ftz -align all -fno-alias -fp-model precise -FR -convert big_endian  -I./ -I ../../MPP -I ../MPP -I ../mod -I/data1/sw/local/netcdf-4.1.3/include -I../mod ../Routing/module_HYDRO_utils.F

ar -r ../lib/libHYDRO.a ../Routing/module_HYDRO_utils.o
cp *.mod ../mod

mpif90 -fpp -DMPP_LAND -I ../Data_Rec -DHYDRO_D -DWRF_HYDRO       -o ../Routing/module_HYDRO_io.o -O2 -g -w -c -ftz -align all -fno-alias -fp-model precise -FR -convert big_endian  -I./ -I ../../MPP -I ../MPP -I ../mod -I/data1/sw/local/netcdf-4.1.3/include -I../mod ../Routing/module_HYDRO_io.F

ar -r ../lib/libHYDRO.a ../Routing/module_HYDRO_io.o
cp *.mod ../mod

mpif90 -fpp -DMPP_LAND -I ../Data_Rec -DHYDRO_D -DWRF_HYDRO       -o ../Routing/module_RT.o -O2 -g -w -c -ftz -align all -fno-alias -fp-model precise -FR -convert big_endian  -I./ -I ../../MPP -I ../MPP -I ../mod -I/data1/sw/local/netcdf-4.1.3/include -I../mod ../Routing/module_RT.F

ar -r ../lib/libHYDRO.a ../Routing/module_RT.o
cp *.mod ../mod

mpif90 -fpp -DMPP_LAND -I ../Data_Rec -DHYDRO_D -DWRF_HYDRO       -o module_HYDRO_drv.o -O2 -g -w -c -ftz -align all -fno-alias -fp-model precise -FR -convert big_endian  -I./ -I ../../MPP -I ../MPP -I ../mod -I/data1/sw/local/netcdf-4.1.3/include -I../mod module_HYDRO_drv.F

ar -r ../lib/libHYDRO.a module_HYDRO_drv.o
cp *.mod ../mod
make[4]: Leaving directory `/data1/home/marcos/WRF_old/new/WRF/hydro/HYDRO_drv'
make[3]: Leaving directory `/data1/home/marcos/WRF_old/new/WRF/hydro'
(make)
make[3]: Entering directory `/data1/home/marcos/WRF_old/new/WRF/hydro/CPL/WRF_cpl'

mpif90 -fpp -DMPP_LAND -I ../Data_Rec -DHYDRO_D -DWRF_HYDRO       -I/data1/sw/local/netcdf-4.1.3/include -o ../../Data_Rec/module_RT_data.o -O2 -g -w -c -ftz -align all -fno-alias -fp-model precise -FR -convert big_endian -I./ -I ../../MPP -I ../../mod  -I../../../frame -I../../../main -I../../../external/esmf_time_f90 ../../Data_Rec/module_RT_data.F

ar -r ../../lib/libHYDRO.a ../../Data_Rec/module_RT_data.o

mpif90 -fpp -DMPP_LAND -I ../Data_Rec -DHYDRO_D -DWRF_HYDRO       -I/data1/sw/local/netcdf-4.1.3/include -o ../../Data_Rec/module_namelist.o -O2 -g -w -c -ftz -align all -fno-alias -fp-model precise -FR -convert big_endian -I./ -I ../../MPP -I ../../mod  -I../../../frame -I../../../main -I../../../external/esmf_time_f90 ../../Data_Rec/module_namelist.F

ar -r ../../lib/libHYDRO.a ../../Data_Rec/module_namelist.o

mpif90 -fpp -DMPP_LAND -I ../Data_Rec -DHYDRO_D -DWRF_HYDRO       -I/data1/sw/local/netcdf-4.1.3/include -o ../../HYDRO_drv/module_HYDRO_drv.o -O2 -g -w -c -ftz -align all -fno-alias -fp-model precise -FR -convert big_endian -I./ -I ../../MPP -I ../../mod  -I../../../frame -I../../../main -I../../../external/esmf_time_f90 ../../HYDRO_drv/module_HYDRO_drv.F

ar -r ../../lib/libHYDRO.a ../../HYDRO_drv/module_HYDRO_drv.o

mpif90 -fpp -DMPP_LAND -I ../Data_Rec -DHYDRO_D -DWRF_HYDRO       -I/data1/sw/local/netcdf-4.1.3/include -o module_wrf_HYDRO.o -O2 -g -w -c -ftz -align all -fno-alias -fp-model precise -FR -convert big_endian -I./ -I ../../MPP -I ../../mod  -I../../../frame -I../../../main -I../../../external/esmf_time_f90 module_wrf_HYDRO.F

ar -r ../../lib/libHYDRO.a module_wrf_HYDRO.o

mpif90 -fpp -DMPP_LAND -I ../Data_Rec -DHYDRO_D -DWRF_HYDRO       -I/data1/sw/local/netcdf-4.1.3/include -o wrf_drv_HYDRO.o -O2 -g -w -c -ftz -align all -fno-alias -fp-model precise -FR -convert big_endian -I./ -I ../../MPP -I ../../mod  -I../../../frame -I../../../main -I../../../external/esmf_time_f90 wrf_drv_HYDRO.F

ar -r ../../lib/libHYDRO.a wrf_drv_HYDRO.o
make[3]: Leaving directory `/data1/home/marcos/WRF_old/new/WRF/hydro/CPL/WRF_cpl'
make[2]: Leaving directory `/data1/home/marcos/WRF_old/new/WRF/hydro/CPL/WRF_cpl'
make[1]: Leaving directory `/data1/home/marcos/WRF_old/new/WRF'
( cd main ; make -i -r RLFLAGS="" MODULE_DIRS="-I../dyn_em -I../dyn_nmm  -I/data1/home/marcos/WRF_old/new/WRF/external/esmf_time_f90  -I/data1/home/marcos/WRF_old/new/WRF/main -I/data1/home/marcos/WRF_old/new/WRF/external/io_netcdf -I/data1/home/marcos/WRF_old/new/WRF/external/io_int -I/data1/home/marcos/WRF_old/new/WRF/frame -I/data1/home/marcos/WRF_old/new/WRF/share -I/data1/home/marcos/WRF_old/new/WRF/phys -I/data1/home/marcos/WRF_old/new/WRF/wrftladj -I/data1/home/marcos/WRF_old/new/WRF/chem -I/data1/home/marcos/WRF_old/new/WRF/inc -I/home/marcos/libs/netcdf/include " SOLVER=em em_wrf )
make[1]: Entering directory `/data1/home/marcos/WRF_old/new/WRF/main'
rm -f ../main/module_wrf_top.o
sed -e "s/^\!.*'.*//" -e "s/^ *\!.*'.*//" ../main/module_wrf_top.F > ../main/module_wrf_top.G
/lib/cpp -P -nostdinc -I/data1/home/marcos/WRF_old/new/WRF/inc -DEM_CORE=1 -DNMM_CORE=0 -DNMM_MAX_DIM=2600 -DDA_CORE=0 -DWRFPLUS=0 -DIWORDSIZE=4 -DDWORDSIZE=8 -DRWORDSIZE=4 -DLWORDSIZE=4 -DNONSTANDARD_SYSTEM_FUNC  -DWRF_USE_CLM -DRPC_TYPES=1  -DDM_PARALLEL -DNETCDF -DLANDREAD_STUB=1 -DUSE_ALLOCATABLES -Dwrfmodel -DGRIB1 -DINTIO -DKEEP_INT_AROUND -DLIMIT_ARGS -DBUILD_RRTMG_FAST=0 -DBUILD_RRTMK=0 -DBUILD_SBM_FAST=1 -DSHOW_ALL_VARS_USED=0 -DCONFIG_BUF_LEN=65536 -DMAX_DOMAINS_F=21 -DMAX_HISTORY=25 -DNMM_NEST=0  -I. -traditional-cpp   ../main/module_wrf_top.G  > ../main/module_wrf_top.bb
/data1/home/marcos/WRF_old/new/WRF/tools/standard.exe ../main/module_wrf_top.bb | /lib/cpp -P -nostdinc -traditional-cpp > ../main/module_wrf_top.f90
rm -f ../main/module_wrf_top.G ../main/module_wrf_top.bb
time /data1/sw/local/mpich/bin/mpif90 -f90=ifort -o ../main/module_wrf_top.o -c -O3 -ip -fp-model precise -w -ftz -align all -fno-alias -FR -convert big_endian    -I../dyn_em -I../dyn_nmm  -I/data1/home/marcos/WRF_old/new/WRF/external/esmf_time_f90  -I/data1/home/marcos/WRF_old/new/WRF/main -I/data1/home/marcos/WRF_old/new/WRF/external/io_netcdf -I/data1/home/marcos/WRF_old/new/WRF/external/io_int -I/data1/home/marcos/WRF_old/new/WRF/frame -I/data1/home/marcos/WRF_old/new/WRF/share -I/data1/home/marcos/WRF_old/new/WRF/phys -I/data1/home/marcos/WRF_old/new/WRF/wrftladj -I/data1/home/marcos/WRF_old/new/WRF/chem -I/data1/home/marcos/WRF_old/new/WRF/inc -I/home/marcos/libs/netcdf/include  -real-size `expr 8 \* 4` -i4  ../main/module_wrf_top.f90
rm -f wrf.o
sed -e "s/^\!.*'.*//" -e "s/^ *\!.*'.*//" wrf.F > wrf.G
/lib/cpp -P -nostdinc -I/data1/home/marcos/WRF_old/new/WRF/inc -DEM_CORE=1 -DNMM_CORE=0 -DNMM_MAX_DIM=2600 -DDA_CORE=0 -DWRFPLUS=0 -DIWORDSIZE=4 -DDWORDSIZE=8 -DRWORDSIZE=4 -DLWORDSIZE=4 -DNONSTANDARD_SYSTEM_FUNC  -DWRF_USE_CLM -DRPC_TYPES=1  -DDM_PARALLEL -DNETCDF -DLANDREAD_STUB=1 -DUSE_ALLOCATABLES -Dwrfmodel -DGRIB1 -DINTIO -DKEEP_INT_AROUND -DLIMIT_ARGS -DBUILD_RRTMG_FAST=0 -DBUILD_RRTMK=0 -DBUILD_SBM_FAST=1 -DSHOW_ALL_VARS_USED=0 -DCONFIG_BUF_LEN=65536 -DMAX_DOMAINS_F=21 -DMAX_HISTORY=25 -DNMM_NEST=0  -I. -traditional-cpp   wrf.G  > wrf.bb
/data1/home/marcos/WRF_old/new/WRF/tools/standard.exe wrf.bb | /lib/cpp -P -nostdinc -traditional-cpp > wrf.f90
rm -f wrf.G wrf.bb
time /data1/sw/local/mpich/bin/mpif90 -f90=ifort -o wrf.o -c -O3 -ip -fp-model precise -w -ftz -align all -fno-alias -FR -convert big_endian    -I../dyn_em -I../dyn_nmm  -I/data1/home/marcos/WRF_old/new/WRF/external/esmf_time_f90  -I/data1/home/marcos/WRF_old/new/WRF/main -I/data1/home/marcos/WRF_old/new/WRF/external/io_netcdf -I/data1/home/marcos/WRF_old/new/WRF/external/io_int -I/data1/home/marcos/WRF_old/new/WRF/frame -I/data1/home/marcos/WRF_old/new/WRF/share -I/data1/home/marcos/WRF_old/new/WRF/phys -I/data1/home/marcos/WRF_old/new/WRF/wrftladj -I/data1/home/marcos/WRF_old/new/WRF/chem -I/data1/home/marcos/WRF_old/new/WRF/inc -I/home/marcos/libs/netcdf/include  -real-size `expr 8 \* 4` -i4  wrf.f90
ranlib  libwrflib.a
time /data1/sw/local/mpich/bin/mpif90 -f90=ifort -o wrf.exe  -O3 -ip -fp-model precise -w -ftz -align all -fno-alias -FR -convert big_endian   -ip   wrf.o ../main/module_wrf_top.o libwrflib.a /data1/home/marcos/WRF_old/new/WRF/external/fftpack/fftpack5/libfftpack.a /data1/home/marcos/WRF_old/new/WRF/external/io_grib1/libio_grib1.a /data1/home/marcos/WRF_old/new/WRF/external/io_grib_share/libio_grib_share.a /data1/home/marcos/WRF_old/new/WRF/external/io_int/libwrfio_int.a -L/data1/home/marcos/WRF_old/new/WRF/external/esmf_time_f90 -lesmf_time /data1/home/marcos/WRF_old/new/WRF/external/RSL_LITE/librsl_lite.a /data1/home/marcos/WRF_old/new/WRF/frame/module_internal_header_util.o /data1/home/marcos/WRF_old/new/WRF/frame/pack_utils.o -L/data1/home/marcos/WRF_old/new/WRF/external/io_netcdf -lwrfio_nf -L/home/marcos/libs/netcdf/lib -lnetcdff -lnetcdf        
make[1]: Leaving directory `/data1/home/marcos/WRF_old/new/WRF/main'
( cd run ; /bin/rm -f wrf.exe ; ln -s ../main/wrf.exe . )
if [ 0 -eq 1 ] ; then \
	  ( cd main ; make -i -r RLFLAGS="" MODULE_DIRS="-I../dyn_em -I../dyn_nmm  -I/data1/home/marcos/WRF_old/new/WRF/external/esmf_time_f90  -I/data1/home/marcos/WRF_old/new/WRF/main -I/data1/home/marcos/WRF_old/new/WRF/external/io_netcdf -I/data1/home/marcos/WRF_old/new/WRF/external/io_int -I/data1/home/marcos/WRF_old/new/WRF/frame -I/data1/home/marcos/WRF_old/new/WRF/share -I/data1/home/marcos/WRF_old/new/WRF/phys -I/data1/home/marcos/WRF_old/new/WRF/wrftladj -I/data1/home/marcos/WRF_old/new/WRF/chem -I/data1/home/marcos/WRF_old/new/WRF/inc -I/home/marcos/libs/netcdf/include " SOLVER=em em_wrf_SST_ESMF ) ; \
	fi
build started:   Mon Mar  8 14:17:19 BRT 2021
build completed: Mon Mar 8 14:53:44 BRT 2021
--------------------------------------
( cd main ; make -i -r RLFLAGS="" MODULE_DIRS="-I../dyn_em -I../dyn_nmm  -I/data1/home/marcos/WRF_old/new/WRF/external/esmf_time_f90  -I/data1/home/marcos/WRF_old/new/WRF/main -I/data1/home/marcos/WRF_old/new/WRF/external/io_netcdf -I/data1/home/marcos/WRF_old/new/WRF/external/io_int -I/data1/home/marcos/WRF_old/new/WRF/frame -I/data1/home/marcos/WRF_old/new/WRF/share -I/data1/home/marcos/WRF_old/new/WRF/phys -I/data1/home/marcos/WRF_old/new/WRF/wrftladj -I/data1/home/marcos/WRF_old/new/WRF/chem -I/data1/home/marcos/WRF_old/new/WRF/inc -I/home/marcos/libs/netcdf/include " SOLVER=em IDEAL_CASE=real em_real )
make[1]: Entering directory `/data1/home/marcos/WRF_old/new/WRF/main'
rm -f ../dyn_em/module_initialize_real.o
sed -e "s/^\!.*'.*//" -e "s/^ *\!.*'.*//" ../dyn_em/module_initialize_real.F > ../dyn_em/module_initialize_real.G
/lib/cpp -P -nostdinc -I/data1/home/marcos/WRF_old/new/WRF/inc -DEM_CORE=1 -DNMM_CORE=0 -DNMM_MAX_DIM=2600 -DDA_CORE=0 -DWRFPLUS=0 -DIWORDSIZE=4 -DDWORDSIZE=8 -DRWORDSIZE=4 -DLWORDSIZE=4 -DNONSTANDARD_SYSTEM_FUNC  -DWRF_USE_CLM -DRPC_TYPES=1  -DDM_PARALLEL -DNETCDF -DLANDREAD_STUB=1 -DUSE_ALLOCATABLES -Dwrfmodel -DGRIB1 -DINTIO -DKEEP_INT_AROUND -DLIMIT_ARGS -DBUILD_RRTMG_FAST=0 -DBUILD_RRTMK=0 -DBUILD_SBM_FAST=1 -DSHOW_ALL_VARS_USED=0 -DCONFIG_BUF_LEN=65536 -DMAX_DOMAINS_F=21 -DMAX_HISTORY=25 -DNMM_NEST=0  -I. -traditional-cpp   ../dyn_em/module_initialize_real.G  > ../dyn_em/module_initialize_real.bb
/data1/home/marcos/WRF_old/new/WRF/tools/standard.exe ../dyn_em/module_initialize_real.bb | /lib/cpp -P -nostdinc -traditional-cpp > ../dyn_em/module_initialize_real.f90
rm -f ../dyn_em/module_initialize_real.G ../dyn_em/module_initialize_real.bb
time /data1/sw/local/mpich/bin/mpif90 -f90=ifort -o ../dyn_em/module_initialize_real.o -c -O3 -ip -fp-model precise -w -ftz -align all -fno-alias -FR -convert big_endian    -I../dyn_em -I../dyn_nmm  -I/data1/home/marcos/WRF_old/new/WRF/external/esmf_time_f90  -I/data1/home/marcos/WRF_old/new/WRF/main -I/data1/home/marcos/WRF_old/new/WRF/external/io_netcdf -I/data1/home/marcos/WRF_old/new/WRF/external/io_int -I/data1/home/marcos/WRF_old/new/WRF/frame -I/data1/home/marcos/WRF_old/new/WRF/share -I/data1/home/marcos/WRF_old/new/WRF/phys -I/data1/home/marcos/WRF_old/new/WRF/wrftladj -I/data1/home/marcos/WRF_old/new/WRF/chem -I/data1/home/marcos/WRF_old/new/WRF/inc -I/home/marcos/libs/netcdf/include  -real-size `expr 8 \* 4` -i4  ../dyn_em/module_initialize_real.f90
rm -f ndown_em.o
sed -e "s/^\!.*'.*//" -e "s/^ *\!.*'.*//" ndown_em.F > ndown_em.G
/lib/cpp -P -nostdinc -I/data1/home/marcos/WRF_old/new/WRF/inc -DEM_CORE=1 -DNMM_CORE=0 -DNMM_MAX_DIM=2600 -DDA_CORE=0 -DWRFPLUS=0 -DIWORDSIZE=4 -DDWORDSIZE=8 -DRWORDSIZE=4 -DLWORDSIZE=4 -DNONSTANDARD_SYSTEM_FUNC  -DWRF_USE_CLM -DRPC_TYPES=1  -DDM_PARALLEL -DNETCDF -DLANDREAD_STUB=1 -DUSE_ALLOCATABLES -Dwrfmodel -DGRIB1 -DINTIO -DKEEP_INT_AROUND -DLIMIT_ARGS -DBUILD_RRTMG_FAST=0 -DBUILD_RRTMK=0 -DBUILD_SBM_FAST=1 -DSHOW_ALL_VARS_USED=0 -DCONFIG_BUF_LEN=65536 -DMAX_DOMAINS_F=21 -DMAX_HISTORY=25 -DNMM_NEST=0  -I. -traditional-cpp   ndown_em.G  > ndown_em.bb
/data1/home/marcos/WRF_old/new/WRF/tools/standard.exe ndown_em.bb | /lib/cpp -P -nostdinc -traditional-cpp > ndown_em.f90
rm -f ndown_em.G ndown_em.bb
time /data1/sw/local/mpich/bin/mpif90 -f90=ifort -o ndown_em.o -c -O3 -ip -fp-model precise -w -ftz -align all -fno-alias -FR -convert big_endian    -I../dyn_em -I../dyn_nmm  -I/data1/home/marcos/WRF_old/new/WRF/external/esmf_time_f90  -I/data1/home/marcos/WRF_old/new/WRF/main -I/data1/home/marcos/WRF_old/new/WRF/external/io_netcdf -I/data1/home/marcos/WRF_old/new/WRF/external/io_int -I/data1/home/marcos/WRF_old/new/WRF/frame -I/data1/home/marcos/WRF_old/new/WRF/share -I/data1/home/marcos/WRF_old/new/WRF/phys -I/data1/home/marcos/WRF_old/new/WRF/wrftladj -I/data1/home/marcos/WRF_old/new/WRF/chem -I/data1/home/marcos/WRF_old/new/WRF/inc -I/home/marcos/libs/netcdf/include  -real-size `expr 8 \* 4` -i4  ndown_em.f90
rm -f tc_em.o
sed -e "s/^\!.*'.*//" -e "s/^ *\!.*'.*//" tc_em.F > tc_em.G
/lib/cpp -P -nostdinc -I/data1/home/marcos/WRF_old/new/WRF/inc -DEM_CORE=1 -DNMM_CORE=0 -DNMM_MAX_DIM=2600 -DDA_CORE=0 -DWRFPLUS=0 -DIWORDSIZE=4 -DDWORDSIZE=8 -DRWORDSIZE=4 -DLWORDSIZE=4 -DNONSTANDARD_SYSTEM_FUNC  -DWRF_USE_CLM -DRPC_TYPES=1  -DDM_PARALLEL -DNETCDF -DLANDREAD_STUB=1 -DUSE_ALLOCATABLES -Dwrfmodel -DGRIB1 -DINTIO -DKEEP_INT_AROUND -DLIMIT_ARGS -DBUILD_RRTMG_FAST=0 -DBUILD_RRTMK=0 -DBUILD_SBM_FAST=1 -DSHOW_ALL_VARS_USED=0 -DCONFIG_BUF_LEN=65536 -DMAX_DOMAINS_F=21 -DMAX_HISTORY=25 -DNMM_NEST=0  -I. -traditional-cpp   tc_em.G  > tc_em.bb
/data1/home/marcos/WRF_old/new/WRF/tools/standard.exe tc_em.bb | /lib/cpp -P -nostdinc -traditional-cpp > tc_em.f90
rm -f tc_em.G tc_em.bb
time /data1/sw/local/mpich/bin/mpif90 -f90=ifort -o tc_em.o -c -O3 -ip -fp-model precise -w -ftz -align all -fno-alias -FR -convert big_endian    -I../dyn_em -I../dyn_nmm  -I/data1/home/marcos/WRF_old/new/WRF/external/esmf_time_f90  -I/data1/home/marcos/WRF_old/new/WRF/main -I/data1/home/marcos/WRF_old/new/WRF/external/io_netcdf -I/data1/home/marcos/WRF_old/new/WRF/external/io_int -I/data1/home/marcos/WRF_old/new/WRF/frame -I/data1/home/marcos/WRF_old/new/WRF/share -I/data1/home/marcos/WRF_old/new/WRF/phys -I/data1/home/marcos/WRF_old/new/WRF/wrftladj -I/data1/home/marcos/WRF_old/new/WRF/chem -I/data1/home/marcos/WRF_old/new/WRF/inc -I/home/marcos/libs/netcdf/include  -real-size `expr 8 \* 4` -i4  tc_em.f90
rm -f real_em.o
sed -e "s/^\!.*'.*//" -e "s/^ *\!.*'.*//" real_em.F > real_em.G
/lib/cpp -P -nostdinc -I/data1/home/marcos/WRF_old/new/WRF/inc -DEM_CORE=1 -DNMM_CORE=0 -DNMM_MAX_DIM=2600 -DDA_CORE=0 -DWRFPLUS=0 -DIWORDSIZE=4 -DDWORDSIZE=8 -DRWORDSIZE=4 -DLWORDSIZE=4 -DNONSTANDARD_SYSTEM_FUNC  -DWRF_USE_CLM -DRPC_TYPES=1  -DDM_PARALLEL -DNETCDF -DLANDREAD_STUB=1 -DUSE_ALLOCATABLES -Dwrfmodel -DGRIB1 -DINTIO -DKEEP_INT_AROUND -DLIMIT_ARGS -DBUILD_RRTMG_FAST=0 -DBUILD_RRTMK=0 -DBUILD_SBM_FAST=1 -DSHOW_ALL_VARS_USED=0 -DCONFIG_BUF_LEN=65536 -DMAX_DOMAINS_F=21 -DMAX_HISTORY=25 -DNMM_NEST=0  -I. -traditional-cpp   real_em.G  > real_em.bb
/data1/home/marcos/WRF_old/new/WRF/tools/standard.exe real_em.bb | /lib/cpp -P -nostdinc -traditional-cpp > real_em.f90
rm -f real_em.G real_em.bb
time /data1/sw/local/mpich/bin/mpif90 -f90=ifort -o real_em.o -c -O3 -ip -fp-model precise -w -ftz -align all -fno-alias -FR -convert big_endian    -I../dyn_em -I../dyn_nmm  -I/data1/home/marcos/WRF_old/new/WRF/external/esmf_time_f90  -I/data1/home/marcos/WRF_old/new/WRF/main -I/data1/home/marcos/WRF_old/new/WRF/external/io_netcdf -I/data1/home/marcos/WRF_old/new/WRF/external/io_int -I/data1/home/marcos/WRF_old/new/WRF/frame -I/data1/home/marcos/WRF_old/new/WRF/share -I/data1/home/marcos/WRF_old/new/WRF/phys -I/data1/home/marcos/WRF_old/new/WRF/wrftladj -I/data1/home/marcos/WRF_old/new/WRF/chem -I/data1/home/marcos/WRF_old/new/WRF/inc -I/home/marcos/libs/netcdf/include  -real-size `expr 8 \* 4` -i4  real_em.f90
ranlib  libwrflib.a
time /data1/sw/local/mpich/bin/mpif90 -f90=ifort -o ndown.exe  -O3 -ip -fp-model precise -w -ftz -align all -fno-alias -FR -convert big_endian   -ip   ndown_em.o  ../dyn_em/module_initialize_real.o libwrflib.a /data1/home/marcos/WRF_old/new/WRF/external/fftpack/fftpack5/libfftpack.a /data1/home/marcos/WRF_old/new/WRF/external/io_grib1/libio_grib1.a /data1/home/marcos/WRF_old/new/WRF/external/io_grib_share/libio_grib_share.a /data1/home/marcos/WRF_old/new/WRF/external/io_int/libwrfio_int.a -L/data1/home/marcos/WRF_old/new/WRF/external/esmf_time_f90 -lesmf_time /data1/home/marcos/WRF_old/new/WRF/external/RSL_LITE/librsl_lite.a /data1/home/marcos/WRF_old/new/WRF/frame/module_internal_header_util.o /data1/home/marcos/WRF_old/new/WRF/frame/pack_utils.o -L/data1/home/marcos/WRF_old/new/WRF/external/io_netcdf -lwrfio_nf -L/home/marcos/libs/netcdf/lib -lnetcdff -lnetcdf       
time /data1/sw/local/mpich/bin/mpif90 -f90=ifort -o tc.exe  -O3 -ip -fp-model precise -w -ftz -align all -fno-alias -FR -convert big_endian   -ip   tc_em.o  ../dyn_em/module_initialize_real.o libwrflib.a /data1/home/marcos/WRF_old/new/WRF/external/fftpack/fftpack5/libfftpack.a /data1/home/marcos/WRF_old/new/WRF/external/io_grib1/libio_grib1.a /data1/home/marcos/WRF_old/new/WRF/external/io_grib_share/libio_grib_share.a /data1/home/marcos/WRF_old/new/WRF/external/io_int/libwrfio_int.a -L/data1/home/marcos/WRF_old/new/WRF/external/esmf_time_f90 -lesmf_time /data1/home/marcos/WRF_old/new/WRF/external/RSL_LITE/librsl_lite.a /data1/home/marcos/WRF_old/new/WRF/frame/module_internal_header_util.o /data1/home/marcos/WRF_old/new/WRF/frame/pack_utils.o -L/data1/home/marcos/WRF_old/new/WRF/external/io_netcdf -lwrfio_nf -L/home/marcos/libs/netcdf/lib -lnetcdff -lnetcdf       
time /data1/sw/local/mpich/bin/mpif90 -f90=ifort -o real.exe  -O3 -ip -fp-model precise -w -ftz -align all -fno-alias -FR -convert big_endian   -ip   real_em.o ../dyn_em/module_initialize_real.o libwrflib.a /data1/home/marcos/WRF_old/new/WRF/external/fftpack/fftpack5/libfftpack.a /data1/home/marcos/WRF_old/new/WRF/external/io_grib1/libio_grib1.a /data1/home/marcos/WRF_old/new/WRF/external/io_grib_share/libio_grib_share.a /data1/home/marcos/WRF_old/new/WRF/external/io_int/libwrfio_int.a -L/data1/home/marcos/WRF_old/new/WRF/external/esmf_time_f90 -lesmf_time /data1/home/marcos/WRF_old/new/WRF/external/RSL_LITE/librsl_lite.a /data1/home/marcos/WRF_old/new/WRF/frame/module_internal_header_util.o /data1/home/marcos/WRF_old/new/WRF/frame/pack_utils.o -L/data1/home/marcos/WRF_old/new/WRF/external/io_netcdf -lwrfio_nf -L/home/marcos/libs/netcdf/lib -lnetcdff -lnetcdf       
make[1]: Leaving directory `/data1/home/marcos/WRF_old/new/WRF/main'
( cd test/em_real ; /bin/rm -f wrf.exe ; ln -s ../../main/wrf.exe . )
if [ 0 -eq 1 ] ; then \
	  ( cd main ; make -i -r RLFLAGS="" MODULE_DIRS="-I../dyn_em -I../dyn_nmm  -I/data1/home/marcos/WRF_old/new/WRF/external/esmf_time_f90  -I/data1/home/marcos/WRF_old/new/WRF/main -I/data1/home/marcos/WRF_old/new/WRF/external/io_netcdf -I/data1/home/marcos/WRF_old/new/WRF/external/io_int -I/data1/home/marcos/WRF_old/new/WRF/frame -I/data1/home/marcos/WRF_old/new/WRF/share -I/data1/home/marcos/WRF_old/new/WRF/phys -I/data1/home/marcos/WRF_old/new/WRF/wrftladj -I/data1/home/marcos/WRF_old/new/WRF/chem -I/data1/home/marcos/WRF_old/new/WRF/inc -I/home/marcos/libs/netcdf/include " SOLVER=em IDEAL_CASE=real em_wrf_SST_ESMF ) ; \
	  ( cd test/em_esmf_exp ; /bin/rm -f wrf.exe ; ln -s ../../main/wrf.exe . ) ; \
	  ( cd test/em_esmf_exp ; /bin/rm -f wrf_SST_ESMF.exe ; ln -s ../../main/wrf_SST_ESMF.exe . ) ; \
	  ( cd test/em_esmf_exp ; /bin/rm -f real.exe ; ln -s ../../main/real.exe . ) ; \
	  ( cd test/em_esmf_exp ; /bin/rm -f README.namelist ; ln -s ../../run/README.namelist . ) ; \
	  ( cd test/em_esmf_exp ; /bin/rm -f ETAMPNEW_DATA.expanded_rain ETAMPNEW_DATA RRTM_DATA RRTMG_LW_DATA RRTMG_SW_DATA ; \
               ln -sf ../../run/ETAMPNEW_DATA . ;                      \
               ln -sf ../../run/ETAMPNEW_DATA.expanded_rain . ;        \
               ln -sf ../../run/RRTM_DATA . ;                          \
               ln -sf ../../run/RRTMG_LW_DATA . ;                      \
               ln -sf ../../run/RRTMG_SW_DATA . ;                      \
               ln -sf ../../run/CAM_ABS_DATA . ;                       \
               ln -sf ../../run/CAM_AEROPT_DATA . ;                    \
               ln -sf ../../run/CAMtr_volume_mixing_ratio.RCP4.5 . ;   \
               ln -sf ../../run/CAMtr_volume_mixing_ratio.RCP6   . ;   \
               ln -sf ../../run/CAMtr_volume_mixing_ratio.RCP8.5 CAMtr_volume_mixing_ratio ;   \
               ln -sf ../../run/CAMtr_volume_mixing_ratio.A1B    . ;   \
               ln -sf ../../run/CAMtr_volume_mixing_ratio.A2     . ;   \
               ln -sf ../../run/CLM_ALB_ICE_DFS_DATA . ;               \
               ln -sf ../../run/CLM_ALB_ICE_DRC_DATA . ;               \
               ln -sf ../../run/CLM_ASM_ICE_DFS_DATA . ;               \
               ln -sf ../../run/CLM_ASM_ICE_DRC_DATA . ;               \
               ln -sf ../../run/CLM_DRDSDT0_DATA . ;                   \
               ln -sf ../../run/CLM_EXT_ICE_DFS_DATA . ;               \
               ln -sf ../../run/CLM_EXT_ICE_DRC_DATA . ;               \
               ln -sf ../../run/CLM_KAPPA_DATA . ;                     \
               ln -sf ../../run/CLM_TAU_DATA . ;                       \
               ln -sf ../../run/ozone.formatted . ;                    \
               ln -sf ../../run/ozone_lat.formatted . ;                \
               ln -sf ../../run/ozone_plev.formatted . ;               \
               ln -sf ../../run/aerosol.formatted . ;                  \
               ln -sf ../../run/aerosol_lat.formatted . ;              \
               ln -sf ../../run/aerosol_lon.formatted . ;              \
               ln -sf ../../run/aerosol_plev.formatted . ;             \
               ln -sf ../../run/CCN_ACTIVATE.BIN . ;                   \
               ln -sf ../../run/p3_lookup_table_1.dat-v4.1 . ;         \
               ln -sf ../../run/p3_lookup_table_2.dat-v4.1 . ;         \
               ln -sf ../../run/HLC.TBL . ;                            \
               ln -sf ../../run/wind-turbine-1.tbl . ;                 \
               ln -sf ../../run/ishmael-gamma-tab.bin . ;              \
               ln -sf ../../run/ishmael-qi-qc.bin . ;                  \
               ln -sf ../../run/ishmael-qi-qr.bin . ;                  \
               ln -sf ../../run/BROADBAND_CLOUD_GODDARD.bin . ;        \
               if [ 4 -eq 8 ] ; then                        \
                  ln -sf ../../run/ETAMPNEW_DATA_DBL ETAMPNEW_DATA ;   \
                  ln -sf ../../run/ETAMPNEW_DATA.expanded_rain_DBL ETAMPNEW_DATA.expanded_rain ;   \
                  ln -sf ../../run/RRTM_DATA_DBL RRTM_DATA         ;   \
                  ln -sf ../../run/RRTMG_LW_DATA_DBL RRTMG_LW_DATA ;   \
                  ln -sf ../../run/RRTMG_SW_DATA_DBL RRTMG_SW_DATA ;   \
               fi ) ; \
	  ( cd test/em_esmf_exp ; /bin/rm -f GENPARM.TBL ; ln -s ../../run/GENPARM.TBL . ) ; \
	  ( cd test/em_esmf_exp ; /bin/rm -f LANDUSE.TBL ; ln -s ../../run/LANDUSE.TBL . ) ; \
	  ( cd test/em_esmf_exp ; /bin/rm -f SOILPARM.TBL ; ln -s ../../run/SOILPARM.TBL . ) ; \
	  ( cd test/em_esmf_exp ; /bin/rm -f URBPARM.TBL ; ln -s ../../run/URBPARM.TBL . ) ; \
	  ( cd test/em_esmf_exp ; /bin/rm -f VEGPARM.TBL ; ln -s ../../run/VEGPARM.TBL . ) ; \
	  ( cd test/em_esmf_exp ; /bin/rm -f MPTABLE.TBL ; ln -s ../../run/MPTABLE.TBL . ) ; \
	  ( cd test/em_esmf_exp ; /bin/rm -f tr49t67 ; ln -s ../../run/tr49t67 . ) ; \
	  ( cd test/em_esmf_exp ; /bin/rm -f tr49t85 ; ln -s ../../run/tr49t85 . ) ; \
	  ( cd test/em_esmf_exp ; /bin/rm -f tr67t85 ; ln -s ../../run/tr67t85 . ) ; \
	  ( cd test/em_esmf_exp ; /bin/rm -f gribmap.txt ; ln -s ../../run/gribmap.txt . ) ; \
	  ( cd test/em_esmf_exp ; /bin/rm -f grib2map.tbl ; ln -s ../../run/grib2map.tbl . ) ; \
	fi
( cd test/em_real ; /bin/rm -f real.exe ; ln -s ../../main/real.exe . )
( cd test/em_real ; /bin/rm -f tc.exe ; ln -s ../../main/tc.exe . )
( cd test/em_real ; /bin/rm -f ndown.exe ; ln -s ../../main/ndown.exe . )
( cd test/em_real ; /bin/rm -f README.namelist ; ln -s ../../run/README.namelist . )
( cd test/em_real ; /bin/rm -f ETAMPNEW_DATA.expanded_rain ETAMPNEW_DATA RRTM_DATA RRTMG_LW_DATA RRTMG_SW_DATA ;    \
             ln -sf ../../run/ETAMPNEW_DATA . ;                     \
             ln -sf ../../run/ETAMPNEW_DATA.expanded_rain . ;       \
             ln -sf ../../run/RRTM_DATA . ;                         \
             ln -sf ../../run/RRTMG_LW_DATA . ;                     \
             ln -sf ../../run/RRTMG_SW_DATA . ;                     \
             ln -sf ../../run/CAM_ABS_DATA . ;                      \
             ln -sf ../../run/CAM_AEROPT_DATA . ;                   \
             ln -sf ../../run/CAMtr_volume_mixing_ratio.RCP4.5 . ;  \
             ln -sf ../../run/CAMtr_volume_mixing_ratio.RCP6   . ;  \
             ln -sf ../../run/CAMtr_volume_mixing_ratio.RCP8.5 CAMtr_volume_mixing_ratio ;   \
             ln -sf ../../run/CAMtr_volume_mixing_ratio.A1B    . ;  \
             ln -sf ../../run/CAMtr_volume_mixing_ratio.A2     . ;  \
             ln -sf ../../run/CLM_ALB_ICE_DFS_DATA . ;              \
             ln -sf ../../run/CLM_ALB_ICE_DRC_DATA . ;              \
             ln -sf ../../run/CLM_ASM_ICE_DFS_DATA . ;              \
             ln -sf ../../run/CLM_ASM_ICE_DRC_DATA . ;              \
             ln -sf ../../run/CLM_DRDSDT0_DATA . ;                  \
             ln -sf ../../run/CLM_EXT_ICE_DFS_DATA . ;              \
             ln -sf ../../run/CLM_EXT_ICE_DRC_DATA . ;              \
             ln -sf ../../run/CLM_KAPPA_DATA . ;                    \
             ln -sf ../../run/CLM_TAU_DATA . ;                      \
             ln -sf ../../run/ozone.formatted . ;                   \
             ln -sf ../../run/ozone_lat.formatted . ;               \
             ln -sf ../../run/ozone_plev.formatted . ;              \
             ln -sf ../../run/aerosol.formatted . ;                 \
             ln -sf ../../run/aerosol_lat.formatted . ;             \
             ln -sf ../../run/aerosol_lon.formatted . ;             \
             ln -sf ../../run/aerosol_plev.formatted . ;            \
             ln -sf ../../run/capacity.asc . ;                      \
             ln -sf ../../run/coeff_p.asc . ;                       \
             ln -sf ../../run/coeff_q.asc . ;                       \
             ln -sf ../../run/constants.asc . ;                     \
             ln -sf ../../run/masses.asc . ;                        \
             ln -sf ../../run/termvels.asc . ;                      \
             ln -sf ../../run/kernels.asc_s_0_03_0_9 . ;            \
             ln -sf ../../run/kernels_z.asc . ;                     \
             ln -sf ../../run/bulkdens.asc_s_0_03_0_9 . ;           \
             ln -sf ../../run/bulkradii.asc_s_0_03_0_9 . ;          \
             ln -sf ../../run/CCN_ACTIVATE.BIN . ;                  \
             ln -sf ../../run/p3_lookup_table_1.dat-v4.1 . ;        \
             ln -sf ../../run/p3_lookup_table_2.dat-v4.1 . ;        \
             ln -sf ../../run/HLC.TBL . ;                           \
             ln -sf ../../run/wind-turbine-1.tbl . ;                \
             ln -sf ../../run/ishmael-gamma-tab.bin . ;             \
             ln -sf ../../run/ishmael-qi-qc.bin . ;                 \
             ln -sf ../../run/ishmael-qi-qr.bin . ;                 \
             ln -sf ../../run/BROADBAND_CLOUD_GODDARD.bin . ;       \
             if [ 4 -eq 8 ] ; then                       \
                ln -sf ../../run/ETAMPNEW_DATA_DBL ETAMPNEW_DATA ;  \
                ln -sf ../../run/ETAMPNEW_DATA.expanded_rain_DBL ETAMPNEW_DATA.expanded_rain ;   \
                ln -sf ../../run/RRTM_DATA_DBL RRTM_DATA ;          \
                ln -sf ../../run/RRTMG_LW_DATA_DBL RRTMG_LW_DATA ;  \
                ln -sf ../../run/RRTMG_SW_DATA_DBL RRTMG_SW_DATA ;  \
             fi )
( cd test/em_real ; if test -d ../../run/SBM_input_33 ; then				\
             ln -sf ../../run/SBM_input_33 . ;						\
             ln -sf ../../run/scattering_tables_2layer_high_quad_1dT_1%fw_110 . ;	\
             fi )
( cd test/em_real ; /bin/rm -f GENPARM.TBL ; ln -s ../../run/GENPARM.TBL . )
( cd test/em_real ; /bin/rm -f LANDUSE.TBL ; ln -s ../../run/LANDUSE.TBL . )
( cd test/em_real ; /bin/rm -f SOILPARM.TBL ; ln -s ../../run/SOILPARM.TBL . )
( cd test/em_real ; /bin/rm -f URBPARM.TBL ; ln -s ../../run/URBPARM.TBL . )
( cd test/em_real ; /bin/rm -f VEGPARM.TBL ; ln -s ../../run/VEGPARM.TBL . )
( cd test/em_real ; /bin/rm -f MPTABLE.TBL ; ln -s ../../run/MPTABLE.TBL . )
( cd test/em_real ; /bin/rm -f tr49t67 ; ln -s ../../run/tr49t67 . )
( cd test/em_real ; /bin/rm -f tr49t85 ; ln -s ../../run/tr49t85 . )
( cd test/em_real ; /bin/rm -f tr67t85 ; ln -s ../../run/tr67t85 . )
( cd test/em_real ; /bin/rm -f gribmap.txt ; ln -s ../../run/gribmap.txt . )
( cd test/em_real ; /bin/rm -f grib2map.tbl ; ln -s ../../run/grib2map.tbl . )
( cd run ; /bin/rm -f real.exe ; ln -s ../main/real.exe . )
( cd run ; /bin/rm -f tc.exe ; ln -s ../main/tc.exe . )
( cd run ; /bin/rm -f ndown.exe ; ln -s ../main/ndown.exe . )
( cd run ; if test -f namelist.input ; then \
		/bin/cp -f namelist.input namelist.input.backup.`date +%Y-%m-%d_%H_%M_%S` ; fi ; \
		/bin/rm -f namelist.input ; cp ../test/em_real/namelist.input . )
 
==========================================================================
build started:   Mon Mar  8 14:17:19 BRT 2021
build completed: Mon Mar 8 14:55:14 BRT 2021
 
--->                  Executables successfully built                  <---
 
-rwxrwxr-x. 1 marcos marcos 49123736 Mar  8 14:55 main/ndown.exe
-rwxrwxr-x. 1 marcos marcos 49586098 Mar  8 14:55 main/real.exe
-rwxrwxr-x. 1 marcos marcos 48492584 Mar  8 14:55 main/tc.exe
-rwxrwxr-x. 1 marcos marcos 53025896 Mar  8 14:53 main/wrf.exe
 
==========================================================================
 
